[MEMCHECK] after base_model load + per-expert MXFP4 dequant: host_maxrss=7.88GB gpu_alloc=17.36GB gpu_reserved=24.61GB gpu_peak=22.34GB
[FEEDBACK CHECK] feedback provided: True (len=3576)
[MEMCHECK] before symbol_selector_llm creation: host_maxrss=7.88GB gpu_alloc=17.36GB gpu_reserved=24.61GB gpu_peak=22.34GB
[MEMCHECK] after symbol_selector_llm creation (post eager switch): host_maxrss=7.88GB gpu_alloc=17.36GB gpu_reserved=24.61GB gpu_peak=22.34GB
[RAW] prompt=Design a schematic for A circuit using a CAN transceiver with split supply, suitable for applications requiring both logic and I/O level supplies. Use exactly these real components: U1 as a MCP2562-E-MF, in the KiCad library "Interface_CAN_LIN" (CAN transceiver with split supply (VDD for logic, Vio for I/O level). SHDN pin is active low shutdown. PAD is exposed pad, connect to GND.). Do not substitute or invent a different part for any of them.
[SEQLEN] input_ids shape: torch.Size([1, 1925])
[SEQLEN] input_ids shape: torch.Size([1, 4920])
[SEQLEN] input_ids shape: torch.Size([1, 4920])
[SEQLEN] input_ids shape: torch.Size([1, 4920])
Azure CLI not found on path
[SEQLEN] input_ids shape: torch.Size([1, 5141])
[SEQLEN] input_ids shape: torch.Size([1, 3339])
[SEQLEN] input_ids shape: torch.Size([1, 3339])
[SEQLEN] input_ids shape: torch.Size([1, 3339])
Azure CLI not found on path
[MEMCHECK] after run_raw_test (post symbol-selection generate() call): host_maxrss=8.77GB gpu_alloc=17.37GB gpu_reserved=31.20GB gpu_peak=28.81GB
[MEMCHECK] after switching back to flash_attention_2: host_maxrss=8.77GB gpu_alloc=17.37GB gpu_reserved=31.20GB gpu_peak=28.81GB
[MEMCHECK] after gc.collect + empty_cache: host_maxrss=8.77GB gpu_alloc=17.37GB gpu_reserved=18.94GB gpu_peak=28.81GB
[MEMCHECK] after PeftModel.from_pretrained: host_maxrss=8.77GB gpu_alloc=17.43GB gpu_reserved=18.98GB gpu_peak=28.81GB
[MEMCHECK] after merge_and_unload: host_maxrss=8.77GB gpu_alloc=17.37GB gpu_reserved=25.35GB gpu_peak=28.81GB
Model raw response: <|channel|>final<|message|># Auto-generated schematic symbols
import sys
import os

# Get project path and import kicad schematic interface
PROJECT_PATH = os.environ['PROJECT_PATH']
sys.path.append(PROJECT_PATH)
from modules.kicad_sch_interface import *

### Placing center symbol 1 : Interface_CAN_LIN:MCP2562-E-MF###

center_x_1, center_y_1 = 150.0, 110.0

add_schematic_symbol(symbol_lib="Interface_CAN_LIN", symbol_name="MCP2562-E-MF", pos_x=center_x_1, pos_y=center_y_1, reference="U1", value="MCP2562-E-MF", rotation=0, mirror="None")

### Placing other symbols in the Schematic with respect to the center symbol 1###

add_schematic_symbol(symbol_lib="power", symbol_name="VAA", pos_x=center_x_1 + (-82), pos_y=center_y_1 + (34), reference="#PWR1", value="VDD", rotation=0, mirror="None")
add_schematic_symbol(symbol_lib="Device", symbol_name="R", pos_x=center_x_1 + (-82), pos_y=center_y_1 + (21), reference="R1", value="2.2K", rotation=0, mirror="None")
add_schematic_symbol(symbol_lib="Jumper", symbol_name="SolderJumper_3_Bridged123", pos_x=center_x_1 + (-69), pos_y=center_y_1 + (13), reference="JP1", value="~", rotation=0, mirror="x")
add_schematic_symbol(symbol_lib="Device", symbol_name="R", pos_x=center_x_1 + (-69), pos_y=center_y_1 + (6), reference="R2", value="2.2K", rotation=0, mirror="None")
add_schematic_symbol(symbol_lib="power", symbol_name="VAA", pos_x=center_x_1 + (-55), pos_y=center_y_1 + (34), reference="#PWR2", value="VDD", rotation=0, mirror="None")
add_schematic_symbol(symbol_lib="Device", symbol_name="R", pos_x=center_x_1 + (-29), pos_y=center_y_1 + (16), reference="R3", value="2.2K", rotation=0, mirror="None")
add_schematic_symbol(symbol_lib="power", symbol_name="+1V8", pos_x=center_x_1 + (-11), pos_y=center_y_1 + (22), reference="#PWR3", value="+1V8", rotation=0, mirror="None")
add_schematic_symbol(symbol_lib="Device", symbol_name="R", pos_x=center_x_1 + (-11), pos_y=center_y_1 + (10), reference="R4", value="2.2K", rotation=0, mirror="None")
add_schematic_symbol(symbol_lib="power", symbol_name="GND", pos_x=center_x_1 + (0), pos_y=center_y_1 + (-17), reference="#PWR4", value="GND", rotation=0, mirror="None")
add_schematic_symbol(symbol_lib="Device", symbol_name="R", pos_x=center_x_1 + (2), pos_y=center_y_1 + (-7), reference="R5", value="2.2K", rotation=90, mirror="None")
add_schematic_symbol(symbol_lib="Device", symbol_name="R", pos_x=center_x_1 + (2), pos_y=center_y_1 + (-11), reference="R6", value="2.2K", rotation=90, mirror="None")

### Placing all global labels in the Schematic and connect them to the neighbor pin ###


### Connecting all wires in the Schematic ###


# Connecting #PWR1 pin VDD (Pin ID 1 -- Name VDD) to R1 pin 1 (Pin ID 1 -- Name None)
connect_pins("#PWR1", "VDD", "R1", "1")

# Connecting #PWR3 pin +1V8 (Pin ID 1 -- Name +1V8) to R4 pin 1 (Pin ID 1 -- Name None)
connect_pins("#PWR3", "+1V8", "R4", "1")

# Connecting R3 pin 2 (Pin ID 2 -- Name None) to U1 pin SHDN (Pin ID 8 -- Name SHDN)
connect_pins("R3", "2", "U1", "SHDN")

# Connecting R4 pin 2 (Pin ID 2 -- Name None) to U1 pin VIO (Pin ID 5 -- Name VIO)
connect_pins("R4", "2", "U1", "VIO")

# Connecting R6 pin 2 (Pin ID 2 -- Name None) to U1 pin DATAOUT (Pin ID 2 -- Name DATAOUT)
connect_pins("R6", "2", "U1", "DATAOUT")

# Connecting #PWR2 pin VDD (Pin ID 1 -- Name VDD) to R1 pin 2 (Pin ID 2 -- Name None)
connect_pins("#PWR2", "VDD", "R1", "2")

# Connecting R5 pin 2 (Pin ID 2 -- Name None) to U1 pin VSS (Pin ID 4 -- Name VSS)
connect_pins("R5", "2", "U1", "VSS")

# Connecting R1 pin 1 (Pin ID 1 -- Name None) to U1 pin VDD (Pin ID 3 -- Name VDD)
connect_pins("R1", "1", "U1", "VDD")

# Connecting JP1 pin B (Pin ID 3 -- Name B) to R4 pin 1 (Pin ID 1 -- Name None)
connect_pins("JP1", "B", "R4", "1")

# Connecting R2 pin 2 (Pin ID 2 -- Name None) to JP1 pin A (Pin ID 1 -- Name A)
connect_pins("R2", "2", "JP1", "A")

# Connecting #PWR4 pin 1 (Pin ID 1 -- Name None) to U1 pin TXD (Pin ID 1 -- Name TXD)
connect_pins("#PWR4", "1", "U1", "TXD")

# Connecting #PWR4 pin 1 (Pin ID 1 -- Name None) to U1 pin RXD (Pin ID 6 -- Name RXD)
connect_pins("#PWR4", "1", "U1", "RXD")

# Connecting #PWR4 pin 1 (Pin ID 1 -- Name None) to U1 pin CLK (Pin ID 7 -- Name CLK)
connect_pins("#PWR4", "1", "U1", "CLK")

# Connecting U1 pin TXD (Pin ID 1 -- Name TXD) to U1 pin RXD (Pin ID 6 -- Name RXD)
connect_pins("U1", "TXD", "U1", "RXD")

write_out_all_wires()
<|return|>
Saved generated code to /scratch/k2983/root-project/pcb-schematic-gen/SchGen/schematic_generation/t013_mcp2562_e_mf_generated.py
Saved raw response to /scratch/k2983/root-project/pcb-schematic-gen/SchGen/schematic_generation/t013_mcp2562_e_mf_generated.response.txt
