[MEMCHECK] after base_model load + per-expert MXFP4 dequant: host_maxrss=7.88GB gpu_alloc=17.36GB gpu_reserved=24.61GB gpu_peak=22.34GB
[FEEDBACK CHECK] feedback provided: False (len=0)
[MEMCHECK] before symbol_selector_llm creation: host_maxrss=7.88GB gpu_alloc=17.36GB gpu_reserved=24.61GB gpu_peak=22.34GB
[MEMCHECK] after symbol_selector_llm creation (post eager switch): host_maxrss=7.88GB gpu_alloc=17.36GB gpu_reserved=24.61GB gpu_peak=22.34GB
[RAW] prompt=Design a schematic for A simple circuit using a dual series Schottky diode to rectify a signal. Use exactly these real components: D1 as a BAT54S, in the KiCad library "Diode" (Dual series Schottky diode, 30 V 200 mA, SOT-23. Pin 1 is anode of D1, pin 2 is cathode of D2, pin 3 (COM) is the common cathode-of-D1/anode-of-D2 junction.). Do not substitute or invent a different part for any of them.
[SEQLEN] input_ids shape: torch.Size([1, 1937])
[SEQLEN] input_ids shape: torch.Size([1, 4932])
[SEQLEN] input_ids shape: torch.Size([1, 4932])
[SEQLEN] input_ids shape: torch.Size([1, 4932])
Azure CLI not found on path
[SEQLEN] input_ids shape: torch.Size([1, 5153])
[SEQLEN] input_ids shape: torch.Size([1, 5153])
[SEQLEN] input_ids shape: torch.Size([1, 5153])
Azure CLI not found on path
[SEQLEN] input_ids shape: torch.Size([1, 3351])
[MEMCHECK] after run_raw_test (post symbol-selection generate() call): host_maxrss=8.77GB gpu_alloc=17.37GB gpu_reserved=31.26GB gpu_peak=28.84GB
[MEMCHECK] after switching back to flash_attention_2: host_maxrss=8.77GB gpu_alloc=17.37GB gpu_reserved=31.26GB gpu_peak=28.84GB
[MEMCHECK] after gc.collect + empty_cache: host_maxrss=8.77GB gpu_alloc=17.37GB gpu_reserved=18.94GB gpu_peak=28.84GB
[MEMCHECK] after PeftModel.from_pretrained: host_maxrss=8.77GB gpu_alloc=17.43GB gpu_reserved=18.98GB gpu_peak=28.84GB
[MEMCHECK] after merge_and_unload: host_maxrss=8.77GB gpu_alloc=17.37GB gpu_reserved=25.35GB gpu_peak=28.84GB
Model raw response: <|channel|>analysis<|message|>**High‑level goal**

The user wants a schematic that implements a simple rectifier for a signal using a *dual series Schottky diode* – the BAT54S component.  
The schematic must contain *exactly* the BAT54S part from the KiCad “Diode” library.  
No other part may be introduced or substituted.

**Understanding the BAT54S**

The BAT54S is a SOT‑23 package containing two Schottky diodes in series.  
Its three pins are:

| Pin | Symbol name in the library | Electrical meaning |
|-----|---------------------------|--------------------|
| 1   | `A1` (Anode of D1)        | Anode of the first diode |
| 2   | `K2` (Cathode of D2)      | Cathode of the second diode |
| 3   | `COM` (Common)           | The junction of the two diodes |

When the symbol is rotated 180° (pointing left‑to‑right) the pins lie on a horizontal line: anode on the left, cathode on the right, common in the middle.  
This orientation makes wire routing straightforward – signals flow from the left (source) through the two diodes to the right (output).

**Choosing a central reference point**

A 210 mm × 297 mm A4 sheet has its origin at the bottom‑left corner.  
Placing the BAT54S at the centre of the sheet keeps the drawing tidy and leaves ample space for labels and possible future components.

* `center_x = 150.0` mm, `center_y = 110.0` mm  
  (mid‑width, slightly below mid‑height to leave room for labels above and below).

**Placing the BAT54S**

```
add_schematic_symbol(
    symbol_lib="Diode",
    symbol_name="BAT54S",
    pos_x=center_x, pos_y=center_y,
    reference="D1",
    value="BAT54S",
    rotation=180,   # left‑to‑right orientation
    mirror="None"
)
```

* `rotation=180` ensures the anode (pin 1) is on the left and the cathode (pin 2) on the right, matching the usual left‑to‑right signal flow.  
* `mirror="None"` keeps the default pin layout; mirroring would swap left/right pin positions and would complicate routing.

**Adding global labels**

Two labels are required:

1. **Signal source** – placed left of the anode (pin 1).  
   *Position*: pull the label leftwards from the anode by about 15 mm, keeping the same Y coordinate.  
   *Text orientation*: “left” so the text faces the symbol.  
   *Reference*: `SRC_0`.

2. **Ground or reference point** – placed right of the cathode (pin 2).  
   *Position*: pull the label rightwards by about 10 mm.  
   *Text orientation*: “right” to face the symbol.  
   *Reference*: `GND_0`.

Both labels are of type “input” (they represent external signals, not outputs).

**Connecting the labels to the diode**

```
connect_pins("SRC_0", "1", "D1", "A1")   # source → anode
connect_pins("GND_0", "1", "D1", "K2")   # ground → cathode
```

The label pins are single‑pin “symbols”, so we always use pin “1” for the label side.  
The diode pins use the names defined in the library (`A1`, `K2`).

**Wire‑rout considerations**

Because the BAT54S occupies a horizontal line, the two wires (source and ground) can be drawn straight to the left and right of the symbol, respectively.  
No additional components or intermediate nodes are needed – the user’s request is a pure rectifier network.

**Final code outline (conceptual)**

1. **Import KiCad interface** – set up the environment.  
2. **Add the BAT54S** at the centre with rotation 180° and no mirroring.  
3. **Add the two global labels** (`SRC_0` left of the anode, `GND_0` right of the cathode).  
4. **Connect the labels to the appropriate pins** of `D1`.  
5. **Write out all wires** so the schematic file is generated.

Each function call is chosen to match the symbol’s pin layout and to keep the schematic readable:

* `add_schematic_symbol(...)` – places the component.  
* `add_label(...)` – positions the external labels relative to the component’s pins.  
* `connect_pins(...)` – creates the electrical connections.  
* `write_out_all_wires()` – finalizes the wire drawing.

Because the schematic contains only one component and two labels, the resulting file is minimal yet fully functional, satisfying the user’s requirement of a simple dual‑series Schottky diode rectifier.<|end|><|start|>assistant<|channel|>final<|message|># Auto-generated schematic symbols
import sys
import os

# Get project path and import kicad schematic interface
PROJECT_PATH = os.environ['PROJECT_PATH']
sys.path.append(PROJECT_PATH)
from modules.kicad_sch_interface import *

### Placing center symbol 1 : Diode:BAT54S###

center_x_1, center_y_1 = 150.0, 110.0

add_schematic_symbol(symbol_lib="Diode", symbol_name="BAT54S", pos_x=center_x_1, pos_y=center_y_1, reference="D1", value="BAT54S", rotation=180, mirror="None")

### Placing other symbols in the Schematic with respect to the center symbol 1###


### Placing all global labels in the Schematic and connect them to the neighbor pin ###


### Connecting all wires in the Schematic ###


write_out_all_wires()
<|return|>
Saved generated code to /scratch/k2983/root-project/pcb-schematic-gen/SchGen/schematic_generation/t013_bat54s_generated.py
Saved raw response to /scratch/k2983/root-project/pcb-schematic-gen/SchGen/schematic_generation/t013_bat54s_generated.response.txt
