[MEMCHECK] after base_model load + per-expert MXFP4 dequant: host_maxrss=7.88GB gpu_alloc=17.36GB gpu_reserved=24.61GB gpu_peak=22.34GB
[FEEDBACK CHECK] feedback provided: False (len=0)
[MEMCHECK] before symbol_selector_llm creation: host_maxrss=7.88GB gpu_alloc=17.36GB gpu_reserved=24.61GB gpu_peak=22.34GB
[MEMCHECK] after symbol_selector_llm creation (post eager switch): host_maxrss=7.88GB gpu_alloc=17.36GB gpu_reserved=24.61GB gpu_peak=22.34GB
[RAW] prompt=Design a schematic for A simple circuit using the WCH CH32V003 RISC-V MCU for a basic application. Use exactly these real components: U1 as a CH32V003JxMx, in the KiCad library "MCU_WCH_CH32V0" (WCH CH32V003 RISC-V MCU, 8-pin SOP, ultra-low-cost). Do not substitute or invent a different part for any of them.
[SEQLEN] input_ids shape: torch.Size([1, 1910])
[SEQLEN] input_ids shape: torch.Size([1, 1910])
[SEQLEN] input_ids shape: torch.Size([1, 1910])
Azure CLI not found on path
[SEQLEN] input_ids shape: torch.Size([1, 4905])
[SEQLEN] input_ids shape: torch.Size([1, 4905])
[SEQLEN] input_ids shape: torch.Size([1, 4905])
Azure CLI not found on path
[SEQLEN] input_ids shape: torch.Size([1, 5126])
[SEQLEN] input_ids shape: torch.Size([1, 3324])
[SEQLEN] input_ids shape: torch.Size([1, 3324])
[SEQLEN] input_ids shape: torch.Size([1, 3324])
Azure CLI not found on path
[MEMCHECK] after run_raw_test (post symbol-selection generate() call): host_maxrss=8.77GB gpu_alloc=17.37GB gpu_reserved=31.14GB gpu_peak=28.77GB
[MEMCHECK] after switching back to flash_attention_2: host_maxrss=8.77GB gpu_alloc=17.37GB gpu_reserved=31.14GB gpu_peak=28.77GB
[MEMCHECK] after gc.collect + empty_cache: host_maxrss=8.77GB gpu_alloc=17.37GB gpu_reserved=18.94GB gpu_peak=28.77GB
[MEMCHECK] after PeftModel.from_pretrained: host_maxrss=8.77GB gpu_alloc=17.43GB gpu_reserved=18.98GB gpu_peak=28.77GB
[MEMCHECK] after merge_and_unload: host_maxrss=8.77GB gpu_alloc=17.37GB gpu_reserved=25.35GB gpu_peak=28.77GB
Model raw response: <|channel|>analysis<|message|>**High‑level goal**

The user wants a minimal schematic that shows a WCH CH32V003RISC‑V MCU (U1, 8‑pin SOP) and a very small LED.  
Only the two real parts may be used – the MCU and a single LED.  
The schematic must be readable, centred on an A4 sheet (210 × 297 mm) and all symbols should be spaced so that their bounding boxes do not overlap.  
The LED will be connected to one of the MCU’s I/O pins (e.g. IO1).  
A 2.2 kΩ resistor will be inserted in series to limit current.  
The LED’s anode is driven by the MCU pin, the cathode is pulled to ground.

---

### 1.  Choosing symbol libraries & names

| Symbol | Library | Symbol name | Reference | Value |
|--------|---------|-------------|-----------|-------|
| MCU | `MCU_WCH_CH32V0` | `CH32V003JxMx` | `U1` | `CH32V003JxMx` |
| LED | `Device` | `LED_Small` | `D1` | `LED_Small` |
| Resistor | `Device` | `R` | `R1` | `2.2K` |
| Ground | `power` | `GND` | `#PWR_GND` | `GND` |

The LED symbol is the only one whose pin names are `K` (cathode) and `A` (anode).  
The MCU symbol contains 8 pins, one of them is `IO1`.  
The resistor has the standard pin numbers `1` and `2`.

---

### 2.  Spatial layout

* **Center of the sheet** – 105 mm (½ A4 width) and 148.5 mm (½ A4 height).  
  The MCU will sit at the very centre: `(105, 148.5)`.

* **LED** – placed to the left of the MCU.  
  Offset `(-30, -5)` from the MCU gives enough room for the resistor and the ground symbol.  
  Position: `(75, 143.5)`.

* **Resistor** – placed between the LED and the MCU.  
  Offset `(-15, 0)` from the MCU: `(90, 148.5)`.  
  This keeps the wire from the resistor to the LED short and straight.

* **Ground** – just below the MCU.  
  Offset `(0, -20)` from the MCU: `(105, 128.5)`.

The chosen offsets keep all bounding boxes separated by at least 5 mm, satisfying the “no overlap” rule.

---

### 3.  Rotations & mirroring

| Symbol | Rotation | Mirror | Reason |
|--------|----------|--------|--------|
| MCU | 0° | None | Default orientation is already suitable; all pins are on the top side. |
| LED | 90° | None | Rotating the LED 90° aligns its pins horizontally, making the wire to the resistor run straight left‑to‑right. |
| Resistor | 0° | None | Standard orientation. |
| Ground | 0° | None | Ground symbol is symmetric. |

No mirroring is required.

---

### 4.  Pin connections – why each link exists

1. **LED anode (`A`) → Resistor pin 1**  
   The MCU pin drives the LED anode.  
   The resistor is in series to limit current.  
   `connect_pins("D1", "A", "R1", "1")`

2. **Resistor pin 2 → MCU pin (`IO1`)**  
   The other side of the resistor goes back to the MCU’s I/O pin, completing the drive path.  
   `connect_pins("R1", "2", "U1", "IO1")`

3. **LED cathode (`K`) → Ground**  
   The LED cathode must be tied to ground to allow current to flow when the MCU outputs high.  
   `connect_pins("D1", "K", "#PWR_GND", "1")`

4. **Ground symbol → MCU GND pin**  
   Although the MCU symbol may not have an explicit GND pin (the CH32V003 has a pin labelled `GND`), it is good practice to connect the ground symbol to the MCU’s GND pin.  
   `connect_pins("#PWR_GND", "1", "U1", "GND")`

The sequence of `connect_pins` calls follows the logical flow of signals: MCU → resistor → LED → ground.

---

### 5.  Labels (optional but helpful)

If desired, a global label `IO1` can be added near `U1` pin `IO1` to clarify the net name:

```
x_U1_2, y_U1_2 = get_pin_location("U1", "IO1")
add_label([x_U1_2 + 5, y_U1_2], "IO1", "IO1_0", "bidirectional", "right")
connect_pins("IO1_0", "1", "U1", "IO1")
```

This label sits just to the right of the pin, making the net name visible without cluttering the wire.

---

### 6.  Final script outline (conceptual)

1. **Import KiCad interface** – standard boilerplate.  
2. **Place MCU** at centre.  
3. **Place LED, Resistor, Ground** with the offsets described.  
4. **Add optional label** for `IO1`.  
5. **Create connections** using `connect_pins` as per the table above.  
6. **Call `write_out_all_wires()`** to generate the netlist.

All arguments to the helper functions are taken directly from the symbol information:

* `symbol_lib`, `symbol_name` – from the library table.  
* `pos_x`, `pos_y` – calculated from the centre coordinates plus offsets.  
* `reference` – unique identifiers (`U1`, `D1`, `R1`, `#PWR_GND`).  
* `value` – part‑specific strings (`CH32V003JxMx`, `LED_Small`, `2.2K`).  
* `rotation`, `mirror` – as chosen in the layout table.  
* `pin_name` – taken from the symbol’s pin list (`A`, `K`, `1`, `2`, `IO1`, `GND`).  
* `label_text`, `label_ref`, `label_type`, `text_orient` – chosen to keep labels readable and non‑overlapping.

By following this reasoning, the final Python code will create a clean, centred schematic that satisfies the user’s constraints and uses only the specified real parts.<|end|><|start|>assistant<|channel|>final<|message|># Auto-generated schematic symbols
import sys
import os

# Get project path and import kicad schematic interface
PROJECT_PATH = os.environ['PROJECT_PATH']
sys.path.append(PROJECT_PATH)
from modules.kicad_sch_interface import *

### Placing center symbol 1 : MCU_WCH_CH32V0:CH32V003JxMx###

center_x_1, center_y_1 = 150.0, 110.0

add_schematic_symbol(symbol_lib="MCU_WCH_CH32V0", symbol_name="CH32V003JxMx", pos_x=center_x_1, pos_y=center_y_1, reference="U1", value="CH32V003JxMx", rotation=0, mirror="None")

### Placing other symbols in the Schematic with respect to the center symbol 1###

add_schematic_symbol(symbol_lib="Device", symbol_name="LED_Small", pos_x=center_x_1 + (-30), pos_y=center_y_1 + (-5), reference="D1", value="LED_Small", rotation=90, mirror="None")
add_schematic_symbol(symbol_lib="Device", symbol_name="R", pos_x=center_x_1 + (-15), pos_y=center_y_1 + (0), reference="R1", value="2.2K", rotation=0, mirror="None")
add_schematic_symbol(symbol_lib="power", symbol_name="GND", pos_x=center_x_1 + (0), pos_y=center_y_1 + (-20), reference="#PWR_GND", value="GND", rotation=0, mirror="None")

### Placing all global labels in the Schematic and connect them to the neighbor pin ###


### Connecting all wires in the Schematic ###


# Connecting D1 pin K (Pin ID 1 -- Name K) to #PWR_GND pin 1 (Pin ID 1 -- Name None)
connect_pins("D1", "K", "#PWR_GND", "1")

# Connecting U1 pin IO1 (Pin ID 2 -- Name IO1) to R1 pin 2 (Pin ID 2 -- Name None)
connect_pins("U1", "IO1", "R1", "2")

# Connecting R1 pin 1 (Pin ID 1 -- Name None) to D1 pin A (Pin ID 2 -- Name A)
connect_pins("R1", "1", "D1", "A")

# Connecting U1 pin 1 (Pin ID 1 -- Name None) to #PWR_GND pin 1 (Pin ID 1 -- Name None)
connect_pins("U1", "1", "#PWR_GND", "1")

write_out_all_wires()
<|return|>
Saved generated code to /scratch/k2983/root-project/pcb-schematic-gen/SchGen/schematic_generation/t013_ch32v003jxmx_generated.py
Saved raw response to /scratch/k2983/root-project/pcb-schematic-gen/SchGen/schematic_generation/t013_ch32v003jxmx_generated.response.txt
