[MEMCHECK] after base_model load + per-expert MXFP4 dequant: host_maxrss=7.88GB gpu_alloc=17.36GB gpu_reserved=24.61GB gpu_peak=22.34GB
[FEEDBACK CHECK] feedback provided: False (len=0)
[MEMCHECK] before symbol_selector_llm creation: host_maxrss=7.88GB gpu_alloc=17.36GB gpu_reserved=24.61GB gpu_peak=22.34GB
[MEMCHECK] after symbol_selector_llm creation (post eager switch): host_maxrss=7.88GB gpu_alloc=17.36GB gpu_reserved=24.61GB gpu_peak=22.34GB
[RAW] prompt=Design a schematic for A simple circuit using the TI TPS3839 ultra-low power voltage supervisor to monitor the VDD supply and assert a reset signal when the voltage falls below a certain threshold. Use exactly these real components: U1 as a TPS3839DBZ, in the KiCad library "Power_Supervisor" (TI TPS3839 ultra-low power voltage supervisor. SOT-23-3. Monitors VDD and asserts active-low RESET when below threshold.). Do not substitute or invent a different part for any of them.
[SEQLEN] input_ids shape: torch.Size([1, 1928])
[SEQLEN] input_ids shape: torch.Size([1, 4923])
[SEQLEN] input_ids shape: torch.Size([1, 4923])
[SEQLEN] input_ids shape: torch.Size([1, 4923])
Azure CLI not found on path
[SEQLEN] input_ids shape: torch.Size([1, 5144])
[SEQLEN] input_ids shape: torch.Size([1, 3342])
[MEMCHECK] after run_raw_test (post symbol-selection generate() call): host_maxrss=8.77GB gpu_alloc=17.37GB gpu_reserved=31.22GB gpu_peak=28.82GB
[MEMCHECK] after switching back to flash_attention_2: host_maxrss=8.77GB gpu_alloc=17.37GB gpu_reserved=31.22GB gpu_peak=28.82GB
[MEMCHECK] after gc.collect + empty_cache: host_maxrss=8.77GB gpu_alloc=17.37GB gpu_reserved=18.94GB gpu_peak=28.82GB
[MEMCHECK] after PeftModel.from_pretrained: host_maxrss=8.77GB gpu_alloc=17.43GB gpu_reserved=18.98GB gpu_peak=28.82GB
[MEMCHECK] after merge_and_unload: host_maxrss=8.77GB gpu_alloc=17.37GB gpu_reserved=25.35GB gpu_peak=28.82GB
Model raw response: <|channel|>analysis<|message|>**High‑level goal**

The user wants a schematic that implements the TI TPS3839 ultra‑low‑power voltage supervisor.  
The part is a 3‑pin SOT‑23‑3 device (VDD / GND / RESET) and must be connected exactly as specified in the component library “Power_Supervisor”.  
All other parts (power symbols, resistors, etc.) already exist as generic symbols in the KiCad libraries and can be used directly.

**Choosing a layout**

*The schematic sheet is 210 × 297 mm (A4).  
To keep the design centred and readable we pick a reference point in the middle of the sheet (≈ 150 mm × 110 mm).  
The TPS3839 is placed at this point so that all ancillary symbols can be positioned relative to it.*

```
center_x = 150.0   # mm
center_y = 110.0   # mm
```

The TPS3839 symbol will be added with a 270° rotation (the symbol’s default orientation has the VDD pin on the left, GND on the right, RESET on the top; rotating 270° puts VDD on the top, GND on the bottom, and RESET on the right – a convenient orientation for a vertical power rail).

**Symbols to be added**

| Symbol | Library | Reference | Value | Position (relative to centre) | Rotation | Mirror | Reason |
|--------|---------|-----------|-------|------------------------------|----------|--------|--------|
| TPS3839 | Power_Supervisor | U1 | TPS3839DBZ | (0, 0) | 270° | None | Device under study |
| VDD | power | #PWR1 | VDD | (-15, +15) | 0° | None | VDD rail |
| GND | power | #PWR1 | GND | (0, -15) | 0° | None | GND rail |
| (Optional) other symbols (none needed for this minimal schematic) |

The VDD power symbol is placed slightly left‑up of the device so that its pin can be wired straight down into the VDD pin of the TPS3839.  
The GND symbol is placed below the device to connect to the GND pin without crossing wires.

**Adding the symbols**

```python
add_schematic_symbol(symbol_lib="Power_Supervisor",
                     symbol_name="TPS3839DBZ",
                     pos_x=center_x, pos_y=center_y,
                     reference="U1",
                     value="TPS3839DBZ",
                     rotation=270,
                     mirror=None)
```

The power symbols are added similarly, using the offsets above.

**Getting pin locations**

The KiCad interface provides `get_pin_location(symbol_ref, pin_name)` which returns the absolute coordinates of a pin relative to the schematic origin.  
We call this for the three pins of the TPS3839:

```
vdd_pos   = get_pin_location("U1", "VDD")   # top pin
gnd_pos   = get_pin_location("U1", "GND")   # bottom pin
reset_pos = get_pin_location("U1", "RESET") # right pin
```

**Adding labels**

Labels are useful for readability and for future connection.  
We add a label next to each pin:

```python
add_label(label_pos=[vdd_pos[0]-5, vdd_pos[1]],
          label_text="VDD",
          label_ref="VDD_0",
          label_type="output",
          text_orient="left")
```

The label is shifted 5 mm left of the pin so that the text does not overlap the pin and the wire can run straight to the pin.  
The same pattern is used for GND and RESET.

**Connecting pins and labels**

The `connect_pins(sym_a, pin_a, sym_b, pin_b)` function draws a wire between the two specified pins.  
For each pin we connect its label to the actual pin, then connect the pin to the appropriate power symbol:

```python
# VDD
connect_pins("VDD_0", "1", "U1", "VDD")
connect_pins("U1", "VDD", "#PWR1", "VDD")

# GND
connect_pins("GND_0", "1", "U1", "GND")
connect_pins("U1", "GND", "#PWR1", "GND")

# RESET
connect_pins("RESET_0", "1", "U1", "RESET")
```

The first argument of `connect_pins` is the reference of the source symbol (label or component) and the second argument is the pin name or ID.  
For labels the pin name is always `"1"` because a label has only one pin.  
For the TPS3839 we use the actual pin name (`"VDD"`, `"GND"`, `"RESET"`).

**Writing out wires**

After all connections are declared, `write_out_all_wires()` generates the actual wire objects in the schematic file.

**Why the chosen rotation, mirror, and offsets**

*Rotation 270°*: aligns the VDD pin to the top of the schematic, making the VDD power rail a vertical line that runs straight into the device.  
*Mirror None*: the device’s symbol is symmetric in this orientation, so no mirroring is needed.  
*Offsets*: placing the VDD symbol 15 mm left‑up and the GND symbol 15 mm below gives enough clearance for the wires to run without crossing other components.  
*Label offsets*: the 5 mm horizontal shift ensures the text is legible and the wire path is short.

**Summary of the logical flow**

1. **Place the TPS3839 at the centre of the schematic** (reference point).  
2. **Add the VDD and GND power symbols** at convenient positions relative to the device.  
3. **Retrieve pin coordinates** for each pin of the TPS3839.  
4. **Add labels** next to each pin, offset slightly to avoid overlap.  
5. **Connect each label to its pin** (label‑to‑pin wires).  
6. **Connect each pin to the corresponding power symbol** (device‑to‑power wires).  
7. **Write out all wires** so the schematic is complete.

With this reasoning, the generated Python code will create a clear, correctly connected schematic that meets the user’s specifications.<|end|><|start|>assistant<|channel|>final<|message|># Auto-generated schematic symbols
import sys
import os

# Get project path and import kicad schematic interface
PROJECT_PATH = os.environ['PROJECT_PATH']
sys.path.append(PROJECT_PATH)
from modules.kicad_sch_interface import *

### Placing center symbol 1 : Power_Supervisor:TPS3839DBZ###

center_x_1, center_y_1 = 150.0, 110.0

add_schematic_symbol(symbol_lib="Power_Supervisor", symbol_name="TPS3839DBZ", pos_x=center_x_1, pos_y=center_y_1, reference="U1", value="TPS3839DBZ", rotation=270, mirror="None")

### Placing other symbols in the Schematic with respect to the center symbol 1###


### Placing all global labels in the Schematic and connect them to the neighbor pin ###


### Connecting all wires in the Schematic ###


write_out_all_wires()
<|return|>
Saved generated code to /scratch/k2983/root-project/pcb-schematic-gen/SchGen/schematic_generation/t013_tps3839dbz_generated.py
Saved raw response to /scratch/k2983/root-project/pcb-schematic-gen/SchGen/schematic_generation/t013_tps3839dbz_generated.response.txt
