[MEMCHECK] after base_model load + per-expert MXFP4 dequant: host_maxrss=7.88GB gpu_alloc=17.36GB gpu_reserved=24.61GB gpu_peak=22.34GB
[FEEDBACK CHECK] feedback provided: False (len=0)
[MEMCHECK] before symbol_selector_llm creation: host_maxrss=7.88GB gpu_alloc=17.36GB gpu_reserved=24.61GB gpu_peak=22.34GB
[MEMCHECK] after symbol_selector_llm creation (post eager switch): host_maxrss=7.88GB gpu_alloc=17.36GB gpu_reserved=24.61GB gpu_peak=22.34GB
[RAW] prompt=Design a schematic for A simple circuit using a 16x2 character LCD module with HD44780 controller. Use exactly these real components: U1 as a LCD-016N002L, in the KiCad library "Display_Character" (16x2 character LCD module with HD44780 controller. 16-pin interface.). Do not substitute or invent a different part for any of them.
[SEQLEN] input_ids shape: torch.Size([1, 1899])
[SEQLEN] input_ids shape: torch.Size([1, 4894])
[SEQLEN] input_ids shape: torch.Size([1, 4894])
[SEQLEN] input_ids shape: torch.Size([1, 4894])
Azure CLI not found on path
[SEQLEN] input_ids shape: torch.Size([1, 5115])
[SEQLEN] input_ids shape: torch.Size([1, 3313])
[SEQLEN] input_ids shape: torch.Size([1, 3313])
[SEQLEN] input_ids shape: torch.Size([1, 3313])
Azure CLI not found on path
[MEMCHECK] after run_raw_test (post symbol-selection generate() call): host_maxrss=8.77GB gpu_alloc=17.37GB gpu_reserved=31.09GB gpu_peak=28.74GB
[MEMCHECK] after switching back to flash_attention_2: host_maxrss=8.77GB gpu_alloc=17.37GB gpu_reserved=31.09GB gpu_peak=28.74GB
[MEMCHECK] after gc.collect + empty_cache: host_maxrss=8.77GB gpu_alloc=17.37GB gpu_reserved=18.94GB gpu_peak=28.74GB
[MEMCHECK] after PeftModel.from_pretrained: host_maxrss=8.77GB gpu_alloc=17.43GB gpu_reserved=18.98GB gpu_peak=28.74GB
[MEMCHECK] after merge_and_unload: host_maxrss=8.77GB gpu_alloc=17.37GB gpu_reserved=25.35GB gpu_peak=28.74GB
Model raw response: <|channel|>analysis<|message|>**High‑level goal**

The user wants a schematic that contains only one real component – a 16×2 character LCD module (HD44780 driver) – and it must be added from the KiCad library `Display_Character` with the reference `U1`.  
No other parts may be substituted; the schematic should therefore be a *single‑symbol* sheet that simply places `U1` in the centre of the page.  
Because the request is minimal, the only drawing operations are:

1. Add the LCD symbol at a convenient location.
2. (Optionally) Add a global label for the data‑line pin (e.g., `RS`) so that a user can connect it to a microcontroller in a future schematic.  
3. Output the resulting wire network – in this case there will be none, because the LCD is isolated.

The following explanation walks through the decisions that lead to the Python code that produces this schematic.



---

### 1.  Choosing the position on the page

* **Page size** – A4 = 210 × 297 mm.  
* **Origin** – Bottom‑left corner `(0, 0)` – the standard KiCad coordinate system.  
* **Central reference point** – To keep the LCD in the middle of the page we choose a centre around `(150 mm, 110 mm)`.  
  * 150 mm ≈ 75 % of the width – leaves ~60 mm of margin on each side.  
  * 110 mm ≈ 37 % of the height – places the module in the lower half of the page, still comfortably centred for a single symbol.  
* **Offset handling** – All other symbols would normally be placed relative to this centre, but because the user asked for *exactly* this one component, we simply use the centre coordinates directly.



### 2.  Symbol selection and parameters

| Parameter | Reasoning |
|-----------|-----------|
| **Library** | `"Display_Character"` – the library that houses the HD44780 module. |
| **Symbol name** | `"LCD-016N002L"` – the exact part number requested. |
| **Reference** | `"U1"` – standard reference for the first IC/lcd. |
| **Value** | `"LCD-016N002L"` – repeats the part number for clarity. |
| **Rotation** | `0°` – the symbol is symmetric in the horizontal plane; no rotation is needed to match pin directions. |
| **Mirror** | `"None"` – no mirroring is required; the default orientation already matches the pin layout. |
| **Position** | `pos_x=150.0`, `pos_y=110.0` – the centre of the page as described above. |

The `add_schematic_symbol` function will therefore be called exactly once with these arguments.



### 3.  Optional global label for a data‑line pin

Even though the user did not explicitly ask for a label, it is customary to provide a global label on a commonly used data line so that the user can tie it to a microcontroller later.  
For the HD44780 the most common data‑line is `RS` (Register‑Select).  

* **Pin location** – We call `get_pin_location("U1", "RS")` to obtain the absolute coordinates of the `RS` pin.  
* **Label position** – We offset the label 10 mm to the left of the pin so that the text sits outside the symbol, avoiding overlap.  
* **Label text** – `"RS"` – the name of the pin.  
* **Reference** – `"RS_0"` – a unique label reference.  
* **Label type** – `"input"` – the LCD expects a signal coming from the MCU.  
* **Text orientation** – `"left"` – places the text to the left of the pin’s coordinate, making the schematic easier to read.  

The `connect_pins` call then ties the label’s single pin (`"1"`) to the `RS` pin of `U1`.



### 4.  Wire network – why it is empty

Because the schematic contains only one symbol, there are no inter‑symbol connections to be made.  
The only connection is the optional label to the `RS` pin, which is handled by the `connect_pins` call above.  
If the user later adds microcontroller symbols, they will simply connect to the `RS_0` label.



### 5.  Writing out the wires

After all `add_schematic_symbol`, optional label, and `connect_pins` calls have been made, the final step is to invoke `write_out_all_wires()` so that the KiCad interface records the wire network.  
In this particular case the wire list will contain only the single label–pin connection.



---

## Summary of the code structure

1. **Imports** – standard boilerplate to access the KiCad schematic interface.  
2. **Symbol Placement** – one call to `add_schematic_symbol` for `U1` with the chosen parameters.  
3. **Optional label** – locate `RS` pin, add a label 10 mm left, connect it.  
4. **Wire output** – call `write_out_all_wires()`.

All coordinates, offsets, rotation, and mirroring are chosen to keep the schematic clean, centered, and directly usable for future expansion.<|end|><|start|>assistant<|channel|>final<|message|># Auto-generated schematic symbols
import sys
import os

# Get project path and import kicad schematic interface
PROJECT_PATH = os.environ['PROJECT_PATH']
sys.path.append(PROJECT_PATH)
from modules.kicad_sch_interface import *

### Placing center symbol 1 : Display_Character:LCD-016N002L###

center_x_1, center_y_1 = 150.0, 110.0

add_schematic_symbol(symbol_lib="Display_Character", symbol_name="LCD-016N002L", pos_x=center_x_1, pos_y=center_y_1, reference="U1", value="LCD-016N002L", rotation=0, mirror="None")

### Placing other symbols in the Schematic with respect to the center symbol 1###


### Placing all global labels in the Schematic and connect them to the neighbor pin ###


### Connecting all wires in the Schematic ###


write_out_all_wires()
<|return|>
Saved generated code to /scratch/k2983/root-project/pcb-schematic-gen/SchGen/schematic_generation/t013_lcd_016n002l_generated.py
Saved raw response to /scratch/k2983/root-project/pcb-schematic-gen/SchGen/schematic_generation/t013_lcd_016n002l_generated.response.txt
