[MEMCHECK] after base_model load + per-expert MXFP4 dequant: host_maxrss=7.88GB gpu_alloc=17.36GB gpu_reserved=24.61GB gpu_peak=22.34GB
[FEEDBACK CHECK] feedback provided: True (len=3575)
[MEMCHECK] before symbol_selector_llm creation: host_maxrss=7.88GB gpu_alloc=17.36GB gpu_reserved=24.61GB gpu_peak=22.34GB
[MEMCHECK] after symbol_selector_llm creation (post eager switch): host_maxrss=7.88GB gpu_alloc=17.36GB gpu_reserved=24.61GB gpu_peak=22.34GB
[RAW] prompt=Design a schematic for A 16-bit delta-sigma ADC with 4 single-ended or 2 differential channels, I2C interface, and programmable gain amplifier. Use exactly these real components: U1 as a ADS1115IDGS, in the KiCad library "Analog_ADC" (16-bit delta-sigma ADC, 4 single-ended or 2 differential channels, I2C, MSOP-10. Programmable gain amplifier (PGA). ADDR pin sets I2C address. ALERT/RDY is conversion-ready / comparator output.). Do not substitute or invent a different part for any of them. The ADS1115IDGS is assumed to be used in a single-supply configuration, with VDD connected to the positive supply rail and GND connected to the negative supply rail.
[SEQLEN] input_ids shape: torch.Size([1, 1981])
[SEQLEN] input_ids shape: torch.Size([1, 4976])
[SEQLEN] input_ids shape: torch.Size([1, 4976])
[SEQLEN] input_ids shape: torch.Size([1, 4976])
Azure CLI not found on path
[SEQLEN] input_ids shape: torch.Size([1, 5197])
[SEQLEN] input_ids shape: torch.Size([1, 5197])
[SEQLEN] input_ids shape: torch.Size([1, 5197])
Azure CLI not found on path
[SEQLEN] input_ids shape: torch.Size([1, 3395])
[SEQLEN] input_ids shape: torch.Size([1, 3395])
[SEQLEN] input_ids shape: torch.Size([1, 3395])
Azure CLI not found on path
[MEMCHECK] after run_raw_test (post symbol-selection generate() call): host_maxrss=8.77GB gpu_alloc=17.37GB gpu_reserved=31.44GB gpu_peak=28.98GB
[MEMCHECK] after switching back to flash_attention_2: host_maxrss=8.77GB gpu_alloc=17.37GB gpu_reserved=31.44GB gpu_peak=28.98GB
[MEMCHECK] after gc.collect + empty_cache: host_maxrss=8.77GB gpu_alloc=17.37GB gpu_reserved=18.94GB gpu_peak=28.98GB
[MEMCHECK] after PeftModel.from_pretrained: host_maxrss=8.77GB gpu_alloc=17.43GB gpu_reserved=18.98GB gpu_peak=28.98GB
[MEMCHECK] after merge_and_unload: host_maxrss=8.77GB gpu_alloc=17.37GB gpu_reserved=25.35GB gpu_peak=28.98GB
Model raw response: <|channel|>final<|message|># Auto-generated schematic symbols
import sys
import os

# Get project path and import kicad schematic interface
PROJECT_PATH = os.environ['PROJECT_PATH']
sys.path.append(PROJECT_PATH)
from modules.kicad_sch_interface import *

### Placing center symbol 1 : Analog_ADC:ADS1115IDGS###

center_x_1, center_y_1 = 150.0, 110.0

add_schematic_symbol(symbol_lib="Analog_ADC", symbol_name="ADS1115IDGS", pos_x=center_x_1, pos_y=center_y_1, reference="U1", value="ADS1115IDGS", rotation=0, mirror="None")

### Placing other symbols in the Schematic with respect to the center symbol 1###

add_schematic_symbol(symbol_lib="power", symbol_name="+1V8", pos_x=center_x_1 + (-72), pos_y=center_y_1 + (22), reference="#PWR1", value="+1V8", rotation=0, mirror="None")
add_schematic_symbol(symbol_lib="Device", symbol_name="R", pos_x=center_x_1 + (-72), pos_y=center_y_1 + (8), reference="R1", value="2.2K", rotation=0, mirror="None")
add_schematic_symbol(symbol_lib="power", symbol_name="VAA", pos_x=center_x_1 + (-31), pos_y=center_y_1 + (22), reference="#PWR2", value="VIN", rotation=0, mirror="None")
add_schematic_symbol(symbol_lib="power", symbol_name="VAA", pos_x=center_x_1 + (-31), pos_y=center_y_1 + (12), reference="#PWR3", value="VIN", rotation=0, mirror="None")
add_schematic_symbol(symbol_lib="power", symbol_name="VAA", pos_x=center_x_1 + (-31), pos_y=center_y_1 + (2), reference="#PWR4", value="VIN", rotation=0, mirror="None")
add_schematic_symbol(symbol_lib="Device", symbol_name="R", pos_x=center_x_1 + (-31), pos_y=center_y_1 + (-9), reference="R2", value="2.2K", rotation=0, mirror="None")
add_schematic_symbol(symbol_lib="power", symbol_name="GND", pos_x=center_x_1 + (-31), pos_y=center_y_1 + (-19), reference="#PWR5", value="GND", rotation=0, mirror="None")
add_schematic_symbol(symbol_lib="power", symbol_name="VAA", pos_x=center_x_1 + (-11), pos_y=center_y_1 + (22), reference="#PWR6", value="VIN", rotation=0, mirror="None")
add_schematic_symbol(symbol_lib="Device", symbol_name="R", pos_x=center_x_1 + (-11), pos_y=center_y_1 + (8), reference="R3", value="2.2K", rotation=0, mirror="None")
add_schematic_symbol(symbol_lib="power", symbol_name="GND", pos_x=center_x_1 + (-11), pos_y=center_y_1 + (-2), reference="#PWR7", value="GND", rotation=0, mirror="None")
add_schematic_symbol(symbol_lib="Device", symbol_name="R", pos_x=center_x_1 + (2), pos_y=center_y_1 + (-13), reference="R4", value="2.2K", rotation=90, mirror="None")
add_schematic_symbol(symbol_lib="Device", symbol_name="R", pos_x=center_x_1 + (10), pos_y=center_y_1 + (-26), reference="R5", value="2.2K", rotation=0, mirror="None")
add_schematic_symbol(symbol_lib="power", symbol_name="GND", pos_x=center_x_1 + (10), pos_y=center_y_1 + (-36), reference="#PWR8", value="GND", rotation=0, mirror="None")

### Placing all global labels in the Schematic and connect them to the neighbor pin ###

# Add label PWR1 next to U1 pin +1V8 
x_U1_4, y_U1_4 = get_pin_location(symbol_ref="U1", pin_name="+1V8")
add_label(label_pos=[x_U1_4+(-11), y_U1_4+(0)], label_text="PWR1", label_ref="PWR1_0", label_type="input", text_orient="left")
# Connecting Label PWR1 label_id:0 to U1 pin +1V8 (Pin ID 4 -- Name +1V8)
connect_pins("PWR1_0", "1", "U1", "+1V8")

# Add label PWR2 next to U1 pin VIN 
x_U1_1, y_U1_1 = get_pin_location(symbol_ref="U1", pin_name="VIN")
add_label(label_pos=[x_U1_1+(-11), y_U1_1+(0)], label_text="PWR2", label_ref="PWR2_0", label_type="input", text_orient="left")
# Connecting Label PWR2 label_id:0 to U1 pin VIN (Pin ID 1 -- Name VIN)
connect_pins("PWR2_0", "1", "U1", "VIN")

# Add label VSS next to U1 pin 4 
x_U1_4, y_U1_4 = get_pin_location(symbol_ref="U1", pin_name="4")
add_label(label_pos=[x_U1_4+(-11), y_U1_4+(0)], label_text="VSS", label_ref="VSS_0", label_type="input", text_orient="left")
# Connecting Label VSS label_id:0 to U1 pin 4 (Pin ID 4 -- Name 4)
connect_pins("VSS_0", "1", "U1", "4")

# Add label SCL1 next to U1 pin SCL 
x_U1_19, y_U1_19 = get_pin_location(symbol_ref="U1", pin_name="SCL")
add_label(label_pos=[x_U1_19+(3), y_UU1_19+(0)], label_text="SCL1", label_ref="SCL1_0", label_type="input", text_orient="right")
# Connecting Label SCL1 label_id:0 to U1 pin SCL (Pin ID 19 -- Name SCL)
connect_pins("SCL1_0", "1", "U1", "SCL")

# Add label SDA1 next to U1 pin SDA 
x_U1_20, y_U1_20 = get_pin_location(symbol_ref="U1", pin_name="SDA")
add_label(label_pos=[x_U1_20+(3), y_U1_20+(0)], label_text="SDA1", label_ref="SDA1_0", label_type="input", text_orient="right")
# Connecting Label SDA1 label_id:0 to U1 pin SDA (Pin ID 20 -- Name SDA)
connect_pins("SDA1_0", "1", "U1", "SDA")


### Connecting all wires in the Schematic ###


# Connecting #PWR1 pin +1V8 (Pin ID 1 -- Name +1V8) to U1 pin +1V8 (Pin ID 4 -- Name +1V8)
connect_pins("#PWR1", "+1V8", "U1", "+1V8")

# Connecting #PWR2 pin VIN (Pin ID 1 -- Name VIN) to U1 pin VIN (Pin ID 1 -- Name VIN)
connect_pins("#PWR2", "VIN", "U1", "VIN")

# Connecting #PWR3 pin VIN (Pin ID 1 -- Name VIN) to U1 pin +1V8 (Pin ID 4 -- Name +1V8)
connect_pins("#PWR3", "VIN", "U1", "+1V8")

# Connecting #PWR4 pin VIN (Pin ID 1 -- Name VIN) to U1 pin +1V8 (Pin ID 4 -- Name +1V8)
connect_pins("#PWR4", "VIN", "U1", "+1V8")

# Connecting #PWR5 pin 1 (Pin ID 1 -- Name None) to #PWR8 pin 1 (Pin ID 1 -- Name None)
connect_pins("#PWR5", "1", "#PWR8", "1")

# Connecting #PWR7 pin 1 (Pin ID 1 -- Name None) to #PWR8 pin 1 (Pin ID 1 -- Name None)
connect_pins("#PWR7", "1", "#PWR8", "1")

# Connecting #PWR6 pin VIN (Pin ID 1 -- Name VIN) to U1 pin +1V8 (Pin ID 4 -- Name +1V8)
connect_pins("#PWR6", "VIN", "U1", "+1V8")

# Connecting R2 pin 1 (Pin ID 1 -- Name None) to U1 pin AIN0 (Pin ID 3 -- Name AIN0)
connect_pins("R2", "1", "U1", "AIN0")

# Connecting R5 pin 2 (Pin ID 2 -- Name None) to U1 pin +1V8 (Pin ID 4 -- Name +1V8)
connect_pins("R5", "2", "U1", "+1V8")

# Connecting R1 pin 2 (Pin ID 2 -- Name None) to U1 pin PGA2 (Pin ID 5 -- Name PGA2)
connect_pins("R1", "2", "U1", "PGA2")

# Connecting R4 pin 2 (Pin ID 2 -- Name None) to U1 pin VIN (Pin ID 1 -- Name VIN)
connect_pins("R4", "2", "U1", "VIN")

# Connecting #PWR3 pin VIN (Pin ID 1 -- Name VIN) to R1 pin 1 (Pin ID 1 -- Name None)
connect_pins("#PWR3", "VIN", "R1", "1")

# Connecting #PWR6 pin VIN (Pin ID 1 -- Name VIN) to R3 pin 1 (Pin ID 1 -- Name None)
connect_pins("#PWR6", "VIN", "R3", "1")

# Connecting R3 pin 2 (Pin ID 2 -- Name None) to U1 pin PG0/1 (Pin ID 16 -- Name PG0/1)
connect_pins("R3", "2", "U1", "PG0/1")

# Connecting U1 pin ALERT/RDY (Pin ID 6 -- Name ALERT/RDY) to U1 pin SCL (Pin ID 19 -- Name SCL)
connect_pins("U1", "ALERT/RDY", "U1", "SCL")

write_out_all_wires()
<|return|>
Saved generated code to /scratch/k2983/root-project/pcb-schematic-gen/SchGen/schematic_generation/t013_ads1115idgs_generated.py
Saved raw response to /scratch/k2983/root-project/pcb-schematic-gen/SchGen/schematic_generation/t013_ads1115idgs_generated.response.txt
