[MEMCHECK] after base_model load + per-expert MXFP4 dequant: host_maxrss=7.88GB gpu_alloc=17.36GB gpu_reserved=24.61GB gpu_peak=22.34GB
[FEEDBACK CHECK] feedback provided: False (len=0)
[MEMCHECK] before symbol_selector_llm creation: host_maxrss=7.88GB gpu_alloc=17.36GB gpu_reserved=24.61GB gpu_peak=22.34GB
[MEMCHECK] after symbol_selector_llm creation (post eager switch): host_maxrss=7.88GB gpu_alloc=17.36GB gpu_reserved=24.61GB gpu_peak=22.34GB
[RAW] prompt=Design a schematic for A simple circuit using the DRV5055A2xDBZxQ1 Hall-effect sensor to measure magnetic fields. Use exactly these real components: DRV5055 as a DRV5055A2xDBZxQ1, in the KiCad library "Sensor_Magnetic" (Analog-output Hall-effect sensor, automotive grade, SOT-23. Ratiometric output proportional to magnetic field. 2mV/Gs sensitivity (A2 variant).), R1 as a REF3033, in the KiCad library "Reference_Voltage" (3.3V precision voltage reference, low-power (50uA quiescent). SOT-23-3 package.), R2 as a LM1117S-3.3, in the KiCad library "Regulator_Linear" (3.3V fixed-output LDO regulator, 800mA, SOT-223.). Do not substitute or invent a different part for any of them. Wire it up as follows: connect DRV5055's GND pin (pin 3) to R1's GND pin (pin 3) to R2's GND pin (pin 1); connect DRV5055's VCC pin (pin 1) to R1's IN pin (pin 1) to R2's VI pin (pin 3); connect DRV5055's OUT pin (pin 2) to R1's OUT pin (pin 2) to R2's VO pin (pin 2).
[SEQLEN] input_ids shape: torch.Size([1, 2139])
[SEQLEN] input_ids shape: torch.Size([1, 5134])
[SEQLEN] input_ids shape: torch.Size([1, 5134])
[SEQLEN] input_ids shape: torch.Size([1, 5134])
Azure CLI not found on path
[SEQLEN] input_ids shape: torch.Size([1, 5355])
[SEQLEN] input_ids shape: torch.Size([1, 5355])
[SEQLEN] input_ids shape: torch.Size([1, 5355])
Azure CLI not found on path
[SEQLEN] input_ids shape: torch.Size([1, 3553])
[SEQLEN] input_ids shape: torch.Size([1, 3553])
[SEQLEN] input_ids shape: torch.Size([1, 3553])
Azure CLI not found on path
[MEMCHECK] after run_raw_test (post symbol-selection generate() call): host_maxrss=8.77GB gpu_alloc=17.37GB gpu_reserved=32.16GB gpu_peak=29.44GB
[MEMCHECK] after switching back to flash_attention_2: host_maxrss=8.77GB gpu_alloc=17.37GB gpu_reserved=32.16GB gpu_peak=29.44GB
[MEMCHECK] after gc.collect + empty_cache: host_maxrss=8.77GB gpu_alloc=17.37GB gpu_reserved=18.94GB gpu_peak=29.44GB
[MEMCHECK] after PeftModel.from_pretrained: host_maxrss=8.77GB gpu_alloc=17.43GB gpu_reserved=18.98GB gpu_peak=29.44GB
[MEMCHECK] after merge_and_unload: host_maxrss=8.77GB gpu_alloc=17.37GB gpu_reserved=25.35GB gpu_peak=29.44GB
Model raw response: <|channel|>analysis<|message|>**High‑level goal**

The user wants a minimal schematic that measures a magnetic field with a DRV5055A2xDBZxQ1 Hall‑effect sensor.  
The sensor must be powered, bias‑tuned by the REF3033 voltage reference, and its output fed to an LM1117S‑3.3 regulator that will provide a clean 3.3 V rail for the rest of the board.  
Only the three parts from the specified libraries may be used, no substitutions are allowed.

**Key electrical relationships**

1. **DRV5055A2xDBZxQ1 pins (SOT‑23)**
   - Pin 1 : VCC  
   - Pin 2 : OUT (sense line, 2 mV/Gauss)  
   - Pin 3 : GND  

2. **REF3033 (SOT‑23‑3)**
   - Pin 1 : IN (bias‑tuning voltage)  
   - Pin 2 : OUT (reference output)  
   - Pin 3 : GND  

3. **LM1117S‑3.3 (SOT‑223)**
   - Pin 1 : GND  
   - Pin 3 : VI (input)  
   - Pin 2 : VO (output – 3.3 V)  

**Connectivity chain**

- DRV VCC → REF IN → LM VI  
- DRV OUT → REF OUT → LM VO  
- DRV GND → REF GND → LM GND  

Thus the sensor, reference and regulator are connected in a cascade that guarantees a clean 3.3 V rail and a properly biased sensor output.

---

### 1. Component placement strategy

We centre the schematic on the REF3033 (the “reference” point) because it sits in the middle of the data‑flow chain.  
All other symbols are offset from this centre:

| Symbol | Offset from centre (mm) | Reason |
|--------|------------------------|--------|
| REF3033 | (0, 0) | reference point |
| DRV5055A2xDBZxQ1 | (‑26, ‑2) | left of REF, slightly below to avoid overlap with pins |
| LM1117S‑3.3 | (+20, 0) | right of REF, same vertical level to keep wires short |
| Power symbols | placed a few mm away from the chain ends to give a tidy look |

The chosen offsets keep the bounding boxes separated, respect the A4 sheet limits, and make the wire paths mostly horizontal or vertical, which is easier to read.

**Rotation & mirroring**

- All symbols are rotated 0° (default orientation) because the pin layout of each device is already aligned with the schematic axes.  
- No mirroring is required; mirroring would only complicate the wire routing.

---

### 2. Label placement

For clarity we add three global labels that will be connected to the reference points:

| Label | Pin it attaches to | Position offset | Text orientation | Reason |
|-------|--------------------|-----------------|------------------|--------|
| DRV_VCC | DRV VCC pin | (‑5 mm, 0) | left | Shows the supply line coming from the regulator |
| DRV_OUT | DRV OUT pin | (+5 mm, 0) | right | Indicates the sensor output that feeds the regulator |
| REF_BIAS | REF IN pin | (‑5 mm, 0) | left | Indicates the bias line from the sensor to the reference |

The offsets keep the labels close to the pins without overlapping other components.

---

### 3. Wire connections – step‑by‑step

1. **DRV VCC → REF IN**  
   - Connect DRV pin 1 to REF pin 1.  
   - This supplies the bias voltage to the reference when the sensor is powered.

2. **DRV VCC → LM VI**  
   - Connect DRV pin 1 to LM pin 3.  
   - The regulator input receives the same VCC as the sensor.

3. **DRV OUT → REF OUT**  
   - Connect DRV pin 2 to REF pin 2.  
   - The sensor’s ratiometric output is fed to the reference’s output node.

4. **DRV OUT → LM VO**  
   - Connect REF pin 2 to LM pin 2.  
   - The regulator’s output is now the 3.3 V rail that powers the sensor and any other circuitry.

5. **DRV GND → REF GND → LM GND**  
   - DRV pin 3 to REF pin 3.  
   - REF pin 3 to LM pin 1.  
   - All three grounds are tied together to a common point, satisfying the required chain.

These connections satisfy the user’s explicit wire list and ensure a proper bias‑tuned, 3.3 V‑powered Hall‑effect sensor.

---

### 4. Function‑level mapping

| Function call | Purpose | Key arguments | Why they are chosen |
|---------------|---------|----------------|---------------------|
| `add_schematic_symbol()` | Places a component | `symbol_lib`, `symbol_name`, `pos_x`, `pos_y`, `reference`, `value`, `rotation`, `mirror` | `symbol_lib` and `symbol_name` come from the list of available parts; `pos_*` uses the offset scheme; `reference` is a unique identifier; `value` is the part number; `rotation=0` and `mirror=None` keep normal orientation. |
| `add_label()` | Adds a global label | `label_pos`, `label_text`, `label_ref`, `label_type`, `text_orient` | `label_pos` is derived from `get_pin_location()` plus the chosen offset; `label_type` is “input” because the labels represent supply or output lines; `text_orient` matches the label side relative to the pin. |
| `connect_pins()` | Creates a wire | `sym_a`, `pin_a`, `sym_b`, `pin_b` | `sym_a` and `sym_b` are the references of the two symbols or labels; `pin_*` are the pin names (e.g., “VCC”, “OUT”, “GND”). |
| `write_out_all_wires()` | Finalises the schematic | – | Flushes all the connections to the KiCad file. |

The pin names used are exactly those defined in the symbol libraries, ensuring no mismatch.

---

### 5. Why this layout is optimal

- **Readability**: Horizontal and vertical wires keep the netlist simple.  
- **Compactness**: All components fit comfortably in the centre of an A4 sheet.  
- **Scalability**: The reference point can be moved without breaking the wire net.  
- **Compliance**: All connections follow the user’s explicit list; no extra components or alternative parts are introduced.

This reasoning explains every design choice and guarantees that the generated Python script will produce a correct, clean KiCad schematic for the requested Hall‑effect sensor circuit.<|end|><|start|>assistant<|channel|>final<|message|># Auto-generated schematic symbols
import sys
import os

# Get project path and import kicad schematic interface
PROJECT_PATH = os.environ['PROJECT_PATH']
sys.path.append(PROJECT_PATH)
from modules.kicad_sch_interface import *

### Placing center symbol 1 : Sensor_Magnetic:DRV5055A2xDBZxQ1###

center_x_1, center_y_1 = 150.0, 110.0

add_schematic_symbol(symbol_lib="Sensor_Magnetic", symbol_name="DRV5055A2xDBZxQ1", pos_x=center_x_1, pos_y=center_y_1, reference="Q1", value="DRV5055A2xDBZxQ1", rotation=0, mirror="None")

### Placing other symbols in the Schematic with respect to the center symbol 1###

add_schematic_symbol(symbol_lib="Regulator_Linear", symbol_name="LM1117S-3.3", pos_x=center_x_1 + (-35), pos_y=center_y_1 + (22), reference="U1", value="LM1117S-3.3", rotation=0, mirror="None")
add_schematic_symbol(symbol_lib="power", symbol_name="+1V8", pos_x=center_x_1 + (-29), pos_y=center_y_1 + (30), reference="#PWR1", value="+1V8", rotation=0, mirror="None")
add_schematic_symbol(symbol_lib="power", symbol_name="GND", pos_x=center_x_1 + (-31), pos_y=center_y_1 + (-2), reference="#PWR2", value="GND", rotation=0, mirror="None")
add_schematic_symbol(symbol_lib="Regulator_Linear", symbol_name="STM32MP1R_DCDC", pos_x=center_x_1 + (-20), pos_y=center_y_1 + (11), reference="U2", value="STM32MP1R_DCDC", rotation=0, mirror="None")
add_schematic_symbol(symbol_lib="Regulator_Linear", symbol_name="REG3033WU", pos_x=center_x_1 + (-5), pos_y=center_y_1 + (3), reference="R1", value="REF3033", rotation=0, mirror="None")
add_schematic_symbol(symbol_lib="power", symbol_name="GND", pos_x=center_x_1 + (0), pos_y=center_y_1 + (-10), reference="#PWR3", value="GND", rotation=0, mirror="None")

### Placing all global labels in the Schematic and connect them to the neighbor pin ###


### Connecting all wires in the Schematic ###


# Connecting Q1 pin 2 (Pin ID 2 -- Name None) to #PWR3 pin 1 (Pin ID 1 -- Name None)
connect_pins("Q1", "2", "#PWR3", "1")

# Connecting R1 pin REF (Pin ID 2 -- Name REF) to Q1 pin 4 (Pin ID 4 -- Name None)
connect_pins("R1", "REF", "Q1", "4")

# Connecting U2 pin VIN (Pin ID 1 -- Name VIN) to U1 pin VIN (Pin ID 1 -- Name VIN)
connect_pins("U2", "VIN", "U1", "VIN")

# Connecting R1 pin VBIAS (Pin ID 2 -- Name VBIAS) to Q1 pin VBIAS (Pin ID 1 -- Name VBIAS)
connect_pins("R1", "VBIAS", "Q1", "VBIAS")

# Connecting #PWR1 pin +1V8 (Pin ID 1 -- Name +1V8) to U1 pin VOUT (Pin ID 5 -- Name VOUT)
connect_pins("#PWR1", "+1V8", "U1", "VOUT")

# Connecting U1 pin VT (Pin ID 2 -- Name VT) to U2 pin VOUT (Pin ID 3 -- Name VOUT)
connect_pins("U1", "VT", "U2", "VOUT")

# Connecting Q1 pin TI (Pin ID 3 -- Name TI) to R1 pin VT (Pin ID 2 -- Name VT)
connect_pins("Q1", "TI", "R1", "VT")

# Connecting U2 pin VOUT (Pin ID 3 -- Name VOUT) to R1 pin VO (Pin ID 2 -- Name VO)
connect_pins("U2", "VOUT", "R1", "VO")

write_out_all_wires()
<|return|>
Saved generated code to /scratch/k2983/root-project/pcb-schematic-gen/SchGen/schematic_generation/t013_drv5055a2xdbzxq1_generated.py
Saved raw response to /scratch/k2983/root-project/pcb-schematic-gen/SchGen/schematic_generation/t013_drv5055a2xdbzxq1_generated.response.txt
