[MEMCHECK] after base_model load + per-expert MXFP4 dequant: host_maxrss=7.88GB gpu_alloc=17.36GB gpu_reserved=24.61GB gpu_peak=22.34GB
[FEEDBACK CHECK] feedback provided: True (len=2084)
[MEMCHECK] before symbol_selector_llm creation: host_maxrss=7.88GB gpu_alloc=17.36GB gpu_reserved=24.61GB gpu_peak=22.34GB
[MEMCHECK] after symbol_selector_llm creation (post eager switch): host_maxrss=7.88GB gpu_alloc=17.36GB gpu_reserved=24.61GB gpu_peak=22.34GB
[RAW] prompt=Design a schematic for A simple circuit using the DRV5055A2xDBZxQ1 Hall-effect sensor to measure magnetic fields. Use exactly these real components: DRV5055 as a DRV5055A2xDBZxQ1, in the KiCad library "Sensor_Magnetic" (Analog-output Hall-effect sensor, automotive grade, SOT-23. Ratiometric output proportional to magnetic field. 2mV/Gs sensitivity (A2 variant).), R1 as a REF3033, in the KiCad library "Reference_Voltage" (3.3V precision voltage reference, low-power (50uA quiescent). SOT-23-3 package.), R2 as a LM1117S-3.3, in the KiCad library "Regulator_Linear" (3.3V fixed-output LDO regulator, 800mA, SOT-223.). Do not substitute or invent a different part for any of them. Wire it up as follows: connect DRV5055's GND pin (pin 3) to R1's GND pin (pin 3) to R2's GND pin (pin 1); connect DRV5055's VCC pin (pin 1) to R1's IN pin (pin 1) to R2's VI pin (pin 3); connect DRV5055's OUT pin (pin 2) to R1's OUT pin (pin 2) to R2's VO pin (pin 2).
[SEQLEN] input_ids shape: torch.Size([1, 2139])
[SEQLEN] input_ids shape: torch.Size([1, 5134])
[SEQLEN] input_ids shape: torch.Size([1, 5134])
[SEQLEN] input_ids shape: torch.Size([1, 5134])
Azure CLI not found on path
[SEQLEN] input_ids shape: torch.Size([1, 5355])
[SEQLEN] input_ids shape: torch.Size([1, 5355])
[SEQLEN] input_ids shape: torch.Size([1, 5355])
Azure CLI not found on path
[SEQLEN] input_ids shape: torch.Size([1, 3553])
[SEQLEN] input_ids shape: torch.Size([1, 3553])
[SEQLEN] input_ids shape: torch.Size([1, 3553])
Azure CLI not found on path
[MEMCHECK] after run_raw_test (post symbol-selection generate() call): host_maxrss=8.77GB gpu_alloc=17.37GB gpu_reserved=32.16GB gpu_peak=29.44GB
[MEMCHECK] after switching back to flash_attention_2: host_maxrss=8.77GB gpu_alloc=17.37GB gpu_reserved=32.16GB gpu_peak=29.44GB
[MEMCHECK] after gc.collect + empty_cache: host_maxrss=8.77GB gpu_alloc=17.37GB gpu_reserved=18.94GB gpu_peak=29.44GB
[MEMCHECK] after PeftModel.from_pretrained: host_maxrss=8.77GB gpu_alloc=17.43GB gpu_reserved=18.98GB gpu_peak=29.44GB
[MEMCHECK] after merge_and_unload: host_maxrss=8.77GB gpu_alloc=17.37GB gpu_reserved=25.35GB gpu_peak=29.44GB
Model raw response: <|channel|>final<|message|># Auto-generated schematic symbols
import sys
import os

# Get project path and import kicad schematic interface
PROJECT_PATH = os.environ['PROJECT_PATH']
sys.path.append(PROJECT_PATH)
from modules.kicad_sch_interface import *

### Placing center symbol 1 : Sensor_Magnetic:DRV5055A2xDBZxQ1###

center_x_1, center_y_1 = 150.0, 110.0

add_schematic_symbol(symbol_lib="Sensor_Magnetic", symbol_name="DRV5055A2xDBZxQ1", pos_x=center_x_1, pos_y=center_y_1, reference="Q1", value="DRV5055A2xDBZxQ1", rotation=180, mirror="None")

### Placing other symbols in the Schematic with respect to the center symbol 1###

# Power symbol +1V8 for the regulator input
add_schematic_symbol(symbol_lib="power", symbol_name="+1V8", pos_x=center_x_1 + (-72), pos_y=center_y_1 + (22), reference="#PWR1", value="+1V8", rotation=0, mirror="None")

# Linear regulator LM1117S-3.3 (U1)
add_schematic_symbol(symbol_lib="Regulator_Linear", symbol_name="LM1117S-3.3", pos_x=center_x_1 + (-50), pos_y=center_y_1 + (19), reference="U1", value="LM1117S-3.3", rotation=0, mirror="None")

# Linear regulator STM32MP1R_DCDC (U2)
add_schematic_symbol(symbol_lib="Regulator_Linear", symbol_name="STM32MP1R_DCDC", pos_x=center_x_1 + (-25), pos_y=center_y_1 + (19), reference="U2", value="STM32MP1R_DCDC", rotation=0, mirror="None")

# 3.3V precision reference REF3033 (R1)
add_schematic_symbol(symbol_lib="Reference_Voltage", symbol_name="REF3033WU", pos_x=center_x_1 + (-29), pos_y=center_y_1 + (3), reference="R1", value="REF3033", rotation=0, mirror="None")

# Ground symbol for the sensor
add_schematic_symbol(symbol_lib="power", symbol_name="GND", pos_x=center_x_1 + (2), pos_y=center_y_1 + (-11), reference="#PWR2", value="GND", rotation=0, mirror="None")

### Placing all global labels in the Schematic and connect them to the neighbor pin ###


### Connecting all wires in the Schematic ###


# Connecting Q1 pin 2 (Pin ID 2 -- Name None) to #PWR2 pin 1 (Pin ID 1 -- Name None)
connect_pins("Q1", "2", "#PWR2", "1")

# Connecting R1 pin REF (Pin ID 2 -- Name REF) to Q1 pin 4 (Pin ID 4 -- Name None)
connect_pins("R1", "REF", "Q1", "4")

# Connecting U1 pin VIN (Pin ID 1 -- Name VIN) to R1 pin VT (Pin ID 2 -- Name VT)
connect_pins("U1", "VIN", "R1", "VT")

# Connecting R1 pin VT (Pin ID 2 -- Name VT) to U2 pin VO (Pin ID 3 -- Name VO)
connect_pins("R1", "VT", "U2", "VO")

# Connecting #PWR1 pin +1V8 (Pin ID 1 -- Name +1V8) to U1 pin VOUT (Pin ID 5 -- Name VOUT)
connect_pins("#PWR1", "+1V8", "U1", "VOUT")

# Connecting U1 pin VT (Pin ID 2 -- Name VT) to U2 pin VT (Pin ID 2 -- Name VT)
connect_pins("U1", "VT", "U2", "VT")

# Connecting U2 pin VIN (Pin ID 1 -- Name VIN) to U1 pin VIN (Pin ID 1 -- Name VIN)
connect_pins("U2", "VIN", "U1", "VIN")

# Connecting U2 pin VOUT (Pin ID 3 -- Name VOUT) to R1 pin VO (Pin ID 2 -- Name VO)
connect_pins("U2", "VOUT", "R1", "VO")

# Connecting Q1 pin TI (Pin ID 3 -- Name TI) to R1 pin VBIAS (Pin ID 2 -- Name VBIAS)
connect_pins("Q1", "TI", "R1", "VBIAS")

write_out_all_wires()
<|return|>
Saved generated code to /scratch/k2983/root-project/pcb-schematic-gen/SchGen/schematic_generation/t013_drv5055a2xdbzxq1_generated.py
Saved raw response to /scratch/k2983/root-project/pcb-schematic-gen/SchGen/schematic_generation/t013_drv5055a2xdbzxq1_generated.response.txt
