[MEMCHECK] after base_model load + per-expert MXFP4 dequant: host_maxrss=7.88GB gpu_alloc=17.36GB gpu_reserved=24.61GB gpu_peak=22.34GB
[FEEDBACK CHECK] feedback provided: False (len=0)
[MEMCHECK] before symbol_selector_llm creation: host_maxrss=7.88GB gpu_alloc=17.36GB gpu_reserved=24.61GB gpu_peak=22.34GB
[MEMCHECK] after symbol_selector_llm creation (post eager switch): host_maxrss=7.88GB gpu_alloc=17.36GB gpu_reserved=24.61GB gpu_peak=22.34GB
[RAW] prompt=Design a schematic for A simple circuit using a Generic SMD inductor. Use exactly these real components: L1 as a L, in the KiCad library "Sensor_Temperature" (Generic SMD inductor). Do not substitute or invent a different part for any of them. Wire it up as follows: connect L1's 1 pin (pin 1) to L1's 2 pin (pin 2).
[SEQLEN] input_ids shape: torch.Size([1, 1907])
[SEQLEN] input_ids shape: torch.Size([1, 4902])
[SEQLEN] input_ids shape: torch.Size([1, 5123])
[SEQLEN] input_ids shape: torch.Size([1, 3321])
[MEMCHECK] after run_raw_test (post symbol-selection generate() call): host_maxrss=8.77GB gpu_alloc=17.37GB gpu_reserved=31.13GB gpu_peak=28.76GB
[MEMCHECK] after switching back to flash_attention_2: host_maxrss=8.77GB gpu_alloc=17.37GB gpu_reserved=31.13GB gpu_peak=28.76GB
[MEMCHECK] after gc.collect + empty_cache: host_maxrss=8.77GB gpu_alloc=17.37GB gpu_reserved=18.94GB gpu_peak=28.76GB
[MEMCHECK] after PeftModel.from_pretrained: host_maxrss=8.77GB gpu_alloc=17.43GB gpu_reserved=18.98GB gpu_peak=28.76GB
[MEMCHECK] after merge_and_unload: host_maxrss=8.77GB gpu_alloc=17.37GB gpu_reserved=25.35GB gpu_peak=28.76GB
Model raw response: <|channel|>analysis<|message|>**High‑level goal**

The user wants a schematic that contains only one real component – a generic SMD inductor – and the two ends of that inductor must be connected together.  
The component must be the exact symbol from the KiCad library *Sensor_Temperature* named *L* and it must be referenced as **L1**.  
Because the request contains no other components, the schematic will be minimal: one symbol and a wire that joins its two pins.  

**Choosing the symbol**

- `symbol_lib="Sensor_Temp​erature"` – the library that holds the generic SMD inductor.  
- `symbol_name="L"` – the symbol name that represents the inductor.  
- `reference="L1"` – the unique reference that the user asked for.  
- `value=""` – the generic inductor has no value to display, so we leave the value field empty.  
- `rotation=0` – the default orientation of the symbol is suitable; no rotation is required.  
- `mirror="None"` – the symbol is symmetrical in the horizontal axis, so mirroring is unnecessary.  

**Placement**

The schematic sheet is 210 mm × 297 mm (A4). To keep the drawing centered and to avoid overlap with any other symbols, we place the inductor near the centre of the sheet:  
`pos_x = 105.0 mm` (half of 210 mm) and `pos_y = 148.5 mm` (half of 297 mm).  
These coordinates place the symbol well away from the page edges and provide ample space for any future additions.  

**Pin locations**

The inductor symbol has two pins, conventionally numbered `1` and `2`.  
Because we are wiring the two pins together, we do not need to query their absolute coordinates; the `connect_pins` function will resolve the positions internally.  
If we did need the coordinates (for labeling, for example), we would call:

```python
x_L1_1, y_L1_1 = get_pin_location(symbol_ref="L1", pin_name="1")
x_L1_2, y_L1_2 = get_pin_location(symbol_ref="L1", pin_name="2")
```

but this is unnecessary for the present task.

**Connecting the pins**

`connect_pins("L1", "1", "L1", "2")` creates a wire that starts at pin 1 of L1 and ends at pin 2 of the same symbol.  
Because the wires are drawn automatically by the KiCad API, no extra routing is required.  
If we wanted to be explicit about the wire’s path (e.g., to force a horizontal or vertical segment), we could add intermediate dummy nodes or use `text_orient` in a label, but the simple direct connection is sufficient and keeps the schematic clean.

**Final step – writing the wires**

After all connections are defined, `write_out_all_wires()` tells the KiCad interface to render the wire network onto the schematic file.  
Since there is only one wire, this call will produce a single line that joins the two pins of the inductor.

**Summary of the code structure**

1. **Import the KiCad interface** – standard boilerplate to access the API.  
2. **Place the inductor** – `add_schematic_symbol` with the exact library, name, reference, and position.  
3. **Connect the two pins** – one `connect_pins` call that ties pin 1 to pin 2.  
4. **Render the wire** – `write_out_all_wires()` to finalize the schematic.  

All other functions (labels, additional symbols, mirroring) are omitted because the user’s specification calls for a single, self‑connected component only. This keeps the schematic minimal and satisfies the requirement precisely.<|end|><|start|>assistant<|channel|>final<|message|># Auto-generated schematic symbols
import sys
import os

# Get project path and import kicad schematic interface
PROJECT_PATH = os.environ['PROJECT_PATH']
sys.path.append(PROJECT_PATH)
from modules.kicad_sch_interface import *

### Placing center symbol 1 : Sensor_Temperature:L###

add_schematic_symbol(symbol_lib="Sensor_Temperature", symbol_name="L", pos_x=105.0, pos_y=148.5, reference="L1", value="", rotation=0, mirror="None")

### Placing other symbols in the Schematic with respect to the center symbol 1###


### Placing all global labels in the Schematic and connect them to the neighbor pin ###


### Connecting all wires in the Schematic ###


write_out_all_wires()
<|return|>
Saved generated code to /scratch/k2983/root-project/pcb-schematic-gen/SchGen/schematic_generation/t013_l_generated.py
Saved raw response to /scratch/k2983/root-project/pcb-schematic-gen/SchGen/schematic_generation/t013_l_generated.response.txt
