[MEMCHECK] after base_model load + per-expert MXFP4 dequant: host_maxrss=7.88GB gpu_alloc=17.36GB gpu_reserved=24.61GB gpu_peak=22.34GB
[FEEDBACK CHECK] feedback provided: False (len=0)
[MEMCHECK] before symbol_selector_llm creation: host_maxrss=7.88GB gpu_alloc=17.36GB gpu_reserved=24.61GB gpu_peak=22.34GB
[MEMCHECK] after symbol_selector_llm creation (post eager switch): host_maxrss=7.88GB gpu_alloc=17.36GB gpu_reserved=24.61GB gpu_peak=22.34GB
[RAW] prompt=Design a schematic for A simple circuit using a Generic Schottky diode for rectification. Use exactly these real components: D1 as a D_Schottky, in the KiCad library "Device" (Generic Schottky diode, low forward voltage drop). Do not substitute or invent a different part for any of them.
[SEQLEN] input_ids shape: torch.Size([1, 1886])
[SEQLEN] input_ids shape: torch.Size([1, 4881])
[SEQLEN] input_ids shape: torch.Size([1, 4881])
[SEQLEN] input_ids shape: torch.Size([1, 4881])
Azure CLI not found on path
[SEQLEN] input_ids shape: torch.Size([1, 5102])
[SEQLEN] input_ids shape: torch.Size([1, 3300])
[MEMCHECK] after run_raw_test (post symbol-selection generate() call): host_maxrss=8.77GB gpu_alloc=17.37GB gpu_reserved=32.48GB gpu_peak=28.70GB
[MEMCHECK] after switching back to flash_attention_2: host_maxrss=8.77GB gpu_alloc=17.37GB gpu_reserved=32.48GB gpu_peak=28.70GB
[MEMCHECK] after gc.collect + empty_cache: host_maxrss=8.77GB gpu_alloc=17.37GB gpu_reserved=18.94GB gpu_peak=28.70GB
[MEMCHECK] after PeftModel.from_pretrained: host_maxrss=8.77GB gpu_alloc=17.43GB gpu_reserved=18.98GB gpu_peak=28.70GB
[MEMCHECK] after merge_and_unload: host_maxrss=8.77GB gpu_alloc=17.37GB gpu_reserved=25.35GB gpu_peak=28.70GB
Model raw response: <|channel|>analysis<|message|>**High‑level goal**

The user wants a minimal schematic that uses only a single generic Schottky diode (symbol **D_Schottky** from the “Device” library) for rectification.  
The schematic must contain the diode, an AC source, a ground reference, and a small resistor to bias the diode (optional but typical).  
No other parts may be substituted.

**Understanding the symbol library**

| Symbol | Library | Pin layout | Orientation | Mirror |
|--------|---------|------------|-------------|--------|
| D_Schottky | Device | 1 = anode (A), 2 = cathode (K) | Default arrow points from anode to cathode (down) | None |
| AC | power | single pin “AC” | Up | None |
| GND | power | single pin “GND” | Down | None |
| R | Device | 1 = left, 2 = right | 0° | None |

The resistor is used to set a reference voltage for the diode’s cathode when the AC source is on.

**Placement strategy**

The schematic sheet is 210 × 297 mm (A4).  
We centre everything near the middle of the sheet, roughly at (150 mm, 150 mm).  
All components are spaced at least 10 mm apart to avoid overlapping bounding boxes.

| Symbol | Reference | Position (x, y) | Rotation | Mirror | Reason |
|--------|-----------|----------------|----------|--------|--------|
| AC | #PWR_AC | (150, 160) | 0° | None | Above the diode so the AC pin points downwards |
| Diode | D1 | (150, 150) | 0° | None | Center of the layout, anode pointing down |
| Resistor R1 | R1 | (150, 140) | 0° | None | Below the diode, left to right |
| GND | #PWR_GND | (150, 130) | 0° | None | Bottom of the circuit, pin pointing up |

The AC source pin “AC” is at the top of its symbol; connecting it to the diode’s anode (pin 1) will feed the AC voltage directly into the diode.  
The diode’s cathode (pin 2) is connected to the resistor’s left side (pin 1) so the resistor limits current and provides a reference voltage.  
The resistor’s right side (pin 2) is tied to ground.

**Label placement**

Since the user requested only the diode, we keep the schematic minimal and do not add extra labels.  
If a label were required, it would be placed adjacent to the pin it references, e.g., a label “VIN” next to the AC pin.

**Connection plan**

1. **AC → D1 Anode**  
   `connect_pins("#PWR_AC", "AC", "D1", "A")`  
   This feeds the AC voltage into the diode.

2. **D1 Cathode → R1 Pin 1**  
   `connect_pins("D1", "K", "R1", "1")`  
   The resistor limits current and sets a reference voltage on the diode cathode.

3. **R1 Pin 2 → GND**  
   `connect_pins("R1", "2", "#PWR_GND", "1")`  
   Completes the return path so the AC current can flow.

**Why this makes sense**

- The diode’s anode receives the AC voltage directly, so during the positive half‑cycle it conducts and rectifies the voltage.
- The cathode is held near ground through the resistor, creating a low‑voltage drop across the diode (forward drop ≈ 0.3 V).  
- The resistor also protects the diode from over‑current by limiting the current to a safe value (determined by the resistor value, e.g., 1 kΩ with a 5 V AC supply limits current to 5 mA).

**Wire output**

After all `connect_pins` calls, `write_out_all_wires()` writes the netlist.  
No additional wires are needed because all connections are explicitly defined.

**Summary of the code logic**

- Import the KiCad schematic interface.
- Define the central reference point (150 mm, 150 mm).
- Place the AC source, diode, resistor, and ground symbol at calculated offsets relative to the center.
- Connect the pins according to the rectification path described above.
- Write out the wires to finalize the schematic.

The resulting schematic is compact, clear, and uses exactly the specified real component (D_Schottky) with no substitutions.<|end|><|start|>assistant<|channel|>final<|message|># Auto-generated schematic symbols
import sys
import os

# Get project path and import kicad schematic interface
PROJECT_PATH = os.environ['PROJECT_PATH']
sys.path.append(PROJECT_PATH)
from modules.kicad_sch_interface import *

### Placing center symbol 1 : Device:D_Schottky###

center_x_1, center_y_1 = 150.0, 110.0

add_schematic_symbol(symbol_lib="Device", symbol_name="D_Schottky", pos_x=center_x_1, pos_y=center_y_1, reference="D1", value="D_Schottky", rotation=0, mirror="None")

### Placing other symbols in the Schematic with respect to the center symbol 1###

add_schematic_symbol(symbol_lib="power", symbol_name="AC", pos_x=center_x_1 + (0), pos_y=center_y_1 + (10), reference="#PWR1", value="AC", rotation=0, mirror="None")
add_schematic_symbol(symbol_lib="Device", symbol_name="R", pos_x=center_x_1 + (0), pos_y=center_y_1 + (-10), reference="R1", value="1k", rotation=0, mirror="None")
add_schematic_symbol(symbol_lib="power", symbol_name="GND", pos_x=center_x_1 + (0), pos_y=center_y_1 + (-19), reference="#PWR2", value="GND", rotation=0, mirror="None")

### Placing all global labels in the Schematic and connect them to the neighbor pin ###


### Connecting all wires in the Schematic ###


# Connecting D1 pin K (Pin ID 1 -- Name K) to R1 pin 1 (Pin ID 1 -- Name None)
connect_pins("D1", "K", "R1", "1")

# Connecting R1 pin 2 (Pin ID 2 -- Name None) to #PWR2 pin 1 (Pin ID 1 -- Name None)
connect_pins("R1", "2", "#PWR2", "1")

# Connecting #PWR1 pin AC (Pin ID 1 -- Name AC) to D1 pin A (Pin ID 2 -- Name A)
connect_pins("#PWR1", "AC", "D1", "A")

write_out_all_wires()
<|return|>
Saved generated code to /scratch/k2983/root-project/pcb-schematic-gen/SchGen/schematic_generation/t013_d_schottky_generated.py
Saved raw response to /scratch/k2983/root-project/pcb-schematic-gen/SchGen/schematic_generation/t013_d_schottky_generated.response.txt
