[MEMCHECK] after base_model load + per-expert MXFP4 dequant: host_maxrss=7.88GB gpu_alloc=17.36GB gpu_reserved=24.61GB gpu_peak=22.34GB
[FEEDBACK CHECK] feedback provided: False (len=0)
[MEMCHECK] before symbol_selector_llm creation: host_maxrss=7.88GB gpu_alloc=17.36GB gpu_reserved=24.61GB gpu_peak=22.34GB
[MEMCHECK] after symbol_selector_llm creation (post eager switch): host_maxrss=7.88GB gpu_alloc=17.36GB gpu_reserved=24.61GB gpu_peak=22.34GB
[RAW] prompt=Design a schematic for A simple circuit using a generic NPN bipolar transistor. Use exactly these real components: Q1 as a Q_NPN_CBE, in the KiCad library "Device" (Generic NPN bipolar transistor, CBE pinout. Use value field to set part number.). Do not substitute or invent a different part for any of them.
[SEQLEN] input_ids shape: torch.Size([1, 1891])
[SEQLEN] input_ids shape: torch.Size([1, 4886])
[SEQLEN] input_ids shape: torch.Size([1, 4886])
[SEQLEN] input_ids shape: torch.Size([1, 4886])
Azure CLI not found on path
[SEQLEN] input_ids shape: torch.Size([1, 5107])
[SEQLEN] input_ids shape: torch.Size([1, 3305])
[SEQLEN] input_ids shape: torch.Size([1, 3305])
[SEQLEN] input_ids shape: torch.Size([1, 3305])
Azure CLI not found on path
[MEMCHECK] after run_raw_test (post symbol-selection generate() call): host_maxrss=8.77GB gpu_alloc=17.37GB gpu_reserved=32.51GB gpu_peak=28.71GB
[MEMCHECK] after switching back to flash_attention_2: host_maxrss=8.77GB gpu_alloc=17.37GB gpu_reserved=32.51GB gpu_peak=28.71GB
[MEMCHECK] after gc.collect + empty_cache: host_maxrss=8.77GB gpu_alloc=17.37GB gpu_reserved=18.94GB gpu_peak=28.71GB
[MEMCHECK] after PeftModel.from_pretrained: host_maxrss=8.77GB gpu_alloc=17.43GB gpu_reserved=18.98GB gpu_peak=28.71GB
[MEMCHECK] after merge_and_unload: host_maxrss=8.77GB gpu_alloc=17.37GB gpu_reserved=25.35GB gpu_peak=28.71GB
Model raw response: <|channel|>analysis<|message|>**High‑level goal**

The user wants a schematic that contains only one device: a generic NPN transistor (CBE pinout) named *Q1* from the *Device* library.  
No other components, no labels, no power symbols – just the single transistor.  
Because the request is minimal, the schematic will be a 0‑offset drawing with a single symbol placed in the centre of the page.  The page is 210 mm × 297 mm, so a centre at (105 mm, 148.5 mm) keeps the symbol comfortably within the printable area and leaves plenty of margin for future additions.

**Choosing the symbol**

* **Library / symbol name** – `symbol_lib="Device"`, `symbol_name="Q_NPN_CBE"`.  
* **Reference** – “Q1” (the unique identifier the user asked for).  
* **Value** – the part number (the value field is the part number).  
* **Rotation** – 0° keeps the CBE pins in their default orientation (collector on the left, base in the centre, emitter on the right).  
* **Mirror** – no mirroring is required; the default orientation is already correct.

**Determining placement**

The `add_schematic_symbol()` function takes the centre coordinates.  
We use the page centre: `pos_x = 105.0`, `pos_y = 148.5`.  
No offset is needed because we only have a single symbol.  
The bounding box of the symbol is 2 mm × 5.8 mm, so it will not touch the page edges.

**Pin layout of the chosen symbol**

From the symbol description we know:
```
Pin 1 (C) – Collector – pin name “C” – orientation “Down” (points downwards)
Pin 2 (B) – Base    – pin name “B” – orientation “Up”    (points upwards)
Pin 3 (E) – Emitter – pin name “E” – orientation (not specified, but typically “Up” or “None”)
```
Because we are not connecting these pins to anything else, we do not need to query their locations or create labels.

**No connections or labels**

The request contains only *Q1*; therefore:
* `connect_pins()` is never called – there are no other symbols to connect to.  
* `add_label()` is not used – no external net names are required.  

**Final step – writing the schematic**

Even though there are no wires, the KiCad interface expects a call to `write_out_all_wires()` to finalize the file.  
This call simply tells the interface that all symbol additions and connection commands are finished.

**Why the chosen parameters make the schematic clear**

* **Zero rotation** – keeps the transistor in its natural C‑B‑E orientation, which is the most common way to read a transistor schematic.  
* **No mirroring** – avoids a left‑right swap that would make the collector appear on the right side and confuse the reader.  
* **Central placement** – leaves ample white space on all sides, making the symbol easy to see and future expansions straightforward.  
* **No extraneous objects** – keeps the schematic minimal, exactly as requested.  

By following these decisions, the resulting Python script will produce a clean, single‑symbol KiCad schematic that satisfies the user’s specifications.<|end|><|start|>assistant<|channel|>final<|message|># Auto-generated schematic symbols
import sys
import os

# Get project path and import kicad schematic interface
PROJECT_PATH = os.environ['PROJECT_PATH']
sys.path.append(PROJECT_PATH)
from modules.kicad_sch_interface import *

### Placing center symbol 1 : Device:Q_NPN_CBE###

center_x_1, center_y_1 = 150.0, 110.0

add_schematic_symbol(symbol_lib="Device", symbol_name="Q_NPN_CBE", pos_x=center_x_1, pos_y=center_y_1, reference="Q1", value="Q_NPN_CBE", rotation=0, mirror="None")

### Placing other symbols in the Schematic with respect to the center symbol 1###


### Placing all global labels in the Schematic and connect them to the neighbor pin ###


### Connecting all wires in the Schematic ###


write_out_all_wires()
<|return|>
Saved generated code to /scratch/k2983/root-project/pcb-schematic-gen/SchGen/schematic_generation/t013_q_npn_cbe_generated.py
Saved raw response to /scratch/k2983/root-project/pcb-schematic-gen/SchGen/schematic_generation/t013_q_npn_cbe_generated.response.txt
