[MEMCHECK] after base_model load + per-expert MXFP4 dequant: host_maxrss=7.88GB gpu_alloc=17.36GB gpu_reserved=24.61GB gpu_peak=22.34GB
[FEEDBACK CHECK] feedback provided: True (len=1654)
[MEMCHECK] before symbol_selector_llm creation: host_maxrss=7.88GB gpu_alloc=17.36GB gpu_reserved=24.61GB gpu_peak=22.34GB
[MEMCHECK] after symbol_selector_llm creation (post eager switch): host_maxrss=7.88GB gpu_alloc=17.36GB gpu_reserved=24.61GB gpu_peak=22.34GB
[RAW] prompt=Design a schematic for A simple circuit using a single-pole double-throw switch to connect two different signals to a common point. Use exactly these real components: SW1 as a SW_SPDT, in the KiCad library "Switch" (Single-pole double-throw switch. Pin A is the common, B and C are the two throws.). Do not substitute or invent a different part for any of them.
[SEQLEN] input_ids shape: torch.Size([1, 1903])
[SEQLEN] input_ids shape: torch.Size([1, 4898])
[SEQLEN] input_ids shape: torch.Size([1, 4898])
[SEQLEN] input_ids shape: torch.Size([1, 4898])
Azure CLI not found on path
[SEQLEN] input_ids shape: torch.Size([1, 5119])
[SEQLEN] input_ids shape: torch.Size([1, 3317])
[MEMCHECK] after run_raw_test (post symbol-selection generate() call): host_maxrss=8.77GB gpu_alloc=17.37GB gpu_reserved=31.10GB gpu_peak=28.75GB
[MEMCHECK] after switching back to flash_attention_2: host_maxrss=8.77GB gpu_alloc=17.37GB gpu_reserved=31.10GB gpu_peak=28.75GB
[MEMCHECK] after gc.collect + empty_cache: host_maxrss=8.77GB gpu_alloc=17.37GB gpu_reserved=18.94GB gpu_peak=28.75GB
[MEMCHECK] after PeftModel.from_pretrained: host_maxrss=8.77GB gpu_alloc=17.43GB gpu_reserved=18.98GB gpu_peak=28.75GB
[MEMCHECK] after merge_and_unload: host_maxrss=8.77GB gpu_alloc=17.37GB gpu_reserved=25.35GB gpu_peak=28.75GB
Model raw response: <|channel|>final<|message|># Auto-generated schematic symbols
import sys
import os

# Get project path and import kicad schematic interface
PROJECT_PATH = os.environ['PROJECT_PATH']
sys.path.append(PROJECT_PATH)
from modules.kicad_sch_interface import *

### Placing center symbol 1 : Switch:SW_SPDT###

center_x_1, center_y_1 = 150.0, 110.0

add_schematic_symbol(symbol_lib="Switch", symbol_name="SW_SPDT", pos_x=center_x_1, pos_y=center_y_1, reference="SW1", value="SW_SPDT", rotation=90, mirror="None")

### Placing other symbols in the Schematic with respect to the center symbol 1###

add_schematic_symbol(symbol_lib="power", symbol_name="GND", pos_x=center_x_1 + (0), pos_y=center_y_1 + (-7), reference="#PWR1", value="GND", rotation=0, mirror="None")

### Placing all global labels in the Schematic and connect them to the neighbor pin ###


### Connecting all wires in the Schematic ###


# Connecting SW1 pin A (Pin ID 2 -- Name A) to #PWR1 pin 1 (Pin ID 1 -- Name None)
connect_pins("SW1", "A", "#PWR1", "1")

write_out_all_wires()
<|return|>
Saved generated code to /scratch/k2983/root-project/pcb-schematic-gen/SchGen/schematic_generation/t013_sw_spdt_generated.py
Saved raw response to /scratch/k2983/root-project/pcb-schematic-gen/SchGen/schematic_generation/t013_sw_spdt_generated.response.txt
