[MEMCHECK] after base_model load + per-expert MXFP4 dequant: host_maxrss=7.88GB gpu_alloc=17.36GB gpu_reserved=24.61GB gpu_peak=22.34GB
[FEEDBACK CHECK] feedback provided: False (len=0)
[MEMCHECK] before symbol_selector_llm creation: host_maxrss=7.88GB gpu_alloc=17.36GB gpu_reserved=24.61GB gpu_peak=22.34GB
[MEMCHECK] after symbol_selector_llm creation (post eager switch): host_maxrss=7.88GB gpu_alloc=17.36GB gpu_reserved=24.61GB gpu_peak=22.34GB
[RAW] prompt=Design a schematic for A simple circuit using a Schottky barrier rectifier to rectify AC voltage. Use exactly these real components: D1 as a 1N5819WS, in the KiCad library "Diode" (Schottky barrier rectifier, 40 V 1 A, SOD-323 SMD). Do not substitute or invent a different part for any of them.
[SEQLEN] input_ids shape: torch.Size([1, 1900])
[SEQLEN] input_ids shape: torch.Size([1, 1900])
[SEQLEN] input_ids shape: torch.Size([1, 1900])
Azure CLI not found on path
[SEQLEN] input_ids shape: torch.Size([1, 4895])
[SEQLEN] input_ids shape: torch.Size([1, 4895])
[SEQLEN] input_ids shape: torch.Size([1, 4895])
Azure CLI not found on path
[SEQLEN] input_ids shape: torch.Size([1, 5116])
[SEQLEN] input_ids shape: torch.Size([1, 3314])
[MEMCHECK] after run_raw_test (post symbol-selection generate() call): host_maxrss=8.77GB gpu_alloc=17.37GB gpu_reserved=31.09GB gpu_peak=28.74GB
[MEMCHECK] after switching back to flash_attention_2: host_maxrss=8.77GB gpu_alloc=17.37GB gpu_reserved=31.09GB gpu_peak=28.74GB
[MEMCHECK] after gc.collect + empty_cache: host_maxrss=8.77GB gpu_alloc=17.37GB gpu_reserved=18.94GB gpu_peak=28.74GB
[MEMCHECK] after PeftModel.from_pretrained: host_maxrss=8.77GB gpu_alloc=17.43GB gpu_reserved=18.98GB gpu_peak=28.74GB
[MEMCHECK] after merge_and_unload: host_maxrss=8.77GB gpu_alloc=17.37GB gpu_reserved=25.35GB gpu_peak=28.74GB
Model raw response: <|channel|>analysis<|message|>**High‑level goal**

The user wants a tiny schematic that just shows a single Schottky rectifier (the 1N5819WS diodes) feeding a simple DC rail.  
No extra parts are allowed – only the diode symbol from the “Diode” library, the standard AC power symbol from the “power” library, and a few ground symbols to give the schematic a clean look.

**Choosing symbol attributes**

| Symbol | Library | Reference | Value | Rotation | Mirror |
|--------|---------|-----------|-------|----------|--------|
| Diode 1N5819WS | Diode | D1 | 1N5819WS | 180° | None |
| AC source | power | #PWR_AC | AC | 0° | None |
| Ground | power | #PWR_GND | GND | 0° | None |

*Why 180° rotation?*  
The diode symbol in KiCad has the anode leading to the left when the symbol is unrotated. Rotating it 180° swaps the anode (pin A) to the right, making the DC output of the rectifier point to the right side of the schematic – a natural direction for the “positive” rail.

*Placement strategy*  
All three symbols are arranged horizontally with equal spacing (≈ 12 mm).  
- AC source at (100 mm, 140 mm) – the leftmost point.  
- Diode at (112 mm, 140 mm) – directly to the right of the AC source.  
- Ground symbol at (124 mm, 140 mm) – to the far right.

The schematic sheet is 210 mm × 297 mm, so this layout sits comfortably in the centre.

**Connecting the pins**

1. **AC → Diode anode**  
   The AC source has a single pin named “AC”.  
   The diode has two pins: anode “A” (pin 1) and cathode “K” (pin 2).  
   A wire is drawn from AC → D1.A.  
   *Connection code:* `connect_pins("#PWR_AC", "AC", "D1", "A")`

2. **Diode cathode → Ground**  
   The cathode “K” (pin 2) is tied to the ground rail to provide a return path.  
   *Connection code:* `connect_pins("D1", "K", "#PWR_GND", "1")`

3. **Ground → Ground symbol**  
   The ground symbol has only one pin, “1”.  
   *Connection code:* `connect_pins("#PWR_GND", "1", "#PWR_GND", "1")`  
   (In practice the ground symbol is just a placeholder; the wire to the ground symbol is drawn to close the loop.)

**Wire generation**

After all `connect_pins` calls, a single call `write_out_all_wires()` tells the KiCad interface to render the wires on the schematic.

**Full thinking process in code (pseudocode)**

```python
# 1. Add the AC source
add_schematic_symbol("power", "AC", pos_x=100, pos_y=140,
                     reference="#PWR_AC", value="AC", rotation=0, mirror="None")

# 2. Add the Schottky diode
add_schematic_symbol("Diode", "D1", pos_x=112, pos_y=140,
                     reference="D1", value="1N5819WS", rotation=180, mirror="None")

# 3. Add the ground symbol
add_schematic_symbol("power", "GND", pos_x=124, pos_y=140,
                     reference="#PWR_GND", value="GND", rotation=0, mirror="None")

# 4. Wire the symbols together
connect_pins("#PWR_AC", "AC", "D1", "A")   # AC → diode anode
connect_pins("D1", "K", "#PWR_GND", "1")   # diode cathode → ground

# 5. Render the wires
write_out_all_wires()
```

**Key points to remember**

- **Pin names** must match the symbol’s internal pin names (AC, A, K, 1).  
- **Rotation** is chosen so that the natural DC output flows from left to right, simplifying the layout.  
- **Spacing** ensures that wires do not overlap, keeping the schematic tidy.  
- **Ground symbol** is optional but added for visual clarity and to provide a clear return path.  

This reasoning leads to the concise, correct schematic code that exactly follows the user’s request.<|end|><|start|>assistant<|channel|>final<|message|># Auto-generated schematic symbols
import sys
import os

# Get project path and import kicad schematic interface
PROJECT_PATH = os.environ['PROJECT_PATH']
sys.path.append(PROJECT_PATH)
from modules.kicad_sch_interface import *

### Placing center symbol 1 : Diode:D1###

center_x_1, center_y_1 = 150.0, 110.0

add_schematic_symbol(symbol_lib="Diode", symbol_name="D1", pos_x=center_x_1, pos_y=center_y_1, reference="D1", value="1N5819WS", rotation=0, mirror="None")

### Placing other symbols in the Schematic with respect to the center symbol 1###

add_schematic_symbol(symbol_lib="power", symbol_name="AC", pos_x=center_x_1 + (-21), pos_y=center_y_1 + (15), reference="#PWR1", value="AC", rotation=0, mirror="None")
add_schematic_symbol(symbol_lib="power", symbol_name="GND", pos_x=center_x_1 + (0), pos_y=center_y_1 + (-10), reference="#PWR2", value="GND", rotation=0, mirror="None")

### Placing all global labels in the Schematic and connect them to the neighbor pin ###


### Connecting all wires in the Schematic ###


# Connecting #PWR1 pin AC (Pin ID 1 -- Name AC) to D1 pin A (Pin ID 2 -- Name A)
connect_pins("#PWR1", "AC", "D1", "A")

# Connecting D1 pin K (Pin ID 1 -- Name K) to #PWR2 pin 1 (Pin ID 1 -- Name None)
connect_pins("D1", "K", "#PWR2", "1")

write_out_all_wires()
<|return|>
Saved generated code to /scratch/k2983/root-project/pcb-schematic-gen/SchGen/schematic_generation/t013_1n5819ws_generated.py
Saved raw response to /scratch/k2983/root-project/pcb-schematic-gen/SchGen/schematic_generation/t013_1n5819ws_generated.response.txt
