[MEMCHECK] after base_model load + per-expert MXFP4 dequant: host_maxrss=7.88GB gpu_alloc=17.36GB gpu_reserved=24.61GB gpu_peak=22.34GB
[FEEDBACK CHECK] feedback provided: False (len=0)
[MEMCHECK] before symbol_selector_llm creation: host_maxrss=7.88GB gpu_alloc=17.36GB gpu_reserved=24.61GB gpu_peak=22.34GB
[MEMCHECK] after symbol_selector_llm creation (post eager switch): host_maxrss=7.88GB gpu_alloc=17.36GB gpu_reserved=24.61GB gpu_peak=22.34GB
[RAW] prompt=Design a schematic for A simple amplifier circuit using an NPN bipolar transistor. Use exactly these real components: Q1 as a BC847, in the KiCad library "Transistor_BJT" (NPN bipolar transistor, 45V 100mA, SOT-23. General-purpose small-signal amplifier/switch.). Do not substitute or invent a different part for any of them.
[SEQLEN] input_ids shape: torch.Size([1, 1899])
[SEQLEN] input_ids shape: torch.Size([1, 4894])
[SEQLEN] input_ids shape: torch.Size([1, 4894])
[SEQLEN] input_ids shape: torch.Size([1, 4894])
Azure CLI not found on path
[SEQLEN] input_ids shape: torch.Size([1, 5115])
[SEQLEN] input_ids shape: torch.Size([1, 5115])
[SEQLEN] input_ids shape: torch.Size([1, 5115])
Azure CLI not found on path
[SEQLEN] input_ids shape: torch.Size([1, 3313])
[MEMCHECK] after run_raw_test (post symbol-selection generate() call): host_maxrss=8.77GB gpu_alloc=17.37GB gpu_reserved=31.09GB gpu_peak=28.74GB
[MEMCHECK] after switching back to flash_attention_2: host_maxrss=8.77GB gpu_alloc=17.37GB gpu_reserved=31.09GB gpu_peak=28.74GB
[MEMCHECK] after gc.collect + empty_cache: host_maxrss=8.77GB gpu_alloc=17.37GB gpu_reserved=18.94GB gpu_peak=28.74GB
[MEMCHECK] after PeftModel.from_pretrained: host_maxrss=8.77GB gpu_alloc=17.43GB gpu_reserved=18.98GB gpu_peak=28.74GB
[MEMCHECK] after merge_and_unload: host_maxrss=8.77GB gpu_alloc=17.37GB gpu_reserved=25.35GB gpu_peak=28.74GB
Model raw response: <|channel|>analysis<|message|>**High‑level goal**

The user wants a single‑stage NPN amplifier that uses only the exact parts listed:

* Q1 – a BC847 (NPN, 45 V, 100 mA, SOT‑23) from the *Transistor_BJT* library  
* R1, R2 – a generic 2.2 kΩ resistor from the *Device* library  
* +5 V power symbol and a GND symbol, both from the *power* library

The schematic must be centered on an A4 sheet (210 × 297 mm) and must keep all components nicely spaced so that their bounding boxes do not overlap.

The function list provided gives us exactly the primitives we need:

* `add_schematic_symbol` – place a symbol with a reference, value, rotation and optional mirroring  
* `connect_pins` – wire two pins together  
* `write_out_all_wires` – generate the final netlist of wires

We will also use `get_pin_location` and `add_label` in the same way the example does, but only if we add a labeled net that is not already represented by a symbol pin (e.g. a net name that will go on a wire).

---

### 1.  Choosing coordinates and layout

| Symbol | Reference | Library / Symbol | Suggested X | Suggested Y | Reason |
|--------|-----------|------------------|------------|------------|--------|
| Q1 | Q1 | Transistor_BJT / BC847 | 150 mm | 110 mm | Center of the sheet; leaves 30–50 mm margin to all edges. |
| R1 | R1 | Device / R_Small | 130 mm | 100 mm | 20 mm left of the transistor, 10 mm below; clear space for wires. |
| +5 V | #PWR1 | power / +5V | 130 mm | 120 mm | Directly above R1 (10 mm up) so that the power rail can run vertically. |
| R2 | R2 | Device / R_Small | 170 mm | 100 mm | 20 mm right of the transistor, same vertical level as R1. |
| GND | #PWR2 | power / GND | 150 mm | 90 mm | Directly below the transistor (10 mm down) so the emitter can go straight to ground. |

These offsets are arbitrary but chosen to give a balanced, readable layout. The transistor is the anchor around which all other symbols are positioned.

---

### 2.  Placing the symbols

```python
# Center symbol (transistor)
add_schematic_symbol(
    symbol_lib="Transistor_BJT",
    symbol_name="BC847",
    pos_x=150.0, pos_y=110.0,
    reference="Q1",
    value="BC847",
    rotation=0,   # default orientation – B on left, C on right, E on top
    mirror="None")
```

*Rotation* is left at 0° because the BC847’s pin layout (B, C, E) fits naturally with the wiring we plan.  
*Mirror* is “None” – no horizontal or vertical flip is needed.

The other symbols are added relative to this center point:

```python
# Power
add_schematic_symbol(symbol_lib="power", symbol_name="+5V",
                     pos_x=150.0-20, pos_y=110.0+10,
                     reference="#PWR1", value="+5V",
                     rotation=0, mirror="None")
```

The +5 V symbol is placed 20 mm left and 10 mm above the transistor so that a vertical wire can run straight down to R1.

```python
# Resistor R1
add_schematic_symbol(symbol_lib="Device", symbol_name="R_Small",
                     pos_x=150.0-20, pos_y=110.0-10,
                     reference="R1", value="2.2K",
                     rotation=0, mirror="None")
```

R1 sits 10 mm below the power pin, ready to receive the +5 V supply. A vertical wire from +5 V down to R1 is natural.

```python
# GND
add_schematic_symbol(symbol_lib="power", symbol_name="GND",
                     pos_x=150.0, pos_y=110.0-20,
                     reference="#PWR2", value="GND",
                     rotation=0, mirror="None")
```

The GND symbol is directly below the transistor. The emitter will connect straight to GND, giving a clean vertical line.

```python
# Resistor R2 (collector to drain)
add_schematic_symbol(symbol_lib="Device", symbol_name="R_Small",
                     pos_x=150.0+20, pos_y=110.0-10,
                     reference="R2", value="2.2K",
                     rotation=0, mirror="None")
```

R2 is 20 mm to the right, ready to sit between the collector of Q1 and the external load (which we do not model here, but the wire will leave R2 forward).

---

### 3.  Wiring strategy

The BC847 pin layout (from the library data) is:

| Pin | Name | Symbol |
|-----|------|--------|
| B | Base | left side |
| C | Collector | right side |
| E | Emitter | top side |

The simple amplifier we design:

1. **Base bias** – connect +5 V to a resistor (R1) that feeds the base.  
2. **Emitter** – connect the emitter directly to GND.  
3. **Collector** – connect the collector through a resistor (R2) to the “load” (here just a wire that goes out of the schematic).  
4. **Load** – we do not place an explicit load symbol; the wire leaving R2 will be a net that can be connected elsewhere.

With this in mind we wire:

* **+5 V → R1**:  
  `connect_pins("#PWR1", "+5V", "R1", "1")`  
  (pin 1 of R1 is its left side; the right side will go to the base.)

* **R1 → Base**:  
  `connect_pins("R1", "2", "Q1", "B")`  
  (pin 2 of R1 is its right side; Q1’s base is on the left side.)

* **Emitter → GND**:  
  `connect_pins("Q1", "E", "#PWR2", "1")`  
  (Q1’s emitter is on the top; GND is directly below.)

* **Collector → R2**:  
  `connect_pins("Q1", "C", "R2", "1")`  
  (Q1’s collector is on the right; R2’s left side receives the signal.)

* **R2 → external net**:  
  `connect_pins("R2", "2", "LOAD_NET", "1")`  
  (We create a label or a virtual net; for the example we simply leave it as a wire that ends at the schematic edge.)

---

### 4.  Optional labels

If we want to give a name to the external load net we can add:

```python
add_label(label_pos=[x_R2_2, y_R2_2], label_text="LOAD", label_ref="LOAD_NET", label_type="output", text_orient="right")
connect_pins("LOAD_NET", "1", "R2", "2")
```

Here `get_pin_location("R2", "2")` gives the exact coordinate of R2’s right side. The label is placed just to the right, pointing outward.

---

### 5.  Final wire output

After all `connect_pins` calls we trigger the interface:

```python
write_out_all_wires()
```

This writes the netlist of all wires into the KiCad schematic file.

---

### 6.  Summary of key decisions

| Decision | Reason |
|----------|--------|
| Center Q1 at (150,110) | Keeps the circuit in the middle of the A4 sheet, with ample margin. |
| Rotation 0° for all symbols | Matches natural pin orientation, minimizing wire bends. |
| Mirror “None” | No need to flip any symbol; the default orientation already fits the layout. |
| Offsets of ±20 mm horizontally and ±10 mm vertically | Gives clear space between symbols, preventing overlapping bounding boxes. |
| 2.2 kΩ for both resistors | Standard bias resistor value for a BC847; the exact value is not critical for the schematic. |
| Wire from +5 V → R1 → Base | Classic voltage divider biasing. |
| Direct emitter‑to‑GND connection | Simplifies the circuit and keeps the emitter trace short. |
| Collector → R2 → external net | Provides a load resistor while leaving room for an external load elsewhere. |
| Optional “LOAD” label | Gives a clear net name for the external connection. |

All these choices together produce a clean, readable amplifier schematic that uses only the user‑specified parts and follows the spatial and wiring conventions expected in KiCad.<|end|><|start|>assistant<|channel|>final<|message|># Auto-generated schematic symbols
import sys
import os

# Get project path and import kicad schematic interface
PROJECT_PATH = os.environ['PROJECT_PATH']
sys.path.append(PROJECT_PATH)
from modules.kicad_sch_interface import *

### Placing center symbol 1 : Transistor_BJT:BC847###

center_x_1, center_y_1 = 150.0, 110.0

add_schematic_symbol(symbol_lib="Transistor_BJT", symbol_name="BC847", pos_x=center_x_1, pos_y=center_y_1, reference="Q1", value="BC847", rotation=0, mirror="None")

### Placing other symbols in the Schematic with respect to the center symbol 1###

add_schematic_symbol(symbol_lib="power", symbol_name="+5V", pos_x=center_x_1 + (-20), pos_y=center_y_1 + (10), reference="#PWR1", value="+5V", rotation=0, mirror="None")
add_schematic_symbol(symbol_lib="Device", symbol_name="R_Small", pos_x=center_x_1 + (-20), pos_y=center_y_1 + (-10), reference="R1", value="2.2K", rotation=0, mirror="None")
add_schematic_symbol(symbol_lib="power", symbol_name="GND", pos_x=center_x_1 + (0), pos_y=center_y_1 + (-20), reference="#PWR2", value="GND", rotation=0, mirror="None")
add_schematic_symbol(symbol_lib="Device", symbol_name="R_Small", pos_x=center_x_1 + (20), pos_y=center_y_1 + (-10), reference="R2", value="2.2K", rotation=0, mirror="None")

### Placing all global labels in the Schematic and connect them to the neighbor pin ###


### Connecting all wires in the Schematic ###


# Connecting #PWR1 pin +5V (Pin ID 1 -- Name +5V) to R1 pin 1 (Pin ID 1 -- Name None)
connect_pins("#PWR1", "+5V", "R1", "1")

# Connecting Q1 pin E (Pin ID 3 -- Name E) to #PWR2 pin 1 (Pin ID 1 -- Name None)
connect_pins("Q1", "E", "#PWR2", "1")

# Connecting R1 pin 2 (Pin ID 2 -- Name None) to Q1 pin B (Pin ID 1 -- Name B)
connect_pins("R1", "2", "Q1", "B")

# Connecting Q1 pin C (Pin ID 2 -- Name C) to R2 pin 1 (Pin ID 1 -- Name None)
connect_pins("Q1", "C", "R2", "1")

write_out_all_wires()
<|return|>
Saved generated code to /scratch/k2983/root-project/pcb-schematic-gen/SchGen/schematic_generation/t013_bc847_generated.py
Saved raw response to /scratch/k2983/root-project/pcb-schematic-gen/SchGen/schematic_generation/t013_bc847_generated.response.txt
