[MEMCHECK] after base_model load + per-expert MXFP4 dequant: host_maxrss=7.88GB gpu_alloc=17.36GB gpu_reserved=24.61GB gpu_peak=22.34GB
[FEEDBACK CHECK] feedback provided: True (len=3572)
[MEMCHECK] before symbol_selector_llm creation: host_maxrss=7.88GB gpu_alloc=17.36GB gpu_reserved=24.61GB gpu_peak=22.34GB
[MEMCHECK] after symbol_selector_llm creation (post eager switch): host_maxrss=7.88GB gpu_alloc=17.36GB gpu_reserved=24.61GB gpu_peak=22.34GB
[RAW] prompt=Design a schematic for A simple circuit using the InvenSense MPU-6000 6-axis IMU with SPI interface. Use exactly these real components: U1 as a MPU-6000, in the KiCad library "Sensor_Motion" (InvenSense MPU-6000 6-axis IMU (3-axis accel + 3-axis gyro). QFN-24. SPI/I2C interface.). Do not substitute or invent a different part for any of them.
[SEQLEN] input_ids shape: torch.Size([1, 1916])
[SEQLEN] input_ids shape: torch.Size([1, 4911])
[SEQLEN] input_ids shape: torch.Size([1, 4911])
[SEQLEN] input_ids shape: torch.Size([1, 4911])
Azure CLI not found on path
[SEQLEN] input_ids shape: torch.Size([1, 5132])
[SEQLEN] input_ids shape: torch.Size([1, 3330])
[SEQLEN] input_ids shape: torch.Size([1, 3330])
[SEQLEN] input_ids shape: torch.Size([1, 3330])
Azure CLI not found on path
[MEMCHECK] after run_raw_test (post symbol-selection generate() call): host_maxrss=8.77GB gpu_alloc=17.37GB gpu_reserved=31.16GB gpu_peak=28.78GB
[MEMCHECK] after switching back to flash_attention_2: host_maxrss=8.77GB gpu_alloc=17.37GB gpu_reserved=31.16GB gpu_peak=28.78GB
[MEMCHECK] after gc.collect + empty_cache: host_maxrss=8.77GB gpu_alloc=17.37GB gpu_reserved=18.94GB gpu_peak=28.78GB
[MEMCHECK] after PeftModel.from_pretrained: host_maxrss=8.77GB gpu_alloc=17.43GB gpu_reserved=18.98GB gpu_peak=28.78GB
[MEMCHECK] after merge_and_unload: host_maxrss=8.77GB gpu_alloc=17.37GB gpu_reserved=25.35GB gpu_peak=28.78GB
Model raw response: <|channel|>final<|message|># Auto-generated schematic symbols
import sys
import os

# Get project path and import kicad schematic interface
PROJECT_PATH = os.environ['PROJECT_PATH']
sys.path.append(PROJECT_PATH)
from modules.kicad_sch_interface import *

### Placing center symbol 1 : Device:R###

center_x_1, center_y_1 = 150.0, 110.0

add_schematic_symbol(symbol_lib="Device", symbol_name="R", pos_x=center_x_1, pos_y=center_y_1, reference="R1", value="10k", rotation=0, mirror="None")

### Placing other symbols in the Schematic with respect to the center symbol 1###

add_schematic_symbol(symbol_lib="power", symbol_name="+1V8", pos_x=center_x_1 + (-25), pos_y=center_y_1 + (13), reference="#PWR1", value="+1V8", rotation=0, mirror="None")
add_schematic_symbol(symbol_lib="Device", symbol_name="R", pos_x=center_x_1 + (-17), pos_y=center_y_1 + (-5), reference="R2", value="10k", rotation=0, mirror="None")
add_schematic_symbol(symbol_lib="Device", symbol_name="R", pos_x=center_x_1 + (-8), pos_y=center_y_1 + (-5), reference="R3", value="10k", rotation=0, mirror="None")
add_schematic_symbol(symbol_lib="power", symbol_name="GND", pos_x=center_x_1 + (0), pos_y=center_y_1 + (-12), reference="#PWR2", value="GND", rotation=0, mirror="None")
add_schematic_symbol(symbol_lib="Device", symbol_name="R", pos_x=center_x_1 + (8), pos_y=center_y_1 + (-5), reference="R4", value="10k", rotation=0, mirror="None")
add_schematic_symbol(symbol_lib="Device", symbol_name="R", pos_x=center_x_1 + (17), pos_y=center_y_1 + (-5), reference="R5", value="10k", rotation=0, mirror="None")
add_schematic_symbol(symbol_lib="Sensor_Motion", symbol_name="MPU-6000", pos_x=center_x_1 + (19), pos_y=center_y_1 + (-15), reference="U1", value="MPU-6000", rotation=270, mirror="None")

### Placing all global labels in the Schematic and connect them to the neighbor pin ###

# Add label RST next to U1 pin ~{CS} 
x_U1_8, y_U1_8 = get_pin_location(symbol_ref="U1", pin_name="~{CS}")
add_label(label_pos=[x_U1_8+(-13), y_U1_8+(0)], label_text="RST", label_ref="RST_0", label_type="input", text_orient="left")
# Connecting Label RST label_id:0 to U1 pin ~{CS} (Pin ID 8 -- Name ~{CS})
connect_pins("RST_0", "1", "U1", "~{CS}")

# Add label SDA next to U1 pin SDA/MOSI 
x_U1_24, y_U1_24 = get_pin_location(symbol_ref="U1", pin_name="SDA/MOSI")
add_label(label_pos=[x_U1_24+(-11), y_U1_24+(0)], label_text="SDA", label_ref="SDA_0", label_type="input", text_orient="left")
# Connecting Label SDA label_id:0 to U1 pin SDA/MOSI (Pin ID 24 -- Name SDA/MOSI)
connect_pins("SDA_0", "1", "U1", "SDA/MOSI")

# Add label SCL next to U1 pin SCL/SCLK 
x_U1_23, y_U1_23 = get_pin_location(symbol_ref="U1", pin_name="SCL/SCLK")
add_label(label_pos=[x_U1_23+(-8), y_U1_23+(0)], label_text="SCL", label_ref="SCL_0", label_type="input", text_orient="left")
# Connecting Label SCL label_id:0 to U1 pin SCL/SCLK (Pin ID 23 -- Name SCL/SCLK)
connect_pins("SCL_0", "1", "U1", "SCL/SCLK")

# Add label SCL next to U1 pin CLKIN 
x_U1_23, y_U1_23 = get_pin_location(symbol_ref="U1", pin_name="CLKIN")
add_label(label_pos=[x_U1_23+(-6), y_U1_23+(0)], label_text="SCL", label_ref="SCL_1", label_type="input", text_orient="left")
# Connecting Label SCL label_id:1 to U1 pin CLKIN (Pin ID 23 -- Name CLKIN)
connect_pins("SCL_1", "1", "U1", "CLKIN")

# Add label SCL next to U1 pin INT 
x_U1_13, y_U1_13 = get_pin_location(symbol_ref="U1", pin_name="INT")
add_label(label_pos=[x_U1_13+(17), y_U1_13+(-3)], label_text="SCL", label_ref="SCL_2", label_type="input", text_orient="right")
# Connecting Label SCL label_id:2 to U1 pin INT (Pin ID 13 -- Name INT)
connect_pins("SCL_2", "1", "U1", "INT")

# Add label AD0 next to U1 pin AD0/MISO 
x_U1_9, y_U1_9 = get_pin_location(symbol_ref="U1", pin_name="AD0/MISO")
add_label(label_pos=[x_U1_9+(17), y_U1_9+(3)], label_text="AD0", label_ref="AD0_0", label_type="input", text_orient="right")
# Connecting Label AD0 label_id:0 to U1 pin AD0/MISO (Pin ID 9 -- Name AD0/MISO)
connect_pins("AD0_0", "1", "U1", "AD0/MISO")

# Add label VDD next to U1 pin VDD 
x_U1_13, y_U1_13 = get_pin_location(symbol_ref="U1", pin_name="VDD")
add_label(label_pos=[x_U1_13+(20), y_U1_13+(8)], label_text="VDD", label_ref="VDD_0", label_type="input", text_orient="right")
# Connecting Label VDD label_id:0 to U1 pin VDD (Pin ID 13 -- Name VDD)
connect_pins("VDD_0", "1", "U1", "VDD")


### Connecting all wires in the Schematic ###


# Connecting R4 pin 2 (Pin ID 2 -- Name None) to U1 pin ~{CS} (Pin ID 8 -- Name ~{CS})
connect_pins("R4", "2", "U1", "~{CS}")

# Connecting R2 pin 2 (Pin ID 2 -- Name None) to U1 pin CLKIN (Pin ID 23 -- Name CLKIN)
connect_pins("R2", "2", "U1", "CLKIN")

# Connecting R3 pin 2 (Pin ID 2 -- Name None) to U1 pin INT (Pin ID 13 -- Name INT)
connect_pins("R3", "2", "U1", "INT")

# Connecting R1 pin 2 (Pin ID 2 -- Name None) to U1 pin SDA/MOSI (Pin ID 24 -- Name SDA/MOSI)
connect_pins("R1", "2", "U1", "SDA/MOSI")

# Connecting R5 pin 2 (Pin ID 2 -- Name None) to U1 pin AD0/MISO (Pin ID 9 -- Name AD0/MISO)
connect_pins("R5", "2", "U1", "AD0/MISO")

# Connecting U1 pin 5 (Pin ID 5 -- Name None) to #PWR2 pin 1 (Pin ID 1 -- Name None)
connect_pins("U1", "5", "#PWR2", "1")

# Connecting #PWR1 pin +1V8 (Pin ID 1 -- Name +1V8) to R1 pin 1 (Pin ID 1 -- Name None)
connect_pins("#PWR1", "+1V8", "R1", "1")

# Connecting #PWR1 pin +1V8 (Pin ID 1 -- Name +1V8) to R4 pin 1 (Pin ID 1 -- Name None)
connect_pins("#PWR1", "+1V8", "R4", "1")

# Connecting R5 pin 1 (Pin ID 1 -- Name None) to U1 pin VDD (Pin ID 13 -- Name VDD)
connect_pins("R5", "1", "U1", "VDD")

write_out_all_wires()
<|return|>
Saved generated code to /scratch/k2983/root-project/pcb-schematic-gen/SchGen/schematic_generation/t013_mpu_6000_generated.py
Saved raw response to /scratch/k2983/root-project/pcb-schematic-gen/SchGen/schematic_generation/t013_mpu_6000_generated.response.txt
