[MEMCHECK] after base_model load + per-expert MXFP4 dequant: host_maxrss=7.88GB gpu_alloc=17.36GB gpu_reserved=24.61GB gpu_peak=22.34GB
[FEEDBACK CHECK] feedback provided: False (len=0)
[MEMCHECK] before symbol_selector_llm creation: host_maxrss=7.88GB gpu_alloc=17.36GB gpu_reserved=24.61GB gpu_peak=22.34GB
[MEMCHECK] after symbol_selector_llm creation (post eager switch): host_maxrss=7.88GB gpu_alloc=17.36GB gpu_reserved=24.61GB gpu_peak=22.34GB
[RAW] prompt=Design a schematic for A simple circuit that connects a Generic LED to a power source. Use exactly these real components: D1 as a LED, in the KiCad library "Device" (Generic LED). Do not substitute or invent a different part for any of them.
[SEQLEN] input_ids shape: torch.Size([1, 1873])
[SEQLEN] input_ids shape: torch.Size([1, 4868])
[SEQLEN] input_ids shape: torch.Size([1, 4868])
[SEQLEN] input_ids shape: torch.Size([1, 4868])
Azure CLI not found on path
[SEQLEN] input_ids shape: torch.Size([1, 5089])
[SEQLEN] input_ids shape: torch.Size([1, 3287])
[SEQLEN] input_ids shape: torch.Size([1, 3287])
[SEQLEN] input_ids shape: torch.Size([1, 3287])
Azure CLI not found on path
[MEMCHECK] after run_raw_test (post symbol-selection generate() call): host_maxrss=8.77GB gpu_alloc=17.37GB gpu_reserved=30.98GB gpu_peak=28.66GB
[MEMCHECK] after switching back to flash_attention_2: host_maxrss=8.77GB gpu_alloc=17.37GB gpu_reserved=30.98GB gpu_peak=28.66GB
[MEMCHECK] after gc.collect + empty_cache: host_maxrss=8.77GB gpu_alloc=17.37GB gpu_reserved=18.94GB gpu_peak=28.66GB
[MEMCHECK] after PeftModel.from_pretrained: host_maxrss=8.77GB gpu_alloc=17.43GB gpu_reserved=18.98GB gpu_peak=28.66GB
[MEMCHECK] after merge_and_unload: host_maxrss=8.77GB gpu_alloc=17.37GB gpu_reserved=25.35GB gpu_peak=28.66GB
Model raw response: <|channel|>analysis<|message|>**High‑level goal**

The user wants a minimal schematic that powers a single generic LED (symbol *D1* from the *Device* library).  
The schematic must contain only the LED, a single power source (VPP), and the necessary series resistor or direct connection.  
Because the request does not ask for a current‑limiting resistor, we will connect the LED directly to VPP and the negative side to the “ground” net.  
The ground net is implicit in KiCad, so we do not need to place a separate symbol – a simple wire to “GND” will suffice.

---

### 1.  Symbol placement

| Symbol | Library | Reference | Value | Position (mm) | Rotation | Mirror | Rationale |
|--------|---------|-----------|-------|---------------|----------|--------|-----------|
| LED | Device | D1 | LED | (105, 150) | 90° | None | Centered on the A4 sheet so that the schematic sits in the middle of the paper. 90° rotation places the anode on the left and the cathode on the right, making the wire routing straight horizontally. |
| Power source (VPP) | power | #PP1 | VPP | (105, 170) | 0° | None | Placed 20 mm above the LED so the vertical wire from VPP to the LED anode is short and tidy. |
| Ground | power | #GND1 | GND | (105, 130) | 0° | None | Placed 20 mm below the LED; the vertical wire from the LED cathode to GND is again short and straight. |

The offsets (±20 mm in Y) are arbitrary but give enough clearance to avoid overlapping bounding boxes and to keep the layout symmetrical.

---

### 2.  Pin names and connections

| Symbol | Pin name | Function |
|--------|----------|----------|
| #PP1 | VPP | Supplies positive voltage |
| D1 | A | Anode (positive side of LED) |
| D1 | K | Cathode (negative side of LED) |
| #GND1 | GND | Ground reference |

The LED’s *A* pin is connected to the VPP net, and its *K* pin is connected to the GND net.  
No other components are needed, so the schematic contains only two wires.

---

### 3.  Python code logic (conceptual, not the full script)

1. **Import the KiCad interface** – this gives us the helper functions (`add_schematic_symbol`, `connect_pins`, etc.).

2. **Place the LED**  
   ```python
   add_schematic_symbol(
       symbol_lib="Device",
       symbol_name="LED",
       pos_x=105.0,
       pos_y=150.0,
       reference="D1",
       value="LED",
       rotation=90,
       mirror=None
   )
   ```
   *Why 90°?* The LED symbol’s default orientation has the anode on the left; rotating 90° puts the anode on the top, so the vertical wire from VPP to the anode is straight.

3. **Place the VPP power symbol**  
   ```python
   add_schematic_symbol(
       symbol_lib="power",
       symbol_name="VPP",
       pos_x=105.0,
       pos_y=170.0,
       reference="#PP1",
       value="VPP",
       rotation=0,
       mirror=None
   )
   ```

4. **Place the GND power symbol**  
   ```python
   add_schematic_symbol(
       symbol_lib="power",
       symbol_name="GND",
       pos_x=105.0,
       pos_y=130.0,
       reference="#GND1",
       value="GND",
       rotation=0,
       mirror=None
   )
   ```

5. **Connect wires**  
   - VPP to LED anode:  
     ```python
     connect_pins("#PP1", "VPP", "D1", "A")
     ```
   - LED cathode to GND:  
     ```python
     connect_pins("D1", "K", "#GND1", "GND")
     ```

6. **Write the wires**  
   ```python
   write_out_all_wires()
   ```

---

### 4.  Why this layout is readable

- **Symmetry**: All symbols are vertically aligned at the same X‑coordinate, making the schematic compact and easy to scan.
- **Short wires**: The 20 mm vertical offsets keep the two wires short, reducing clutter.
- **Rotation choice**: The LED’s 90° rotation gives a straight vertical line from VPP to the LED, and a straight horizontal line from the LED to GND, which is the most natural way to represent a simple series connection.
- **No unnecessary mirrors**: All symbols are placed without mirroring; if a mirror were needed, it would only complicate the pin mapping.

---

### 5.  Final note

The generated Python script follows the KiCad API conventions:

- `add_schematic_symbol` places each component with the specified reference, value, rotation, and mirror.
- `connect_pins` uses the pin names exactly as defined in the symbol’s pin map (e.g., “A”, “K”, “VPP”, “GND”).
- `write_out_all_wires()` finalises the schematic so KiCad can render the connections.

This concise approach satisfies the user’s request for a simple, single‑LED schematic while demonstrating careful consideration of spatial arrangement, pin naming, and wire routing for maximum clarity.<|end|><|start|>assistant<|channel|>final<|message|># Auto-generated schematic symbols
import sys
import os

# Get project path and import kicad schematic interface
PROJECT_PATH = os.environ['PROJECT_PATH']
sys.path.append(PROJECT_PATH)
from modules.kicad_sch_interface import *

### Placing center symbol 1 : Device:LED###

center_x_1, center_y_1 = 150.0, 110.0

add_schematic_symbol(symbol_lib="Device", symbol_name="LED", pos_x=center_x_1, pos_y=center_y_1, reference="D1", value="LED", rotation=90, mirror="None")

### Placing other symbols in the Schematic with respect to the center symbol 1###

add_schematic_symbol(symbol_lib="power", symbol_name="VPP", pos_x=center_x_1 + (0), pos_y=center_y_1 + (22), reference="#PWR1", value="VPP", rotation=0, mirror="None")
add_schematic_symbol(symbol_lib="power", symbol_name="GND", pos_x=center_x_1 + (0), pos_y=center_y_1 + (-22), reference="#PWR2", value="GND", rotation=0, mirror="None")

### Placing all global labels in the Schematic and connect them to the neighbor pin ###


### Connecting all wires in the Schematic ###


# Connecting #PWR1 pin VPP (Pin ID 1 -- Name VPP) to D1 pin A (Pin ID 2 -- Name A)
connect_pins("#PWR1", "VPP", "D1", "A")

# Connecting D1 pin K (Pin ID 1 -- Name K) to #PWR2 pin 1 (Pin ID 1 -- Name None)
connect_pins("D1", "K", "#PWR2", "1")

write_out_all_wires()
<|return|>
Saved generated code to /scratch/k2983/root-project/pcb-schematic-gen/SchGen/schematic_generation/t013_led_generated.py
Saved raw response to /scratch/k2983/root-project/pcb-schematic-gen/SchGen/schematic_generation/t013_led_generated.response.txt
