[MEMCHECK] after base_model load + per-expert MXFP4 dequant: host_maxrss=7.88GB gpu_alloc=17.36GB gpu_reserved=24.61GB gpu_peak=22.34GB
[FEEDBACK CHECK] feedback provided: False (len=0)
[MEMCHECK] before symbol_selector_llm creation: host_maxrss=7.88GB gpu_alloc=17.36GB gpu_reserved=24.61GB gpu_peak=22.34GB
[MEMCHECK] after symbol_selector_llm creation (post eager switch): host_maxrss=7.88GB gpu_alloc=17.36GB gpu_reserved=24.61GB gpu_peak=22.34GB
[RAW] prompt=Design a schematic for A chain of addressable RGB LEDs connected in series using a serial data protocol. Use exactly these real components: U1, and U2 as 2 separate instances of a SK6812, in the KiCad library "LED" (Addressable RGB LED (NeoPixel-compatible), 5 V, serial data protocol. Daisy-chain DOUT to the next LED DIN.). Do not substitute or invent a different part for any of them. Wire it up as follows: connect U1's DIN pin (pin 2) to U2's VDD pin (pin 3); connect U1's DOUT pin (pin 4) to U2's VSS pin (pin 1); connect U1's VDD pin (pin 3) to U2's DOUT pin (pin 4); connect U1's VSS pin (pin 1) to U2's DIN pin (pin 2).
[SEQLEN] input_ids shape: torch.Size([1, 2011])
[SEQLEN] input_ids shape: torch.Size([1, 5006])
[SEQLEN] input_ids shape: torch.Size([1, 5006])
[SEQLEN] input_ids shape: torch.Size([1, 5006])
Azure CLI not found on path
[SEQLEN] input_ids shape: torch.Size([1, 5227])
[SEQLEN] input_ids shape: torch.Size([1, 3425])
[SEQLEN] input_ids shape: torch.Size([1, 3425])
[SEQLEN] input_ids shape: torch.Size([1, 3425])
Azure CLI not found on path
[MEMCHECK] after run_raw_test (post symbol-selection generate() call): host_maxrss=8.77GB gpu_alloc=17.37GB gpu_reserved=31.58GB gpu_peak=29.06GB
[MEMCHECK] after switching back to flash_attention_2: host_maxrss=8.77GB gpu_alloc=17.37GB gpu_reserved=31.58GB gpu_peak=29.06GB
[MEMCHECK] after gc.collect + empty_cache: host_maxrss=8.77GB gpu_alloc=17.37GB gpu_reserved=18.94GB gpu_peak=29.06GB
[MEMCHECK] after PeftModel.from_pretrained: host_maxrss=8.77GB gpu_alloc=17.43GB gpu_reserved=18.98GB gpu_peak=29.06GB
[MEMCHECK] after merge_and_unload: host_maxrss=8.77GB gpu_alloc=17.37GB gpu_reserved=25.35GB gpu_peak=29.06GB
Model raw response: <|channel|>analysis<|message|>**High‑level goal**

The user wants a tiny chain of two addressable RGB LEDs (SK6812) wired exactly as described.  
Each LED has four pins:  

| Pin # | Name | Function |
|-------|------|----------|
| 1 | VSS | Ground |
| 2 | DIN | Digital‑in |
| 3 | VDD | Power |
| 4 | DOUT | Digital‑out |

The required connections are a closed loop that lets the two LEDs be daisy‑channeled:

```
U1 DIN  →  U2 VDD
U1 DOUT →  U2 VSS
U1 VDD  →  U2 DOUT
U1 VSS  →  U2 DIN
```

No extra power symbols are needed – the two LEDs will share the same supply pin (VDD) and ground (VSS).

**Symbol placement**

* **Center reference** – U1 is the anchor of the schematic.  
  `add_schematic_symbol(... reference="U1" ...)` places it at a convenient spot in the middle of the A4 sheet (e.g., `x=150 mm, y=110 mm`).  
  The SK6812 symbol is square; no rotation is required because its pins are already oriented with DIN on the left, VDD on top, VSS on bottom, DOUT on the right.  
  `mirror="None"` keeps the default orientation.

* **U2** – placed directly to the right of U1 so that the data‑out pin of U1 can connect straight to the ground of U2.  
  Off‑sets of a few millimetres (≈10 mm) keep the symbols from overlapping while keeping the wire traces short.

Because the SK6812 layout is symmetric, no rotation or mirroring is necessary. If a library uses a different orientation, a 90° rotation would simply swap the left/right pins, but that would make the wiring longer. The chosen coordinates give a compact, readable chain.

**Label handling**

In this simple example we do not need external labels. The two LEDs are the only components, so the pin names themselves serve as the logical signals. If the user wanted to expose the DIN or DOUT externally, we could add labels like `"DIN"` or `"DOUT"` at the appropriate pin location, but the request does not require it.

**Wire connections (connect_pins)**

Each call to `connect_pins(sym_a, pin_a, sym_b, pin_b)` creates a net between the two pin names.  
The pin names are the same as in the library definition, so we use:

| Connection | `connect_pins` arguments |
|------------|---------------------------|
| U1 DIN → U2 VDD | `("U1","DIN","U2","VDD")` |
| U1 DOUT → U2 VSS | `("U1","DOUT","U2","VSS")` |
| U1 VDD → U2 DOUT | `("U1","VDD","U2","DOUT")` |
| U1 VSS → U2 DIN | `("U1","VSS","U2","DIN")` |

These four lines form the closed loop.  
Because the SK6812 pin names are unique, the KiCad netlist will automatically merge the pins with the same name, so we do not need to create separate “label” symbols – the net is implicitly created by the connection.

**Why this arrangement works**

* The data line (DIN → DOUT) passes from the first LED to the second, as required by the NeoPixel protocol.
* The power line (VDD) is shared between the two LEDs; connecting U1 VDD to U2 VDD ensures they are powered together.
* The ground line (VSS) is shared similarly; connecting U1 VSS to U2 VSS ties the two LEDs together at ground.
* By connecting each LED’s data‑out to the other LED’s ground, we satisfy the user’s exact wording, but functionally the data path still flows from U1 DIN → U1 VDD → U1 DOUT → U2 VSS → U2 DIN → U2 VDD → U2 DOUT.  
  The “extra” ground link is harmless; it simply provides a second path for the return current.

**Final notes**

* All symbols are placed with ample spacing (≈10 mm apart) to avoid overlapping bounding boxes.  
* No rotation or mirroring is required because the SK6812 symbol’s pin layout is already compatible with the desired connections.  
* The code finishes by calling `write_out_all_wires()` to flush the netlist to the KiCad schematic.  

This reasoning directly maps to the Python code that will be generated, ensuring the schematic matches the user’s specification exactly.<|end|><|start|>assistant<|channel|>final<|message|># Auto-generated schematic symbols
import sys
import os

# Get project path and import kicad schematic interface
PROJECT_PATH = os.environ['PROJECT_PATH']
sys.path.append(PROJECT_PATH)
from modules.kicad_sch_interface import *

### Placing center symbol 1 : LED:SK6812###

center_x_1, center_y_1 = 150.0, 110.0

add_schematic_symbol(symbol_lib="LED", symbol_name="SK6812", pos_x=center_x_1, pos_y=center_y_1, reference="U1", value="SK6812", rotation=0, mirror="None")

### Placing other symbols in the Schematic with respect to the center symbol 1###

add_schematic_symbol(symbol_lib="LED", symbol_name="SK6812", pos_x=center_x_1 + (10), pos_y=center_y_1 + (0), reference="U2", value="SK6812", rotation=0, mirror="None")

### Placing all global labels in the Schematic and connect them to the neighbor pin ###


### Connecting all wires in the Schematic ###


# Connecting U1 pin V_{DD} (Pin ID 3 -- Name V_{DD}) to U2 pin DOUT (Pin ID 4 -- Name DOUT)
connect_pins("U1", "V_{DD}", "U2", "DOUT")

# Connecting U1 pin V_{SS} (Pin ID 1 -- Name V_{SS}) to U2 pin DIN (Pin ID 2 -- Name DIN)
connect_pins("U1", "V_{SS}", "U2", "DIN")

# Connecting U1 pin DIN (Pin ID 2 -- Name DIN) to U2 pin V_{DD} (Pin ID 3 -- Name V_{DD})
connect_pins("U1", "DIN", "U2", "V_{DD}")

# Connecting U1 pin DOUT (Pin ID 4 -- Name DOUT) to U2 pin V_{SS} (Pin ID 1 -- Name V_{SS})
connect_pins("U1", "DOUT", "U2", "V_{SS}")

write_out_all_wires()
<|return|>
Saved generated code to /scratch/k2983/root-project/pcb-schematic-gen/SchGen/schematic_generation/t013_sk6812_generated.py
Saved raw response to /scratch/k2983/root-project/pcb-schematic-gen/SchGen/schematic_generation/t013_sk6812_generated.response.txt
