[MEMCHECK] after base_model load + per-expert MXFP4 dequant: host_maxrss=7.88GB gpu_alloc=17.36GB gpu_reserved=24.61GB gpu_peak=22.34GB
[FEEDBACK CHECK] feedback provided: True (len=2779)
[MEMCHECK] before symbol_selector_llm creation: host_maxrss=7.88GB gpu_alloc=17.36GB gpu_reserved=24.61GB gpu_peak=22.34GB
[MEMCHECK] after symbol_selector_llm creation (post eager switch): host_maxrss=7.88GB gpu_alloc=17.36GB gpu_reserved=24.61GB gpu_peak=22.34GB
[RAW] prompt=Design a schematic for A basic circuit using the Atmel ATmega32A 8-bit AVR MCU for various applications. Use exactly these real components: U1 as a ATmega32A-P, in the KiCad library "MCU_Microchip_ATmega" (Atmel ATmega32A 8-bit AVR MCU, 40-pin PDIP. 32KB flash, 2KB SRAM, 32 GPIO. Has ADC, SPI, I2C, UART.). Do not substitute or invent a different part for any of them.
[SEQLEN] input_ids shape: torch.Size([1, 1930])
[SEQLEN] input_ids shape: torch.Size([1, 1930])
[SEQLEN] input_ids shape: torch.Size([1, 1930])
Azure CLI not found on path
[SEQLEN] input_ids shape: torch.Size([1, 4925])
[SEQLEN] input_ids shape: torch.Size([1, 4925])
[SEQLEN] input_ids shape: torch.Size([1, 4925])
Azure CLI not found on path
[SEQLEN] input_ids shape: torch.Size([1, 5146])
[SEQLEN] input_ids shape: torch.Size([1, 3344])
[MEMCHECK] after run_raw_test (post symbol-selection generate() call): host_maxrss=8.77GB gpu_alloc=17.37GB gpu_reserved=31.22GB gpu_peak=28.82GB
[MEMCHECK] after switching back to flash_attention_2: host_maxrss=8.77GB gpu_alloc=17.37GB gpu_reserved=31.22GB gpu_peak=28.82GB
[MEMCHECK] after gc.collect + empty_cache: host_maxrss=8.77GB gpu_alloc=17.37GB gpu_reserved=18.94GB gpu_peak=28.82GB
[MEMCHECK] after PeftModel.from_pretrained: host_maxrss=8.77GB gpu_alloc=17.43GB gpu_reserved=18.98GB gpu_peak=28.82GB
[MEMCHECK] after merge_and_unload: host_maxrss=8.77GB gpu_alloc=17.37GB gpu_reserved=25.35GB gpu_peak=28.82GB
Model raw response: <|channel|>final<|message|># Auto-generated schematic symbols
import sys
import os

# Get project path and import kicad schematic interface
PROJECT_PATH = os.environ['PROJECT_PATH']
sys.path.append(PROJECT_PATH)
from modules.kicad_sch_interface import *

### Placing center symbol 1 : Device:R###

center_x_1, center_y_1 = 150.0, 110.0

add_schematic_symbol(symbol_lib="Device", symbol_name="R", pos_x=center_x_1, pos_y=center_y_1, reference="R1", value="2.2K", rotation=0, mirror="None")

### Placing other symbols in the Schematic with respect to the center symbol 1###

add_schematic_symbol(symbol_lib="power", symbol_name="+5V", pos_x=center_x_1 + (-72), pos_y=center_y_1 + (22), reference="#PWR1", value="+5V", rotation=0, mirror="None")
add_schematic_symbol(symbol_lib="Device", symbol_name="R", pos_x=center_x_1 + (-72), pos_y=center_y_1 + (8), reference="R2", value="2.2K", rotation=0, mirror="None")
add_schematic_symbol(symbol_lib="power", symbol_name="VAA", pos_x=center_x_1 + (-31), pos_y=center_y_1 + (22), reference="#PWR2", value="VIN", rotation=0, mirror="None")
add_schematic_symbol(symbol_lib="Jumper", symbol_name="SolderJumper_3_Bridged123", pos_x=center_x_1 + (-31), pos_y=center_y_1 + (15), reference="JP1", value="AUX", rotation=0, mirror="x")
add_schematic_symbol(symbol_lib="power", symbol_name="+1V8", pos_x=center_x_1 + (-8), pos_y=center_y_1 + (22), reference="#PWR3", value="+1V8", rotation=0, mirror="None")
add_schematic_symbol(symbol_lib="Device", symbol_name="R", pos_x=center_x_1 + (-8), pos_y=center_y_1 + (8), reference="R3", value="2.2K", rotation=0, mirror="None")
add_schematic_symbol(symbol_lib="microcontroller:ATmega32A-P", pos_x=center_x_1 + (0), pos_y=center_y_1 + (0), reference="U1", value="ATmega32A-P", rotation=0, mirror="None")
add_schematic_symbol(symbol_lib="Device", symbol_name="R", pos_x=center_x_1 + (10), pos_y=center_y_1 + (8), reference="R4", value="2.2K", rotation=0, mirror="None")

### Placing all global labels in the Schematic and connect them to the neighbor pin ###


### Connecting all wires in the Schematic ###


# Connecting R1 pin 2 (Pin ID 2 -- Name None) to U1 pin PC1 (Pin ID 6 -- Name PC1)
connect_pins("R1", "2", "U1", "PC1")

# Connecting R3 pin 2 (Pin ID 2 -- Name None) to #PWR3 pin +1V8 (Pin ID 1 -- Name +1V8)
connect_pins("R3", "2", "#PWR3", "+1V8")

# Connecting #PWR1 pin +5V (Pin ID 1 -- Name +5V) to R2 pin 1 (Pin ID 1 -- Name None)
connect_pins("#PWR1", "+5V", "R2", "1")

# Connecting #PWR2 pin VIN (Pin ID 1 -- Name VIN) to JP1 pin C (Pin ID 2 -- Name C)
connect_pins("#PWR2", "VIN", "JP1", "C")

# Connecting R1 pin 1 (Pin ID 1 -- Name None) to U1 pin PD0 (Pin ID 7 -- Name PD0)
connect_pins("R1", "1", "U1", "PD0")

# Connecting U1 pin PD2 (Pin ID 3 -- Name PD2) to R3 pin 1 (Pin ID 1 -- Name None)
connect_pins("U1", "PD2", "R3", "1")

# Connecting JP1 pin A (Pin ID 1 -- Name A) to R3 pin 2 (Pin ID 2 -- Name None)
connect_pins("JP1", "A", "R3", "2")

# Connecting U1 pin PD1 (Pin ID 4 -- Name PD1) to U1 pin PD3 (Pin ID 5 -- Name PD3)
connect_pins("U1", "PD1", "U1", "PD3")

# Connecting R2 pin 2 (Pin ID 2 -- Name None) to U1 pin PC2 (Pin ID 30 -- Name PC2)
connect_pins("R2", "2", "U1", "PC2")

# Connecting U1 pin PD3 (Pin ID 5 -- Name PD3) to U1 pin PD1 (Pin ID 4 -- Name PD1)
connect_pins("U1", "PD3", "U1", "PD1")

# Connecting U1 pin PC3 (Pin ID 29 -- Name PC3) to R4 pin 1 (Pin ID 1 -- Name None)
connect_pins("U1", "PC3", "R4", "1")

# Connecting U1 pin PD0 (Pin ID 7 -- Name PD0) to U1 pin PD1 (Pin ID 4 -- Name PD1)
connect_pins("U1", "PD0", "U1", "PD1")

# Connecting #PWR2 pin VIN (Pin ID 1 -- Name VIN) to U1 pin PD0 (Pin ID 7 -- Name PD0)
connect_pins("#PWR2", "VIN", "U1", "PD0")

write_out_all_wires()
<|return|>
Saved generated code to /scratch/k2983/root-project/pcb-schematic-gen/SchGen/schematic_generation/t013_atmega32a_p_generated.py
Saved raw response to /scratch/k2983/root-project/pcb-schematic-gen/SchGen/schematic_generation/t013_atmega32a_p_generated.response.txt
