[MEMCHECK] after base_model load + per-expert MXFP4 dequant: host_maxrss=7.88GB gpu_alloc=17.36GB gpu_reserved=24.61GB gpu_peak=22.34GB
[FEEDBACK CHECK] feedback provided: True (len=1748)
[MEMCHECK] before symbol_selector_llm creation: host_maxrss=7.88GB gpu_alloc=17.36GB gpu_reserved=24.61GB gpu_peak=22.34GB
[MEMCHECK] after symbol_selector_llm creation (post eager switch): host_maxrss=7.88GB gpu_alloc=17.36GB gpu_reserved=24.61GB gpu_peak=22.34GB
[RAW] prompt=Design a schematic for A simple buck regulator circuit using the TPS54302 IC. Use exactly these real components: U1 as a TPS54302, in the KiCad library "Regulator_Switching" (Buck regulator. EN floating defaults to enabled; if controlling EN, use a resistor divider so EN >1.30V at valid input. If EN is floating, connect to NC.), R1, and R2 as 2 separate instances of a R, in the KiCad library "74xx_IEEE" (Generic SMD resistor). Do not substitute or invent a different part for any of them. Wire it up as follows: connect U1's GND pin (pin 1) to R1's ~ pin (pin 1) to R2's ~ pin (pin 1); connect U1's VIN pin (pin 3) to R1's ~ pin (pin 2) to R2's ~ pin (pin 2).
[SEQLEN] input_ids shape: torch.Size([1, 2017])
[SEQLEN] input_ids shape: torch.Size([1, 5012])
[SEQLEN] input_ids shape: torch.Size([1, 5233])
[SEQLEN] input_ids shape: torch.Size([1, 3431])
[SEQLEN] input_ids shape: torch.Size([1, 3431])
[SEQLEN] input_ids shape: torch.Size([1, 3431])
Azure CLI not found on path
[MEMCHECK] after run_raw_test (post symbol-selection generate() call): host_maxrss=8.77GB gpu_alloc=17.37GB gpu_reserved=31.60GB gpu_peak=29.08GB
[MEMCHECK] after switching back to flash_attention_2: host_maxrss=8.77GB gpu_alloc=17.37GB gpu_reserved=31.60GB gpu_peak=29.08GB
[MEMCHECK] after gc.collect + empty_cache: host_maxrss=8.77GB gpu_alloc=17.37GB gpu_reserved=18.94GB gpu_peak=29.08GB
[MEMCHECK] after PeftModel.from_pretrained: host_maxrss=8.77GB gpu_alloc=17.43GB gpu_reserved=18.98GB gpu_peak=29.08GB
[MEMCHECK] after merge_and_unload: host_maxrss=8.77GB gpu_alloc=17.37GB gpu_reserved=25.35GB gpu_peak=29.08GB
Model raw response: <|channel|>final<|message|># Auto-generated schematic symbols
import sys
import os

# Get project path and import kicad schematic interface
PROJECT_PATH = os.environ['PROJECT_PATH']
sys.path.append(PROJECT_PATH)
from modules.kicad_sch_interface import *

### Placing center symbol 1 : Regulator_Switching:TPS54302###

center_x_1, center_y_1 = 150.0, 110.0

add_schematic_symbol(symbol_lib="Regulator_Switching", symbol_name="TPS54302", pos_x=center_x_1, pos_y=center_y_1, reference="U1", value="TPS54302", rotation=270, mirror="None")

### Placing other symbols in the Schematic with respect to the center symbol 1###

add_schematic_symbol(symbol_lib="74xx_IEEE", symbol_name="R", pos_x=center_x_1 + (-25), pos_y=center_y_1 + (0), reference="R1", value="2.2K", rotation=0, mirror="None")
add_schematic_symbol(symbol_lib="74xx_IEEE", symbol_name="R", pos_x=center_x_1 + (-15), pos_y=center_y_1 + (0), reference="R2", value="2.2K", rotation=0, mirror="None")

### Connecting all wires in the Schematic ###


# Connecting U1 pin VIN (Pin ID 3 -- Name VIN) to R1 pin ~ (Pin ID 2 -- Name ~)
connect_pins("U1", "VIN", "R1", "~")

# Connecting R1 pin ~ (Pin ID 1 -- Name ~) to R2 pin ~ (Pin ID 1 -- Name ~)
connect_pins("R1", "~", "R2", "~")

# Connecting R1 pin ~ (Pin ID 2 -- Name ~) to R2 pin ~ (Pin ID 2 -- Name ~)
connect_pins("R1", "~", "R2", "~")

# Connecting R2 pin ~ (Pin ID 2 -- Name ~) to U1 pin VIN (Pin ID 3 -- Name VIN)
connect_pins("R2", "~", "U1", "VIN")

# Connecting U1 pin GND (Pin ID 1 -- Name GND) to R1 pin ~ (Pin ID 1 -- Name ~)
connect_pins("U1", "GND", "R1", "~")

write_out_all_wires()
<|return|>
Saved generated code to /scratch/k2983/root-project/pcb-schematic-gen/SchGen/schematic_generation/t013_tps54302_generated.py
Saved raw response to /scratch/k2983/root-project/pcb-schematic-gen/SchGen/schematic_generation/t013_tps54302_generated.response.txt
