[MEMCHECK] after base_model load + per-expert MXFP4 dequant: host_maxrss=7.88GB gpu_alloc=17.36GB gpu_reserved=24.61GB gpu_peak=22.34GB
[FEEDBACK CHECK] feedback provided: False (len=0)
[MEMCHECK] before symbol_selector_llm creation: host_maxrss=7.88GB gpu_alloc=17.36GB gpu_reserved=24.61GB gpu_peak=22.34GB
[MEMCHECK] after symbol_selector_llm creation (post eager switch): host_maxrss=7.88GB gpu_alloc=17.36GB gpu_reserved=24.61GB gpu_peak=22.34GB
[RAW] prompt=Design a schematic for A simple buck regulator circuit using the TPS54302 IC. Use exactly these real components: U1 as a TPS54302, in the KiCad library "Regulator_Switching" (Buck regulator. EN floating defaults to enabled; if controlling EN, use a resistor divider so EN >1.30V at valid input. If EN is floating, connect to NC.), R1, and R2 as 2 separate instances of a R, in the KiCad library "74xx_IEEE" (Generic SMD resistor). Do not substitute or invent a different part for any of them. Wire it up as follows: connect U1's GND pin (pin 1) to R1's ~ pin (pin 1) to R2's ~ pin (pin 1); connect U1's VIN pin (pin 3) to R1's ~ pin (pin 2) to R2's ~ pin (pin 2).
[SEQLEN] input_ids shape: torch.Size([1, 2017])
[SEQLEN] input_ids shape: torch.Size([1, 5012])
[SEQLEN] input_ids shape: torch.Size([1, 5233])
[SEQLEN] input_ids shape: torch.Size([1, 3431])
[SEQLEN] input_ids shape: torch.Size([1, 3431])
[SEQLEN] input_ids shape: torch.Size([1, 3431])
Azure CLI not found on path
[MEMCHECK] after run_raw_test (post symbol-selection generate() call): host_maxrss=8.77GB gpu_alloc=17.37GB gpu_reserved=31.60GB gpu_peak=29.08GB
[MEMCHECK] after switching back to flash_attention_2: host_maxrss=8.77GB gpu_alloc=17.37GB gpu_reserved=31.60GB gpu_peak=29.08GB
[MEMCHECK] after gc.collect + empty_cache: host_maxrss=8.77GB gpu_alloc=17.37GB gpu_reserved=18.94GB gpu_peak=29.08GB
[MEMCHECK] after PeftModel.from_pretrained: host_maxrss=8.77GB gpu_alloc=17.43GB gpu_reserved=18.98GB gpu_peak=29.08GB
[MEMCHECK] after merge_and_unload: host_maxrss=8.77GB gpu_alloc=17.37GB gpu_reserved=25.35GB gpu_peak=29.08GB
Model raw response: <|channel|>analysis<|message|>**High‑level goal**

The user wants a schematic that implements the simplest possible buck regulator using the TPS54302 from the *Regulator_Switching* library.  
Only three parts are allowed:

* **U1** – the TPS54302 (`Regulator_Switching:TPS54302`).  
* **R1** – a generic SMD resistor (`74xx_IEEE:R`).  
* **R2** – another generic SMD resistor (`74xx_IEEE:R`).

The connection pattern is fixed:

```
U1 GND (pin 1) ── R1 pin 1 ── R2 pin 1
U1 VIN (pin 3) ── R1 pin 2 ── R2 pin 2
```

The EN pin of the TPS54302 is left floating (the library default is “enabled”), so no extra component is required.

The schematic must fit on an A4 sheet (210 × 297 mm).  
We will place the regulator near the centre of the paper and the two resistors to its left, spaced so that the wires do not cross the regulator’s pins.

---

### 1.  Placing the regulator (U1)

* **symbol_lib** = `"Regulator_Switching"`  
* **symbol_name** = `"TPS54302"`  
* **pos_x, pos_y** – centre of the sheet: `150 mm` `x`, `110 mm` `y`.  
* **reference** = `"U1"` – the unique identifier.  
* **value** – not important for the schematic, so we keep the default `"TPS54302"`.  
* **rotation** – `270°` turns the symbol so that its GND pin is at the bottom, VIN pin is on the left, and EN pin is on the right. This orientation lets the two resistors sit on the left side and the wires run horizontally to the regulator.  
* **mirror** – `"None"` (no mirroring).

```python
add_schematic_symbol(symbol_lib="Regulator_Switching",
                     symbol_name="TPS54302",
                     pos_x=150.0, pos_y=110.0,
                     reference="U1",
                     value="TPS54302",
                     rotation=270,
                     mirror="None")
```

---

### 2.  Placing the two resistors (R1, R2)

We put both resistors on the left side of the regulator, with a 10 mm gap between them to keep the layout tidy.

* **R1**  
  * **pos_x** = `150.0 - 25` → `125 mm`  
  * **pos_y** = `110.0` (same vertical level as U1)  
  * **reference** = `"R1"`  
  * **value** – “2.2 kΩ” (typical for a voltage divider, but any value would satisfy the user’s request).  
  * **rotation** = `0°` (horizontal orientation).  

* **R2**  
  * **pos_x** = `150.0 - 15` → `135 mm`  
  * **pos_y** = `110.0`  
  * **reference** = `"R2"`  
  * **value** – “2.2 kΩ”  
  * **rotation** = `0°`.

```python
add_schematic_symbol(symbol_lib="74xx_IEEE",
                     symbol_name="R",
                     pos_x=125.0, pos_y=110.0,
                     reference="R1",
                     value="2.2K",
                     rotation=0,
                     mirror="None")

add_schematic_symbol(symbol_lib="74xx_IEEE",
                     symbol_name="R",
                     pos_x=135.0, pos_y=110.0,
                     reference="R2",
                     value="2.2K",
                     rotation=0,
                     mirror="None")
```

The resistors’ “~” pin is the only pin in the *74xx_IEEE:R* symbol, so we will connect that pin to the regulator pins.

---

### 3.  Wiring the schematic

The connections are straightforward:

1. **U1 GND (pin 1) → R1 “~”**  
   *Connect the regulator’s GND pin to the first pin of R1.*

2. **R1 “~” → R2 “~”**  
   *Chain the two resistors together.*

3. **U1 VIN (pin 3) → R1 “~” (pin 2 of R1)**  
   *The VIN pin of the regulator connects to the second pin of R1.*

4. **R1 “~” (pin 2 of R1) → R2 “~” (pin 2 of R2)**  
   *The second pin of R1 connects to the second pin of R2.*

5. **R2 “~” (pin 2) → U1 “~” (the only pin of R2)**  
   *The second pin of R2 connects back to the regulator’s VIN pin.*

Because the resistor symbol has only one pin, we refer to it as `"~"` in the `connect_pins` calls.  
All the connections are horizontal lines that stay to the left of the regulator, so no crossing occurs.

```python
# 1. U1 GND (pin 1) -> R1 "~"
connect_pins("U1", "GND", "R1", "~")

# 2. R1 "~" -> R2 "~"
connect_pins("R1", "~", "R2", "~")

# 3. U1 VIN (pin 3) -> R1 "~" (pin 2)
connect_pins("U1", "VIN", "R1", "~")

# 4. R1 "~" (pin 2) -> R2 "~" (pin 2)
connect_pins("R1", "~", "R2", "~")

# 5. R2 "~" (pin 2) -> U1 VIN (pin 3)
connect_pins("R2", "~", "U1", "VIN")
```

Finally, we call `write_out_all_wires()` to generate the actual wire objects in the KiCad file.

```python
write_out_all_wires()
```

---

### 4.  Summary of function arguments

| Function | Purpose | Key arguments | Reasoning |
|----------|---------|---------------|-----------|
| `add_schematic_symbol` | Place a symbol | `symbol_lib`, `symbol_name`, `pos_x`, `pos_y`, `reference`, `value`, `rotation`, `mirror` | Each argument identifies the part, its location, orientation, and visual style. |
| `connect_pins` | Create a wire | `sym_a`, `pin_a`, `sym_b`, `pin_b` | Uses the reference names and pin identifiers (e.g., `"GND"`, `"VIN"`, `"~"`) to link the required pins. |
| `write_out_all_wires` | Finalise all wires | None | Generates the actual wire objects in the schematic. |

With the above reasoning the generated Python code will produce a clean, centrally‑located schematic that satisfies the user’s specifications.<|end|><|start|>assistant<|channel|>final<|message|># Auto-generated schematic symbols
import sys
import os

# Get project path and import kicad schematic interface
PROJECT_PATH = os.environ['PROJECT_PATH']
sys.path.append(PROJECT_PATH)
from modules.kicad_sch_interface import *

### Placing center symbol 1 : Regulator_Switching:TPS54302###

center_x_1, center_y_1 = 150.0, 110.0

add_schematic_symbol(symbol_lib="Regulator_Switching", symbol_name="TPS54302", pos_x=center_x_1, pos_y=center_y_1, reference="U1", value="TPS54302", rotation=270, mirror="None")

### Placing other symbols in the Schematic with respect to the center symbol 1###

add_schematic_symbol(symbol_lib="74xx_IEEE", symbol_name="R", pos_x=center_x_1 + (-25), pos_y=center_y_1 + (0), reference="R1", value="2.2K", rotation=0, mirror="None")
add_schematic_symbol(symbol_lib="74xx_IEEE", symbol_name="R", pos_x=center_x_1 + (-15), pos_y=center_y_1 + (0), reference="R2", value="2.2K", rotation=0, mirror="None")

### Connecting all wires in the Schematic ###


# Connecting U1 pin VIN (Pin ID 3 -- Name VIN) to R1 pin ~ (Pin ID 2 -- Name ~)
connect_pins("U1", "VIN", "R1", "~")

# Connecting R1 pin ~ (Pin ID 1 -- Name ~) to R2 pin ~ (Pin ID 1 -- Name ~)
connect_pins("R1", "~", "R2", "~")

# Connecting R1 pin ~ (Pin ID 2 -- Name ~) to R2 pin ~ (Pin ID 2 -- Name ~)
connect_pins("R1", "~", "R2", "~")

# Connecting R2 pin ~ (Pin ID 2 -- Name ~) to U1 pin VIN (Pin ID 3 -- Name VIN)
connect_pins("R2", "~", "U1", "VIN")

# Connecting U1 pin GND (Pin ID 1 -- Name GND) to R1 pin ~ (Pin ID 1 -- Name ~)
connect_pins("U1", "GND", "R1", "~")

write_out_all_wires()
<|return|>
Saved generated code to /scratch/k2983/root-project/pcb-schematic-gen/SchGen/schematic_generation/t013_tps54302_generated.py
Saved raw response to /scratch/k2983/root-project/pcb-schematic-gen/SchGen/schematic_generation/t013_tps54302_generated.response.txt
