[MEMCHECK] after base_model load + per-expert MXFP4 dequant: host_maxrss=7.88GB gpu_alloc=17.36GB gpu_reserved=24.61GB gpu_peak=22.34GB
[FEEDBACK CHECK] feedback provided: False (len=0)
[MEMCHECK] before symbol_selector_llm creation: host_maxrss=7.88GB gpu_alloc=17.36GB gpu_reserved=24.61GB gpu_peak=22.34GB
[MEMCHECK] after symbol_selector_llm creation (post eager switch): host_maxrss=7.88GB gpu_alloc=17.36GB gpu_reserved=24.61GB gpu_peak=22.34GB
[RAW] prompt=Design a schematic for A circuit using a quad 2-input NAND gate to perform logical operations. Use exactly these real components: U1 as a 74LS00, in the KiCad library "74xx" (Quad 2-input NAND gate. Pin names are '~' in KiCad; use pin numbers. Gate1: A=1,B=2,Y=3. Gate2: A=4,B=5,Y=6. Gate3: A=9,B=10,Y=8. Gate4: A=12,B=13,Y=11.). Do not substitute or invent a different part for any of them. It is assumed that the quad 2-input NAND gate is used to perform logical operations, and that the inputs and outputs are connected as described.
[SEQLEN] input_ids shape: torch.Size([1, 1977])
[SEQLEN] input_ids shape: torch.Size([1, 4972])
[SEQLEN] input_ids shape: torch.Size([1, 5193])
[SEQLEN] input_ids shape: torch.Size([1, 3391])
[MEMCHECK] after run_raw_test (post symbol-selection generate() call): host_maxrss=8.77GB gpu_alloc=17.37GB gpu_reserved=31.43GB gpu_peak=28.96GB
[MEMCHECK] after switching back to flash_attention_2: host_maxrss=8.77GB gpu_alloc=17.37GB gpu_reserved=31.43GB gpu_peak=28.96GB
[MEMCHECK] after gc.collect + empty_cache: host_maxrss=8.77GB gpu_alloc=17.37GB gpu_reserved=18.94GB gpu_peak=28.96GB
[MEMCHECK] after PeftModel.from_pretrained: host_maxrss=8.77GB gpu_alloc=17.43GB gpu_reserved=18.98GB gpu_peak=28.96GB
[MEMCHECK] after merge_and_unload: host_maxrss=8.77GB gpu_alloc=17.37GB gpu_reserved=25.35GB gpu_peak=28.96GB
Model raw response: <|channel|>analysis<|message|>**High‑level goal**

The user wants a schematic that contains only one device: a 74LS00 (quad 2‑input NAND gate).  
The schematic must show the four NAND gates and the power rails (VCC and GND).  
All connections must be made exactly as the pin numbers indicate – no extra or missing pins.  
The only liberty is to place the symbols in a readable layout and to add labels for the power pins if that makes the netlist clearer.

---

### 1.  Choosing the centre symbol

A 48‑mm×48‑mm 74LS00 is a fairly large symbol, so we put it roughly in the middle of the 210 × 297 mm A4 sheet.  
A convenient centre is **(105 mm, 150 mm)** – this keeps the whole schematic well inside the page and gives enough room on all sides for the power pins and the labels we will add.

```python
center_x, center_y = 105.0, 150.0
add_schematic_symbol(
    symbol_lib="74xx",
    symbol_name="74LS00",
    pos_x=center_x,
    pos_y=center_y,
    reference="U1",
    value="74LS00",
    rotation=0,
    mirror="None"
)
```

*Why rotation 0?*  
The 74LS00 pins are already arranged with the input pins 1–2, 4–5, 9–10, 12–13 on the left and the output pins 3, 6, 8, 11 on the right.  
Leaving it unrotated keeps the schematic intuitive and avoids having to rotate the symbol.

---

### 2.  Adding the power symbols

The symbol description tells us that the VCC pin is at **(0, 12.7 mm)** and the GND pin at **(0, –12.7 mm)** relative to the symbol centre.  
To keep the schematic tidy we place the VCC symbol a little above the 74LS00 and the GND symbol a little below.

```python
# VCC
add_schematic_symbol(
    symbol_lib="power",
    symbol_name="VCC",
    pos_x=center_x,
    pos_y=center_y + 20.0,      # 20 mm above U1
    reference="#PWR1",
    value="VCC",
    rotation=0,
    mirror="None"
)

# GND
add_schematic_symbol(
    symbol_lib="power",
    symbol_name="GND",
    pos_x=center_x,
    pos_y=center_y - 20.0,      # 20 mm below U1
    reference="#PWR2",
    value="GND",
    rotation=0,
    mirror="None"
)
```

These two symbols will be wired to the VCC/GND pins of U1.

---

### 3.  Adding optional labels

For a clean netlist we could add global labels for VCC and GND and connect them to the corresponding pins of U1.  
The `add_label` function requires a coordinate that is close to the pin we are labeling.  
We use the helper `get_pin_location` to fetch the exact coordinates of each pin, then offset the label a few millimetres.

```python
# VCC label
x_VCC, y_VCC = get_pin_location("U1", "1")   # VCC pin
add_label(
    label_pos=[x_VCC, y_VCC + 5.0],          # 5 mm above the pin
    label_text="VCC",
    label_ref="VCC_0",
    label_type="input",
    text_orient="up"
)

# GND label
x_GND, y_GND = get_pin_location("U1", "14") # GND pin
add_label(
    label_pos=[x_GND, y_GND - 5.0],          # 5 mm below the pin
    label_text="GND",
    label_ref="GND_0",
    label_type="output",
    text_orient="down"
)
```

Connecting the labels to the pins is straightforward:

```python
connect_pins("VCC_0", "1", "U1", "1")   # VCC
connect_pins("GND_0", "1", "U1", "14")  # GND
```

---

### 4.  Wiring the NAND gates

The 74LS00 pin naming convention is:  

* Gate 1: A = 1, B = 2, Y = 3  
* Gate 2: A = 4, B = 5, Y = 6  
* Gate 3: A = 9, B = 10, Y = 8  
* Gate 4: A = 12, B = 13, Y = 11  

All pins are already wired by the symbol itself, so the only required connections are:

1. **VCC** – connect U1 pin 1 (VCC) to the VCC symbol.  
2. **GND** – connect U1 pin 14 (GND) to the GND symbol.  

If we want to expose the outputs of the NAND gates for an external circuit, we could add pins to the schematic.  
But the user only asked for the NAND gates and the power rails, so no additional external connections are needed.

```python
connect_pins("U1", "1", "#PWR1", "VCC")   # VCC to U1
connect_pins("U1", "14", "#PWR2", "GND")  # GND to U1
```

The internal connections of the 74LS00 (the cross‑bar wiring inside the IC) are handled automatically by the symbol; we do not model them in the schematic.

---

### 5.  Finalising the schematic

After all symbols, labels, and wires are created we call

```python
write_out_all_wires()
```

which writes the netlist and finalises the schematic file.

---

### Summary of the code structure

| Step | Function | Purpose | Key arguments |
|------|----------|---------|---------------|
| 1 | `add_schematic_symbol` (U1) | Place 74LS00 at centre | lib=`74xx`, name=`74LS00`, pos=`(105,150)`, ref=`U1` |
| 2 | `add_schematic_symbol` (VCC) | Place VCC symbol above U1 | pos=`(105,170)` |
| 3 | `add_schematic_symbol` (GND) | Place GND symbol below U1 | pos=`(105,130)` |
| 4 | `add_label` (VCC) | Add global VCC label | pos near pin 1 |
| 5 | `add_label` (GND) | Add global GND label | pos near pin 14 |
| 6 | `connect_pins` (VCC) | Wire VCC to U1 pin 1 | `U1` pin 1 ↔ `#PWR1` |
| 7 | `connect_pins` (GND) | Wire GND to U1 pin 14 | `U1` pin 14 ↔ `#PWR2` |
| 8 | `write_out_all_wires` | Finalise schematic |

All pin names used in `connect_pins` match the symbol’s pin numbers exactly, ensuring the netlist will reflect the correct 2‑input NAND logic.  
The layout keeps the symbols spaced out (20 mm between power symbols and the IC) so that the bounding boxes do not overlap and the schematic remains readable.<|end|><|start|>assistant<|channel|>final<|message|># Auto-generated schematic symbols
import sys
import os

# Get project path and import kicad schematic interface
PROJECT_PATH = os.environ['PROJECT_PATH']
sys.path.append(PROJECT_PATH)
from modules.kicad_sch_interface import *

### Placing center symbol 1 : 74xx:74LS00###

center_x_1, center_y_1 = 105.0, 150.0

add_schematic_symbol(symbol_lib="74xx", symbol_name="74LS00", pos_x=center_x_1, pos_y=center_y_1, reference="U1", value="74LS00", rotation=0, mirror="None")

### Placing other symbols in the Schematic with respect to the center symbol 1###

add_schematic_symbol(symbol_lib="power", symbol_name="VCC", pos_x=center_x_1 + (0), pos_y=center_y_1 + (20), reference="#PWR1", value="VCC", rotation=0, mirror="None")
add_schematic_symbol(symbol_lib="power", symbol_name="GND", pos_x=center_x_1 + (0), pos_y=center_y_1 + (-20), reference="#PWR2", value="GND", rotation=0, mirror="None")

### Placing all global labels in the Schematic and connect them to the neighbor pin ###


### Connecting all wires in the Schematic ###


# Connecting U1 pin 14 (Pin ID 14 -- Name None) to #PWR2 pin 1 (Pin ID 1 -- Name None)
connect_pins("U1", "14", "#PWR2", "1")

# Connecting #PWR1 pin VCC (Pin ID 1 -- Name VCC) to U1 pin VCC (Pin ID 1 -- Name VCC)
connect_pins("#PWR1", "VCC", "U1", "VCC")

write_out_all_wires()
<|return|>
Saved generated code to /scratch/k2983/root-project/pcb-schematic-gen/SchGen/schematic_generation/t013_74ls00_generated.py
Saved raw response to /scratch/k2983/root-project/pcb-schematic-gen/SchGen/schematic_generation/t013_74ls00_generated.response.txt
