[MEMCHECK] after base_model load + per-expert MXFP4 dequant: host_maxrss=7.88GB gpu_alloc=17.36GB gpu_reserved=24.61GB gpu_peak=22.34GB
[FEEDBACK CHECK] feedback provided: False (len=0)
[MEMCHECK] before symbol_selector_llm creation: host_maxrss=7.88GB gpu_alloc=17.36GB gpu_reserved=24.61GB gpu_peak=22.34GB
[MEMCHECK] after symbol_selector_llm creation (post eager switch): host_maxrss=7.88GB gpu_alloc=17.36GB gpu_reserved=24.61GB gpu_peak=22.34GB
[RAW] prompt=Design a schematic for A 3.3V CAN bus transceiver that supports up to 1 Mbps data rate and is ISO 11898-2 compatible. Use exactly these real components: R1, R2, C1, and C2 as 4 separate instances of a R, in the KiCad library "74xx_IEEE" (Generic SMD resistor), U1 as a SN65HVD230, in the KiCad library "Interface_CAN_LIN" (3.3V CAN bus transceiver, ISO 11898-2 compatible. Supports up to 1 Mbps data rate. RS pin controls slope/mode: tie to GND for high-speed, resistor to GND for slope control, tie to VCC for standby.). Do not substitute or invent a different part for any of them. Wire it up as follows: connect U1's GND pin (pin 2) to R1's ~ pin (pin 1) to R2's ~ pin (pin 1) to C1's ~ pin (pin 1) to C2's ~ pin (pin 1); connect U1's RS pin (pin 8) to R1's ~ pin (pin 1).
[SEQLEN] input_ids shape: torch.Size([1, 2071])
[SEQLEN] input_ids shape: torch.Size([1, 5066])
[SEQLEN] input_ids shape: torch.Size([1, 5287])
[SEQLEN] input_ids shape: torch.Size([1, 3485])
[SEQLEN] input_ids shape: torch.Size([1, 3485])
[SEQLEN] input_ids shape: torch.Size([1, 3485])
Azure CLI not found on path
[MEMCHECK] after run_raw_test (post symbol-selection generate() call): host_maxrss=8.77GB gpu_alloc=17.37GB gpu_reserved=31.86GB gpu_peak=29.24GB
[MEMCHECK] after switching back to flash_attention_2: host_maxrss=8.77GB gpu_alloc=17.37GB gpu_reserved=31.86GB gpu_peak=29.24GB
[MEMCHECK] after gc.collect + empty_cache: host_maxrss=8.77GB gpu_alloc=17.37GB gpu_reserved=18.94GB gpu_peak=29.24GB
[MEMCHECK] after PeftModel.from_pretrained: host_maxrss=8.77GB gpu_alloc=17.43GB gpu_reserved=18.98GB gpu_peak=29.24GB
[MEMCHECK] after merge_and_unload: host_maxrss=8.77GB gpu_alloc=17.37GB gpu_reserved=25.35GB gpu_peak=29.24GB
Model raw response: <|channel|>analysis<|message|>**High‑level goal**

The user wants a 3.3 V CAN‑bus transceiver (SN65HVD230) that is ISO 11898‑2 compliant and can run up to 1 Mbps.  
The schematic must contain exactly the following components:

| Ref | Symbol | Library | Description |
|-----|--------|---------|-------------|
| U1 | SN65HVD230 | Interface_CAN_LIN | 3.3 V CAN transceiver |
| R1 | Generic SMD resistor | 74xx_IEEE | 2.2 kΩ (or whatever value the user supplied) |
| R2 | Generic SMD resistor | 74xx_IEEE | 2.2 kΩ |
| C1 | Generic SMD resistor | 74xx_IEEE | 5.1 kΩ (or user‑specified) |
| C2 | Generic SMD resistor | 74xx_IEEE | 5.1 kΩ |

The connectivity is fully specified:

* U1 GND (pin 2) → R1 ⊼ (pin 1) → R2 ⊼ (pin 1) → C1 ⊼ (pin 1) → C2 ⊼ (pin 1).  
* U1 RS (pin 8) → R1 ⊼ (pin 1).

No other symbols (power symbols, labels, etc.) are required unless they are part of a wire.

---

### 1.  Symbol placement strategy

The schematic sheet is 210 × 297 mm (A4).  
To keep the design centred and avoid overlap, we place the transceiver at the centre of the sheet:

```text
center_x = 105.0 mm   # half of 210
center_y = 148.5 mm   # half of 297
```

The transceiver (U1) is added first.  
All other components are positioned to the left of U1, spaced by about 15 mm horizontally.  
Vertical offsets are chosen so that the pins that must be connected lie on the same horizontal line, which keeps the wires short and tidy.

| Symbol | offset_x | offset_y | rotation | mirror |
|--------|----------|----------|----------|--------|
| U1 | 0 | 0 | 0° | None |
| R1 | –30 mm | +10 mm | 0° | None |
| R2 | –20 mm | +10 mm | 0° | None |
| C1 | –10 mm | +10 mm | 0° | None |
| C2 | 0 mm  | +10 mm | 0° | None |

These offsets ensure that the “⊼” pins of the resistors (pin 1, the pin that is **up** in the 74xx_IEEE symbol) are all about 10 mm below the transceiver’s GND pin, so a single horizontal wire can run from the GND pin down to the chain of resistors and capacitors.

---

### 2.  Adding the symbols

`add_schematic_symbol()` is called for each component.  
Arguments:

* **symbol_lib** – library name (`"Interface_CAN_LIN"` for U1, `"74xx_IEEE"` for the rest).  
* **symbol_name** – the exact symbol name inside the library (`"SN65HVD230"` or `"R"`).  
* **pos_x, pos_y** – calculated coordinates.  
* **reference** – the user‑supplied reference (`"U1"`, `"R1"`, `"C1"`, etc.).  
* **value** – appropriate value (`""` for U1, `"2.2k"` for resistors, `"5.1k"` for capacitors).  
* **rotation** – 0° for all symbols so that the pins face the same direction.  
* **mirror** – `"None"`; no mirroring is needed.

Example for the transceiver:

```python
add_schematic_symbol(symbol_lib="Interface_CAN_LIN",
                     symbol_name="SN65HVD230",
                     pos_x=center_x,
                     pos_y=center_y,
                     reference="U1",
                     value="SN65HVD230",
                     rotation=0,
                     mirror="None")
```

The same pattern repeats for the resistors and capacitors with their respective offsets.

---

### 3.  Connecting the pins

`connect_pins(sym_a, pin_a, sym_b, pin_b)` creates a wire between two pins.

#### a.  GND chain

1. **U1 GND (pin 2)** → **R1 ⊼ (pin 1)**  
2. **R1 ⊼ (pin 1)** → **R2 ⊼ (pin 1)**  
3. **R2 ⊼ (pin 1)** → **C1 ⊼ (pin 1)**  
4. **C1 ⊼ (pin 1)** → **C2 ⊼ (pin 1)**  

The chain is built by successive `connect_pins()` calls.  
Because all pin 1 locations are roughly on the same horizontal line, the wires run straight down.

#### b.  RS line

**U1 RS (pin 8)** → **R1 ⊼ (pin 1)**  

The RS pin is on the same vertical line as the GND chain, so the wire is a short horizontal segment that connects directly to R1 ⊼.

#### c.  Power to transceiver

The SN65HVD230 also has a VCC pin (pin 3).  
Although not required by the user’s description, we connect VCC to a 1.8 V rail or to the 3.3 V supply if the transceiver supports it.  
In this schematic we simply leave it unconnected, assuming the user will add a separate power symbol if needed.

---

### 4.  Wire output

After all `connect_pins()` calls, `write_out_all_wires()` is invoked once.  
This function collects all the wire definitions and writes them into the KiCad schematic file.

---

### 5.  Final schematic layout (in words)

* **U1** sits at the centre.  
* **R1** is left‑bottom of U1.  
* **R2** is to the right of R1, still left of U1.  
* **C1** is right of R2, still left of U1.  
* **C2** sits directly under U1, aligning its “⊼” pin with the GND chain.  
* A single vertical wire runs from U1 GND down through R1, R2, C1, to C2.  
* A short horizontal wire connects U1 RS to the same “⊼” pin of R1, sharing the node of the GND chain.  

Because all pins that need to be connected are on the same horizontal line, the schematic is compact, readable, and free of crossing wires.

---

### 6.  Summary of function arguments used

| Function | Key arguments | Reason |
|----------|----------------|--------|
| `add_schematic_symbol` | `symbol_lib`, `symbol_name`, `pos_x`, `pos_y`, `reference`, `value`, `rotation`, `mirror` | Places each component at the calculated coordinates with the correct orientation and reference. |
| `connect_pins` | `sym_a`, `pin_a`, `sym_b`, `pin_b` | Creates wires between the specified pins; uses the pin names from the symbol’s pin list. |
| `write_out_all_wires` | – | Finalises the schematic by writing all wires. |

The entire Python script follows this logic: place the symbols, connect the required pins, and output the schematic. No extra labels or power symbols are added beyond what the user requested.<|end|><|start|>assistant<|channel|>final<|message|># Auto-generated schematic symbols
import sys
import os

# Get project path and import kicad schematic interface
PROJECT_PATH = os.environ['PROJECT_PATH']
sys.path.append(PROJECT_PATH)
from modules.kicad_sch_interface import *

### Placing center symbol 1 : Device:R###

center_x_1, center_y_1 = 150.0, 110.0

add_schematic_symbol(symbol_lib="Device", symbol_name="R", pos_x=center_x_1, pos_y=center_y_1, reference="R2", value="2.2K", rotation=90, mirror="None")

### Placing other symbols in the Schematic with respect to the center symbol 1###

add_schematic_symbol(symbol_lib="74xx_IEEE", symbol_name="R", pos_x=center_x_1 + (-2), pos_y=center_y_1 + (15), reference="R1", value="2.2K", rotation=90, mirror="None")
add_schematic_symbol(symbol_lib="74xx_IEEE", symbol_name="C", pos_x=center_x_1 + (0), pos_y=center_y_1 + (15), reference="C1", value="5.1K", rotation=180, mirror="None")
add_schematic_symbol(symbol_lib="Interface_CAN_LIN", symbol_name="SN65HVD230", pos_x=center_x_1 + (10), pos_y=center_y_1 + (5), reference="U1", value="SN65HVD230", rotation=0, mirror="None")

### Placing all global labels in the Schematic and connect them to the neighbor pin ###


### Connecting all wires in the Schematic ###


# Connecting R2 pin 1 (Pin ID 1 -- Name None) to C1 pin 1 (Pin ID 1 -- Name None)
connect_pins("R2", "1", "C1", "1")

# Connecting R1 pin 1 (Pin ID 1 -- Name None) to R2 pin 1 (Pin ID 1 -- Name None)
connect_pins("R1", "1", "R2", "1")

# Connecting U1 pin RS (Pin ID 8 -- Name RS) to R1 pin 1 (Pin ID 1 -- Name None)
connect_pins("U1", "RS", "R1", "1")

# Connecting U1 pin 9 (Pin ID 9 -- Name None) to R1 pin 2 (Pin ID 2 -- Name None)
connect_pins("U1", "9", "R1", "2")

# Connecting R2 pin 2 (Pin ID 2 -- Name None) to U1 pin GND (Pin ID 2 -- Name GND)
connect_pins("R2", "2", "U1", "GND")

write_out_all_wires()
<|return|>
Saved generated code to /scratch/k2983/root-project/pcb-schematic-gen/SchGen/schematic_generation/t013_sn65hvd230_generated.py
Saved raw response to /scratch/k2983/root-project/pcb-schematic-gen/SchGen/schematic_generation/t013_sn65hvd230_generated.response.txt
