[MEMCHECK] after base_model load + per-expert MXFP4 dequant: host_maxrss=7.88GB gpu_alloc=17.36GB gpu_reserved=24.61GB gpu_peak=22.34GB
[FEEDBACK CHECK] feedback provided: True (len=1735)
[MEMCHECK] before symbol_selector_llm creation: host_maxrss=7.88GB gpu_alloc=17.36GB gpu_reserved=24.61GB gpu_peak=22.34GB
[MEMCHECK] after symbol_selector_llm creation (post eager switch): host_maxrss=7.88GB gpu_alloc=17.36GB gpu_reserved=24.61GB gpu_peak=22.34GB
[RAW] prompt=Design a schematic for A 3.3V CAN bus transceiver that supports up to 1 Mbps data rate and is ISO 11898-2 compatible. Use exactly these real components: R1, R2, C1, and C2 as 4 separate instances of a R, in the KiCad library "74xx_IEEE" (Generic SMD resistor), U1 as a SN65HVD230, in the KiCad library "Interface_CAN_LIN" (3.3V CAN bus transceiver, ISO 11898-2 compatible. Supports up to 1 Mbps data rate. RS pin controls slope/mode: tie to GND for high-speed, resistor to GND for slope control, tie to VCC for standby.). Do not substitute or invent a different part for any of them. Wire it up as follows: connect U1's GND pin (pin 2) to R1's ~ pin (pin 1) to R2's ~ pin (pin 1) to C1's ~ pin (pin 1) to C2's ~ pin (pin 1); connect U1's RS pin (pin 8) to R1's ~ pin (pin 1).
[SEQLEN] input_ids shape: torch.Size([1, 2071])
[SEQLEN] input_ids shape: torch.Size([1, 5066])
[SEQLEN] input_ids shape: torch.Size([1, 5287])
[SEQLEN] input_ids shape: torch.Size([1, 3485])
[SEQLEN] input_ids shape: torch.Size([1, 3485])
[SEQLEN] input_ids shape: torch.Size([1, 3485])
Azure CLI not found on path
[MEMCHECK] after run_raw_test (post symbol-selection generate() call): host_maxrss=8.77GB gpu_alloc=17.37GB gpu_reserved=31.86GB gpu_peak=29.24GB
[MEMCHECK] after switching back to flash_attention_2: host_maxrss=8.77GB gpu_alloc=17.37GB gpu_reserved=31.86GB gpu_peak=29.24GB
[MEMCHECK] after gc.collect + empty_cache: host_maxrss=8.77GB gpu_alloc=17.37GB gpu_reserved=18.94GB gpu_peak=29.24GB
[MEMCHECK] after PeftModel.from_pretrained: host_maxrss=8.77GB gpu_alloc=17.43GB gpu_reserved=18.98GB gpu_peak=29.24GB
[MEMCHECK] after merge_and_unload: host_maxrss=8.77GB gpu_alloc=17.37GB gpu_reserved=25.35GB gpu_peak=29.24GB
Model raw response: <|channel|>final<|message|># Auto-generated schematic symbols
import sys
import os

# Get project path and import kicad schematic interface
PROJECT_PATH = os.environ['PROJECT_PATH']
sys.path.append(PROJECT_PATH)
from modules.kicad_sch_interface import *

### Placing center symbol 1 : 74xx_IEEE:R###

center_x_1, center_y_1 = 150.0, 110.0

add_schematic_symbol(symbol_lib="74xx_IEEE", symbol_name="R", pos_x=center_x_1, pos_y=center_y_1, reference="R2", value="2.2K", rotation=90, mirror="None")

### Placing other symbols in the Schematic with respect to the center symbol 1###

add_schematic_symbol(symbol_lib="74xx_IEEE", symbol_name="R", pos_x=center_x_1 + (-2), pos_y=center_y_1 + (15), reference="R1", value="2.2K", rotation=90, mirror="None")
add_schematic_symbol(symbol_lib="Device", symbol_name="C", pos_x=center_x_1 + (2), pos_y=center_y_1 + (15), reference="C1", value="5.1k", rotation=180, mirror="None")
add_schematic_symbol(symbol_lib="Interface_CAN_LIN", symbol_name="SN65HVD230", pos_x=center_x_1 + (10), pos_y=center_y_1 + (5), reference="U1", value="SN65HVD230", rotation=0, mirror="None")

### Placing all global labels in the Schematic and connect them to the neighbor pin ###


### Connecting all wires in the Schematic ###


# Connecting R2 pin 1 (Pin ID 1 -- Name None) to C1 pin 1 (Pin ID 1 -- Name None)
connect_pins("R2", "1", "C1", "1")

# Connecting R1 pin 1 (Pin ID 1 -- Name None) to R2 pin 1 (Pin ID 1 -- Name None)
connect_pins("R1", "1", "R2", "1")

# Connecting U1 pin RS (Pin ID 8 -- Name RS) to R1 pin 1 (Pin ID 1 -- Name None)
connect_pins("U1", "RS", "R1", "1")

# Connecting U1 pin 9 (Pin ID 9 -- Name None) to R1 pin 2 (Pin ID 2 -- Name None)
connect_pins("U1", "9", "R1", "2")

# Connecting R2 pin 2 (Pin ID 2 -- Name None) to U1 pin GND (Pin ID 2 -- Name GND)
connect_pins("R2", "2", "U1", "GND")

write_out_all_wires()
<|return|>
Saved generated code to /scratch/k2983/root-project/pcb-schematic-gen/SchGen/schematic_generation/t013_sn65hvd230_generated.py
Saved raw response to /scratch/k2983/root-project/pcb-schematic-gen/SchGen/schematic_generation/t013_sn65hvd230_generated.response.txt
