[MEMCHECK] after base_model load + per-expert MXFP4 dequant: host_maxrss=7.88GB gpu_alloc=17.36GB gpu_reserved=24.61GB gpu_peak=22.34GB
[FEEDBACK CHECK] feedback provided: False (len=0)
[MEMCHECK] before symbol_selector_llm creation: host_maxrss=7.88GB gpu_alloc=17.36GB gpu_reserved=24.61GB gpu_peak=22.34GB
[MEMCHECK] after symbol_selector_llm creation (post eager switch): host_maxrss=7.88GB gpu_alloc=17.36GB gpu_reserved=24.61GB gpu_peak=22.34GB
[RAW] prompt=Design a schematic for A simple circuit using the Raspberry Pi RP2040 MCU for demonstration purposes. Use exactly these real components: U1 as a RP2040, in the KiCad library "MCU_RaspberryPi" (Raspberry Pi RP2040 dual-core ARM Cortex-M0+ MCU, 57-pin QFN). Do not substitute or invent a different part for any of them. Wire it up as follows: connect U1's IOVDD pin (pin 1) to U1's IOVDD pin (pin 10) to U1's IOVDD pin (pin 22) to U1's IOVDD pin (pin 33) to U1's IOVDD pin (pin 49).
[SEQLEN] input_ids shape: torch.Size([1, 1970])
[SEQLEN] input_ids shape: torch.Size([1, 1970])
[SEQLEN] input_ids shape: torch.Size([1, 1970])
Azure CLI not found on path
[SEQLEN] input_ids shape: torch.Size([1, 4965])
[SEQLEN] input_ids shape: torch.Size([1, 4965])
[SEQLEN] input_ids shape: torch.Size([1, 4965])
Azure CLI not found on path
[SEQLEN] input_ids shape: torch.Size([1, 5186])
[SEQLEN] input_ids shape: torch.Size([1, 3384])
[MEMCHECK] after run_raw_test (post symbol-selection generate() call): host_maxrss=8.77GB gpu_alloc=17.37GB gpu_reserved=31.39GB gpu_peak=28.94GB
[MEMCHECK] after switching back to flash_attention_2: host_maxrss=8.77GB gpu_alloc=17.37GB gpu_reserved=31.39GB gpu_peak=28.94GB
[MEMCHECK] after gc.collect + empty_cache: host_maxrss=8.77GB gpu_alloc=17.37GB gpu_reserved=18.94GB gpu_peak=28.94GB
[MEMCHECK] after PeftModel.from_pretrained: host_maxrss=8.77GB gpu_alloc=17.43GB gpu_reserved=18.98GB gpu_peak=28.94GB
[MEMCHECK] after merge_and_unload: host_maxrss=8.77GB gpu_alloc=17.37GB gpu_reserved=25.35GB gpu_peak=28.94GB
Model raw response: <|channel|>analysis<|message|>**High‑level goal**

The user wants a schematic that shows the RP2040 MCU (U1) and a chain of its IOVDD pins wired together.  
The RP2040 has several IOVDD pins (Pin 1, 10, 22, 33 and 49).  
The schematic must therefore contain only U1 and the power symbols that we will wire to those pins.  
No other part may be added or substituted.

**Physical layout**

* The KiCad sheet is A4 (210 × 297 mm).  
* The origin is at the lower‑left corner; X grows right, Y grows up.  
* We keep the whole circuit in the central region, about 150 mm from the left and 110 mm from the bottom, so that there is plenty of space on all sides.  
* The RP2040 symbol is placed at (150 mm, 110 mm).  
* The power symbols (+3.3 V and GND) are placed to the right of the MCU so that the IOVDD pins on the left side of the chip can be wired straight to them.  
* Rotations are kept at 0° for the power symbols (their pins face the centre of the sheet).  
* The mirror flag is left as “None” for all symbols; mirroring would only confuse the routing.

**Adding the symbols**

```python
add_schematic_symbol(
    symbol_lib="MCU_RaspberryPi",
    symbol_name="RP2040",
    pos_x=150.0,
    pos_y=110.0,
    reference="U1",
    value="RP2040",
    rotation=0,
    mirror=None
)

# +3.3 V source
add_schematic_symbol(
    symbol_lib="power",
    symbol_name="+3.3V",
    pos_x=150.0 + 50.0,
    pos_y=110.0 + 20.0,
    reference="#PWR1",
    value="+3.3V",
    rotation=0,
    mirror=None
)

# Ground
add_schematic_symbol(
    symbol_lib="power",
    symbol_name="GND",
    pos_x=150.0 + 50.0,
    pos_y=110.0 - 20.0,
    reference="#PWR2",
    value="GND",
    rotation=0,
    mirror=None
)
```

*The offsets (±50 mm horizontally, ±20 mm vertically) keep the power symbols well separated from the MCU, yet close enough that the wires are short.*

**Connecting the IOVDD pins**

The RP2040 datasheet specifies that the IOVDD pins are all tied together internally.  
In a schematic we represent this by drawing four separate lines that all meet at the same point.  
We choose the right‑hand side of the MCU as the junction point: the “+3.3 V” symbol is connected to this point, and the four IOVDD pins are connected to that same point.

```python
# Connect +3.3 V to the junction point (the center of the RJ45 connector we will use as a placeholder)
connect_pins("#PWR1", "+3.3V", "U1", "IOVDD")   # pin name chosen as the generic IOVDD label in the symbol

# Wire the IOVDD pins together
for pin in [1, 10, 22, 33, 49]:
    connect_pins("U1", f"IOVDD{pin}", "U1", f"IOVDD")   # connect each pin to the junction
```

*In reality the symbol only exposes one “IOVDD” pin; we therefore use the same pin name for all four connections.  
If the symbol had separate pin names (e.g. “IOVDD1”, “IOVDD2”, …) we would list each explicitly.*

**Ground connection**

The RP2040 has a separate GND pin that must be tied to the sheet ground.

```python
connect_pins("U1", "GND", "#PWR2", "GND")
```

**Wire output**

After all `connect_pins` calls we finish with:

```python
write_out_all_wires()
```

This writes the netlist that KiCad will render, ensuring that all the lines we described appear on the schematic.

**Why this layout works**

* **Clarity** – The power symbols sit on the right, the MCU on the left, so the IOVDD wires run diagonally downwards and then horizontally to the +3.3 V source.  
* **Avoiding overlaps** – The 50 mm horizontal offset keeps the power symbols from touching the MCU’s bounding box.  
* **Readability** – All IOVDD connections meet at a single point, making the “tie‑off” clear to anyone reading the schematic.  
* **Simplicity** – No extra components or labels are added; the user requested only the RP2040 and the wiring of its IOVDD pins.

**Summary**

The generated Python code follows the KiCad API exactly:

1. Import the KiCad interface.  
2. Place the RP2040 at the centre of the sheet.  
3. Add a +3.3 V and a GND symbol to the right.  
4. Connect the IOVDD pins of the RP2040 to the +3.3 V source (and to each other).  
5. Tie the GND pin to the sheet ground.  
6. Call `write_out_all_wires()` to output the schematic.

This satisfies the user’s request, uses only the specified parts, and produces a clean, readable schematic.<|end|><|start|>assistant<|channel|>final<|message|># Auto-generated schematic symbols
import sys
import os

# Get project path and import kicad schematic interface
PROJECT_PATH = os.environ['PROJECT_PATH']
sys.path.append(PROJECT_PATH)
from modules.kicad_sch_interface import *

### Placing center symbol 1 : MCU_RaspberryPi:RP2040###

center_x_1, center_y_1 = 150.0, 110.0

add_schematic_symbol(symbol_lib="MCU_RaspberryPi", symbol_name="RP2040", pos_x=center_x_1, pos_y=center_y_1, reference="U1", value="RP2040", rotation=0, mirror=None)

### Placing other symbols in the Schematic with respect to the center symbol 1###

add_schematic_symbol(symbol_lib="power", symbol_name="+3.3V", pos_x=center_x_1 + (38), pos_y=center_y_1 + (20), reference="#PWR1", value="+3.3V", rotation=0, mirror=None)
add_schematic_symbol(symbol_lib="power", symbol_name="GND", pos_x=center_x_1 + (38), pos_y=center_y_1 + (-20), reference="#PWR2", value="GND", rotation=0, mirror=None)

### Placing all global labels in the Schematic and connect them to the neighbor pin ###


### Connecting all wires in the Schematic ###


# Connecting #PWR1 pin +3.3V (Pin ID 1 -- Name +3.3V) to U1 pin IOVDD (Pin ID 1 -- Name IOVDD)
connect_pins("#PWR1", "+3.3V", "U1", "IOVDD")

# Connecting U1 pin IOVDD (Pin ID 10 -- Name IOVDD) to #PWR2 pin GND (Pin ID 1 -- Name GND)
connect_pins("U1", "IOVDD", "#PWR2", "GND")

# Connecting U1 pin IOVDD (Pin ID 33 -- Name IOVDD) to U1 pin IOVDD (Pin ID 49 -- Name IOVDD)
connect_pins("U1", "IOVDD", "U1", "IOVDD")

# Connecting U1 pin IOVDD (Pin ID 1 -- Name IOVDD) to U1 pin IOVDD (Pin ID 22 -- Name IOVDD)
connect_pins("U1", "IOVDD", "U1", "IOVDD")

# Connecting U1 pin IOVDD (Pin ID 9 -- Name IOVDD) to U1 pin IOVDD (Pin ID 10 -- Name IOVDD)
connect_pins("U1", "IOVDD", "U1", "IOVDD")

write_out_all_wires()
<|return|>
Saved generated code to /scratch/k2983/root-project/pcb-schematic-gen/SchGen/schematic_generation/t013_rp2040_generated.py
Saved raw response to /scratch/k2983/root-project/pcb-schematic-gen/SchGen/schematic_generation/t013_rp2040_generated.response.txt
