[MEMCHECK] after base_model load + per-expert MXFP4 dequant: host_maxrss=7.88GB gpu_alloc=17.36GB gpu_reserved=24.61GB gpu_peak=22.34GB
[FEEDBACK CHECK] feedback provided: False (len=0)
[MEMCHECK] before symbol_selector_llm creation: host_maxrss=7.88GB gpu_alloc=17.36GB gpu_reserved=24.61GB gpu_peak=22.34GB
[MEMCHECK] after symbol_selector_llm creation (post eager switch): host_maxrss=7.88GB gpu_alloc=17.36GB gpu_reserved=24.61GB gpu_peak=22.34GB
[RAW] prompt=Design a schematic for A simple circuit using an NPN general-purpose transistor to amplify a signal. Use exactly these real components: Q1 as a MMBT3904, in the KiCad library "Transistor_BJT" (NPN general-purpose transistor, 40V 200mA, SOT-23. SMD equivalent of 2N3904.). Do not substitute or invent a different part for any of them.
[SEQLEN] input_ids shape: torch.Size([1, 1908])
[SEQLEN] input_ids shape: torch.Size([1, 4903])
[SEQLEN] input_ids shape: torch.Size([1, 5124])
[SEQLEN] input_ids shape: torch.Size([1, 5124])
[SEQLEN] input_ids shape: torch.Size([1, 5124])
Azure CLI not found on path
[SEQLEN] input_ids shape: torch.Size([1, 3322])
[MEMCHECK] after run_raw_test (post symbol-selection generate() call): host_maxrss=8.77GB gpu_alloc=17.37GB gpu_reserved=31.13GB gpu_peak=28.76GB
[MEMCHECK] after switching back to flash_attention_2: host_maxrss=8.77GB gpu_alloc=17.37GB gpu_reserved=31.13GB gpu_peak=28.76GB
[MEMCHECK] after gc.collect + empty_cache: host_maxrss=8.77GB gpu_alloc=17.37GB gpu_reserved=18.94GB gpu_peak=28.76GB
[MEMCHECK] after PeftModel.from_pretrained: host_maxrss=8.77GB gpu_alloc=17.43GB gpu_reserved=18.98GB gpu_peak=28.76GB
[MEMCHECK] after merge_and_unload: host_maxrss=8.77GB gpu_alloc=17.37GB gpu_reserved=25.35GB gpu_peak=28.76GB
Model raw response: <|channel|>analysis<|message|>**High‑level goal**

The user wants a tiny amplifier that uses only a single NPN transistor – the MMBT3904 – together with a few passive parts.  
The schematic must be built with the exact symbols listed in the request (the MMBT3904 from the *Transistor_BJT* library and the generic *R*, *C*, *L*, *Battery*, power and ground symbols).  
No part substitution or arbitrary values are allowed; every connection must come from the real pin names and the spatial layout must keep the symbols from overlapping while staying roughly centered on the A4 sheet.

---

### 1.  Choosing a reference point

A single “center” symbol makes the layout easier to describe.  
I put the **MMBT3904 (Q1)** at `(150 mm, 110 mm)` – roughly the middle of a 210 × 297 mm page – and used it as the reference for all other components.  
All offsets are expressed in whole‑millimeter units to keep the code readable.

---

### 2.  Placing the symbols

| Symbol | Library | Reference | Value | Pos (relative to Q1) | Rotation | Mirror |
|--------|---------|-----------|-------|----------------------|----------|--------|
| Q1 (MMBT3904) | Transistor_BJT | Q1 | “MMBT3904” | (150, 110) | 0° | None |
| R1 (input resistor) | Device | R1 | “1K” | (150‑30, 110) | 0° | None |
| R2 (output resistor) | Device | R2 | “5.2k” | (150‑30, 110‑7) | 0° | None |
| C1 (decoupling) | Device | C1 | “0.1µF” | (150, 110‑15) | 0° | None |
| L1 (inductor) | Device | L1 | “1 mH” | (150‑30, 110‑22) | 0° | None |
| Battery | Device | BAT | “+5V” | (150‑22, 110‑29) | 0° | None |
| +5 V label | power | +5V | “+5V” | (150, 110+8) | 0° | None |
| GND label | power | GND | “GND” | (150, 110‑30) | 0° | None |

*Why these offsets?*  
- The resistor pair sits left of the transistor, giving a clear signal path from the input.  
- The capacitor and inductor form a simple low‑pass filter right of the transistor.  
- The battery and power labels are placed above the transistor to keep the “source” and “ground” visually separate from the active components.

---

### 3.  Adding global labels

The transistor pins are:

- **B (base)** – right‑hand side, 5.08 mm up  
- **E (emitter)** – right‑hand side, 5.08 mm down  
- **C (collector)** – right‑hand side, 5.08 mm up

I placed labels near the pin positions using `get_pin_location()`.  
Each label is an “input” type and the text is oriented so the arrow points toward the pin:

| Label text | Label ref | Pin | Offset from pin |
|------------|-----------|-----|-----------------|
| Vcc | VCC_0 | B | (‑10, 0) |
| GND | GND_0 | E | (‑10, 0) |
| OUT | OUT_0 | C | (+10, 0) |

The offsets keep the labels a short distance from the pin but still inside the schematic column so the wires can run straight to the next component.

---

### 4.  Wire connections – logic first

The circuit is a simple common‑emitter amplifier:

1. **Signal path** – A 1 kΩ resistor (R1) pulls the base from the Vcc source.  
2. **Emitter bypass** – The 0.1 µF capacitor (C1) ties the emitter to ground, providing AC bypass.  
3. **Collector load** – The 5.2 kΩ resistor (R2) pulls the collector to Vcc, forming the load.  
4. **Decoupling** – The 1 mH inductor (L1) and the battery (BAT) provide a low‑pass path to ground for high‑frequency noise.  
5. **Power** – +5 V and GND are supplied by the power labels.

The `connect_pins()` calls reflect this topology:

- **Vcc → R1**: `connect_pins("+5V_0", "1", "R1", "1")`  
- **Vcc → R2**: `connect_pins("+5V_0", "1", "R2", "1")`  
- **Vcc → R2 → BAT**: `connect_pins("R2", "2", "BAT", "+")`  
- **BAT → GND**: `connect_pins("BAT", "-", "GND_0", "1")`  
- **R1 → Q1.B**: `connect_pins("R1", "2", "Q1", "B")`  
- **Q1.E → C1**: `connect_pins("Q1", "E", "C1", "1")`  
- **C1 → GND**: `connect_pins("C1", "2", "GND_0", "1")`  
- **Q1.C → R2**: `connect_pins("Q1", "C", "R2", "2")`  
- **L1 → C1**: `connect_pins("L1", "1", "C1", "1")`  
- **L1 → BAT**: `connect_pins("L1", "2", "BAT", "+")`  
- **OUT label → Q1.C**: `connect_pins("OUT_0", "1", "Q1", "C")`

These connections form the complete signal path and power network.

---

### 5.  Wire drawing

After all `connect_pins()` calls, `write_out_all_wires()` generates the actual schematic netlist.  
Because every pin involved has been referenced exactly once, the resulting wires are short, straight, and free of crossings.

---

### 6.  Why the chosen rotations and mirrors work

- **Transistor (Q1)** – rotation 0° keeps the base on the right, matching the standard “BEE” orientation.  
- **Resistors (R1, R2)** – 0° keeps the leads horizontal, which aligns neatly with the Vcc and ground labels.  
- **Capacitor (C1)** – 0° places its leads vertical, so it sits neatly between the emitter and ground.  
- **Inductor (L1)** – 0° gives a horizontal loop, making the low‑pass path visually contiguous.  
- **Battery** – 0° places the + and – pins horizontally, so the + side can connect straight to the collector and the – side straight to GND.  
- **Power labels** – straight pins simplify the connection to the nearest pin.

No mirroring is required because the default orientations already place the pins in the desired directions.

---

### 7.  Summary of the design intent

- **Signal enters through R1, goes to the base (B)** – this is the classic input bias.  
- **Emitter is AC‑bypassed to ground via C1** – stabilises the gain.  
- **Collector sees the load resistor R2 to Vcc** – this forms the output node.  
- **Inductor and battery provide a simple low‑pass filter** – reducing high‑frequency noise.  
- **All power connections are explicit** – +5 V comes from a dedicated label, GND is shared by the capacitor and the battery negative terminal.

The resulting schematic is compact, readable, and meets the user’s requirement of using the exact MMBT3904 component.<|end|><|start|>assistant<|channel|>final<|message|># Auto-generated schematic symbols
import sys
import os

# Get project path and import kicad schematic interface
PROJECT_PATH = os.environ['PROJECT_PATH']
sys.path.append(PROJECT_PATH)
from modules.kicad_sch_interface import *

### Placing center symbol 1 : Transistor_BJT:MMBT3904###

center_x_1, center_y_1 = 150.0, 110.0

add_schematic_symbol(symbol_lib="Transistor_BJT", symbol_name="MMBT3904", pos_x=center_x_1, pos_y=center_y_1, reference="Q1", value="MMBT3904", rotation=0, mirror="None")

### Placing other symbols in the Schematic with respect to the center symbol 1###

add_schematic_symbol(symbol_lib="Device", symbol_name="R", pos_x=center_x_1 + (-31), pos_y=center_y_1 + (7), reference="R1", value="1K", rotation=0, mirror="None")
add_schematic_symbol(symbol_lib="Device", symbol_name="R", pos_x=center_x_1 + (-31), pos_y=center_y_1 + (-7), reference="R2", value="5.2k", rotation=0, mirror="None")
add_schematic_symbol(symbol_lib="Device", symbol_name="C", pos_x=center_x_1 + (0), pos_y=center_y_1 + (-27), reference="C1", value="0.1uF", rotation=0, mirror="None")
add_schematic_symbol(symbol_lib="Device", symbol_name="L", pos_x=center_x_1 + (0), pos_y=center_y_1 + (-22), reference="L1", value="1mH", rotation=0, mirror="None")
add_schematic_symbol(symbol_lib="Device", symbol_name="Battery", pos_x=center_x_1 + (7), pos_y=center_y_1 + (-29), reference="BAT", value="+5V", rotation=0, mirror="None")
add_schematic_symbol(symbol_lib="power", symbol_name="+5V", pos_x=center_x_1 + (2), pos_y=center_y_1 + (10), reference="#PWR1", value="+5V", rotation=0, mirror="None")
add_schematic_symbol(symbol_lib="power", symbol_name="GND", pos_x=center_x_1 + (2), pos_y=center_y_1 + (-30), reference="#PWR2", value="GND", rotation=0, mirror="None")

### Placing all global labels in the Schematic and connect them to the neighbor pin ###

# Add label VCC next to Q1 pin C 
x_Q1_1, y_Q1_1 = get_pin_location(symbol_ref="Q1", pin_name="C")
add_label(label_pos=[x_Q1_1+(-10), y_Q1_1], label_text="VCC", label_ref="VCC_0", label_type="input", text_orient="left")
# Connecting Label VCC label_id:0 to Q1 pin C (Pin ID 1 -- Name C)
connect_pins("VCC_0", "1", "Q1", "C")

# Add label GND next to Q1 pin E 
x_Q1_2, y_Q1_2 = get_pin_location(symbol_ref="Q1", pin_name="E")
add_label(label_pos=[x_Q1_2+(-10), y_Q1_2], label_text="GND", label_ref="GND_0", label_type="input", text_orient="left")
# Connecting Label GND label_id:0 to Q1 pin E (Pin ID 2 -- Name E)
connect_pins("GND_0", "1", "Q1", "E")

# Add label OUT next to Q1 pin B 
x_Q1_3, y_Q1_3 = get_pin_location(symbol_ref="Q1", pin_name="B")
add_label(label_pos=[x_Q1_3+(10), y_Q1_3], label_text="OUT", label_ref="OUT_0", label_type="input", text_orient="right")
# Connecting Label OUT label_id:0 to Q1 pin B (Pin ID 3 -- Name B)
connect_pins("OUT_0", "1", "Q1", "B")


### Connecting all wires in the Schematic ###


# Connecting R1 pin 2 (Pin ID 2 -- Name None) to Q1 pin C (Pin ID 1 -- Name C)
connect_pins("R1", "2", "Q1", "C")

# Connecting C1 pin 2 (Pin ID 2 -- Name None) to L1 pin 1 (Pin ID 1 -- Name 1)
connect_pins("C1", "2", "L1", "1")

# Connecting R1 pin 1 (Pin ID 1 -- Name None) to Q1 pin C (Pin ID 1 -- Name C)
connect_pins("R1", "1", "Q1", "C")

# Connecting R2 pin 1 (Pin ID 1 -- Name None) to Q1 pin B (Pin ID 3 -- Name B)
connect_pins("R2", "1", "Q1", "B")

# Connecting L1 pin 2 (Pin ID 2 -- Name 2) to BAT pin + (Pin ID 1 -- Name +)
connect_pins("L1", "2", "BAT", "+")

# Connecting Q1 pin C (Pin ID 1 -- Name C) to R2 pin 2 (Pin ID 2 -- Name None)
connect_pins("Q1", "C", "R2", "2")

# Connecting #PWR1 pin +5V (Pin ID 1 -- Name +5V) to R1 pin 1 (Pin ID 1 -- Name None)
connect_pins("#PWR1", "+5V", "R1", "1")

# Connecting R2 pin 2 (Pin ID 2 -- Name None) to L1 pin 2 (Pin ID 2 -- Name 2)
connect_pins("R2", "2", "L1", "2")

# Connecting C1 pin 1 (Pin ID 1 -- Name None) to Q1 pin E (Pin ID 2 -- Name E)
connect_pins("C1", "1", "Q1", "E")

# Connecting #PWR2 pin 1 (Pin ID 1 -- Name None) to BAT pin - (Pin ID 2 -- Name -)
connect_pins("#PWR2", "1", "BAT", "-")

write_out_all_wires()
<|return|>
Saved generated code to /scratch/k2983/root-project/pcb-schematic-gen/SchGen/schematic_generation/t013_mmbt3904_generated.py
Saved raw response to /scratch/k2983/root-project/pcb-schematic-gen/SchGen/schematic_generation/t013_mmbt3904_generated.response.txt
