[MEMCHECK] after base_model load + per-expert MXFP4 dequant: host_maxrss=7.88GB gpu_alloc=17.36GB gpu_reserved=24.61GB gpu_peak=22.34GB
[FEEDBACK CHECK] feedback provided: False (len=0)
[MEMCHECK] before symbol_selector_llm creation: host_maxrss=7.88GB gpu_alloc=17.36GB gpu_reserved=24.61GB gpu_peak=22.34GB
[MEMCHECK] after symbol_selector_llm creation (post eager switch): host_maxrss=7.88GB gpu_alloc=17.36GB gpu_reserved=24.61GB gpu_peak=22.34GB
[RAW] prompt=Design a schematic for A simple circuit using a Schottky barrier rectifier to rectify AC voltage. Use exactly these real components: D1 as a SS14, in the KiCad library "Diode" (Schottky barrier rectifier, 40 V 1 A, SMA SMD). Do not substitute or invent a different part for any of them.
[SEQLEN] input_ids shape: torch.Size([1, 1893])
[SEQLEN] input_ids shape: torch.Size([1, 4888])
[SEQLEN] input_ids shape: torch.Size([1, 4888])
[SEQLEN] input_ids shape: torch.Size([1, 4888])
Azure CLI not found on path
[SEQLEN] input_ids shape: torch.Size([1, 5109])
[SEQLEN] input_ids shape: torch.Size([1, 3307])
[MEMCHECK] after run_raw_test (post symbol-selection generate() call): host_maxrss=8.77GB gpu_alloc=17.37GB gpu_reserved=31.07GB gpu_peak=28.72GB
[MEMCHECK] after switching back to flash_attention_2: host_maxrss=8.77GB gpu_alloc=17.37GB gpu_reserved=31.07GB gpu_peak=28.72GB
[MEMCHECK] after gc.collect + empty_cache: host_maxrss=8.77GB gpu_alloc=17.37GB gpu_reserved=18.94GB gpu_peak=28.72GB
[MEMCHECK] after PeftModel.from_pretrained: host_maxrss=8.77GB gpu_alloc=17.43GB gpu_reserved=18.98GB gpu_peak=28.72GB
[MEMCHECK] after merge_and_unload: host_maxrss=8.77GB gpu_alloc=17.37GB gpu_reserved=25.35GB gpu_peak=28.72GB
Model raw response: <|channel|>analysis<|message|>**High‑level goal**

The user wants a one‑shot rectifier that turns a single‑phase AC input into a DC output using a *SS14* Schottky barrier diode.  
Only the following parts may be used:

| Symbol | Library | Part | Value | Reason for use |
|--------|---------|------|-------|----------------|
| D1 | Diode | SS14 | 40 V 1 A SMD | The user explicitly demands this exact diode. |
| VIN | Power | AC | – | Provides the AC input. |
| GND | Power | GND | – | Provides the ground reference. |
| Vout | Power | +12 V (or any convenient voltage) | – | Optional: an output label to show the rectified DC. |

The schematic is therefore very small – just a DC block with the diode oriented correctly so that the anode is on the input side and the cathode on the output side.

---

**Symbol placement strategy**

The KiCad schematic sheet is 210 mm × 297 mm (A4).  
To keep the circuit centred and give the designer enough room to add optional labels, we place the symbols in a vertical column:

1. **Center reference** – we choose a convenient centre point `(150 mm, 110 mm)` on the page.  
2. **VIN (AC power)** – placed 20 mm above the centre, offset horizontally by +20 mm.  
3. **D1 (SS14)** – placed directly below VIN, 5 mm lower.  
4. **GND** – placed 15 mm below D1.  
5. **Vout (+12 V)** – placed 15 mm below GND, offset to the right by +15 mm.

These offsets give a clean vertical stack: VIN → D1 → GND → Vout. All symbols use the default rotation (`0°`) except the diode, which we rotate `90°` so that its cathode (K) points downwards toward the GND rail. No mirroring is required.

---

**Pin mapping**

| Symbol | Pin name | Function | Connection |
|--------|----------|----------|------------|
| VIN (Power) | AC | AC input | Connected to D1 A (anode) |
| D1 (SS14) | A (anode) | Accepts AC | Connected to VIN AC |
| D1 (SS14) | K (cathode) | Output side | Connected to GND (ground) |
| GND (Power) | GND | Reference | Connected to D1 K |
| Vout (+12 V) | +12 V | Output label | Connected to D1 K (optional, just a label) |

The **AC** pin of the power symbol is a *single* pin; its orientation is “Up”, meaning the pin is at the top of the symbol. The **GND** pin is at the bottom (“Down”). The SS14 diode has two pins: anode (A) on the right side (orientation “Left”) and cathode (K) on the left side (orientation “Right”). By rotating the diode 90°, its cathode is now pointing down, making the wire to GND a straight vertical line.

---

**Label placement**

We add two global labels so that the schematic can be read without looking at the symbol names:

1. **AC_IN** – placed 10 mm to the left of VIN’s AC pin.  
2. **DC_OUT** – placed 10 mm to the right of D1’s K pin.

The label’s `text_orient` is set to “left” for AC_IN and “right” for DC_OUT, matching the direction of the wire that will emanate from each pin.

---

**Wire connections**

Using the `connect_pins` helper, we create the following nets:

1. **VIN (AC) ↔ D1 A** – the AC input enters the diode’s anode.  
   ```python
   connect_pins("VIN", "AC", "D1", "A")
   ```
2. **D1 K ↔ GND** – the diode’s cathode is tied to ground.  
   ```python
   connect_pins("D1", "K", "GND", "GND")
   ```
3. **D1 K ↔ DC_OUT label** – the rectified DC is taken from the diode’s cathode.  
   ```python
   connect_pins("DC_OUT", "1", "D1", "K")
   ```
4. **VIN label** – we attach a label to the VIN pin so the user can see the source.  
   ```python
   connect_pins("VIN_IN", "1", "VIN", "AC")
   ```

Finally, we call `write_out_all_wires()` to generate the physical wire objects in the schematic.

---

**Why these choices make the schematic clear**

* **Rotation of SS14 (90°)** – aligns the cathode with the vertical GND rail, reducing crossing wires.  
* **Vertical stack** – keeps the flow of current obvious: AC → diode → ground.  
* **Label offsets (±10 mm)** – give enough space for the text without overlapping pins or wires.  
* **Power symbols positioned a few mm apart** – avoid overlapping bounding boxes and keep the net names readable.  

All components are placed within the central 210 mm × 297 mm area, so the schematic is easily printable and scalable to larger boards if needed.<|end|><|start|>assistant<|channel|>final<|message|># Auto-generated schematic symbols
import sys
import os

# Get project path and import kicad schematic interface
PROJECT_PATH = os.environ['PROJECT_PATH']
sys.path.append(PROJECT_PATH)
from modules.kicad_sch_interface import *

### Placing center symbol 1 : power:AC###

center_x_1, center_y_1 = 150.0, 110.0

add_schematic_symbol(symbol_lib="power", symbol_name="AC", pos_x=center_x_1, pos_y=center_y_1, reference="VIN", value="AC", rotation=0, mirror="None")

### Placing other symbols in the Schematic with respect to the center symbol 1###

add_schematic_symbol(symbol_lib="Device", symbol_name="D_Schottky", pos_x=center_x_1 + (0), pos_y=center_y_1 + (-10), reference="D1", value="SS14", rotation=90, mirror="None")
add_schematic_symbol(symbol_lib="power", symbol_name="GND", pos_x=center_x_1 + (0), pos_y=center_y_1 + (-25), reference="#PWR1", value="GND", rotation=0, mirror="None")

### Placing all global labels in the Schematic and connect them to the neighbor pin ###


### Connecting all wires in the Schematic ###


# Connecting VIN pin AC (Pin ID 1 -- Name AC) to D1 pin A (Pin ID 2 -- Name A)
connect_pins("VIN", "AC", "D1", "A")

# Connecting D1 pin K (Pin ID 1 -- Name K) to #PWR1 pin 1 (Pin ID 1 -- Name None)
connect_pins("D1", "K", "#PWR1", "1")

write_out_all_wires()
<|return|>
Saved generated code to /scratch/k2983/root-project/pcb-schematic-gen/SchGen/schematic_generation/t013_ss14_generated.py
Saved raw response to /scratch/k2983/root-project/pcb-schematic-gen/SchGen/schematic_generation/t013_ss14_generated.response.txt
