[MEMCHECK] after base_model load + per-expert MXFP4 dequant: host_maxrss=7.88GB gpu_alloc=17.36GB gpu_reserved=24.61GB gpu_peak=22.34GB
[FEEDBACK CHECK] feedback provided: False (len=0)
[MEMCHECK] before symbol_selector_llm creation: host_maxrss=7.88GB gpu_alloc=17.36GB gpu_reserved=24.61GB gpu_peak=22.34GB
[MEMCHECK] after symbol_selector_llm creation (post eager switch): host_maxrss=7.88GB gpu_alloc=17.36GB gpu_reserved=24.61GB gpu_peak=22.34GB
[RAW] prompt=Design a schematic for A simple 3.3V fixed-output LDO regulator circuit using the AMS1117-3.3. Use exactly these real components: R1 as a AMS1117-3.3, in the KiCad library "Regulator_Linear" (3.3V fixed-output LDO regulator, 1A, SOT-223. Input range 4.5-12V.). Do not substitute or invent a different part for any of them.
[SEQLEN] input_ids shape: torch.Size([1, 1918])
[SEQLEN] input_ids shape: torch.Size([1, 4913])
[SEQLEN] input_ids shape: torch.Size([1, 4913])
[SEQLEN] input_ids shape: torch.Size([1, 4913])
Azure CLI not found on path
[SEQLEN] input_ids shape: torch.Size([1, 5134])
[SEQLEN] input_ids shape: torch.Size([1, 3332])
[MEMCHECK] after run_raw_test (post symbol-selection generate() call): host_maxrss=8.77GB gpu_alloc=17.37GB gpu_reserved=31.17GB gpu_peak=28.79GB
[MEMCHECK] after switching back to flash_attention_2: host_maxrss=8.77GB gpu_alloc=17.37GB gpu_reserved=31.17GB gpu_peak=28.79GB
[MEMCHECK] after gc.collect + empty_cache: host_maxrss=8.77GB gpu_alloc=17.37GB gpu_reserved=18.94GB gpu_peak=28.79GB
[MEMCHECK] after PeftModel.from_pretrained: host_maxrss=8.77GB gpu_alloc=17.43GB gpu_reserved=18.98GB gpu_peak=28.79GB
[MEMCHECK] after merge_and_unload: host_maxrss=8.77GB gpu_alloc=17.37GB gpu_reserved=25.35GB gpu_peak=28.79GB
Model raw response: <|channel|>analysis<|message|>**High‑level goal**

The user wants a schematic that implements the AMS1117‑3.3 LDO regulator exactly as it appears in the KiCad library “Regulator_Linear”.  
Only the following three real parts are allowed:

| Symbol | Library | Value | Pin layout |
|--------|---------|-------|------------|
| AMS1117‑3.3 | Regulator_Linear | 3.3 V | Vout (1) – GND (2) – Vin (3) |
| R (Device) | Device | 2.2 kΩ | 1 – 2 |
| C (Device) | Device | 2.2 µF | 1 – 2 |

No other devices may be substituted.

The schematic must fit inside a 210 × 297 mm A4 sheet, with the circuit centred and all symbols spaced so that bounding boxes do not overlap.

---

### 1.  Symbol placement strategy

* **Central reference** – `R1` (2.2 kΩ) is placed at (150 mm, 110 mm).  
  It will be the anchor for the rest of the components because the LDO is the core of the circuit.

* **Vin side (input, high‑voltage)**
  * `R1` (1) → Vin of AMS1117.
  * A decoupling capacitor `C1` (2.2 µF) is positioned directly above the LDO, 24 mm to the right of the centre.  
  * A 2.2 kΩ resistor `R2` (2) is below the LDO, 12 mm to the right, to provide a simple series path to the GND pin.

* **Output side (3.3 V)**
  * The LDO’s Vout (1) is routed to a 2.2 kΩ resistor `R3` (1) 12 mm to the right, then to the load.  
  * A second 2.2 kΩ resistor `R4` (1) is placed 24 mm to the right of `R3` to form a simple voltage divider that can be used for a reference or a simple load.

* **Power symbols**
  * A +5 V supply (`+5V`) is placed 30 mm to the left, 22 mm above the centre.  
  * A ground symbol (`GND`) is 30 mm to the left, 12 mm below the centre.

* **Rotation** – All resistors are rotated 0°, all capacitors 0°, the LDO 0°, the power symbols 0°.  
  The default orientation of the AMS1117 in KiCad has Vout on the left, Vin on the right, GND in the middle.  
  Rotating it would misalign the pins with the surrounding components, so keeping it at 0° keeps the schematic tidy.

* **Mirroring** – No mirroring is required; all symbols are placed in their natural orientation.

---

### 2.  Global labels

Three global labels are added to make the schematic readable:

| Label | Position relative to pin | Purpose |
|-------|--------------------------|---------|
| `VIN` | 12 mm left of `R1` pin 1 | Indicates the input voltage source. |
| `GND` | 10 mm below `R1` pin 2 | Marks ground reference. |
| `VOUT` | 12 mm right of `R4` pin 1 | Shows the regulator’s output. |

The label’s `text_orient` is chosen so that the text does not overlap the pin: left for `VIN`, left for `GND`, right for `VOUT`.

---

### 3.  Wire connections – pin‑to‑pin mapping

| Connection | From (symbol, pin) | To (symbol, pin) | Reason |
|------------|--------------------|------------------|--------|
| **Input path** | `+5V` → `R1` pin 1 | `R1` pin 2 → AMS1117 Vin (pin 3) | Provides a regulated input to the LDO. |
| **Decoupling** | `R1` pin 2 → `C1` pin 1 | `C1` pin 2 → GND | Filters the input, smoothing spikes. |
| **Ground** | `C1` pin 2 → `GND` | `R1` pin 1 → `+5V` (already wired) | Completes the ground loop. |
| **Output path** | AMS1117 Vout (pin 1) → `R3` pin 1 | `R3` pin 2 → `R4` pin 1 | Provides a simple load/resistance divider. |
| **Load** | `R4` pin 2 → GND | `R4` pin 2 is tied to ground via the schematic’s GND symbol. | Creates the load side of the divider. |
| **Power symbol to LDO** | `+5V` → `R1` | `R1` pin 1 → LDO Vin | The +5 V supply drives the LDO’s input. |
| **Load to ground** | `R4` pin 2 → GND | `C1` pin 2 → GND | Both tie to the common ground. |

All these connections are expressed with `connect_pins()` calls.  
The pin names are taken from the symbol context:

* `AMS1117` pins: `VOUT` (1), `GND` (2), `VIN` (3)
* `R` pins: `1` (left), `2` (right)
* `C` pins: `1` (left), `2` (right)
* Power symbols have a single pin named after the symbol itself (`+5V`, `GND`).

---

### 4.  Code mapping (conceptual)

1. **Imports & project path** – The script starts by importing the KiCad schematic interface module, standard for all autogenerated schematics.

2. **Place the centre symbol**  
   ```python
   add_schematic_symbol(symbol_lib="Device",
                        symbol_name="R",
                        pos_x=150.0, pos_y=110.0,
                        reference="R1",
                        value="2.2k",
                        rotation=0,
                        mirror=None)
   ```

3. **Place surrounding symbols with offsets**  
   * `+5V` at (-30, +22)  
   * `GND` at (-30, -12)  
   * `C1` at (0, +24)  – directly above the centre  
   * `R2` at (+12, 0)   – below the centre  
   * `R3` at (+12, 0) – right of `R2`  
   * `R4` at (+24, 0) – right of `R3`  

   Each call uses the same `add_schematic_symbol()` syntax, changing only the `pos_x`, `pos_y`, `reference`, and `value`.

4. **Add global labels**  
   * For `VIN` the label is placed 12 mm left of `R1` pin 1:  
     ```python
     add_label(label_pos=[x_R1_1 - 12, y_R1_1],
               label_text="VIN",
               label_ref="VIN_0",
               label_type="input",
               text_orient="left")
     ```
   * Similar calls are made for `GND` and `VOUT`.

5. **Wire connections**  
   * Example:  
     ```python
     connect_pins("R1", "1", "AMS1117", "VIN")
     ```
     This ties the first pin of `R1` to the Vin pin of the LDO.  
   * All other wires are added in the same way, referencing the correct pin names.

6. **Finalize**  
   ```python
   write_out_all_wires()
   ```
   This writes the netlist into the KiCad schematic file.

---

### 5.  Why this layout is optimal

* **Readability** – The LDO sits in the middle, with input on the left and output on the right, mirroring the conventional power flow.  
* **Spacing** – Each component is at least 12 mm apart, preventing overlapping bounding boxes and making the schematic clean.  
* **Pin alignment** – All connections are vertical or horizontal, keeping wire routing simple.  
* **Label placement** – Text does not clash with pins, and the orientation ensures the label is always legible.  
* **No mirroring** – Keeps the default pin orientation, avoiding extra wire bends.

This reasoning directly informs each function call in the final Python script, ensuring the resulting schematic satisfies the user’s exact specifications.<|end|><|start|>assistant<|channel|>final<|message|># Auto-generated schematic symbols
import sys
import os

# Get project path and import kicad schematic interface
PROJECT_PATH = os.environ['PROJECT_PATH']
sys.path.append(PROJECT_PATH)
from modules.kicad_sch_interface import *

### Placing center symbol 1 : Device:R###

center_x_1, center_y_1 = 150.0, 110.0

add_schematic_symbol(symbol_lib="Device", symbol_name="R", pos_x=center_x_1, pos_y=center_y_1, reference="R1", value="2.2k", rotation=0, mirror="None")

### Placing other symbols in the Schematic with respect to the center symbol 1###

add_schematic_symbol(symbol_lib="power", symbol_name="GND", pos_x=center_x_1 + (-30), pos_y=center_y_1 + (-12), reference="#PWR1", value="GND", rotation=0, mirror="None")
add_schematic_symbol(symbol_lib="power", symbol_name="+5V", pos_x=center_x_1 + (-22), pos_y=center_y_1 + (22), reference="#PWR2", value="+5V", rotation=0, mirror="None")
add_schematic_symbol(symbol_lib="Device", symbol_name="C", pos_x=center_x_1 + (-22), pos_y=center_y_1 + (12), reference="C1", value="2.2uF", rotation=0, mirror="None")
add_schematic_symbol(symbol_lib="Device", symbol_name="R", pos_x=center_x_1 + (-2), pos_y=center_y_1 + (12), reference="R2", value="2.2k", rotation=0, mirror="None")
add_schematic_symbol(symbol_lib="Regulator_Linear", symbol_name="AMS1117-3.3", pos_x=center_x_1 + (0), pos_y=center_y_1 + (22), reference="U1", value="AMS1117-3.3", rotation=0, mirror="None")
add_schematic_symbol(symbol_lib="power", symbol_name="GND", pos_x=center_x_1 + (0), pos_y=center_y_1 + (-11), reference="#PWR3", value="GND", rotation=0, mirror="None")
add_schematic_symbol(symbol_lib="Device", symbol_name="R", pos_x=center_x_1 + (22), pos_y=center_y_1 + (12), reference="R3", value="2.2k", rotation=0, mirror="None")
add_schematic_symbol(symbol_lib="Device", symbol_name="R", pos_x=center_x_1 + (43), pos_y=center_y_1 + (12), reference="R4", value="2.2k", rotation=0, mirror="None")

### Placing all global labels in the Schematic and connect them to the neighbor pin ###


### Connecting all wires in the Schematic ###


# Connecting C1 pin 2 (Pin ID 2 -- Name None) to R2 pin 1 (Pin ID 1 -- Name None)
connect_pins("C1", "2", "R2", "1")

# Connecting R3 pin 2 (Pin ID 2 -- Name None) to R4 pin 1 (Pin ID 1 -- Name None)
connect_pins("R3", "2", "R4", "1")

# Connecting R1 pin 1 (Pin ID 1 -- Name None) to U1 pin Vin (Pin ID 2 -- Name Vin)
connect_pins("R1", "1", "U1", "Vin")

# Connecting U1 pin Vout (Pin ID 1 -- Name Vout) to R3 pin 1 (Pin ID 1 -- Name None)
connect_pins("U1", "Vout", "R3", "1")

# Connecting R2 pin 2 (Pin ID 2 -- Name None) to U1 pin Vp (Pin ID 3 -- Name Vp)
connect_pins("R2", "2", "U1", "Vp")

# Connecting R1 pin 2 (Pin ID 2 -- Name None) to #PWR3 pin 1 (Pin ID 1 -- Name None)
connect_pins("R1", "2", "#PWR3", "1")

# Connecting R1 pin 2 (Pin ID 2 -- Name None) to U1 pin GND (Pin ID 4 -- Name GND)
connect_pins("R1", "2", "U1", "GND")

# Connecting #PWR2 pin +5V (Pin ID 1 -- Name +5V) to C1 pin 1 (Pin ID 1 -- Name None)
connect_pins("#PWR2", "+5V", "C1", "1")

# Connecting #PWR1 pin 1 (Pin ID 1 -- Name None) to R1 pin 2 (Pin ID 2 -- Name None)
connect_pins("#PWR1", "1", "R1", "2")

write_out_all_wires()
<|return|>
Saved generated code to /scratch/k2983/root-project/pcb-schematic-gen/SchGen/schematic_generation/t013_ams1117_3_3_generated.py
Saved raw response to /scratch/k2983/root-project/pcb-schematic-gen/SchGen/schematic_generation/t013_ams1117_3_3_generated.response.txt
