[MEMCHECK] after base_model load + per-expert MXFP4 dequant: host_maxrss=7.88GB gpu_alloc=17.36GB gpu_reserved=24.61GB gpu_peak=22.34GB
[FEEDBACK CHECK] feedback provided: False (len=0)
[MEMCHECK] before symbol_selector_llm creation: host_maxrss=7.88GB gpu_alloc=17.36GB gpu_reserved=24.61GB gpu_peak=22.34GB
[MEMCHECK] after symbol_selector_llm creation (post eager switch): host_maxrss=7.88GB gpu_alloc=17.36GB gpu_reserved=24.61GB gpu_peak=22.34GB
[RAW] prompt=Design a schematic for A simple voltage regulator circuit using a Generic Zener diode. Use exactly these real components: D1 as a D_Zener, in the KiCad library "Device" (Generic Zener diode, used for voltage regulation/clamping). Do not substitute or invent a different part for any of them.
[SEQLEN] input_ids shape: torch.Size([1, 1883])
[SEQLEN] input_ids shape: torch.Size([1, 4878])
[SEQLEN] input_ids shape: torch.Size([1, 5099])
[SEQLEN] input_ids shape: torch.Size([1, 5099])
[SEQLEN] input_ids shape: torch.Size([1, 5099])
Azure CLI not found on path
[SEQLEN] input_ids shape: torch.Size([1, 3297])
[MEMCHECK] after run_raw_test (post symbol-selection generate() call): host_maxrss=8.77GB gpu_alloc=17.37GB gpu_reserved=32.47GB gpu_peak=28.69GB
[MEMCHECK] after switching back to flash_attention_2: host_maxrss=8.77GB gpu_alloc=17.37GB gpu_reserved=32.47GB gpu_peak=28.69GB
[MEMCHECK] after gc.collect + empty_cache: host_maxrss=8.77GB gpu_alloc=17.37GB gpu_reserved=18.94GB gpu_peak=28.69GB
[MEMCHECK] after PeftModel.from_pretrained: host_maxrss=8.77GB gpu_alloc=17.43GB gpu_reserved=18.98GB gpu_peak=28.69GB
[MEMCHECK] after merge_and_unload: host_maxrss=8.77GB gpu_alloc=17.37GB gpu_reserved=25.35GB gpu_peak=28.69GB
Model raw response: <|channel|>analysis<|message|>**High‑level goal**

The user wants a minimal regulator that uses only a single generic Zener diode (D_Zener) to clamp a positive supply to a fixed voltage.  
Because we must use the symbols listed in the prompt, the simplest topology is:

```
VIN (+5 V) ──> R ──> D_Zener (cathode to VIN, anode to 0 V) ──> GND
```

A second resistor is added as a pull‑up for the diode’s cathode so that the regulator works in both directions; this is a common trick when a Zener is used as a simple voltage reference.  
Thus the schematic will contain:

1. **VIN** – a +5 V power source.  
2. **R1** – a 5 kΩ series resistor.  
3. **D1** – the generic Zener diode (V_Z 5.1 V, power 0.5 W).  
4. **R2** – a 2.2 kΩ pull‑up resistor.  
5. **GND** – ground reference.

All components are placed near the centre of the A4 sheet (≈150 mm × 110 mm) so that the drawing stays centred and there is enough room for the labels.

---

### 1. Symbol placement & orientation

| Symbol | Library | Reference | Value | Position (x,y) | Rotation | Mirror | Reasoning |
|--------|---------|-----------|-------|----------------|----------|--------|-----------|
| +5 V power | power | `#PWR1` | `+5V` | (150 mm, 110 mm + 27 mm) | 0° | None | Above the centre, gives a clear “high‑side” reference. |
| R1 | Device | `R1` | `5k` | (150 mm, 110 mm + 12 mm) | 0° | None | Directly below `#PWR1` so the wire runs straight down. |
| D1 | Device | `D1` | `D_Zener` | (150 mm, 110 mm) | 90° | None | Rotated 90° so the cathode (K) points right, anode (A) left – convenient for a horizontal wire to VIN and a vertical wire to ground. |
| R2 | Device | `R2` | `2.2k` | (150 mm, 110 mm – 12 mm) | 0° | None | Below the diode, pulls the cathode up. |
| GND | power | `#PWR_GND` | `GND` | (150 mm, 110 mm – 27 mm) | 0° | None | Bottom reference, wire runs straight down from R2. |

The `mirror` argument is kept `"None"` for all parts because the default orientation already yields a tidy layout; mirroring would only complicate the wire routing.

---

### 2. Pin connections & logic

1. **VIN → R1**  
   `connect_pins("#PWR1", "+5V", "R1", "1")`  
   The +5 V pin of the power symbol is connected to pin 1 of R1 (the side nearest the source).

2. **R1 → D1 (cathode, K)**  
   `connect_pins("R1", "2", "D1", "K")`  
   Pin 2 of R1 (the far side) connects to the cathode of the Zener. The cathode is the more negative side, so it receives the higher voltage.

3. **D1 (anode, A) → GND**  
   `connect_pins("D1", "A", "#PWR_GND", "1")`  
   The anode is the low side; connecting it to ground makes the Zener clamp the voltage between its cathode and ground.

4. **R2 → D1 (cathode, K)**  
   `connect_pins("R2", "2", "D1", "K")`  
   The pull‑up resistor is tied to the cathode, increasing the bias voltage slightly and ensuring the Zener is forward‑biased when the input is high.

5. **R2 → VIN**  
   `connect_pins("R2", "1", "#PWR1", "+5V")`  
   The other side of R2 is also tied to the supply, creating a resistor divider that feeds the diode cathode.

6. **R2 → GND** (implicit through the resistor’s ground side) – not needed explicitly because the diode’s anode is already grounded.

All wires are straight because the symbols are vertically aligned; there is no need for angled segments.

---

### 3. Labels (optional)

If the user wants to expose “VIN”, “CATHODE”, or “ANODE” as schematic net names, `add_label` can be used:

- `add_label([150, 135], "VIN", "VIN_0", "input", "top")` – above the power symbol.  
- `add_label([150, 110], "CATHODE", "K_0", "bidirectional", "right")` – near the cathode pin.  
- `add_label([150, 85], "ANODE", "A_0", "bidirectional", "left")` – near the anode pin.

These labels would then be connected with `connect_pins(label_ref, "1", symbol_ref, pin_name)`.

---

### 4. Final code skeleton (plain reasoning)

1. **Import the KiCad interface** – standard boilerplate.  
2. **Define the centre coordinates** for the main component (D1).  
3. **Add all symbols** with the positions and orientations described above.  
4. **Add optional labels** if desired.  
5. **Create all pin‑to‑pin connections** as per the table.  
6. **Finish with `write_out_all_wires()`** so that the schematic is rendered.

Because the prompt’s example code already demonstrates the function calls, the reasoning above maps each argument to the logic that produced it:

- `pos_x / pos_y` → derived from the centre offset.  
- `rotation` → chosen to line up pins horizontally or vertically.  
- `mirror` → left as `"None"`.  
- `value` → chosen to match the component’s specification (5 kΩ, 2.2 kΩ, 5.1 V Zener, etc.).  
- `label_type` and `text_orient` → set to the most readable orientation for each net.

All connections are directed from a higher‑voltage node to a lower‑voltage node, keeping the diagram clear and the current path obvious.

This completes the design reasoning for the requested schematic.<|end|><|start|>assistant<|channel|>final<|message|># Auto-generated schematic symbols
import sys
import os

# Get project path and import kicad schematic interface
PROJECT_PATH = os.environ['PROJECT_PATH']
sys.path.append(PROJECT_PATH)
from modules.kicad_sch_interface import *

### Placing center symbol 1 : Device:D_Zener###

center_x_1, center_y_1 = 150.0, 110.0

add_schematic_symbol(symbol_lib="Device", symbol_name="D_Zener", pos_x=center_x_1, pos_y=center_y_1, reference="D1", value="D_Zener", rotation=90, mirror="None")

### Placing other symbols in the Schematic with respect to the center symbol 1###

add_schematic_symbol(symbol_lib="power", symbol_name="+5V", pos_x=center_x_1 + (0), pos_y=center_y_1 + (27), reference="#PWR1", value="+5V", rotation=0, mirror="None")
add_schematic_symbol(symbol_lib="Device", symbol_name="R", pos_x=center_x_1 + (0), pos_y=center_y_1 + (12), reference="R1", value="5k", rotation=0, mirror="None")
add_schematic_symbol(symbol_lib="Device", symbol_name="R_Small", pos_x=center_x_1 + (0), pos_y=center_y_1 + (-12), reference="R2", value="2.2k", rotation=0, mirror="None")
add_schematic_symbol(symbol_lib="power", symbol_name="GND", pos_x=center_x_1 + (0), pos_y=center_y_1 + (-27), reference="#PWR_GND_1", value="GND", rotation=0, mirror="None")

### Placing all global labels in the Schematic and connect them to the neighbor pin ###


### Connecting all wires in the Schematic ###


# Connecting R1 pin 2 (Pin ID 2 -- Name None) to D1 pin K (Pin ID 1 -- Name K)
connect_pins("R1", "2", "D1", "K")

# Connecting R1 pin 1 (Pin ID 1 -- Name None) to D1 pin A (Pin ID 2 -- Name A)
connect_pins("R1", "1", "D1", "A")

# Connecting D1 pin K (Pin ID 1 -- Name K) to R2 pin 1 (Pin ID 1 -- Name None)
connect_pins("D1", "K", "R2", "1")

# Connecting #PWR1 pin +5V (Pin ID 1 -- Name +5V) to R1 pin 1 (Pin ID 1 -- Name None)
connect_pins("#PWR1", "+5V", "R1", "1")

# Connecting R2 pin 2 (Pin ID 2 -- Name None) to #PWR_GND_1 pin 1 (Pin ID 1 -- Name None)
connect_pins("R2", "2", "#PWR_GND_1", "1")

write_out_all_wires()
<|return|>
Saved generated code to /scratch/k2983/root-project/pcb-schematic-gen/SchGen/schematic_generation/t013_d_zener_generated.py
Saved raw response to /scratch/k2983/root-project/pcb-schematic-gen/SchGen/schematic_generation/t013_d_zener_generated.response.txt
