[MEMCHECK] after base_model load + per-expert MXFP4 dequant: host_maxrss=7.88GB gpu_alloc=17.36GB gpu_reserved=24.61GB gpu_peak=22.34GB
[FEEDBACK CHECK] feedback provided: False (len=0)
[MEMCHECK] before symbol_selector_llm creation: host_maxrss=7.88GB gpu_alloc=17.36GB gpu_reserved=24.61GB gpu_peak=22.34GB
[MEMCHECK] after symbol_selector_llm creation (post eager switch): host_maxrss=7.88GB gpu_alloc=17.36GB gpu_reserved=24.61GB gpu_peak=22.34GB
[RAW] prompt=Design a schematic for A simple circuit using the TI SN74LVC2T45 dual-bit dual-supply bus transceiver for voltage translation. Use exactly these real components: U1 as a SN74LVC2T45DCUR, in the KiCad library "Logic_LevelTranslator" (TI SN74LVC2T45 dual-bit dual-supply bus transceiver with configurable voltage translation. VSSOP-8.). Do not substitute or invent a different part for any of them.
[SEQLEN] input_ids shape: torch.Size([1, 1919])
[SEQLEN] input_ids shape: torch.Size([1, 4914])
[SEQLEN] input_ids shape: torch.Size([1, 4914])
[SEQLEN] input_ids shape: torch.Size([1, 4914])
Azure CLI not found on path
[SEQLEN] input_ids shape: torch.Size([1, 5135])
[SEQLEN] input_ids shape: torch.Size([1, 3333])
[SEQLEN] input_ids shape: torch.Size([1, 3333])
[SEQLEN] input_ids shape: torch.Size([1, 3333])
Azure CLI not found on path
[MEMCHECK] after run_raw_test (post symbol-selection generate() call): host_maxrss=8.77GB gpu_alloc=17.37GB gpu_reserved=31.18GB gpu_peak=28.79GB
[MEMCHECK] after switching back to flash_attention_2: host_maxrss=8.77GB gpu_alloc=17.37GB gpu_reserved=31.18GB gpu_peak=28.79GB
[MEMCHECK] after gc.collect + empty_cache: host_maxrss=8.77GB gpu_alloc=17.37GB gpu_reserved=18.94GB gpu_peak=28.79GB
[MEMCHECK] after PeftModel.from_pretrained: host_maxrss=8.77GB gpu_alloc=17.43GB gpu_reserved=18.98GB gpu_peak=28.79GB
[MEMCHECK] after merge_and_unload: host_maxrss=8.77GB gpu_alloc=17.37GB gpu_reserved=25.35GB gpu_peak=28.79GB
Model raw response: <|channel|>analysis<|message|>**High‑level goal**

The user wants a schematic that implements the TI SN74LVC2T45 dual‑bit bus transceiver.  
Only the SN74LVC2T45 part (U1) must be used – no other transceivers or logic devices.  
The circuit must be placed on an A4‑size sheet (210 × 297 mm) in the centre, with adequate spacing to avoid clutter.  
The provided symbol list shows a generic resistor (R, 2 mm × 5 mm) and a 45°‑angled “L” symbol; these are useful for the pull‑up network and the power pins.  
The final schematic will consist of:  

| Symbol | Reference | Purpose | Placement notes |
|--------|-----------|---------|-----------------|
| SN74LVC2T45DCUR | U1 | Voltage translation | centre (150 mm + 110 mm) |
| R (pull‑ups) | R1, R2, R3, R4 | VCC/DAT and VCC/VIN pull‑ups | left/right of U1 |
| L‑45° (bridge) | JP1 | Optionally tie VIN to A/1V8 | left of U1 |
| Power symbols | #PWR1 (+1.8 V), #PWR2 (VIN), #PWR3 (+1.8 V) | Supply rails | left of U1 |

---

### 1.  Choosing the symbol data

| Symbol | Library | Name | Value | Rotation | Mirror |
|--------|---------|------|-------|----------|--------|
| SN74LVC2T45DCUR | Logic_LevelTranslator | SN74LVC2T45DCUR | SN74LVC2T45DCUR | 0° | None |
| VCC (1.8 V) | power | +1V8 | +1V8 | 0° | None |
| VIN | power | VAA | VIN (or “VIN”) | 0° | None |
| Resistor (pull‑ups) | Device | R | 2.2 kΩ | 0° | None |
| Jumper (bridge) | Jumper | SolderJumper_3_Bridged123 | AUX | 0° | None |

*Why 2.2 kΩ?* The SN74LVC2T45 requires pull‑ups on its VCC/VIN and VCC/DAT pins. 2.2 kΩ is a common value that provides a good compromise between speed and current.

---

### 2.  Spatial layout

The centre of the schematic is chosen at **(150 mm, 110 mm)** – this keeps the circuit roughly in the middle of the A4 sheet.  
All other components are offset from the centre:

- **Left side** (negative X) – power, pull‑ups, junctions.  
- **Right side** (positive X) – pull‑ups for VCC/VIN.  
- **Y offsets** are chosen so that pins of the same symbol line up vertically, making the wire routing clean.

| Symbol | Offset (mm) | Reason |
|--------|-------------|--------|
| #PWR1 (+1.8 V) | (–72, +22) | Power rail above the pull‑ups. |
| R1 (1.8 kΩ) | (–72, +8) | Pull‑up for VCC/DAT. |
| R2 (2.2 kΩ) | (–53, +8) | Pull‑up for VCC/DAT on the second channel. |
| JP1 (bridge) | (–31, +15) | Connects VIN to A/1V8. |
| #PWR2 (VIN) | (–31, +22) | VIN rail above the bridge. |
| #PWR3 (+1.8 V) | (–8, +22) | Second power rail for VCC/VIN. |
| R3 (2.2 kΩ) | (–8, +8) | Pull‑up for VCC/VIN. |
| R4 (2.2 kΩ) | (+10, +8) | Pull‑up for VCC/VIN on channel 2. |
| U1 | (0, 0) | Centre. |

The **mirror** is “None” for every symbol except JP1, which is mirrored along the X‑axis to keep its pins aligned with the vertical rail.

---

### 3.  Pin selection and connections

| U1 pin | Function | Connected to |
|--------|----------|--------------|
| VCC/VIN (pin 1) | Power input | #PWR3 (+1.8 V) |
| VCC/DAT (pin 2) | Power input | #PWR1 (+1.8 V) |
| VIN (pin 4) | High‑side supply | #PWR2 (VIN) |
| VSS (pin 5) | Ground | GND (not shown, assumed via power rail) |
| VCC (pin 3) | Common VCC | VCC rail (via power symbol) |
| A/1V8 (pin 6) | Output to high‑side | JP1 pin C |
| B/1V8 (pin 7) | Input to high‑side | JP1 pin A |
| A/VIN (pin 9) | Output to low‑side | JP1 pin B |
| B/VIN (pin 10) | Input to low‑side | VCC/VIN rail |

**Pull‑ups**

- **VCC/DAT** → R1 → VCC rail.  
- **VCC/VIN** → R2 → VCC rail.  
- **VCC/VIN** (channel 2) → R3 → VCC rail.  
- **VCC/VIN** (channel 2) → R4 → VCC rail.

**Bridge**

The jumper JP1 connects VIN to A/1V8 (high‑side) and A/VIN to B/1V8 (low‑side), providing a flexible way to tie the high side to the 1.8 V rail or leave it floating.

**Labels**

Labels are added next to the key pins to make the schematic self‑describing:

- `AUX_DA` next to U1 pin S (source of channel‑1 data).  
- `AUX_DA_VIN` next to U1 pin D (data line to ground).  
- `AUX_CL` next to U1 pin S (source of channel‑2 data).  
- `AUX_CL_VIN` next to U1 pin D (data line to ground).

Each label is placed slightly offset from the pin (±13 mm horizontally, ±6 mm vertically) to keep the text readable and to avoid overlapping with other wires.

The `text_orient` is chosen to match the side of the pin: left for inputs on the left side, right for inputs on the right side.

---

### 4.  Wire routing logic

1. **Power rails**  
   - #PWR1 → R1 ↔ U1 pin VCC/DAT.  
   - #PWR3 → R3 ↔ U1 pin VCC/VIN.  
   - #PWR2 (VIN) → JP1 pin C → U1 pin A/1V8.  

2. **Pull‑ups**  
   - R1 (pin 1) → #PWR1, R1 (pin 2) → U1 pin S.  
   - R2 (pin 1) → #PWR2, R2 (pin 2) → U1 pin D.  
   - R3 (pin 1) → #PWR3, R3 (pin 2) → U1 pin G.  
   - R4 (pin 1) → JP1 pin B, R4 (pin 2) → U1 pin G.  

3. **Bridge**  
   - JP1 pin A → R2 pin 1.  
   - JP1 pin C → #PWR2.  

4. **Ground**  
   - Implicit via VSS pin (U1 pin 5) to ground rail (not shown).  

All wires are horizontal or vertical; the chosen rotation (0°) for every symbol keeps pin locations predictable, so the wire paths are straight lines that don't cross unnecessarily.

---

### 5.  Final code‑generation notes

- **`add_schematic_symbol`**  
  Each call supplies the exact library name, symbol name, position, reference, value, rotation, and mirror.  
  Example: `add_schematic_symbol(symbol_lib="Logic_LevelTranslator", symbol_name="SN74LVC2T45DCUR", pos_x=150, pos_y=110, reference="U1", value="SN74LVC2T45DCUR", rotation=0, mirror="None")`.

- **`add_label`**  
  Uses `get_pin_location` to fetch the pin coordinates, then offsets the label.  
  Example: `x, y = get_pin_location("U1", "S"); add_label([x-13, y], "AUX_DA", "AUX_DA_0", "input", "left")`.

- **`connect_pins`**  
  Connects the pin of one symbol to another.  
  Example: `connect_pins("U1", "VCC/DAT", "#PWR1", "+1V8")`.

- **`write_out_all_wires`**  
  Finalises the schematic by writing all wire data.

The code will follow the same pattern as the example in the prompt, but with the SN74LVC2T45 symbol and the specific connections described above. All pin names are taken from the part’s datasheet (e.g., VCC/VIN, VCC/DAT, VIN, VSS). The layout keeps the symbols well spaced, uses straight connections, and labels the key pins for clarity.<|end|><|start|>assistant<|channel|>final<|message|># Auto-generated schematic symbols
import sys
import os

# Get project path and import kicad schematic interface
PROJECT_PATH = os.environ['PROJECT_PATH']
sys.path.append(PROJECT_PATH)
from modules.kicad_sch_interface import *

### Placing center symbol 1 : Logic_LevelTranslator:SN74LVC2T45DCUR###

center_x_1, center_y_1 = 150.0, 110.0

add_schematic_symbol(symbol_lib="Logic_LevelTranslator", symbol_name="SN74LVC2T45DCUR", pos_x=center_x_1, pos_y=center_y_1, reference="U1", value="SN74LVC2T45DCUR", rotation=0, mirror="None")

### Placing other symbols in the Schematic with respect to the center symbol 1###

add_schematic_symbol(symbol_lib="power", symbol_name="+1V8", pos_x=center_x_1 + (-72), pos_y=center_y_1 + (22), reference="#PWR1", value="+1V8", rotation=0, mirror="None")
add_schematic_symbol(symbol_lib="Device", symbol_name="R", pos_x=center_x_1 + (-72), pos_y=center_y_1 + (8), reference="R1", value="2.2K", rotation=0, mirror="None")
add_schematic_symbol(symbol_lib="power", symbol_name="+1V8", pos_x=center_x_1 + (-53), pos_y=center_y_1 + (22), reference="#PWR2", value="+1V8", rotation=0, mirror="None")
add_schematic_symbol(symbol_lib="Device", symbol_name="R", pos_x=center_x_1 + (-53), pos_y=center_y_1 + (8), reference="R2", value="2.2K", rotation=0, mirror="None")
add_schematic_symbol(symbol_lib="power", symbol_name="+1V8", pos_x=center_x_1 + (-31), pos_y=center_y_1 + (22), reference="#PWR3", value="+1V8", rotation=0, mirror="None")
add_schematic_symbol(symbol_lib="Device", symbol_name="R", pos_x=center_x_1 + (-31), pos_y=center_y_1 + (8), reference="R3", value="2.2K", rotation=0, mirror="None")
add_schematic_symbol(symbol_lib="Device", symbol_name="R", pos_x=center_x_1 + (-25), pos_y=center_y_1 + (-16), reference="R4", value="1k", rotation=45, mirror="None")
add_schematic_symbol(symbol_lib="Device", symbol_name="R", pos_x=center_x_1 + (-17), pos_y=center_y_1 + (0), reference="R5", value="1k", rotation=270, mirror="None")
add_schematic_symbol(symbol_lib="power", symbol_name="+1V8", pos_x=center_x_1 + (-8), pos_y=center_y_1 + (22), reference="#PWR4", value="+1V8", rotation=0, mirror="None")
add_schematic_symbol(symbol_lib="Device", symbol_name="R", pos_x=center_x_1 + (-8), pos_y=center_y_1 + (8), reference="R6", value="2.2k", rotation=0, mirror="None")
add_schematic_symbol(symbol_lib="Device", symbol_name="R", pos_x=center_x_1 + (10), pos_y=center_y_1 + (8), reference="R7", value="2.2k", rotation=0, mirror="None")

### Placing all global labels in the Schematic and connect them to the neighbor pin ###

# Add label AUX_DA next to U1 pin S 
x_U1_9, y_U1_9 = get_pin_location(symbol_ref="U1", pin_name="S")
add_label(label_pos=[x_U1_9+(-13), y_U1_9+(0)], label_text="AUX_DA", label_ref="AUX_DA_0", label_type="input", text_orient="left")
# Connecting Label AUX_DA label_id:0 to U1 pin S (Pin ID 9 -- Name S)
connect_pins("AUX_DA_0", "1", "U1", "S")

# Add label AUX_DA_VIN next to U1 pin D 
x_U1_8, y_U1_8 = get_pin_location(symbol_ref="U1", pin_name="D")
add_label(label_pos=[x_U1_8+(6), y_U1_8+(0)], label_text="AUX_DA_VIN", label_ref="AUX_DA_VIN_0", label_type="input", text_orient="right")
# Connecting Label AUX_DA_VIN label_id:0 to U1 pin D (Pin ID 8 -- Name D)
connect_pins("AUX_DA_VIN_0", "1", "U1", "D")

# Add label AUX_CL next to U1 pin S 
x_U1_7, y_U1_7 = get_pin_location(symbol_ref="U1", pin_name="S")
add_label(label_pos=[x_U1_7+(11), y_U1_7+(0)], label_text="AUX_CL", label_ref="AUX_CL_0", label_type="input", text_orient="right")
# Connecting Label AUX_CL label_id:0 to U1 pin S (Pin ID 7 -- Name S)
connect_pins("AUX_CL_0", "1", "U1", "S")

# Add label AUX_CL_VIN next to U1 pin D 
x_U1_6, y_U1_6 = get_pin_location(symbol_ref="U1", pin_name="D")
add_label(label_pos=[x_U1_6+(17), y_U1_6+(0)], label_text="AUX_CL_VIN", label_ref="AUX_CL_VIN_0", label_type="input", text_orient="right")
# Connecting Label AUX_CL_VIN label_id:0 to U1 pin D (Pin ID 6 -- Name D)
connect_pins("AUX_CL_VIN_0", "1", "U1", "D")


### Connecting all wires in the Schematic ###


# Connecting #PWR3 pin +1V8 (Pin ID 1 -- Name +1V8) to R6 pin 1 (Pin ID 1 -- Name None)
connect_pins("#PWR3", "+1V8", "R6", "1")

# Connecting #PWR1 pin +1V8 (Pin ID 1 -- Name +1V8) to R1 pin 1 (Pin ID 1 -- Name None)
connect_pins("#PWR1", "+1V8", "R1", "1")

# Connecting #PWR4 pin +1V8 (Pin ID 1 -- Name +1V8) to R7 pin 1 (Pin ID 1 -- Name None)
connect_pins("#PWR4", "+1V8", "R7", "1")

# Connecting R1 pin 2 (Pin ID 2 -- Name None) to U1 pin S (Pin ID 9 -- Name S)
connect_pins("R1", "2", "U1", "S")

# Connecting R2 pin 2 (Pin ID 2 -- Name None) to U1 pin D (Pin ID 8 -- Name D)
connect_pins("R2", "2", "U1", "D")

# Connecting R3 pin 2 (Pin ID 2 -- Name None) to U1 pin G (Pin ID 3 -- Name G)
connect_pins("R3", "2", "U1", "G")

# Connecting U1 pin D (Pin ID 8 -- Name D) to R4 pin 2 (Pin ID 2 -- Name None)
connect_pins("U1", "D", "R4", "2")

# Connecting U1 pin S (Pin ID 9 -- Name S) to R6 pin 2 (Pin ID 2 -- Name None)
connect_pins("U1", "S", "R6", "2")

# Connecting #PWR3 pin +1V8 (Pin ID 1 -- Name +1V8) to R7 pin 2 (Pin ID 2 -- Name None)
connect_pins("#PWR3", "+1V8", "R7", "2")

# Connecting #PWR2 pin +1V8 (Pin ID 1 -- Name +1V8) to R5 pin 1 (Pin ID 1 -- Name None)
connect_pins("#PWR2", "+1V8", "R5", "1")

# Connecting R6 pin 1 (Pin ID 1 -- Name None) to U1 pin G (Pin ID 3 -- Name G)
connect_pins("R6", "1", "U1", "G")

# Connecting #PWR1 pin +1V8 (Pin ID 1 -- Name +1V8) to R2 pin 1 (Pin ID 1 -- Name None)
connect_pins("#PWR1", "+1V8", "R2", "1")

# Connecting #PWR2 pin +1V8 (Pin ID 1 -- Name +1V8) to R3 pin 1 (Pin ID 1 -- Name None)
connect_pins("#PWR2", "+1V8", "R3", "1")

# Connecting #PWR2 pin +1V8 (Pin ID 1 -- Name +1V8) to R5 pin 2 (Pin ID 2 -- Name None)
connect_pins("#PWR2", "+1V8", "R5", "2")

write_out_all_wires()
<|return|>
Saved generated code to /scratch/k2983/root-project/pcb-schematic-gen/SchGen/schematic_generation/t013_sn74lvc2t45dcur_generated.py
Saved raw response to /scratch/k2983/root-project/pcb-schematic-gen/SchGen/schematic_generation/t013_sn74lvc2t45dcur_generated.response.txt
