[MEMCHECK] after base_model load + per-expert MXFP4 dequant: host_maxrss=7.88GB gpu_alloc=17.36GB gpu_reserved=24.61GB gpu_peak=22.34GB
[FEEDBACK CHECK] feedback provided: False (len=0)
[MEMCHECK] before symbol_selector_llm creation: host_maxrss=7.88GB gpu_alloc=17.36GB gpu_reserved=24.61GB gpu_peak=22.34GB
[MEMCHECK] after symbol_selector_llm creation (post eager switch): host_maxrss=7.88GB gpu_alloc=17.36GB gpu_reserved=24.61GB gpu_peak=22.34GB
[RAW] prompt=Design a schematic for Generates a negative output voltage equal to -(VIN) using an unregulated inverting charge pump. Use exactly these real components: U1 as a TPS60401DBV, in the KiCad library "Regulator_SwitchedCapacitor" (Unregulated inverting charge pump, SOT-23-5. Generates negative output voltage equal to -(VIN). Requires external flying capacitor between C_{FLY+} and C_{FLY-}, and output capacitor on OUT.), C1, C2, and C3 as 3 separate instances of a XC6206PxxxMR, in the KiCad library "Regulator_Linear" (Positive-voltage LDO regulator, 200mA, SOT-23. Ultra-low quiescent current (~1uA). Replace 'xxx' in part number with voltage code (e.g. P332 = 3.3V).). Do not substitute or invent a different part for any of them. Wire it up as follows: connect U1's GND pin (pin 4) to C1's GND pin (pin 1) to C2's GND pin (pin 1) to C3's GND pin (pin 1); connect U1's OUT pin (pin 1) to C3's VO pin (pin 2); connect C1's VI pin (pin 3) to C2's VI pin (pin 3) to C3's VI pin (pin 3); connect C1's VO pin (pin 2) to C2's VO pin (pin 2).
[SEQLEN] input_ids shape: torch.Size([1, 2152])
[SEQLEN] input_ids shape: torch.Size([1, 2152])
[SEQLEN] input_ids shape: torch.Size([1, 2152])
Azure CLI not found on path
[SEQLEN] input_ids shape: torch.Size([1, 5147])
[SEQLEN] input_ids shape: torch.Size([1, 5147])
[SEQLEN] input_ids shape: torch.Size([1, 5147])
Azure CLI not found on path
[SEQLEN] input_ids shape: torch.Size([1, 5368])
[SEQLEN] input_ids shape: torch.Size([1, 5368])
[SEQLEN] input_ids shape: torch.Size([1, 5368])
Azure CLI not found on path
[SEQLEN] input_ids shape: torch.Size([1, 3566])
[SEQLEN] input_ids shape: torch.Size([1, 3566])
[SEQLEN] input_ids shape: torch.Size([1, 3566])
Azure CLI not found on path
[MEMCHECK] after run_raw_test (post symbol-selection generate() call): host_maxrss=8.77GB gpu_alloc=17.37GB gpu_reserved=32.22GB gpu_peak=29.48GB
[MEMCHECK] after switching back to flash_attention_2: host_maxrss=8.77GB gpu_alloc=17.37GB gpu_reserved=32.22GB gpu_peak=29.48GB
[MEMCHECK] after gc.collect + empty_cache: host_maxrss=8.77GB gpu_alloc=17.37GB gpu_reserved=18.94GB gpu_peak=29.48GB
[MEMCHECK] after PeftModel.from_pretrained: host_maxrss=8.77GB gpu_alloc=17.43GB gpu_reserved=18.98GB gpu_peak=29.48GB
[MEMCHECK] after merge_and_unload: host_maxrss=8.77GB gpu_alloc=17.37GB gpu_reserved=25.35GB gpu_peak=29.48GB
Model raw response: <|channel|>analysis<|message|>**High‑level goal**

The user wants a schematic that implements an *un‑regulated inverting charge‑pump* powered by the TPS60401DBV (SOT‑23‑5).  
The charge‑pump must deliver a negative voltage of –VIN.  
Three positive‑output LDOs XC6206PxxxMR (SOT‑23) are to be used as “buffers” for the pumped voltage.  
All parts must be placed exactly as specified and wired in the exact topology described.  

**Component list**

| Symbol | Library | Ref | Value | Notes |
|--------|---------|-----|-------|-------|
| U1 | Regulator_SwitchedCapacitor | TPS60401DBV | TPS60401DBV | Charge‑pump, 5‑pin SOT‑23‑5 |
| C1 | Regulator_Linear | XC6206P332MR | 3.3V XC6206 | Output LDO, pin 2 = VO |
| C2 | Regulator_Linear | XC6206P100MR | 100mV XC6206 | Output LDO |
| C3 | Regulator_Linear | XC6206P100MR | 100mV XC6206 | Output LDO |

All LDOs are 200 mA, 1 µA quiescent, and have the same pin layout:
- Pin 1  →  VI (Input)
- Pin 2  →  VO (Output)
- Pin 3  →  GND

**Schematic layout decisions**

1. **Reference point** – The charge‑pump is placed at the centre of the sheet:  
   `center_x = 105 mm`, `center_y = 148.5 mm` (half of A4 width/height).  
   All other symbols are offset from this point so that the drawing stays centred and the wire routes remain short.

2. **Rotation / mirroring**  
   - **TPS60401DBV** is rotated 0° (default orientation).  
   - **XC6206** LDOs are rotated 0° – the pins are vertically aligned (VI on the left, VO on the right, GND on the bottom).  
   - No mirroring is required; mirroring would only complicate the visual flow of the circuit.

3. **Spacing** – A minimum of 10 mm between symbols keeps the schematic readable and avoids overlap of bounding boxes.

**Pin‑to‑pin connections (as per the user’s wiring list)**  

| Connection | From (symbol, pin) | To (symbol, pin) | Reason |
|------------|--------------------|------------------|--------|
| Power‑ground bus | U1 GND (pin 4) → C1 GND (pin 1) → C2 GND (pin 1) → C3 GND (pin 1) | All grounds are tied together to a single ground plane. |
| Charge‑pump output → LDO buffer | U1 OUT (pin 1) → C3 VO (pin 2) | U1 delivers –VIN on OUT; this is fed to the 100 mV LDOs. |
| LDO input chain | C1 VI (pin 3) → C2 VI (pin 3) → C3 VI (pin 3) → U1 IN (pin 2) | The LDOs share the same input and are powered by VIN. |
| LDO output chain | C1 VO (pin 2) → C2 VO (pin 2) → U1 IN (pin 2) | The outputs of C1 and C2 are summed (implicitly) to provide a slightly higher input voltage for C3 if needed. |

**Wire‑routing strategy**

- The GND bus is drawn as a horizontal line at the bottom of the charge‑pump symbol, connecting to the three LDOs.  
- The positive input path runs from the left side of the charge‑pump (pin 2) through the LDOs to the “power‑rail” at the top.  
- The negative output path runs from the right side of the charge‑pump (pin 1) to the LDO outputs.

**Why these connections work**

- The TPS60401DBV charges a flying capacitor between C_fly+ and C_fly‑; the output pin (pin 1) must be connected to the negative rail (C_fly‑).  
- The positive rail (C_fly+) is connected to VIN through the LDOs; their VI pins all receive VIN, so the charge‑pump’s input pin is tied to VIN.  
- The LDO outputs are wired to the charge‑pump’s IN pin (pin 2) to provide the required VIN to the charge‑pump’s input.  
- The charge‑pump’s OUT pin (pin 1) is connected to the LDO’s VO pin (pin 2) to feed the negative voltage into the buffer.

**Label placement**

- No external labels are needed because the symbol names and pin names are self‑explanatory.  
- If desired, a label “‑VIN” could be placed next to the U1 OUT pin and “VIN” next to the U1 IN pin for clarity, but the user did not specify any extra labels.

**Summary of the generated Python code**

1. **Import the KiCad schematic interface** – standard boilerplate.  
2. **Place U1** at the centre with `rotation=0`.  
3. **Place C1, C2, C3** to the left, bottom, and right of U1 respectively, all `rotation=0`.  
4. **Add the GND bus** as a horizontal wire connecting all GND pins.  
5. **Add the input power rail** as a horizontal wire connecting all VI pins to VIN.  
6. **Add the output rail** as a horizontal wire connecting all VO pins (including C3 VO) to the charge‑pump OUT pin.  
7. **Write out all wires** to finalize the schematic.

With these steps the schematic faithfully implements the requested charge‑pump topology, uses the exact parts specified, and follows KiCad’s schematic conventions for placement, rotation, and wiring.<|end|><|start|>assistant<|channel|>final<|message|># Auto-generated schematic symbols
import sys
import os

# Get project path and import kicad schematic interface
PROJECT_PATH = os.environ['PROJECT_PATH']
sys.path.append(PROJECT_PATH)
from modules.kicad_sch_interface import *

### Placing center symbol 1 : Regulator_SwitchedCapacitor:TPS60401DBV###

center_x_1, center_y_1 = 150.0, 110.0

add_schematic_symbol(symbol_lib="Regulator_SwitchedCapacitor", symbol_name="TPS60401DBV", pos_x=center_x_1, pos_y=center_y_1, reference="U1", value="TPS60401DBV", rotation=0, mirror="None")

### Placing other symbols in the Schematic with respect to the center symbol 1###

add_schematic_symbol(symbol_lib="Regulator_Linear", symbol_name="XC6206P332MR", pos_x=center_x_1 + (-16), pos_y=center_y_1 + (3), reference="C1", value="XC6206P332MR", rotation=0, mirror="None")
add_schematic_symbol(symbol_lib="Regulator_Linear", symbol_name="XC6206P100MR", pos_x=center_x_1 + (-5), pos_y=center_y_1 + (3), reference="C2", value="XC6206P100MR", rotation=0, mirror="None")
add_schematic_symbol(symbol_lib="Regulator_Linear", symbol_name="XC6206P100MR", pos_x=center_x_1 + (44), pos_y=center_y_1 + (3), reference="C3", value="XC6206P100MR", rotation=0, mirror="None")

### Placing all global labels in the Schematic and connect them to the neighbor pin ###


### Connecting all wires in the Schematic ###


# Connecting U1 pin 4 (Pin ID 4 -- Name None) to U1 pin GND (Pin ID 5 -- Name GND)
connect_pins("U1", "4", "U1", "GND")

# Connecting U1 pin 2 (Pin ID 2 -- Name CLK1) to U1 pin IN (Pin ID 2 -- Name IN)
connect_pins("U1", "2", "U1", "IN")

# Connecting U1 pin 5 (Pin ID 5 -- Name GND) to C1 pin 1 (Pin ID 1 -- Name None)
connect_pins("U1", "5", "C1", "1")

# Connecting U1 pin 3 (Pin ID 3 -- Name CLK2) to U1 pin CLK1 (Pin ID 2 -- Name CLK1)
connect_pins("U1", "3", "U1", "CLK1")

# Connecting U1 pin VOUT (Pin ID 1 -- Name VOUT) to C3 pin VO (Pin ID 2 -- Name VO)
connect_pins("U1", "VOUT", "C3", "VO")

# Connecting C1 pin VO (Pin ID 2 -- Name VO) to C2 pin VO (Pin ID 2 -- Name VO)
connect_pins("C1", "VO", "C2", "VO")

# Connecting C2 pin VO (Pin ID 2 -- Name VO) to C3 pin VO (Pin ID 2 -- Name VO)
connect_pins("C2", "VO", "C3", "VO")

# Connecting C1 pin 1 (Pin ID 1 -- Name None) to C2 pin 1 (Pin ID 1 -- Name None)
connect_pins("C1", "1", "C2", "1")

# Connecting C1 pin VI (Pin ID 4 -- Name VI) to C2 pin VI (Pin ID 4 -- Name VI)
connect_pins("C1", "VI", "C2", "VI")

# Connecting C2 pin 1 (Pin ID 1 -- Name None) to C3 pin 1 (Pin ID 1 -- Name None)
connect_pins("C2", "1", "C3", "1")

# Connecting C2 pin VI (Pin ID 4 -- Name VI) to C3 pin VI (Pin ID 4 -- Name VI)
connect_pins("C2", "VI", "C3", "VI")

# Connecting C1 pin 1 (Pin ID 1 -- Name None) to U1 pin 1 (Pin ID 1 -- Name None)
connect_pins("C1", "1", "U1", "1")

write_out_all_wires()
<|return|>
Saved generated code to /scratch/k2983/root-project/pcb-schematic-gen/SchGen/schematic_generation/t013_tps60401dbv_generated.py
Saved raw response to /scratch/k2983/root-project/pcb-schematic-gen/SchGen/schematic_generation/t013_tps60401dbv_generated.response.txt
