[MEMCHECK] after base_model load + per-expert MXFP4 dequant: host_maxrss=7.88GB gpu_alloc=17.36GB gpu_reserved=24.61GB gpu_peak=22.34GB
[FEEDBACK CHECK] feedback provided: True (len=1887)
[MEMCHECK] before symbol_selector_llm creation: host_maxrss=7.88GB gpu_alloc=17.36GB gpu_reserved=24.61GB gpu_peak=22.34GB
[MEMCHECK] after symbol_selector_llm creation (post eager switch): host_maxrss=7.88GB gpu_alloc=17.36GB gpu_reserved=24.61GB gpu_peak=22.34GB
[RAW] prompt=Design a schematic for Generates a negative output voltage equal to -(VIN) using an unregulated inverting charge pump. Use exactly these real components: U1 as a TPS60401DBV, in the KiCad library "Regulator_SwitchedCapacitor" (Unregulated inverting charge pump, SOT-23-5. Generates negative output voltage equal to -(VIN). Requires external flying capacitor between C_{FLY+} and C_{FLY-}, and output capacitor on OUT.), C1, C2, and C3 as 3 separate instances of a XC6206PxxxMR, in the KiCad library "Regulator_Linear" (Positive-voltage LDO regulator, 200mA, SOT-23. Ultra-low quiescent current (~1uA). Replace 'xxx' in part number with voltage code (e.g. P332 = 3.3V).). Do not substitute or invent a different part for any of them. Wire it up as follows: connect U1's GND pin (pin 4) to C1's GND pin (pin 1) to C2's GND pin (pin 1) to C3's GND pin (pin 1); connect U1's OUT pin (pin 1) to C3's VO pin (pin 2); connect C1's VI pin (pin 3) to C2's VI pin (pin 3) to C3's VI pin (pin 3); connect C1's VO pin (pin 2) to C2's VO pin (pin 2).
[SEQLEN] input_ids shape: torch.Size([1, 2152])
[SEQLEN] input_ids shape: torch.Size([1, 2152])
[SEQLEN] input_ids shape: torch.Size([1, 2152])
Azure CLI not found on path
[SEQLEN] input_ids shape: torch.Size([1, 5147])
[SEQLEN] input_ids shape: torch.Size([1, 5147])
[SEQLEN] input_ids shape: torch.Size([1, 5147])
Azure CLI not found on path
[SEQLEN] input_ids shape: torch.Size([1, 5368])
[SEQLEN] input_ids shape: torch.Size([1, 5368])
[SEQLEN] input_ids shape: torch.Size([1, 5368])
Azure CLI not found on path
[SEQLEN] input_ids shape: torch.Size([1, 3566])
[SEQLEN] input_ids shape: torch.Size([1, 3566])
[SEQLEN] input_ids shape: torch.Size([1, 3566])
Azure CLI not found on path
[MEMCHECK] after run_raw_test (post symbol-selection generate() call): host_maxrss=8.77GB gpu_alloc=17.37GB gpu_reserved=32.22GB gpu_peak=29.48GB
[MEMCHECK] after switching back to flash_attention_2: host_maxrss=8.77GB gpu_alloc=17.37GB gpu_reserved=32.22GB gpu_peak=29.48GB
[MEMCHECK] after gc.collect + empty_cache: host_maxrss=8.77GB gpu_alloc=17.37GB gpu_reserved=18.94GB gpu_peak=29.48GB
[MEMCHECK] after PeftModel.from_pretrained: host_maxrss=8.77GB gpu_alloc=17.43GB gpu_reserved=18.98GB gpu_peak=29.48GB
[MEMCHECK] after merge_and_unload: host_maxrss=8.77GB gpu_alloc=17.37GB gpu_reserved=25.35GB gpu_peak=29.48GB
Model raw response: <|channel|>final<|message|># Auto-generated schematic symbols
import sys
import os

# Get project path and import kicad schematic interface
PROJECT_PATH = os.environ['PROJECT_PATH']
sys.path.append(PROJECT_PATH)
from modules.kicad_sch_interface import *

### Placing center symbol 1 : Regulator_SwitchedCapacitor:TPS60401DBV###

center_x_1, center_y_1 = 150.0, 110.0

add_schematic_symbol(symbol_lib="Regulator_SwitchedCapacitor", symbol_name="TPS60401DBV", pos_x=center_x_1, pos_y=center_y_1, reference="U1", value="TPS60401DBV", rotation=0, mirror="None")

### Placing other symbols in the Schematic with respect to the center symbol 1###

# XC6206 positive regulator – VOUT pins
add_schematic_symbol(symbol_lib="Regulator_Linear", symbol_name="XC6206P332MR", pos_x=center_x_1 + (-16), pos_y=center_y_1 + (21), reference="C1", value="XC6206P332MR", rotation=0, mirror="None")
add_schematic_symbol(symbol_lib="Regulator_Linear", symbol_name="XC6206P100MR", pos_x=center_x_1 + (12), pos_y=center_y_1 + (21), reference="C2", value="XC6206P100MR", rotation=0, mirror="None")

# Flying capacitor – VOUT 0
add_schematic_symbol(symbol_lib="Device", symbol_name="C", pos_x=center_x_1 + (-27), pos_y=center_y_1 + (10), reference="C4", value="1nF", rotation=0, mirror="None")
add_schematic_symbol(symbol_lib="Device", symbol_name="C", pos_x=center_x_1 + (-27), pos_y=center_y_1 + (-10), reference="C5", value="1nF", rotation=0, mirror="None")

# Output capacitor on OUT pin
add_schematic_symbol(symbol_lib="Device", symbol_name="C", pos_x=center_x_1 + (33), pos_y=center_y_1 + (-10), reference="C6", value="1µF", rotation=0, mirror="None")

# Power symbols
add_schematic_symbol(symbol_lib="power", symbol_name="VAA", pos_x=center_x_1 + (-59), pos_y=center_y_1 + (29), reference="#PWR1", value="+1V8", rotation=0, mirror="None")
add_schematic_symbol(symbol_lib="power", symbol_name="+1V8", pos_x=center_x_1 + (-40), pos_y=center_y_1 + (30), reference="#PWR2", value="+1V8", rotation=0, mirror="None")
add_schematic_symbol(symbol_lib="power", symbol_name="GND", pos_x=center_x_1 + (-44), pos_y=center_y_1 + (15), reference="#PWR3", value="GND", rotation=0, mirror="None")

# Ground symbols
add_schematic_symbol(symbol_lib="power", symbol_name="GND", pos_x=center_x_1 + (-27), pos_y=center_y_1 + (-24), reference="#PWR4", value="GND", rotation=0, mirror="None")
add_schematic_symbol(symbol_lib="power", symbol_name="GND", pos_x=center_x_1 + (33), pos_y=center_y_1 + (-24), reference="#PWR5", value="GND", rotation=0, mirror="None")
add_schematic_symbol(symbol_lib="power", symbol_name="GND", pos_x=center_x_1 + (44), pos_y=center_y_1 + (-13), reference="#PWR6", value="GND", rotation=0, mirror="None")

### Placing all global labels in the Schematic and connect them to the neighbor pin ###


### Connecting all wires in the Schematic ###


# Connecting C1 pin 1 (Pin ID 1 -- Name None) to U1 pin VIN (Pin ID 2 -- Name VIN)
connect_pins("C1", "1", "U1", "VIN")

# Connecting C6 pin 2 (Pin ID 2 -- Name None) to #PWR5 pin 1 (Pin ID 1 -- Name None)
connect_pins("C6", "2", "#PWR5", "1")

# Connecting U1 pin VIN (Pin ID 2 -- Name VIN) to C2 pin VI (Pin ID 4 -- Name VI)
connect_pins("U1", "VIN", "C2", "VI")

# Connecting C2 pin VO (Pin ID 2 -- Name VO) to C6 pin VO (Pin ID 2 -- Name VO)
connect_pins("C2", "VO", "C6", "VO")

# Connecting C2 pin 1 (Pin ID 1 -- Name None) to C3 pin PI (Pin ID 3 -- Name PI)
connect_pins("C2", "1", "C3", "PI")

# Connecting C3 pin VO (Pin ID 2 -- Name VO) to #PWR4 pin 1 (Pin ID 1 -- Name None)
connect_pins("C3", "VO", "#PWR4", "1")

# Connecting C3 pin VO (Pin ID 2 -- Name VO) to #PWR6 pin 1 (Pin ID 1 -- Name None)
connect_pins("C3", "VO", "#PWR6", "1")

# Connecting U1 pin CLK2 (Pin ID 3 -- Name CLK2) to C1 pin VO (Pin ID 2 -- Name VO)
connect_pins("U1", "CLK2", "C1", "VO")

# Connecting #PWR1 pin +1V8 (Pin ID 1 -- Name +1V8) to #PWR2 pin +1V8 (Pin ID 1 -- Name +1V8)
connect_pins("#PWR1", "+1V8", "#PWR2", "+1V8")

# Connecting #PWR2 pin +1V8 (Pin ID 1 -- Name +1V8) to C1 pin VI (Pin ID 3 -- Name VI)
connect_pins("#PWR2", "+1V8", "C1", "VI")

# Connecting C5 pin 2 (Pin ID 2 -- Name None) to #PWR4 pin 1 (Pin ID 1 -- Name None)
connect_pins("C5", "2", "#PWR4", "1")

# Connecting C4 pin 2 (Pin ID 2 -- Name None) to U1 pin VOUT (Pin ID 6 -- Name VOUT)
connect_pins("C4", "2", "U1", "VOUT")

# Connecting #PWR1 pin +1V8 (Pin ID 1 -- Name +1V8) to C7 pin 1 (Pin ID 1 -- Name None)
connect_pins("#PWR1", "+1V8", "C7", "1")

# Connecting C1 pin 1 (Pin ID 1 -- Name None) to #PWR3 pin 1 (Pin ID 1 -- Name None)
connect_pins("C1", "1", "#PWR3", "1")

# Connecting U1 pin 1 (Pin ID 1 -- Name None) to C6 pin VI (Pin ID 4 -- Name VI)
connect_pins("U1", "1", "C6", "VI")

# Connecting U1 pin 2 (Pin ID 2 -- Name None) to C3 pin PI (Pin ID 3 -- Name PI)
connect_pins("U1", "2", "C3", "PI")

# Connecting C5 pin 1 (Pin ID 1 -- Name None) to U1 pin VOUT (Pin ID 6 -- Name VOUT)
connect_pins("C5", "1", "U1", "VOUT")

# Connecting C4 pin 1 (Pin ID 1 -- Name None) to C5 pin 1 (Pin ID 1 -- Name None)
connect_pins("C4", "1", "C5", "1")

write_out_all_wires()
<|return|>
Saved generated code to /scratch/k2983/root-project/pcb-schematic-gen/SchGen/schematic_generation/t013_tps60401dbv_generated.py
Saved raw response to /scratch/k2983/root-project/pcb-schematic-gen/SchGen/schematic_generation/t013_tps60401dbv_generated.response.txt
