[MEMCHECK] after base_model load + per-expert MXFP4 dequant: host_maxrss=7.88GB gpu_alloc=17.36GB gpu_reserved=24.61GB gpu_peak=22.34GB
[FEEDBACK CHECK] feedback provided: False (len=0)
[MEMCHECK] before symbol_selector_llm creation: host_maxrss=7.88GB gpu_alloc=17.36GB gpu_reserved=24.61GB gpu_peak=22.34GB
[MEMCHECK] after symbol_selector_llm creation (post eager switch): host_maxrss=7.88GB gpu_alloc=17.36GB gpu_reserved=24.61GB gpu_peak=22.34GB
[RAW] prompt=Design a schematic for A simple circuit using the TI BQ25173 to charge a Li-Ion/Li-Po battery. Use exactly these real components: C1 as a BQ25173DSG, in the KiCad library "Battery_Management" (TI BQ25173 standalone 800mA linear battery charger for Li-Ion/Li-Po. SOT-23-6.), R1, and R2 as 2 separate instances of a Battery_Cell, in the KiCad library "Device" (Single battery cell. Pin 1 is positive (+), Pin 2 is negative (-).). Do not substitute or invent a different part for any of them. Wire it up as follows: connect C1's VSS pin (pin 2) to R1's - pin (pin 2) to R2's - pin (pin 2); connect C1's OUT pin (pin 6) to R1's + pin (pin 1) to R2's + pin (pin 1).
[SEQLEN] input_ids shape: torch.Size([1, 2032])
[SEQLEN] input_ids shape: torch.Size([1, 5027])
[SEQLEN] input_ids shape: torch.Size([1, 5248])
[SEQLEN] input_ids shape: torch.Size([1, 5248])
[SEQLEN] input_ids shape: torch.Size([1, 5248])
Azure CLI not found on path
[SEQLEN] input_ids shape: torch.Size([1, 3446])
[MEMCHECK] after run_raw_test (post symbol-selection generate() call): host_maxrss=8.77GB gpu_alloc=17.37GB gpu_reserved=31.67GB gpu_peak=29.12GB
[MEMCHECK] after switching back to flash_attention_2: host_maxrss=8.77GB gpu_alloc=17.37GB gpu_reserved=31.67GB gpu_peak=29.12GB
[MEMCHECK] after gc.collect + empty_cache: host_maxrss=8.77GB gpu_alloc=17.37GB gpu_reserved=18.94GB gpu_peak=29.12GB
[MEMCHECK] after PeftModel.from_pretrained: host_maxrss=8.77GB gpu_alloc=17.43GB gpu_reserved=18.98GB gpu_peak=29.12GB
[MEMCHECK] after merge_and_unload: host_maxrss=8.77GB gpu_alloc=17.37GB gpu_reserved=25.35GB gpu_peak=29.12GB
Model raw response: <|channel|>analysis<|message|>**High‑level goal**

The user wants a minimal schematic that shows a TI BQ25173DG (a 6‑pin linear Li‑Ion/Li‑Po charger) feeding two separate Li‑Ion cells (R1 and R2).  
The only required components are:

| Symbol | KiCad library | Instance | Value / note |
|--------|---------------|----------|--------------|
| C1 | Battery_Management | BQ25173 | standalone 800 mA linear charger, SOT‑23‑6 |
| R1 | Device | Battery_Cell | + / – pins |
| R2 | Device | Battery_Cell | + / – pins |

All pins must be wired exactly as described:

* C1 VSS (pin 2) → R1‑minus (pin 2) → R2‑minus (pin 2)  
* C1 OUT (pin 6) → R1‑plus (pin 1) → R2‑plus (pin 1)

No extra components, no labels, no power symbols – only the three parts.

---

**Choosing a layout**

The schematic is A4 (210 × 297 mm).  
To keep everything centred and avoid overlap we pick a reference point at the centre of the sheet (x = 105 mm, y ≈ 150 mm).  
We place the BQ25173 directly on that point.  The two Battery_Cells are placed to its left and right, a few millimetres away, so the 800 mm × 600 mm bounding boxes of the BQ25173 do not touch any other symbol.  The negative pins of the cells are slightly lower than the positive pins, matching the symbol orientation (Down for +, Up for –).

The relative positions are:

| Symbol | pos_x | pos_y | rotation | mirror |
|--------|-------|-------|----------|--------|
| C1     | 105.0 | 150.0 | 0°       | None   |
| R1     | 94.0  | 150.0 | 0°       | None   |
| R2     | 116.0 | 150.0 | 0°       | None   |

These offsets (‑11 mm, 0 mm for R1; +11 mm, 0 mm for R2) give a clean 22 mm wide cluster.  The BQ25173 centre is at (105, 150) so that the 2 × 1 cm footprint of the SOT‑23 is fully contained.

---

**Placing the symbols**

```python
add_schematic_symbol(
    symbol_lib="Battery_Management",
    symbol_name="BQ25173DSG",
    pos_x=105.0, pos_y=150.0,
    reference="C1",
    value="BQ25173DSG",
    rotation=0,
    mirror=None
)
```

The BQ25173 is the only symbol that has a “value” field; we set it to the part name to make the plot clear.

```python
add_schematic_symbol(
    symbol_lib="Device",
    symbol_name="Battery_Cell",
    pos_x=94.0, pos_y=150.0,
    reference="R1",
    value="Battery_Cell",
    rotation=0,
    mirror=None
)
```

```python
add_schematic_symbol(
    symbol_lib="Device",
    symbol_name="Battery_Cell",
    pos_x=116.0, pos_y=150.0,
    reference="R2",
    value="Battery_Cell",
    rotation=0,
    mirror=None
)
```

No rotation or mirroring is needed because the symbols are already oriented to match the pin directions we will use.

---

**Creating the connections**

We use `connect_pins` to tie pin‑to‑pin.  The BQ25173 pin names are taken from the datasheet:

| Pin | Function |
|-----|----------|
| 2 | VSS |
| 6 | OUT |

The Battery_Cell pins are simple:

| Pin | Function |
|-----|----------|
| + | positive (+) |
| – | negative (−) |

The wiring sequence follows the user’s description:

1. **VSS path**

   *C1 VSS → R1‑minus → R2‑minus*

   ```python
   connect_pins("C1", "VSS", "R1", "-")
   connect_pins("R1", "-", "R2", "-")
   ```

2. **OUT path**

   *C1 OUT → R1‑plus → R2‑plus*

   ```python
   connect_pins("C1", "OUT", "R1", "+")
   connect_pins("R1", "+", "R2", "+")
   ```

The two `connect_pins` calls for each path ensure that the chain is continuous.  
Because the pin names are unique and the symbols use standard pin naming, there is no need for intermediate dummy labels.

---

**Writing the wires**

After all `connect_pins` calls, we finish with:

```python
write_out_all_wires()
```

This command scans the internal connection list and emits the physical wire objects that KiCad will render.

---

**Why no labels or power symbols?**

The user explicitly requested only the three components and the exact pin connections.  
Adding labels would clutter the minimal schematic and is unnecessary for a schematic that is purely functional.  
Similarly, KiCad’s power symbols (`+V`, `GND`) would add extra nodes that are not part of the logical network requested.

---

**Summary of the reasoning**

1. Identify the three required symbols and their pin names.  
2. Choose a central reference point to keep the schematic centred.  
3. Place R1 and R2 left/right of the BQ25173 with equal spacing to avoid overlap.  
4. Use `add_schematic_symbol` with the correct library, name, position, reference, value, rotation, and mirror.  
5. Connect the pins in the exact sequence specified, using `connect_pins`.  
6. End with `write_out_all_wires()` to generate the wire geometry.

The resulting script will produce a clean, centre‑ised schematic that satisfies the user’s functional and layout constraints.<|end|><|start|>assistant<|channel|>final<|message|># Auto-generated schematic symbols
import sys
import os

# Get project path and import kicad schematic interface
PROJECT_PATH = os.environ['PROJECT_PATH']
sys.path.append(PROJECT_PATH)
from modules.kicad_sch_interface import *

### Placing center symbol 1 : Battery_Management:BQ25173DSG###

center_x_1, center_y_1 = 105.0, 150.0

add_schematic_symbol(symbol_lib="Battery_Management", symbol_name="BQ25173DSG", pos_x=center_x_1, pos_y=center_y_1, reference="C1", value="BQ25173DSG", rotation=0, mirror="None")

### Placing other symbols in the Schematic with respect to the center symbol 1###

add_schematic_symbol(symbol_lib="Device", symbol_name="Battery_Cell", pos_x=center_x_1 + (-11), pos_y=center_y_1 + (0), reference="R1", value="Battery_Cell", rotation=0, mirror="None")
add_schematic_symbol(symbol_lib="Device", symbol_name="Battery_Cell", pos_x=center_x_1 + (11), pos_y=center_y_1 + (0), reference="R2", value="Battery_Cell", rotation=0, mirror="None")

### Placing all global labels in the Schematic and connect them to the neighbor pin ###


### Connecting all wires in the Schematic ###


# Connecting C1 pin 6 (Pin ID 6 -- Name None) to R2 pin + (Pin ID 1 -- Name +)
connect_pins("C1", "6", "R2", "+")

# Connecting R1 pin - (Pin ID 2 -- Name None) to R2 pin - (Pin ID 2 -- Name None)
connect_pins("R1", "-", "R2", "-")

# Connecting C1 pin 6 (Pin ID 6 -- Name None) to R1 pin + (Pin ID 1 -- Name +)
connect_pins("C1", "6", "R1", "+")

# Connecting C1 pin VSS (Pin ID 2 -- Name VSS) to R1 pin - (Pin ID 2 -- Name None)
connect_pins("C1", "VSS", "R1", "-")

write_out_all_wires()
<|return|>
Saved generated code to /scratch/k2983/root-project/pcb-schematic-gen/SchGen/schematic_generation/t013_bq25173dsg_generated.py
Saved raw response to /scratch/k2983/root-project/pcb-schematic-gen/SchGen/schematic_generation/t013_bq25173dsg_generated.response.txt
