[MEMCHECK] after base_model load + per-expert MXFP4 dequant: host_maxrss=7.88GB gpu_alloc=17.36GB gpu_reserved=24.61GB gpu_peak=22.34GB
[FEEDBACK CHECK] feedback provided: True (len=3575)
[MEMCHECK] before symbol_selector_llm creation: host_maxrss=7.88GB gpu_alloc=17.36GB gpu_reserved=24.61GB gpu_peak=22.34GB
[MEMCHECK] after symbol_selector_llm creation (post eager switch): host_maxrss=7.88GB gpu_alloc=17.36GB gpu_reserved=24.61GB gpu_peak=22.34GB
[RAW] prompt=Design a schematic for A simple circuit using the ATtiny13A microcontroller. Use exactly these real components: U1 as a ATtiny13A-P, in the KiCad library "MCU_Microchip_ATtiny" (ATtiny13A 8-bit AVR MCU, 8-pin DIP, 20MHz, 1KB flash). Do not substitute or invent a different part for any of them.
[SEQLEN] input_ids shape: torch.Size([1, 1903])
[SEQLEN] input_ids shape: torch.Size([1, 1903])
[SEQLEN] input_ids shape: torch.Size([1, 1903])
Azure CLI not found on path
[SEQLEN] input_ids shape: torch.Size([1, 4898])
[SEQLEN] input_ids shape: torch.Size([1, 4898])
[SEQLEN] input_ids shape: torch.Size([1, 4898])
Azure CLI not found on path
[SEQLEN] input_ids shape: torch.Size([1, 5119])
[SEQLEN] input_ids shape: torch.Size([1, 5119])
[SEQLEN] input_ids shape: torch.Size([1, 5119])
Azure CLI not found on path
[SEQLEN] input_ids shape: torch.Size([1, 3317])
[SEQLEN] input_ids shape: torch.Size([1, 3317])
[SEQLEN] input_ids shape: torch.Size([1, 3317])
Azure CLI not found on path
[MEMCHECK] after run_raw_test (post symbol-selection generate() call): host_maxrss=8.77GB gpu_alloc=17.37GB gpu_reserved=31.11GB gpu_peak=28.75GB
[MEMCHECK] after switching back to flash_attention_2: host_maxrss=8.77GB gpu_alloc=17.37GB gpu_reserved=31.11GB gpu_peak=28.75GB
[MEMCHECK] after gc.collect + empty_cache: host_maxrss=8.77GB gpu_alloc=17.37GB gpu_reserved=18.94GB gpu_peak=28.75GB
[MEMCHECK] after PeftModel.from_pretrained: host_maxrss=8.77GB gpu_alloc=17.43GB gpu_reserved=18.98GB gpu_peak=28.75GB
[MEMCHECK] after merge_and_unload: host_maxrss=8.77GB gpu_alloc=17.37GB gpu_reserved=25.35GB gpu_peak=28.75GB
Model raw response: <|channel|>final<|message|># Auto-generated schematic symbols
import sys
import os

# Get project path and import kicad schematic interface
PROJECT_PATH = os.environ['PROJECT_PATH']
sys.path.append(PROJECT_PATH)
from modules.kicad_sch_interface import *

### Placing center symbol 1 : MCU_Microchip_ATtiny:ATtiny13A-P###

center_x_1, center_y_1 = 150.0, 110.0

add_schematic_symbol(symbol_lib="MCU_Microchip_ATtiny", symbol_name="ATtiny13A-P", pos_x=center_x_1, pos_y=center_y_1, reference="U1", value="ATtiny13A-P", rotation=0, mirror="None")

### Placing other symbols in the Schematic with respect to the center symbol 1###

add_schematic_symbol(symbol_lib="power", symbol_name="VAA", pos_x=center_x_1 + (2), pos_y=center_y_1 + (13), reference="#PWR1", value="VIN", rotation=0, mirror="None")
add_schematic_symbol(symbol_lib="Device", symbol_name="R", pos_x=center_x_1 + (11), pos_y=center_y_1 + (-1), reference="R1", value="2.2K", rotation=0, mirror="None")
add_schematic_symbol(symbol_lib="power", symbol_name="VAA", pos_x=center_x_1 + (17), pos_y=center_y_1 + (13), reference="#PWR2", value="+1V8", rotation=0, mirror="None")
add_schematic_symbol(symbol_lib="Device", symbol_name="R", pos_x=center_x_1 + (17), pos_y=center_y_1 + (-1), reference="R2", value="2.2K", rotation=0, mirror="None")
add_schematic_symbol(symbol_lib="Jumper", symbol_name="SolderJumper_3_Bridged123", pos_x=center_x_1 + (25), pos_y=center_y_1 + (6), reference="JP1", value="AUX", rotation=0, mirror="x")
add_schematic_symbol(symbol_lib="power", symbol_name="VAA", pos_x=center_x_1 + (38), pos_y=center_y_1 + (13), reference="#PWR3", value="VIN", rotation=0, mirror="None")
add_schematic_symbol(symbol_lib="Device", symbol_name="R", pos_x=center_x_1 + (38), pos_y=center_y_1 + (-1), reference="R3", value="2.2K", rotation=0, mirror="None")
add_schematic_symbol(symbol_lib="power", symbol_name="VAA", pos_x=center_x_1 + (44), pos_y=center_y_1 + (13), reference="#PWR4", value="+1V8", rotation=0, mirror="None")
add_schematic_symbol(symbol_lib="Device", symbol_name="R", pos_x=center_x_1 + (44), pos_y=center_y_1 + (-1), reference="R4", value="2.2K", rotation=0, mirror="None")

### Placing all global labels in the Schematic and connect them to the neighbor pin ###

# Add label L2_LED3 next to U1 pin ~{RESET}/PB5 
x_U1_1, y_U1_1 = get_pin_location(symbol_ref="U1", pin_name="~{RESET}/PB5")
add_label(label_pos=[x_U1_1+(-3), y_U1_1+(0)], label_text="L2_LED3", label_ref="L2_LED3_0", label_type="input", text_orient="left")
# Connecting Label L2_LED3 label_id:0 to U1 pin ~{RESET}/PB5 (Pin ID 1 -- Name ~{RESET}/PB5)
connect_pins("L2_LED3_0", "1", "U1", "~{RESET}/PB5")

# Add label AUX next to U1 pin PA7 
x_U1_9, y_U1_9 = get_pin_location(symbol_ref="U1", pin_name="PA7")
add_label(label_pos=[x_U1_9+(-3), y_U1_9+(0)], label_text="AUX", label_ref="AUX_0", label_type="input", text_orient="left")
# Connecting Label AUX label_id:0 to U1 pin PA7 (Pin ID 9 -- Name PA7)
connect_pins("AUX_0", "1", "U1", "PA7")

# Add label AUX_LED4 next to U1 pin PB7 
x_U1_8, y_U1_8 = get_pin_location(symbol_ref="U1", pin_name="PB7")
add_label(label_pos=[x_U1_8+(-3), y_U1_8+(0)], label_text="AUX_LED4", label_ref="AUX_LED4_0", label_type="input", text_orient="left")
# Connecting Label AUX_LED4 label_id:0 to U1 pin PB7 (Pin ID 8 -- Name PB7)
connect_pins("AUX_LED4_0", "1", "U1", "PB7")

# Add label AUX_LED5 next to U1 pin PB6 
x_U1_7, y_U1_7 = get_pin_location(symbol_ref="U1", pin_name="PB6")
add_label(label_pos=[x_U1_7+(-3), y_U1_7+(0)], label_text="AUX_LED5", label_ref="AUX_LED5_0", label_type="input", text_orient="left")
# Connecting Label AUX_LED5 label_id:0 to U1 pin PB6 (Pin ID 7 -- Name PB6)
connect_pins("AUX_LED5_0", "1", "U1", "PB6")

# Add label PA3 next to U1 pin PA3 
x_U1_5, y_U1_5 = get_pin_location(symbol_ref="U1", pin_name="PA3")
add_label(label_pos=[x_U1_5+(-3), y_U1_5+(0)], label_text="PA3", label_ref="PA3_0", label_type="input", text_orient="left")
# Connecting Label PA3 label_id:0 to U1 pin PA3 (Pin ID 5 -- Name PA3)
connect_pins("PA3_0", "1", "U1", "PA3")

# Add label PA2 next to U1 pin PA2 
x_U1_2, y_U1_2 = get_pin_location(symbol_ref="U1", pin_name="PA2")
add_label(label_pos=[x_U1_2+(-3), y_U1_2+(0)], label_text="PA2", label_ref="PA2_0", label_type="input", text_orient="left")
# Connecting Label PA2 label_id:0 to U1 pin PA2 (Pin ID 2 -- Name PA2)
connect_pins("PA2_0", "1", "U1", "PA2")

# Add label PA0 next to U1 pin PA0 
x_U1_16, y_U1_16 = get_pin_location(symbol_ref="U1", pin_name="PA0")
add_label(label_pos=[x_U1_16+(-3), y_U1_16+(0)], label_text="PA0", label_ref="PA0_0", label_type="input", text_orient="left")
# Connecting Label PA0 label_id:0 to U1 pin PA0 (Pin ID 6 -- Name PA0)
connect_pins("PA0_0", "1", "U1", "PA0")

# Add label PI2 next to U1 pin PA2-PWM 
x_U1_11, y_U1_11 = get_pin_location(symbol_ref="U1", pin_name="PA2-PWM")
add_label(label_pos=[x_U1_11+(3), y_U1_11+(0)], label_text="PI2", label_ref="PI2_0", label_type="input", text_orient="right")
# Connecting Label PI2 label_id:0 to U1 pin PA2-PWM (Pin ID 2 -- Name PA2-PWM)
connect_pins("PI2_0", "1", "U1", "PA2-PWM")

# Add label PI next to U1 pin PA1-PWM 
x_U1_12, y_U1_12 = get_pin_location(symbol_ref="U1", pin_name="PA1-PWM")
add_label(label_pos=[x_U1_12+(3), y_U1_12+(0)], label_text="PI", label_ref="PI_0", label_type="input", text_orient="right")
# Connecting Label PI label_id:0 to U1 pin PA1-PWM (Pin ID 4 -- Name PA1-PWM)
connect_pins("PI_0", "1", "U1", "PA1-PWM")

# Add label A next to U1 pin PB3-PWM 
x_U1_13, y_U1_13 = get_pin_location(symbol_ref="U1", pin_name="PB3-PWM")
add_label(label_pos=[x_U1_13+(3), y_U1_13+(0)], label_text="A", label_ref="A_0", label_type="input", text_orient="right")
# Connecting Label A label_id:0 to U1 pin PB3-PWM (Pin ID 5 -- Name PB3-PWM)
connect_pins("A_0", "1", "U1", "PB3-PWM")

# Add label MCLR next to U1 pin ~{PE2} 
x_U1_14, y_U1_14 = get_pin_location(symbol_ref="U1", pin_name="~{PE2}")
add_label(label_pos=[x_U1_14+(3), y_U1_14+(0)], label_text="MCLR", label_ref="MCLR_0", label_type="input", text_orient="right")
# Connecting Label MCLR label_id:0 to U1 pin ~{PE2} (Pin ID 3 -- Name ~{PE2})
connect_pins("MCLR_0", "1", "U1", "~{PE2}")

# Add label M2_LED0 next to U1 pin PB1-PWM 
x_U1_15, y_U1_15 = get_pin_location(symbol_ref="U1", pin_name="PB1-PWM")
add_label(label_pos=[x_U1_15+(3), y_U1_15+(0)], label_text="M2_LED0", label_ref="M2_LED0_0", label_type="input", text_orient="right")
# Connecting Label M2_LED0 label_id:0 to U1 pin PB1-PWM (Pin ID 5 -- Name PB1-PWM)
connect_pins("M2_LED0_0", "1", "U1", "PB1-PWM")


### Connecting all wires in the Schematic ###


# Connecting U1 pin 1 (Pin ID 1 -- Name None) to R1 pin 1 (Pin ID 1 -- Name None)
connect_pins("U1", "1", "R1", "1")

# Connecting R1 pin 2 (Pin ID 2 -- Name None) to JP1 pin B (Pin ID 3 -- Name B)
connect_pins("R1", "2", "JP1", "B")

# Connecting R2 pin 1 (Pin ID 1 -- Name None) to JP1 pin A (Pin ID 1 -- Name A)
connect_pins("R2", "1", "JP1", "A")

# Connecting #PWR1 pin VIN (Pin ID 1 -- Name VIN) to U1 pin VCC (Pin ID 7 -- Name VCC)
connect_pins("#PWR1", "VIN", "U1", "VCC")

# Connecting U1 pin PA4/2 (Pin ID 13 -- Name PA4/2) to R3 pin 2 (Pin ID 2 -- Name None)
connect_pins("U1", "PA4/2", "R3", "2")

# Connecting R2 pin 2 (Pin ID 2 -- Name None) to R3 pin 1 (Pin ID 1 -- Name None)
connect_pins("R2", "2", "R3", "1")

# Connecting JP1 pin C (Pin ID 2 -- Name C) to R4 pin 2 (Pin ID 2 -- Name None)
connect_pins("JP1", "C", "R4", "2")

# Connecting R1 pin 2 (Pin ID 2 -- Name None) to JP1 pin A (Pin ID 1 -- Name A)
connect_pins("R1", "2", "JP1", "A")

# Connecting R2 pin 2 (Pin ID 2 -- Name None) to R3 pin 1 (Pin ID 1 -- Name None)
connect_pins("R2", "2", "R3", "1")

# Connecting #PWR3 pin VIN (Pin ID 1 -- Name VIN) to R4 pin 1 (Pin ID 1 -- Name None)
connect_pins("#PWR3", "VIN", "R4", "1")

# Connecting #PWR4 pin VIN (Pin ID 1 -- Name VIN) to R3 pin 1 (Pin ID 1 -- Name None)
connect_pins("#PWR4", "VIN", "R3", "1")

write_out_all_wires()
<|return|>
Saved generated code to /scratch/k2983/root-project/pcb-schematic-gen/SchGen/schematic_generation/t013_attiny13a_p_generated.py
Saved raw response to /scratch/k2983/root-project/pcb-schematic-gen/SchGen/schematic_generation/t013_attiny13a_p_generated.response.txt
