[MEMCHECK] after base_model load + per-expert MXFP4 dequant: host_maxrss=7.88GB gpu_alloc=17.36GB gpu_reserved=24.61GB gpu_peak=22.34GB
[FEEDBACK CHECK] feedback provided: False (len=0)
[MEMCHECK] before symbol_selector_llm creation: host_maxrss=7.88GB gpu_alloc=17.36GB gpu_reserved=24.61GB gpu_peak=22.34GB
[MEMCHECK] after symbol_selector_llm creation (post eager switch): host_maxrss=7.88GB gpu_alloc=17.36GB gpu_reserved=24.61GB gpu_peak=22.34GB
[RAW] prompt=Design a schematic for A circuit using a quad 2-input AND gate to perform logical AND operations on four pairs of inputs. Use exactly these real components: U1 as a 74LS08, in the KiCad library "74xx" (Quad 2-input AND gate. Pin names are '~' in KiCad; use pin numbers. Gate1: A=1,B=2,Y=3. Gate2: A=4,B=5,Y=6. Gate3: A=9,B=10,Y=8. Gate4: A=12,B=13,Y=11.). Do not substitute or invent a different part for any of them. The inputs A1, B1, A2, and B2 are assumed to be connected to the corresponding inputs of the AND gate. The outputs Y1 and Y2 are assumed to be connected to the corresponding outputs of the AND gate.
[SEQLEN] input_ids shape: torch.Size([1, 2003])
[SEQLEN] input_ids shape: torch.Size([1, 4998])
[SEQLEN] input_ids shape: torch.Size([1, 4998])
[SEQLEN] input_ids shape: torch.Size([1, 4998])
Azure CLI not found on path
[SEQLEN] input_ids shape: torch.Size([1, 5219])
[SEQLEN] input_ids shape: torch.Size([1, 5219])
[SEQLEN] input_ids shape: torch.Size([1, 5219])
Azure CLI not found on path
[SEQLEN] input_ids shape: torch.Size([1, 3417])
[MEMCHECK] after run_raw_test (post symbol-selection generate() call): host_maxrss=8.77GB gpu_alloc=17.37GB gpu_reserved=31.54GB gpu_peak=29.04GB
[MEMCHECK] after switching back to flash_attention_2: host_maxrss=8.77GB gpu_alloc=17.37GB gpu_reserved=31.54GB gpu_peak=29.04GB
[MEMCHECK] after gc.collect + empty_cache: host_maxrss=8.77GB gpu_alloc=17.37GB gpu_reserved=18.94GB gpu_peak=29.04GB
[MEMCHECK] after PeftModel.from_pretrained: host_maxrss=8.77GB gpu_alloc=17.43GB gpu_reserved=18.98GB gpu_peak=29.04GB
[MEMCHECK] after merge_and_unload: host_maxrss=8.77GB gpu_alloc=17.37GB gpu_reserved=25.35GB gpu_peak=29.04GB
Model raw response: <|channel|>analysis<|message|>**High‑level goal**

The user wants a schematic that implements two 2‑input AND operations using a single 74LS08 quad AND gate.  
*Inputs* – A1, B1, A2, B2 are tied to the correct pins of the IC.  
*Outputs* – Y1 and Y2 are taken from the two output pins of the IC.  
Only the 74LS08 component is allowed; no other logic devices may be added.

To keep the drawing tidy we place the IC near the centre of the sheet (≈ 150 mm × 110 mm).  
All other symbols (power, ground, labels) are positioned with simple integer offsets so that the bounding boxes never overlap.

---

### 1.  Adding the 74LS08 symbol

```python
add_schematic_symbol(
    symbol_lib="74xx",
    symbol_name="74LS08",
    pos_x=center_x_1,             # 150.0 mm
    pos_y=center_y_1,             # 110.0 mm
    reference="U1",
    value="74LS08",
    rotation=0,                   # no rotation – pins are already in the desired orientation
    mirror="None"
)
```

*Why `rotation=0` and `mirror="None"`?*  
The 74LS08 symbol in the 74xx library already has its four inputs on the left side and the outputs on the right side, matching the required pin numbers.  
No mirroring is needed because the default orientation already places the VCC pin above the device and the GND pin below.

---

### 2.  Power and ground symbols

```python
add_schematic_symbol(
    symbol_lib="power",
    symbol_name="+5V",
    pos_x=center_x_1 + (-72),    # 78 mm left of the IC
    pos_y=center_y_1 + 22,        # 132 mm – top of the sheet
    reference="#PWR1",
    value="+5V",
    rotation=0,
    mirror="None"
)

add_schematic_symbol(
    symbol_lib="power",
    symbol_name="GND",
    pos_x=center_x_1 + (-72),    # 78 mm left
    pos_y=center_y_1 - 12,        # 98 mm – below the IC
    reference="#PWR2",
    value="GND",
    rotation=0,
    mirror="None"
)
```

*Why the offsets?*  
The power symbols are placed far enough left that their pins are not crowded with the IC pins.  
The GND symbol is placed below the IC so that its pin can run straight down to the IC’s GND pin without crossing other wires.

---

### 3.  Adding input labels

For each input we place a label next to the appropriate pin of the IC.  
We use `get_pin_location()` to obtain the exact (x, y) of the pin, then offset the label a few millimetres to the left or right.

```python
# Example for input A1 (IC pin 13)
x_U1_13, y_U1_13 = get_pin_location(symbol_ref="U1", pin_name="13")
add_label(
    label_pos=[x_U1_13 - 13, y_U1_13],
    label_text="A1",
    label_ref="A1_0",
    label_type="input",
    text_orient="left"
)
connect_pins("A1_0", "1", "U1", "13")
```

*Why the left offset?*  
All input pins are on the left side of the IC, so a left‑hand label keeps the text from overlapping the pin name.  
The offset of 13 mm provides a comfortable gap for the wire.

The same pattern is repeated for A2 (pin 9), B1 (pin 10) and B2 (pin 4), each time using the proper pin name and a small offset (±13 mm).  
The label type is “input” because the signal is coming *into* the gate.

---

### 4.  Adding output labels

Outputs are on the right side of the IC (pins 3 and 6).  
We place the labels to the right of the pins.

```python
# Output Y1 (IC pin 3)
x_U1_3, y_U1_3 = get_pin_location(symbol_ref="U1", pin_name="3")
add_label(
    label_pos=[x_U1_3 + 16, y_U1_3],
    label_text="Y1",
    label_ref="Y1_0",
    label_type="output",
    text_orient="right"
)
connect_pins("Y1_0", "1", "U1", "3")
```

*Why the right offset?*  
The output pins are on the right side; a right‑hand label avoids overlapping the pin name and keeps the wire straight from the IC to the label.  
An offset of 16 mm is large enough to avoid clutter but small enough to keep the wire short.

The same is done for Y2 (pin 6) with an offset of 16 mm.

---

### 5.  Wiring the power and ground pins

```python
# VCC (pin 12) to +5V
connect_pins("#PWR1", "+5V", "U1", "12")

# GND (pin 8) to GND
connect_pins("U1", "8", "#PWR2", "GND")
```

*Why direct connections?*  
The 74LS08 requires its supply pins to be tied to the correct voltage rails.  
Connecting VCC to a +5 V source and GND to ground ensures the device operates correctly.

---

### 6.  Wiring the input pins

```python
connect_pins("U1", "1", "U1", "1")   # A1 to itself – no extra component
connect_pins("U1", "4", "U1", "4")   # B2
connect_pins("U1", "9", "U1", "9")   # A2
connect_pins("U1", "10", "U1", "10") # B1
```

*Why connect a pin to itself?*  
In this simple schematic the external signals A1–B2 will be attached directly to the corresponding IC pins.  
The `connect_pins()` calls are placeholders; in a real design the external nets will be connected to these pins via labels or schematic wires.

---

### 7.  Finalizing the wiring

After all `connect_pins()` calls we invoke

```python
write_out_all_wires()
```

This writes the accumulated wire list to the schematic file, completing the netlist.

---

### 8.  Summary of key decisions

| Element | Position | Rotation | Mirror | Reasoning |
|---------|----------|----------|--------|-----------|
| U1 (74LS08) | (150 mm, 110 mm) | 0° | None | Central location; default orientation matches pin placement |
| +5 V | 78 mm left, 132 mm up | 0° | None | Keeps power lines short and avoids crossing inputs |
| GND | 78 mm left, 98 mm down | 0° | None | Straight vertical path to IC GND pin |
| Labels | ±13–16 mm offset from pins | – | – | Clear separation from pin names; left for inputs, right for outputs |
| Wire offsets | ~13 mm for inputs, ~16 mm for outputs | – | – | Prevents overlapping of wires and labels while keeping wires short |

All connections obey the required pin mapping of the 74LS08, and the schematic is neatly centered on an A4 sheet. The resulting code will generate a clean, readable schematic that satisfies the user’s constraints.<|end|><|start|>assistant<|channel|>final<|message|># Auto-generated schematic symbols
import sys
import os

# Get project path and import kicad schematic interface
PROJECT_PATH = os.environ['PROJECT_PATH']
sys.path.append(PROJECT_PATH)
from modules.kicad_sch_interface import *

### Placing center symbol 1 : 74xx:74LS08###

center_x_1, center_y_1 = 150.0, 110.0

add_schematic_symbol(symbol_lib="74xx", symbol_name="74LS08", pos_x=center_x_1, pos_y=center_y_1, reference="U1", value="74LS08", rotation=0, mirror="None")

### Placing other symbols in the Schematic with respect to the center symbol 1###

add_schematic_symbol(symbol_lib="power", symbol_name="+5V", pos_x=center_x_1 + (-72), pos_y=center_y_1 + (22), reference="#PWR1", value="+5V", rotation=0, mirror="None")
add_schematic_symbol(symbol_lib="power", symbol_name="GND", pos_x=center_x_1 + (-72), pos_y=center_y_1 + (-12), reference="#PWR2", value="GND", rotation=0, mirror="None")

### Placing all global labels in the Schematic and connect them to the neighbor pin ###

# Add label B2 next to U1 pin 4 
x_U1_4, y_U1_4 = get_pin_location(symbol_ref="U1", pin_name="4")
add_label(label_pos=[x_U1_4+(-13), y_U1_4+(0)], label_text="B2", label_ref="B2_0", label_type="input", text_orient="left")
# Connecting Label B2 label_id:0 to U1 pin 4 (Pin ID 4 -- Name 4)
connect_pins("B2_0", "1", "U1", "4")

# Add label A2 next to U1 pin 9 
x_U1_9, y_U1_9 = get_pin_location(symbol_ref="U1", pin_name="9")
add_label(label_pos=[x_U1_9+(-13), y_U1_9+(0)], label_text="A2", label_ref="A2_0", label_type="input", text_orient="left")
# Connecting Label A2 label_id:0 to U1 pin 9 (Pin ID 9 -- Name 9)
connect_pins("A2_0", "1", "U1", "9")

# Add label B1 next to U1 pin 10 
x_U1_10, y_U1_10 = get_pin_location(symbol_ref="U1", pin_name="10")
add_label(label_pos=[x_U1_10+(-13), y_U1_10+(0)], label_text="B1", label_ref="B1_0", label_type="input", text_orient="left")
# Connecting Label B1 label_id:0 to U1 pin 10 (Pin ID 10 -- Name 10)
connect_pins("B1_0", "1", "U1", "10")

# Add label A1 next to U1 pin 13 
x_U1_13, y_U1_13 = get_pin_location(symbol_ref="U1", pin_name="13")
add_label(label_pos=[x_U1_13+(-13), y_U1_13+(0)], label_text="A1", label_ref="A1_0", label_type="input", text_orient="left")
# Connecting Label A1 label_id:0 to U1 pin 13 (Pin ID 13 -- Name 13)
connect_pins("A1_0", "1", "U1", "13")

# Add label Y2 next to U1 pin Y1 
x_U1_3, y_U1_3 = get_pin_location(symbol_ref="U1", pin_name="Y1")
add_label(label_pos=[x_U1_3+(16), y_U1_3+(0)], label_text="Y2", label_ref="Y2_0", label_type="input", text_orient="right")
# Connecting Label Y2 label_id:0 to U1 pin Y1 (Pin ID 3 -- Name Y1)
connect_pins("Y2_0", "1", "U1", "Y1")

# Add label Y1 next to U1 pin Y2 
x_U1_6, y_U1_6 = get_pin_location(symbol_ref="U1", pin_name="Y2")
add_label(label_pos=[x_U1_6+(16), y_U1_6+(0)], label_text="Y1", label_ref="Y1_0", label_type="input", text_orient="right")
# Connecting Label Y1 label_id:0 to U1 pin Y2 (Pin ID 6 -- Name Y2)
connect_pins("Y1_0", "1", "U1", "Y2")


### Connecting all wires in the Schematic ###


# Connecting #PWR1 pin +5V (Pin ID 1 -- Name +5V) to U1 pin VCC (Pin ID 12 -- Name VCC)
connect_pins("#PWR1", "+5V", "U1", "VCC")

# Connecting U1 pin 8 (Pin ID 8 -- Name None) to #PWR2 pin 1 (Pin ID 1 -- Name None)
connect_pins("U1", "8", "#PWR2", "1")

write_out_all_wires()
<|return|>
Saved generated code to /scratch/k2983/root-project/pcb-schematic-gen/SchGen/schematic_generation/t013_74ls08_generated.py
Saved raw response to /scratch/k2983/root-project/pcb-schematic-gen/SchGen/schematic_generation/t013_74ls08_generated.response.txt
