[MEMCHECK] after base_model load + per-expert MXFP4 dequant: host_maxrss=7.88GB gpu_alloc=17.36GB gpu_reserved=24.61GB gpu_peak=22.34GB
[FEEDBACK CHECK] feedback provided: False (len=0)
[MEMCHECK] before symbol_selector_llm creation: host_maxrss=7.88GB gpu_alloc=17.36GB gpu_reserved=24.61GB gpu_peak=22.34GB
[MEMCHECK] after symbol_selector_llm creation (post eager switch): host_maxrss=7.88GB gpu_alloc=17.36GB gpu_reserved=24.61GB gpu_peak=22.34GB
[RAW] prompt=Design a schematic for A simple circuit using a USB Type-C receptacle for power only, with CC1 and CC2 configured for sink mode. Use exactly these real components: U1 as a USB_C_Receptacle_PowerOnly_6P, in the KiCad library "Connector" (USB Type-C receptacle, power only (6 pins). No data lines. CC1 and CC2 each need 5.1k pull-down for sink, or 56k pull-up for source.). Do not substitute or invent a different part for any of them. Wire it up as follows: connect U1's VBUS pin (pin A9) to U1's VBUS pin (pin B9); connect U1's GND pin (pin A12) to U1's GND pin (pin B12).
[SEQLEN] input_ids shape: torch.Size([1, 1988])
[SEQLEN] input_ids shape: torch.Size([1, 4983])
[SEQLEN] input_ids shape: torch.Size([1, 4983])
[SEQLEN] input_ids shape: torch.Size([1, 4983])
Azure CLI not found on path
[SEQLEN] input_ids shape: torch.Size([1, 5204])
[SEQLEN] input_ids shape: torch.Size([1, 3402])
[SEQLEN] input_ids shape: torch.Size([1, 3402])
[SEQLEN] input_ids shape: torch.Size([1, 3402])
Azure CLI not found on path
[MEMCHECK] after run_raw_test (post symbol-selection generate() call): host_maxrss=8.77GB gpu_alloc=17.37GB gpu_reserved=31.48GB gpu_peak=28.99GB
[MEMCHECK] after switching back to flash_attention_2: host_maxrss=8.77GB gpu_alloc=17.37GB gpu_reserved=31.48GB gpu_peak=28.99GB
[MEMCHECK] after gc.collect + empty_cache: host_maxrss=8.77GB gpu_alloc=17.37GB gpu_reserved=18.94GB gpu_peak=28.99GB
[MEMCHECK] after PeftModel.from_pretrained: host_maxrss=8.77GB gpu_alloc=17.43GB gpu_reserved=18.98GB gpu_peak=28.99GB
[MEMCHECK] after merge_and_unload: host_maxrss=8.77GB gpu_alloc=17.37GB gpu_reserved=25.35GB gpu_peak=28.99GB
Model raw response: <|channel|>analysis<|message|>**High‑level goal**

The user wants a minimal USB‑C power‑only schematic that uses the exact part
`U1 : USB_C_Receptacle_PowerOnly_6P` from the *Connector* library.  
Only the VBUS (pin A9/B9) and GND (pin A12/B12) pins must be present, and we
must wire them together.  
In sink mode the CC pins are pulled down with 5.1 kΩ, but the user has not
asked us to add those resistors, so we will simply leave the CC pins unconnected
and rely on the 5.1 kΩ internal pull‑downs of the part.

The schematic must fit comfortably on an A4 sheet (210 × 297 mm).  
We place the USB‑C symbol near the centre of the sheet (≈ 150 mm + 110 mm) and
add the necessary power symbols (VAA for +1.8 V and GND).  The power pins of the
USB‑C symbol are all tied together, so we connect VBUS to a `+1.8 V` source
and GND to the ground net.

**1.  Adding the USB‑C receptacle**

```python
add_schematic_symbol(
    symbol_lib="Connector",
    symbol_name="USB_C_Receptacle_PowerOnly_6P",
    pos_x=150.0,          # centre X
    pos_y=110.0,          # centre Y
    reference="U1",
    value="USB_C_Receptacle_PowerOnly_6P",
    rotation=0,           # no rotation – the part already has its pin
    mirror="None")       # no mirroring needed
```

*Why this placement and orientation?*  
The symbol is symmetrical; keeping rotation 0 keeps the pin layout
intuitive.  The centre of the sheet is near (150 mm, 110 mm), giving plenty of
room on all sides for the power symbols.

**2.  Power symbols**

```python
# +1.8 V source for VBUS
add_schematic_symbol(
    symbol_lib="power",
    symbol_name="VAA",
    pos_x=150.0 + 20.0,   # right of USB‑C
    pos_y=110.0 + 10.0,   # slightly above centre
    reference="#PWR1",
    value="+1V8",
    rotation=0,
    mirror="None")

# GND
add_schematic_symbol(
    symbol_lib="power",
    symbol_name="GND",
    pos_x=150.0 - 20.0,   # left of USB‑C
    pos_y=110.0 - 10.0,   # slightly below centre
    reference="#PWR_GND",
    value="GND",
    rotation=0,
    mirror="None")
```

The +1.8 V symbol is placed to the right so that the wire to VBUS can run
directly horizontally, while the GND symbol is to the left, allowing a clean
vertical connection to the GND pin of the USB‑C.

**3.  Optional 5.1 kΩ pull‑downs on CC (if the user wishes to add them)**

If we do add them, we would place a single resistor next to the USB‑C
symbol and wire each CC pin to one end of the resistor, the other end to
ground.  Because the user did not request the resistors, we skip this
step to keep the schematic minimal.

**4.  Wiring**

```python
# VBUS pins (A9 and B9) are internally tied; we only need to connect them to
# the +1.8 V source.
connect_pins("#PWR1", "+1V8", "U1", "VBUS")

# GND pins (A12 and B12) are internally tied; connect them to ground.
connect_pins("#PWR_GND", "1", "U1", "GND")

# No other connections are required because the internal wiring of the
# USB‑C part takes care of CC pins and VBUS/GND inter‑plane links.
```

*Why these particular pins?*  
- The VAA symbol exposes a single pin named `+1V8`; we use that as the
  source for VBUS.  
- The GND symbol has a single pin; we connect it to the `GND` pin of the
  USB‑C part.  
- The USB‑C symbol exposes `VBUS` and `GND` as the logical names of the
  power pins; no other labels are needed.

**5.  Finalising the schematic**

```python
write_out_all_wires()
```

This call writes the wire objects to the KiCad schematic file.

**Summary of design decisions**

| Symbol | Library | Reference | Value | Position (relative to U1) | Notes |
|--------|---------|-----------|-------|---------------------------|-------|
| USB‑C receptacle | Connector | U1 | USB_C_Receptacle_PowerOnly_6P | (150, 110) | centre, no rotation |
| +1.8 V | power | #PWR1 | +1V8 | (170, 120) | right of U1 |
| GND | power | #PWR_GND | GND | (130, 100) | left of U1 |

The simple wire connections tie VBUS to +1.8 V and GND to ground, satisfying
the user’s requirement.  All components are placed with ample spacing,
avoiding overlap, and the schematic will fit nicely on an A4 sheet.<|end|><|start|>assistant<|channel|>final<|message|># Auto-generated schematic symbols
import sys
import os

# Get project path and import kicad schematic interface
PROJECT_PATH = os.environ['PROJECT_PATH']
sys.path.append(PROJECT_PATH)
from modules.kicad_sch_interface import *

### Placing center symbol 1 : Connector:USB_C_Receptacle_PowerOnly_6P###

center_x_1, center_y_1 = 150.0, 110.0

add_schematic_symbol(symbol_lib="Connector", symbol_name="USB_C_Receptacle_PowerOnly_6P", pos_x=center_x_1, pos_y=center_y_1, reference="U1", value="USB_C_Receptacle_PowerOnly_6P", rotation=0, mirror="None")

### Placing other symbols in the Schematic with respect to the center symbol 1###

add_schematic_symbol(symbol_lib="power", symbol_name="VAA", pos_x=center_x_1 + (-13), pos_y=center_y_1 + (6), reference="#PWR1", value="+1V8", rotation=0, mirror="None")
add_schematic_symbol(symbol_lib="Device", symbol_name="R", pos_x=center_x_1 + (-13), pos_y=center_y_1 + (-7), reference="R1", value="5.1k", rotation=0, mirror="None")
add_schematic_symbol(symbol_lib="power", symbol_name="GND", pos_x=center_x_1 + (-13), pos_y=center_y_1 + (-16), reference="#PWR2", value="GND", rotation=0, mirror="None")

### Connecting all wires in the Schematic ###


# Connecting R1 pin 2 (Pin ID 2 -- Name None) to #PWR2 pin 1 (Pin ID 1 -- Name None)
connect_pins("R1", "2", "#PWR2", "1")

# Connecting #PWR1 pin +1V8 (Pin ID 1 -- Name +1V8) to R1 pin 1 (Pin ID 1 -- Name None)
connect_pins("#PWR1", "+1V8", "R1", "1")

# Connecting U1 pin VBUS (Pin ID B9 -- Name VBUS) to U1 pin VBUS (Pin ID A9 -- Name VBUS)
connect_pins("U1", "VBUS", "U1", "VBUS")

# Connecting U1 pin GND (Pin ID B12 -- Name GND) to U1 pin GND (Pin ID A12 -- Name GND)
connect_pins("U1", "GND", "U1", "GND")

# Connecting #PWR1 pin +1V8 (Pin ID 1 -- Name +1V8) to U1 pin VBUS (Pin ID B9 -- Name VBUS)
connect_pins("#PWR1", "+1V8", "U1", "VBUS")

write_out_all_wires()
<|return|>
Saved generated code to /scratch/k2983/root-project/pcb-schematic-gen/SchGen/schematic_generation/t013_usb_c_receptacle_poweronly_6p_generated.py
Saved raw response to /scratch/k2983/root-project/pcb-schematic-gen/SchGen/schematic_generation/t013_usb_c_receptacle_poweronly_6p_generated.response.txt
