[MEMCHECK] after base_model load + per-expert MXFP4 dequant: host_maxrss=7.88GB gpu_alloc=17.36GB gpu_reserved=24.61GB gpu_peak=22.34GB
[FEEDBACK CHECK] feedback provided: False (len=0)
[MEMCHECK] before symbol_selector_llm creation: host_maxrss=7.88GB gpu_alloc=17.36GB gpu_reserved=24.61GB gpu_peak=22.34GB
[MEMCHECK] after symbol_selector_llm creation (post eager switch): host_maxrss=7.88GB gpu_alloc=17.36GB gpu_reserved=24.61GB gpu_peak=22.34GB
[RAW] prompt=Design a schematic for A simple circuit using a single battery cell as the power source. Use exactly these real components: R1 as a Battery_Cell, in the KiCad library "Device" (Single battery cell. Pin 1 is positive (+), Pin 2 is negative (-).). Do not substitute or invent a different part for any of them.
[SEQLEN] input_ids shape: torch.Size([1, 1890])
[SEQLEN] input_ids shape: torch.Size([1, 4885])
[SEQLEN] input_ids shape: torch.Size([1, 5106])
[SEQLEN] input_ids shape: torch.Size([1, 3304])
[SEQLEN] input_ids shape: torch.Size([1, 3304])
[SEQLEN] input_ids shape: torch.Size([1, 3304])
Azure CLI not found on path
[MEMCHECK] after run_raw_test (post symbol-selection generate() call): host_maxrss=8.77GB gpu_alloc=17.37GB gpu_reserved=31.05GB gpu_peak=28.71GB
[MEMCHECK] after switching back to flash_attention_2: host_maxrss=8.77GB gpu_alloc=17.37GB gpu_reserved=31.05GB gpu_peak=28.71GB
[MEMCHECK] after gc.collect + empty_cache: host_maxrss=8.77GB gpu_alloc=17.37GB gpu_reserved=18.94GB gpu_peak=28.71GB
[MEMCHECK] after PeftModel.from_pretrained: host_maxrss=8.77GB gpu_alloc=17.43GB gpu_reserved=18.98GB gpu_peak=28.71GB
[MEMCHECK] after merge_and_unload: host_maxrss=8.77GB gpu_alloc=17.37GB gpu_reserved=25.35GB gpu_peak=28.71GB
Model raw response: <|channel|>analysis<|message|>**High‑level goal**

The user wants a one‑cell battery powered circuit that only uses the exact part **R1 = Battery_Cell** from the “Device” library.  
No other parts may be added or substituted.  
The schematic must therefore contain only the battery symbol.  
Because the user did not specify any load or path, a logical way to “use” the cell is simply to connect its two pins to each other (or to ground).  
The simplest, most conventional, connection is to route the positive terminal to the negative terminal (a direct short) – this is the only way to “use” a single isolated cell in a schematic without adding any extra components.

---

### 1.  Choosing the symbol and its reference

| Symbol | Library | Reference | Value |
|--------|---------|-----------|-------|
| Battery cell | Device | **R1** | “Battery_Cell” (the literal value that appears on the schematic) |

The symbol name “Battery_Cell” is used directly; the value field is set to the same string so the schematic shows a clear identifier.  
The reference “R1” follows the user’s request that the component be named *R1*.

---

### 2.  Positioning the symbol on the sheet

* The schematic sheet is 210 × 297 mm (A4).  
* To keep the drawing centred, the battery is placed at the centre of the page: **(x,y) = (105 mm, 148.5 mm)**.  
* No rotation or mirroring is required because the default orientation of the “Battery_Cell” symbol already aligns its pins horizontally (Pin 1 on the left, Pin 2 on the right).  
* The `mirror` argument is set to `"None"` so the symbol is not flipped.

```python
add_schematic_symbol(
    symbol_lib="Device",
    symbol_name="Battery_Cell",
    pos_x=105.0,
    pos_y=148.5,
    reference="R1",
    value="Battery_Cell",
    rotation=0,
    mirror="None"
)
```

---

### 3.  Connecting the pins

The “Battery_Cell” has two pins:

* **Pin 1** – positive terminal “+”.  
* **Pin 2** – negative terminal “‑”.

Because we have no other components, the only logical connection is between these two pins.  
A direct wire between Pin 1 and Pin 2 is therefore added:

```python
connect_pins("R1", "1", "R1", "2")
```

The function arguments are:

* `sym_a` = `"R1"` – the reference of the symbol.  
* `pin_a` = `"1"` – the pin name for the positive terminal.  
* `sym_b` = `"R1"` – the same symbol, because we are connecting its own pins.  
* `pin_b` = `"2"` – the pin name for the negative terminal.

The wire is automatically routed by the KiCad interface, and because the two pins lie on the same symbol, the resulting wire is a straight line that simply short‑circuits the battery.

---

### 4.  Finalising the schematic

After all connections have been defined, the `write_out_all_wires()` function is called to generate the actual net list and render the wire in the schematic file.

```python
write_out_all_wires()
```

---

### Summary of the generated code

| Step | Function | Purpose |
|------|----------|---------|
| 1 | `add_schematic_symbol(...)` | Places the Battery_Cell symbol at the centre of the page with the reference “R1” and value “Battery_Cell”. |
| 2 | `connect_pins("R1", "1", "R1", "2")` | Directly connects the positive and negative terminals of the battery. |
| 3 | `write_out_all_wires()` | Emits the wire into the schematic file. |

All arguments were chosen to satisfy the user’s constraints: only the specified part is used, its reference is “R1”, no extra components are added, and the connection is the most straightforward way to “use” the cell in a schematic. The resulting schematic will comprise a single symbol with a single wire that short‑circuits its two terminals.<|end|><|start|>assistant<|channel|>final<|message|># Auto-generated schematic symbols
import sys
import os

# Get project path and import kicad schematic interface
PROJECT_PATH = os.environ['PROJECT_PATH']
sys.path.append(PROJECT_PATH)
from modules.kicad_sch_interface import *

### Placing center symbol 1 : Device:Battery_Cell###

center_x_1, center_y_1 = 105.0, 148.5

add_schematic_symbol(symbol_lib="Device", symbol_name="Battery_Cell", pos_x=center_x_1, pos_y=center_y_1, reference="R1", value="Battery_Cell", rotation=0, mirror="None")

### Placing other symbols in the Schematic with respect to the center symbol 1###


### Placing all global labels in the Schematic and connect them to the neighbor pin ###


### Connecting all wires in the Schematic ###


write_out_all_wires()
<|return|>
Saved generated code to /scratch/k2983/root-project/pcb-schematic-gen/SchGen/schematic_generation/t013_battery_cell_generated.py
Saved raw response to /scratch/k2983/root-project/pcb-schematic-gen/SchGen/schematic_generation/t013_battery_cell_generated.response.txt
