[MEMCHECK] after base_model load + per-expert MXFP4 dequant: host_maxrss=7.88GB gpu_alloc=17.36GB gpu_reserved=24.61GB gpu_peak=22.34GB
[FEEDBACK CHECK] feedback provided: False (len=0)
[MEMCHECK] before symbol_selector_llm creation: host_maxrss=7.88GB gpu_alloc=17.36GB gpu_reserved=24.61GB gpu_peak=22.34GB
[MEMCHECK] after symbol_selector_llm creation (post eager switch): host_maxrss=7.88GB gpu_alloc=17.36GB gpu_reserved=24.61GB gpu_peak=22.34GB
[RAW] prompt=Design a schematic for A simple circuit using the ESP32-S3-MINI-1U module for WiFi and BLE5 connectivity. Use exactly these real components: U1 as a ESP32-S3-MINI-1U, in the KiCad library "MCU_Espressif" (Espressif ESP32-S3-MINI-1U module, U.FL antenna. WiFi+BLE5. 65-pin. Same pinout as ESP32-S3-MINI-1-N4R2.). Do not substitute or invent a different part for any of them. Wire it up as follows: connect U1's GND pin (pin 1) to U1's GND pin (pin 2).
[SEQLEN] input_ids shape: torch.Size([1, 1968])
[SEQLEN] input_ids shape: torch.Size([1, 1968])
[SEQLEN] input_ids shape: torch.Size([1, 1968])
Azure CLI not found on path
[SEQLEN] input_ids shape: torch.Size([1, 4963])
[SEQLEN] input_ids shape: torch.Size([1, 5184])
[SEQLEN] input_ids shape: torch.Size([1, 3382])
[MEMCHECK] after run_raw_test (post symbol-selection generate() call): host_maxrss=8.77GB gpu_alloc=17.37GB gpu_reserved=31.39GB gpu_peak=28.94GB
[MEMCHECK] after switching back to flash_attention_2: host_maxrss=8.77GB gpu_alloc=17.37GB gpu_reserved=31.39GB gpu_peak=28.94GB
[MEMCHECK] after gc.collect + empty_cache: host_maxrss=8.77GB gpu_alloc=17.37GB gpu_reserved=18.94GB gpu_peak=28.94GB
[MEMCHECK] after PeftModel.from_pretrained: host_maxrss=8.77GB gpu_alloc=17.43GB gpu_reserved=18.98GB gpu_peak=28.94GB
[MEMCHECK] after merge_and_unload: host_maxrss=8.77GB gpu_alloc=17.37GB gpu_reserved=25.35GB gpu_peak=28.94GB
Model raw response: <|channel|>analysis<|message|>**High‑level goal**

The user wants a minimal schematic that only shows the ESP32‑S3‑MINI‑1U module (U1) and a single net tying its two GND pins together.  
Because the ESP32‑S3‑MINI‑1U has a 65‑pin footprint, the schematic will contain only a few symbols:

1. **U1 – the ESP32‑S3‑MINI‑1U** – from the library *MCU_Espressif*.  
2. **NetTie_2** – a 2‑pin jumper that connects the two GND pins.  
3. **GND power symbol** – to give the net a reference name in the schematic.

No other components are required.

---

### 1.  Symbol placement – coordinates, rotation, mirroring

| Symbol | Library | Reference | Position (x,y) | Rotation | Mirror | Rationale |
|--------|---------|-----------|----------------|----------|--------|-----------|
| ESP32‑S3‑MINI‑1U | MCU_Espressif | U1 | **(150 mm, 110 mm)** – centre of the A4 sheet (210×297 mm) | 0° | None | Placing U1 in the middle keeps the layout balanced and leaves room for the other symbols. |
| NetTie_2 | Device | #TP1 | **(148 mm, 120 mm)** – 2 mm left, 10 mm above U1 | 0° | None | The jumper sits just above the bottom GND pins, making the wire path straight. |
| GND power | power | #PWR1 | **(138 mm, 100 mm)** – 12 mm left, 10 mm below U1 | 0° | None | The GND symbol is used as the ground reference; its pin is a single “GND” pin. |

All symbols use the default orientation (0°) because the pin layout of the ESP32‑S3‑MINI‑1U is already aligned with the schematic axes. Mirroring is unnecessary; mirroring would flip the pin names and confuse the connections.

---

### 2.  Pin selection for the connections

* **NetTie_2 pins** – the symbol defines two pins:  
  * Pin 1: left side, orientation “Right” (it connects to the GND pin on the left).  
  * Pin 2: right side, orientation “Left” (it connects to the GND pin on the right).

* **ESP32‑3‑MINI‑1U GND pins** – the module has two GND pins (commonly pin 1 and pin 2 in the documentation).  
  * We will use the pin names *GND1* and *GND2* (or simply “pin 1” and “pin 2” if the library uses numeric names).  
  * These pins are directly adjacent to the NetTie_2 pins in the footprint, so a straight horizontal wire will suffice.

* **GND power symbol** – it has a single pin named “GND”.  
  * We will connect it to the NetTie_2 pin 2, providing a ground reference for the net.

---

### 3.  Wire connections – logic and function

1. **#PWR1 (GND) → #TP1 pin 2**  
   *Purpose*: Gives the NetTie a name (“GND”) so the schematic shows a ground net.  
   *Why the other pin of the jumper is left open*: The user only requested the two GND pins of U1 to be tied; the jumper’s two ends are the two GND pins, so we don’t need a separate GND symbol for each side.

2. **#TP1 pin 1 → U1 GND pin 1**  
   *Purpose*: Connects the left side of the jumper to one of the module’s GND pins.

3. **#TP1 pin 2 → U1 GND pin 2**  
   *Purpose*: Connects the right side of the jumper to the other module GND pin.

These three connections are enough to satisfy the “connect U1’s GND pin (pin 1) to U1’s GND pin (pin 2)” requirement.  
No additional wires or labels are necessary.

---

### 4.  Function calls – detailed arguments

1. **add_schematic_symbol for U1**  
   ```python
   add_schematic_symbol(symbol_lib="MCU_Espressif",
                        symbol_name="ESP32-S3-MINI-1U",
                        pos_x=150.0, pos_y=110.0,
                        reference="U1",
                        value="ESP32-S3-MINI-1U",
                        rotation=0, mirror="None")
   ```
   * `symbol_lib` and `symbol_name` identify the exact component.  
   * `pos_x,pos_y` place it at the centre of the sheet.  
   * `reference` is the unique identifier used in later connections.  
   * `value` is set to the part name for clarity.  
   * `rotation` and `mirror` are left at defaults because the pin layout is already correct.

2. **add_schematic_symbol for NetTie_2**  
   ```python
   add_schematic_symbol(symbol_lib="Device",
                        symbol_name="NetTie_2",
                        pos_x=148.0, pos_y=120.0,
                        reference="#TP1",
                        value="NetTie_2",
                        rotation=0, mirror="None")
   ```
   * Position is offset to align with the GND pins.  
   * Reference `#TP1` is chosen to be easily readable.

3. **add_schematic_symbol for GND power**  
   ```python
   add_schematic_symbol(symbol_lib="power",
                        symbol_name="GND",
                        pos_x=138.0, pos_y=100.0,
                        reference="#PWR1",
                        value="GND",
                        rotation=0, mirror="None")
   ```
   * This symbol provides the net name “GND” that will appear in the schematic.

4. **connect_pins for the three connections**  
   * `connect_pins("#PWR1", "GND", "#TP1", "2")` – connects the GND power pin to the jumper’s pin 2.  
   * `connect_pins("#TP1", "1", "U1", "1")` – connects the jumper’s pin 1 to U1’s GND pin 1.  
   * `connect_pins("#TP1", "2", "U1", "2")` – connects the jumper’s pin 2 to U1’s GND pin 2.

   Note: The pin names “1” and “2” for the jumper correspond to the pin IDs in its pin list; the ESP32‑3‑MINI‑1U’s GND pins are referred to by their numeric IDs as defined in the library.

5. **write_out_all_wires()** – finalises the schematic by rendering all defined wires.

---

### 5.  Why this layout is clear and functional

* **Compactness** – The schematic contains only three symbols, reducing clutter.  
* **Readability** – All wires are straight horizontal or vertical, making the net obvious.  
* **Standard naming** – Using `#TP1` and `#PWR1` follows KiCad’s convention for power nets and jumpers.  
* **No extra components** – The user’s instruction to “do not substitute or invent a different part” is respected; only the required symbols are added.  
* **Schematic size** – The symbols are placed well within the 210 × 297 mm A4 sheet, leaving ample margin.

With this reasoning, the resulting Python script will create a minimal, correct schematic that satisfies the user’s specification.<|end|><|start|>assistant<|channel|>final<|message|># Auto-generated schematic symbols
import sys
import os

# Get project path and import kicad schematic interface
PROJECT_PATH = os.environ['PROJECT_PATH']
sys.path.append(PROJECT_PATH)
from modules.kicad_sch_interface import *

### Placing center symbol 1 : Connector:NetTie_2###

center_x_1, center_y_1 = 150.0, 110.0

add_schematic_symbol(symbol_lib="Connector", symbol_name="NetTie_2", pos_x=center_x_1, pos_y=center_y_1, reference="#PWR1", value="GND", rotation=270, mirror="None")

### Placing other symbols in the Schematic with respect to the center symbol 1###


### Placing all global labels in the Schematic and connect them to the neighbor pin ###


### Connecting all wires in the Schematic ###


write_out_all_wires()
<|return|>
Saved generated code to /scratch/k2983/root-project/pcb-schematic-gen/SchGen/schematic_generation/t013_esp32_s3_mini_1u_generated.py
Saved raw response to /scratch/k2983/root-project/pcb-schematic-gen/SchGen/schematic_generation/t013_esp32_s3_mini_1u_generated.response.txt
