[MEMCHECK] after base_model load + per-expert MXFP4 dequant: host_maxrss=7.88GB gpu_alloc=17.36GB gpu_reserved=24.61GB gpu_peak=22.34GB
[FEEDBACK CHECK] feedback provided: True (len=1652)
[MEMCHECK] before symbol_selector_llm creation: host_maxrss=7.88GB gpu_alloc=17.36GB gpu_reserved=24.61GB gpu_peak=22.34GB
[MEMCHECK] after symbol_selector_llm creation (post eager switch): host_maxrss=7.88GB gpu_alloc=17.36GB gpu_reserved=24.61GB gpu_peak=22.34GB
[RAW] prompt=Design a schematic for A simple circuit using the ESP32-S3-MINI-1U module for WiFi and BLE5 connectivity. Use exactly these real components: U1 as a ESP32-S3-MINI-1U, in the KiCad library "MCU_Espressif" (Espressif ESP32-S3-MINI-1U module, U.FL antenna. WiFi+BLE5. 65-pin. Same pinout as ESP32-S3-MINI-1-N4R2.). Do not substitute or invent a different part for any of them. Wire it up as follows: connect U1's GND pin (pin 1) to U1's GND pin (pin 2).
[SEQLEN] input_ids shape: torch.Size([1, 1968])
[SEQLEN] input_ids shape: torch.Size([1, 1968])
[SEQLEN] input_ids shape: torch.Size([1, 1968])
Azure CLI not found on path
[SEQLEN] input_ids shape: torch.Size([1, 4963])
[SEQLEN] input_ids shape: torch.Size([1, 5184])
[SEQLEN] input_ids shape: torch.Size([1, 3382])
[MEMCHECK] after run_raw_test (post symbol-selection generate() call): host_maxrss=8.77GB gpu_alloc=17.37GB gpu_reserved=31.39GB gpu_peak=28.94GB
[MEMCHECK] after switching back to flash_attention_2: host_maxrss=8.77GB gpu_alloc=17.37GB gpu_reserved=31.39GB gpu_peak=28.94GB
[MEMCHECK] after gc.collect + empty_cache: host_maxrss=8.77GB gpu_alloc=17.37GB gpu_reserved=18.94GB gpu_peak=28.94GB
[MEMCHECK] after PeftModel.from_pretrained: host_maxrss=8.77GB gpu_alloc=17.43GB gpu_reserved=18.98GB gpu_peak=28.94GB
[MEMCHECK] after merge_and_unload: host_maxrss=8.77GB gpu_alloc=17.37GB gpu_reserved=25.35GB gpu_peak=28.94GB
Model raw response: <|channel|>final<|message|># Auto-generated schematic symbols
import sys
import os

# Get project path and import kicad schematic interface
PROJECT_PATH = os.environ['PROJECT_PATH']
sys.path.append(PROJECT_PATH)
from modules.kicad_sch_interface import *

### Placing center symbol 1 : Connector:NetTie_2###

center_x_1, center_y_1 = 150.0, 110.0

add_schematic_symbol(symbol_lib="Connector", symbol_name="NetTie_2", pos_x=center_x_1, pos_y=center_y_1, reference="#PWR1", value="GND", rotation=270, mirror="None")

### Placing other symbols in the Schematic with respect to the center symbol 1###


### Placing all global labels in the Schematic and connect them to the neighbor pin ###


### Connecting all wires in the Schematic ###


write_out_all_wires()
<|return|>
Saved generated code to /scratch/k2983/root-project/pcb-schematic-gen/SchGen/schematic_generation/t013_esp32_s3_mini_1u_generated.py
Saved raw response to /scratch/k2983/root-project/pcb-schematic-gen/SchGen/schematic_generation/t013_esp32_s3_mini_1u_generated.response.txt
