[MEMCHECK] after base_model load + per-expert MXFP4 dequant: host_maxrss=7.88GB gpu_alloc=17.36GB gpu_reserved=24.61GB gpu_peak=22.34GB
[FEEDBACK CHECK] feedback provided: False (len=0)
[MEMCHECK] before symbol_selector_llm creation: host_maxrss=7.88GB gpu_alloc=17.36GB gpu_reserved=24.61GB gpu_peak=22.34GB
[MEMCHECK] after symbol_selector_llm creation (post eager switch): host_maxrss=7.88GB gpu_alloc=17.36GB gpu_reserved=24.61GB gpu_peak=22.34GB
[RAW] prompt=Design a schematic for A simple high-voltage switcher circuit using an MMBTA42 NPN transistor. Use exactly these real components: Q1 as a MMBTA42, in the KiCad library "Transistor_BJT" (NPN high-voltage transistor, 300V 500mA, SOT-23. Used for high-voltage switching.). Do not substitute or invent a different part for any of them.
[SEQLEN] input_ids shape: torch.Size([1, 1908])
[SEQLEN] input_ids shape: torch.Size([1, 4903])
[SEQLEN] input_ids shape: torch.Size([1, 4903])
[SEQLEN] input_ids shape: torch.Size([1, 4903])
Azure CLI not found on path
[SEQLEN] input_ids shape: torch.Size([1, 5124])
[SEQLEN] input_ids shape: torch.Size([1, 5124])
[SEQLEN] input_ids shape: torch.Size([1, 5124])
Azure CLI not found on path
[SEQLEN] input_ids shape: torch.Size([1, 3322])
[SEQLEN] input_ids shape: torch.Size([1, 3322])
[SEQLEN] input_ids shape: torch.Size([1, 3322])
Azure CLI not found on path
[MEMCHECK] after run_raw_test (post symbol-selection generate() call): host_maxrss=8.77GB gpu_alloc=17.37GB gpu_reserved=31.13GB gpu_peak=28.76GB
[MEMCHECK] after switching back to flash_attention_2: host_maxrss=8.77GB gpu_alloc=17.37GB gpu_reserved=31.13GB gpu_peak=28.76GB
[MEMCHECK] after gc.collect + empty_cache: host_maxrss=8.77GB gpu_alloc=17.37GB gpu_reserved=18.94GB gpu_peak=28.76GB
[MEMCHECK] after PeftModel.from_pretrained: host_maxrss=8.77GB gpu_alloc=17.43GB gpu_reserved=18.98GB gpu_peak=28.76GB
[MEMCHECK] after merge_and_unload: host_maxrss=8.77GB gpu_alloc=17.37GB gpu_reserved=25.35GB gpu_peak=28.76GB
Model raw response: <|channel|>analysis<|message|>**High‑level goal**

The user wants a schematic that implements a simple high‑voltage switch using a single MMBTA42 NPN transistor.  
The MMBTA42 is a very high‑voltage, 300 V, 500 mA, SOT‑23 device that lives in the KiCad library *Transistor_BJT*.  
The schematic must contain only this real part and no substitution.  
The layout should be compact, centered on the A4 sheet, and all pins must be wired exactly as the device requires.

**Schematic layout**

1. **Reference symbol** – The MMBTA42 will be the central symbol.  
   * `reference = "Q1"`  
   * `value = "MMBTA42"`  
   * `rotation = 0°` (standard orientation – collector pointing up, base left, emitter right)  
   * `mirror = None` (no mirroring needed)  

2. **Power pins** – The device has three pins:  
   * **Collector (C)** – Pin name “C”, used for the high‑voltage load.  
   * **Base (B)** – Pin name “B”, used for biasing.  
   * **Emitter (E)** – Pin name “E”, used for the emitter return to ground (or to the low‑voltage side).  

3. **Additional symbols** –  
   * A 10 kΩ resistor (R1) from the power supply to the base to set the base current.  
   * A 1 kΩ resistor (R2) from ground to the emitter to provide a bias return.  
   * A 2 kΩ resistor (R3) from the load to ground to form a load resistor (optional, but keeps the schematic complete).  
   * Two power symbols:  
     * `+V` – the high‑voltage supply (`reference="#PWR1"`, `value="+V"`).  
     * `GND` – the low‑voltage reference (`reference="#PWR2"`, `value="GND"`).  

All symbols are placed with coordinates that give ample space between them.  
The center of the schematic is at (105 mm, 148.5 mm) – the geometric center of the A4 sheet (210 mm × 297 mm).  
Each symbol’s center is offset from that point by an integer number of millimetres.

**Pin‑to‑pin connections**

| Symbol | Pin | Connected to | Reason |
|--------|-----|--------------|--------|
| `#PWR1` (+V) | 1 | `R1` pin 1 | Supply the base resistor |
| `R1` | 1 | `#PWR1` | Same |
| `R1` | 2 | `Q1` B | Base of the transistor |
| `Q1` | B | `R1` pin 2 | Same |
| `R2` | 1 | `Q1` E | Emit‑return resistor |
| `Q1` | E | `R2` pin 1 | Same |
| `R2` | 2 | `#PWR2` (ground) | Ground bias |
| `#PWR2` | 1 | `R2` pin 2 | Same |
| `Q1` | C | `R3` pin 2 | Load resistor |
| `R3` | 2 | `Q1` C | Same |
| `R3` | 1 | `Q1` C | Same (the other end of the load) |
| `Q1` | C | `+V` (via `R3`) | Provides the high‑voltage output |
| `#PWR1` | 1 | `Q1` C | Direct connection for the simplest circuit (no resistor needed at the collector) – but to keep the schematic readable we route through `R3`. |

**Wire routing**

The `connect_pins` function is called for every connection.  
Each call uses the reference of the two symbols and the pin names.  
Because the MMBTA42’s pins are named “C”, “B”, and “E”, we use those exact strings.

**Labels**

No additional labels are required beyond the power symbols and the resistor values, so the `add_label` function is not used.  
If a label were needed, it would use `add_label(label_pos=[x, y], label_text="…", label_ref="…", label_type="input", text_orient="left")`, but here all connections are already clear.

**Code skeleton (without actual code)**

1. **Imports** – Add the KiCad schematic interface to the Python path.  
2. **Center symbol** – `add_schematic_symbol(..., reference="Q1", value="MMBTA42", ...)`.  
3. **Other symbols** – Each `add_schematic_symbol` call uses the offsets described above, with appropriate references (`R1`, `R2`, `R3`, `#PWR1`, `#PWR2`).  
4. **Connections** – A sequence of `connect_pins` calls that implement the table above.  
5. **Finish** – `write_out_all_wires()` to output all wire data to the schematic file.

All coordinates, pin names, and references are chosen to match the physical layout and ensure that the schematic is readable, with no overlapping symbols and clear, straight‑line connections.<|end|><|start|>assistant<|channel|>final<|message|># Auto-generated schematic symbols
import sys
import os

# Get project path and import kicad schematic interface
PROJECT_PATH = os.environ['PROJECT_PATH']
sys.path.append(PROJECT_PATH)
from modules.kicad_sch_interface import *

### Placing center symbol 1 : Transistor_BJT:MMBTA42###

center_x_1, center_y_1 = 150.0, 110.0

add_schematic_symbol(symbol_lib="Transistor_BJT", symbol_name="MMBTA42", pos_x=center_x_1, pos_y=center_y_1, reference="Q1", value="MMBTA42", rotation=0, mirror="None")

### Placing other symbols in the Schematic with respect to the center symbol 1###

add_schematic_symbol(symbol_lib="power", symbol_name="+V", pos_x=center_x_1 + (-22), pos_y=center_y_1 + (10), reference="#PWR1", value="+V", rotation=0, mirror="None")
add_schematic_symbol(symbol_lib="Device", symbol_name="R", pos_x=center_x_1 + (-22), pos_y=center_y_1 + (0), reference="R1", value="10k", rotation=0, mirror="None")
add_schematic_symbol(symbol_lib="power", symbol_name="GND", pos_x=center_x_1 + (-16), pos_y=center_y_1 + (-12), reference="#PWR2", value="GND", rotation=0, mirror="None")
add_schematic_symbol(symbol_lib="Device", symbol_name="R", pos_x=center_x_1 + (-8), pos_y=center_y_1 + (0), reference="R2", value="1k", rotation=0, mirror="None")
add_schematic_symbol(symbol_lib="power", symbol_name="GND", pos_x=center_x_1 + (-8), pos_y=center_y_1 + (-10), reference="#PWR3", value="GND", rotation=0, mirror="None")
add_schematic_symbol(symbol_lib="Device", symbol_name="R", pos_x=center_x_1 + (7), pos_y=center_y_1 + (0), reference="R3", value="2k", rotation=0, mirror="None")
add_schematic_symbol(symbol_lib="power", symbol_name="GND", pos_x=center_x_1 + (7), pos_y=center_y_1 + (-8), reference="#PWR4", value="GND", rotation=0, mirror="None")

### Placing all global labels in the Schematic and connect them to the neighbor pin ###


### Connecting all wires in the Schematic ###


# Connecting R1 pin 2 (Pin ID 2 -- Name None) to Q1 pin B (Pin ID 2 -- Name B)
connect_pins("R1", "2", "Q1", "B")

# Connecting  #PWR1 pin +V (Pin ID 1 -- Name +V) to R1 pin 1 (Pin ID 1 -- Name None)
connect_pins("#PWR1", "+V", "R1", "1")

# Connecting R2 pin 2 (Pin ID 2 -- Name None) to Q1 pin E (Pin ID 3 -- Name E)
connect_pins("R2", "2", "Q1", "E")

# Connecting Q1 pin C (Pin ID 1 -- Name C) to R3 pin 1 (Pin ID 1 -- Name None)
connect_pins("Q1", "C", "R3", "1")

# Connecting R2 pin 1 (Pin ID 1 -- Name None) to #PWR3 pin 1 (Pin ID 1 -- Name None)
connect_pins("R2", "1", "#PWR3", "1")

# Connecting R3 pin 2 (Pin ID 2 -- Name None) to #PWR4 pin 1 (Pin ID 1 -- Name None)
connect_pins("R3", "2", "#PWR4", "1")

write_out_all_wires()
<|return|>
Saved generated code to /scratch/k2983/root-project/pcb-schematic-gen/SchGen/schematic_generation/t013_mmbta42_generated.py
Saved raw response to /scratch/k2983/root-project/pcb-schematic-gen/SchGen/schematic_generation/t013_mmbta42_generated.response.txt
