[MEMCHECK] after base_model load + per-expert MXFP4 dequant: host_maxrss=7.88GB gpu_alloc=17.36GB gpu_reserved=24.61GB gpu_peak=22.34GB
[FEEDBACK CHECK] feedback provided: False (len=0)
[MEMCHECK] before symbol_selector_llm creation: host_maxrss=7.88GB gpu_alloc=17.36GB gpu_reserved=24.61GB gpu_peak=22.34GB
[MEMCHECK] after symbol_selector_llm creation (post eager switch): host_maxrss=7.88GB gpu_alloc=17.36GB gpu_reserved=24.61GB gpu_peak=22.34GB
[RAW] prompt=Design a schematic for A simple circuit using a small-signal fast-switching diode. Use exactly these real components: D1 as a 1N4148WS, in the KiCad library "Diode" (Small-signal fast-switching diode, 100 V 150 mA, SOD-323 SMD). Do not substitute or invent a different part for any of them.
[SEQLEN] input_ids shape: torch.Size([1, 1899])
[SEQLEN] input_ids shape: torch.Size([1, 4894])
[SEQLEN] input_ids shape: torch.Size([1, 4894])
[SEQLEN] input_ids shape: torch.Size([1, 4894])
Azure CLI not found on path
[SEQLEN] input_ids shape: torch.Size([1, 5115])
[SEQLEN] input_ids shape: torch.Size([1, 3313])
[MEMCHECK] after run_raw_test (post symbol-selection generate() call): host_maxrss=8.77GB gpu_alloc=17.37GB gpu_reserved=31.09GB gpu_peak=28.74GB
[MEMCHECK] after switching back to flash_attention_2: host_maxrss=8.77GB gpu_alloc=17.37GB gpu_reserved=31.09GB gpu_peak=28.74GB
[MEMCHECK] after gc.collect + empty_cache: host_maxrss=8.77GB gpu_alloc=17.37GB gpu_reserved=18.94GB gpu_peak=28.74GB
[MEMCHECK] after PeftModel.from_pretrained: host_maxrss=8.77GB gpu_alloc=17.43GB gpu_reserved=18.98GB gpu_peak=28.74GB
[MEMCHECK] after merge_and_unload: host_maxrss=8.77GB gpu_alloc=17.37GB gpu_reserved=25.35GB gpu_peak=28.74GB
Model raw response: <|channel|>analysis<|message|>**High‑level goal**

The user wants a tiny schematic that only contains a single 1N4148WS diode, powered from a –5 V supply and referenced to ground.  
The schematic therefore has three net objects:

1. **+5 V** – a power label that feeds the diode’s anode.  
2. **GND** – a ground label that feeds the diode’s cathode.  
3. **D1** – the 1N4148WS diode symbol itself.

Because the diode is a fast‑switching SMD part, it is convenient to place it in the centre of a small drawing area and use the default orientation (anode on the left, cathode on the right).  
The only pins we need to connect are:

* +5 V → diode anode (pin “A” in the KiCad symbol).  
* diode cathode (pin “K”) → GND.

No other components or labels are required.

---

### 1. Importing the KiCad interface

```python
import sys, os
PROJECT_PATH = os.environ['PROJECT_PATH']
sys.path.append(PROJECT_PATH)
from modules.kicad_sch_interface import *
```

*`PROJECT_PATH`* is the folder that contains the KiCad project.  
The `kicad_sch_interface` module supplies the helper functions (`add_schematic_symbol`, `connect_pins`, etc.).

---

### 2. Placing the three symbols

| Symbol | Library | Reference | Value | Position (x,y) | Rotation | Mirror |
|--------|---------|-----------|-------|----------------|----------|--------|
| +5 V   | power   | #PWR1     | +5 V  | (105 mm, 135 mm) | 0° | None |
| D1     | Diode   | D1        | 1N4148WS | (150 mm, 135 mm) | 0° | None |
| GND    | power   | #PWR2     | GND   | (195 mm, 135 mm) | 0° | None |

*Why these numbers?*  
- The schematic sheet is 210 mm × 297 mm (A4).  
- The centre of the sheet is at (105 mm, 148.5 mm).  
- We have chosen a horizontal line at y = 135 mm so that the symbols are comfortably below the centre line and well separated horizontally.  
- The symbol widths (≈ 10 mm each) leave a 10‑mm gap between them, preventing overlapping bounding boxes.

The `add_schematic_symbol` call for each component uses the symbol’s centre coordinates.  
The `rotation` is 0° for all because the default pin layout of the diode is already left‑right (anode on the left).  
`mirror` is left as `"None"` (the code uses `"None"` in the example, but the actual API expects a string; `"None"` will be interpreted as no mirroring).

---

### 3. Adding global labels (not strictly required)

In this minimal design we do not add any extra labels, because the power symbols already carry the net names.  
If we wanted to add labels we could have used:

```python
add_label([105,140], "+5V", "PWR1_0", "input", "up")
add_label([195,140], "GND", "GND1_0", "output", "down")
```

But the example code omits them, so we will not create any.

---

### 4. Connecting the nets

```python
# +5 V to diode anode
connect_pins("#PWR1", "+5V", "D1", "A")
```

*The first argument `"#PWR1"`* is the reference of the +5 V power symbol.  
*The second argument `"+5V"`* refers to the pin name of that symbol – the KiCad power symbol has a single pin named “+5V”.  
*The third argument `"D1"`* is the diode reference.  
*The fourth argument `"A"`* is the diode’s anode pin.  
This creates a wire from the +5 V supply to the anode.

```python
# Diode cathode to GND
connect_pins("D1", "K", "#PWR2", "GND")
```

*`"D1"`* and `"K"` refer to the diode cathode.  
*`"#PWR2"`* is the ground symbol reference, and `"GND"` is its single pin.  
This wire ties the cathode to ground.

No other connections are necessary.

---

### 5. Writing the wires to the schematic

```python
write_out_all_wires()
```

This final call tells the KiCad interface to flush all the wire objects that have been queued by `connect_pins`.  
Without it, the schematic would not display any connections.

---

### 6. Summary of the reasoning

1. **Component selection** – Only the 1N4148WS diode is needed; the power symbols are the source and ground.  
2. **Placement** – All three symbols are aligned horizontally on a single y‑coordinate, spaced to avoid overlap.  
3. **Rotation & mirror** – Default orientation (0°) is adequate; no mirroring is required.  
4. **Connections** – Two wires: +5 V → diode anode, diode cathode → GND.  
5. **Labels** – Not added because the power symbols already convey the net names.  
6. **Export** – `write_out_all_wires()` finalises the schematic.

The resulting schematic will show a clean, compact representation of a diode driven from –5 V to ground, exactly as requested.<|end|><|start|>assistant<|channel|>final<|message|># Auto-generated schematic symbols
import sys
import os

# Get project path and import kicad schematic interface
PROJECT_PATH = os.environ['PROJECT_PATH']
sys.path.append(PROJECT_PATH)
from modules.kicad_sch_interface import *

### Placing center symbol 1 : Diode:D1###

center_x_1, center_y_1 = 150.0, 135.0

add_schematic_symbol(symbol_lib="Diode", symbol_name="D1", pos_x=center_x_1, pos_y=center_y_1, reference="D1", value="1N4148WS", rotation=0, mirror="None")

### Placing other symbols in the Schematic with respect to the center symbol 1###


### Placing all global labels in the Schematic and connect them to the neighbor pin ###


### Connecting all wires in the Schematic ###


write_out_all_wires()
<|return|>
Saved generated code to /scratch/k2983/root-project/pcb-schematic-gen/SchGen/schematic_generation/t013_1n4148ws_generated.py
Saved raw response to /scratch/k2983/root-project/pcb-schematic-gen/SchGen/schematic_generation/t013_1n4148ws_generated.response.txt
