[MEMCHECK] after base_model load + per-expert MXFP4 dequant: host_maxrss=7.88GB gpu_alloc=17.36GB gpu_reserved=24.61GB gpu_peak=22.34GB
[FEEDBACK CHECK] feedback provided: False (len=0)
[MEMCHECK] before symbol_selector_llm creation: host_maxrss=7.88GB gpu_alloc=17.36GB gpu_reserved=24.61GB gpu_peak=22.34GB
[MEMCHECK] after symbol_selector_llm creation (post eager switch): host_maxrss=7.88GB gpu_alloc=17.36GB gpu_reserved=24.61GB gpu_peak=22.34GB
[RAW] prompt=Design a schematic for A simple circuit to drive a piezo or magnetic buzzer using a transistor. Use exactly these real components: U1 as a BC847, in the KiCad library "Transistor_BJT" (NPN bipolar transistor, 45V 100mA, SOT-23. General-purpose small-signal amplifier/switch.), B1 as a Buzzer, in the KiCad library "Device" (Piezo or magnetic buzzer. Pin 1 is negative (-), Pin 2 is positive (+). Drive with a transistor for higher current buzzers.). Do not substitute or invent a different part for any of them. Wire it up as follows: connect U1's C pin (pin 3) to B1's + pin (pin 2); connect U1's E pin (pin 2) to B1's - pin (pin 1); connect U1's B pin (pin 1) to B1's + pin (pin 2).
[SEQLEN] input_ids shape: torch.Size([1, 2023])
[SEQLEN] input_ids shape: torch.Size([1, 5018])
[SEQLEN] input_ids shape: torch.Size([1, 5239])
[SEQLEN] input_ids shape: torch.Size([1, 3437])
[SEQLEN] input_ids shape: torch.Size([1, 3437])
[SEQLEN] input_ids shape: torch.Size([1, 3437])
Azure CLI not found on path
[MEMCHECK] after run_raw_test (post symbol-selection generate() call): host_maxrss=8.77GB gpu_alloc=17.37GB gpu_reserved=31.63GB gpu_peak=29.10GB
[MEMCHECK] after switching back to flash_attention_2: host_maxrss=8.77GB gpu_alloc=17.37GB gpu_reserved=31.63GB gpu_peak=29.10GB
[MEMCHECK] after gc.collect + empty_cache: host_maxrss=8.77GB gpu_alloc=17.37GB gpu_reserved=18.94GB gpu_peak=29.10GB
[MEMCHECK] after PeftModel.from_pretrained: host_maxrss=8.77GB gpu_alloc=17.43GB gpu_reserved=18.98GB gpu_peak=29.10GB
[MEMCHECK] after merge_and_unload: host_maxrss=8.77GB gpu_alloc=17.37GB gpu_reserved=25.35GB gpu_peak=29.10GB
Model raw response: <|channel|>analysis<|message|>**High‑level goal**

The user wants a minimal schematic that drives a piezo or magnetic buzzer with a single NPN transistor (BC847, SOT‑23).  
* **U1** – the BC847.  
* **B1** – a piezo/buzzer.  
* No other passive component is required because the transistor will source the current needed for the buzzer.  
* The required netlist is:  

| U1 pin | B1 pin | Function |
|--------|--------|----------|
| C (collector) | + (positive) | supplies the buzzer |
| E (emitter) | – (negative) | returns the current to the ground |
| B (base) | + (positive) | drives the base (through the supply that powers the base – in this simple sketch the base is tied to the same + supply as the collector so a pull‑up resistor is not needed) |

The schematic must use only the symbols supplied by the user and should be readable on an A4 sheet (210 mm × 297 mm).  The centre of the drawing will be at (150 mm, 110 mm) to keep the circuit comfortably in the middle of the page.

---

### 1.  Choosing symbol placement

| Symbol | Library | Reference | Value | Position (relative to U1) | Rotation | Mirror |
|--------|---------|-----------|-------|---------------------------|----------|--------|
| BC847 | Transistor_BJT | `U1` | `BC847` | centre `(150, 110)` | **270°** – this turns the symbol so that the collector (pin C) points **upwards** and the emitter (pin E) points **downwards**.  This orientation is convenient because the buzzer will sit below the transistor, making the wire routing clear. | `None` |
| Buzzer | Device | `B1` | `Buzzer` | `(150, 110 – 25)` → `(150, 85)` | **0°** – default orientation, the + pin is on the right side, – pin on the left side.  Placing the buzzer below the transistor keeps the positive pin on the right, which matches the collector pin of the transistor. | `None` |
| Resistor (optional pull‑up) | Device | `R1` | `2.2 k` | `(150, 110 + 15)` → `(150, 125)` | **0°** – horizontal orientation.  The resistor is positioned above the transistor so the base can be pulled up to the + supply if desired. | `None` |

The optional resistor is not strictly required, but it demonstrates a common practice of a base‑pull‑up.  Because the user did not ask for a resistor, it could be omitted; the schematic would still satisfy the required connections.

---

### 2.  Adding the components with the helper function

```python
add_schematic_symbol(
    symbol_lib="Transistor_BJT",
    symbol_name="BC847",
    pos_x=150.0, pos_y=110.0,
    reference="U1",
    value="BC847",
    rotation=270,
    mirror="None"
)

add_schematic_symbol(
    symbol_lib="Device",
    symbol_name="Buzzer",
    pos_x=150.0, pos_y=85.0,
    reference="B1",
    value="Buzzer",
    rotation=0,
    mirror="None"
)

# Optional pull‑up resistor
add_schematic_symbol(
    symbol_lib="Device",
    symbol_name="R",
    pos_x=150.0, pos_y=125.0,
    reference="R1",
    value="2.2k",
    rotation=0,
    mirror="None"
)
```

*The coordinates are chosen so that the symbols’ bounding boxes do not overlap – a 10 mm clearance is left between the top and bottom symbols, which is more than enough for the wire routing.*

---

### 3.  Determining pin locations

The helper `get_pin_location(symbol_ref, pin_name)` returns the absolute (x, y) coordinates of the requested pin.  
For a BC847 the pin names are “B”, “E”, and “C”.  
For the buzzer the pins are “+” and “–”.

```python
# Example for the collector
c_x, c_y = get_pin_location("U1", "C")
# Example for the emitter
e_x, e_y = get_pin_location("U1", "E")
# Example for the base
b_x, b_y = get_pin_location("U1", "B")
# Example for the buzzer
plus_x, plus_y = get_pin_location("B1", "+")
minus_x, minus_y = get_pin_location("B1", "-")
```

Because the symbols are already rotated, the returned coordinates already reflect the new orientation – no extra calculations are needed.

---

### 4.  Connecting the wires

Using `connect_pins(sym_a, pin_a, sym_b, pin_b)` we can create the three required connections.

1. **Collector → Buzzer +**  
   ```python
   connect_pins("U1", "C", "B1", "+")
   ```
2. **Emitter → Buzzer –**  
   ```python
   connect_pins("U1", "E", "B1", "-")
   ```
3. **Base → Buzzer +**  
   (The base is tied to the same + supply as the collector; in the schematic we simply connect the two pins.)  
   ```python
   connect_pins("U1", "B", "B1", "+")
   ```

If the optional resistor were included, the base would be pulled up through it:

```python
connect_pins("R1", "2", "U1", "B")   # R1 pin 2 → U1 base
connect_pins("R1", "1", "VAA", "+") # R1 pin 1 → power supply (+)
```

In this minimal design we skip the resistor, so the base‑pull‑up is omitted.

---

### 5.  Finalizing the schematic

After all connections are defined, the helper `write_out_all_wires()` emits the netlist that KiCad will interpret as the actual schematic wires.

```python
write_out_all_wires()
```

This single call writes all the wire segments that have been created via `connect_pins`.

---

### 6.  Summary of key decisions

| Decision | Reason |
|----------|--------|
| **Rotation 270° for BC847** | Aligns collector upward, emitter downward, making the buzzer sit below the transistor for a clean, vertical wire path. |
| **0° rotation for Buzzer** | Default orientation gives + pin on the right, matching the collector’s direction. |
| **Centering at (150, 110)** | Keeps the circuit in the middle of the A4 sheet, leaving ample margin on all sides. |
| **Optional resistor** | Demonstrates a common base‑pull‑up but is not required for the requested connections. |
| **Using `get_pin_location`** | Guarantees that the wire starts exactly at the pin’s end point, avoiding accidental cross‑overs. |
| **Connecting base directly to +** | Satisfies the user’s requirement that U1’s B pin connects to B1’s + pin; a pull‑up resistor is not specified. |

With these choices the resulting schematic is compact, readable, and follows the user’s exact component list and connection rules.<|end|><|start|>assistant<|channel|>final<|message|># Auto-generated schematic symbols
import sys
import os

# Get project path and import kicad schematic interface
PROJECT_PATH = os.environ['PROJECT_PATH']
sys.path.append(PROJECT_PATH)
from modules.kicad_sch_interface import *

### Placing center symbol 1 : Transistor_BJT:BC847###

center_x_1, center_y_1 = 150.0, 110.0

add_schematic_symbol(symbol_lib="Transistor_BJT", symbol_name="BC847", pos_x=center_x_1, pos_y=center_y_1, reference="U1", value="BC847", rotation=270, mirror="None")

### Placing other symbols in the Schematic with respect to the center symbol 1###

add_schematic_symbol(symbol_lib="Device", symbol_name="Buzzer", pos_x=center_x_1 + (0), pos_y=center_y_1 + (-25), reference="B1", value="Buzzer", rotation=0, mirror="None")

### Placing all global labels in the Schematic and connect them to the neighbor pin ###


### Connecting all wires in the Schematic ###


# Connecting U1 pin B (Pin ID 1 -- Name B) to B1 pin + (Pin ID 2 -- Name +)
connect_pins("U1", "B", "B1", "+")

# Connecting U1 pin E (Pin ID 2 -- Name E) to B1 pin - (Pin ID 1 -- Name -)
connect_pins("U1", "E", "B1", "-")

# Connecting U1 pin C (Pin ID 3 -- Name C) to B1 pin + (Pin ID 2 -- Name +)
connect_pins("U1", "C", "B1", "+")

write_out_all_wires()
<|return|>
Saved generated code to /scratch/k2983/root-project/pcb-schematic-gen/SchGen/schematic_generation/t013_buzzer_generated.py
Saved raw response to /scratch/k2983/root-project/pcb-schematic-gen/SchGen/schematic_generation/t013_buzzer_generated.response.txt
