[MEMCHECK] after base_model load + per-expert MXFP4 dequant: host_maxrss=7.88GB gpu_alloc=17.36GB gpu_reserved=24.61GB gpu_peak=22.34GB
[FEEDBACK CHECK] feedback provided: True (len=1760)
[MEMCHECK] before symbol_selector_llm creation: host_maxrss=7.88GB gpu_alloc=17.36GB gpu_reserved=24.61GB gpu_peak=22.34GB
[MEMCHECK] after symbol_selector_llm creation (post eager switch): host_maxrss=7.88GB gpu_alloc=17.36GB gpu_reserved=24.61GB gpu_peak=22.34GB
[RAW] prompt=Design a schematic for A simple rectifier circuit using a general-purpose rectifier diode. Use exactly these real components: D1 as a 1N5402, in the KiCad library "Diode" (General-purpose rectifier diode, 200 V 3 A, through-hole). Do not substitute or invent a different part for any of them.
[SEQLEN] input_ids shape: torch.Size([1, 1891])
[SEQLEN] input_ids shape: torch.Size([1, 4886])
[SEQLEN] input_ids shape: torch.Size([1, 5107])
[SEQLEN] input_ids shape: torch.Size([1, 5107])
[SEQLEN] input_ids shape: torch.Size([1, 5107])
Azure CLI not found on path
[SEQLEN] input_ids shape: torch.Size([1, 3305])
[SEQLEN] input_ids shape: torch.Size([1, 3305])
[SEQLEN] input_ids shape: torch.Size([1, 3305])
Azure CLI not found on path
[MEMCHECK] after run_raw_test (post symbol-selection generate() call): host_maxrss=8.77GB gpu_alloc=17.37GB gpu_reserved=32.51GB gpu_peak=28.71GB
[MEMCHECK] after switching back to flash_attention_2: host_maxrss=8.77GB gpu_alloc=17.37GB gpu_reserved=32.51GB gpu_peak=28.71GB
[MEMCHECK] after gc.collect + empty_cache: host_maxrss=8.77GB gpu_alloc=17.37GB gpu_reserved=18.94GB gpu_peak=28.71GB
[MEMCHECK] after PeftModel.from_pretrained: host_maxrss=8.77GB gpu_alloc=17.43GB gpu_reserved=18.98GB gpu_peak=28.71GB
[MEMCHECK] after merge_and_unload: host_maxrss=8.77GB gpu_alloc=17.37GB gpu_reserved=25.35GB gpu_peak=28.71GB
Model raw response: <|channel|>final<|message|># Auto-generated schematic symbols
import sys
import os

# Get project path and import kicad schematic interface
PROJECT_PATH = os.environ['PROJECT_PATH']
sys.path.append(PROJECT_PATH)
from modules.kicad_sch_interface import *

### Placing center symbol 1 : Diode:1N5402###

center_x_1, center_y_1 = 150.0, 110.0

add_schematic_symbol(symbol_lib="Diode", symbol_name="1N5402", pos_x=center_x_1, pos_y=center_y_1, reference="D1", value="1N5402", rotation=0, mirror="None")

### Placing other symbols in the Schematic with respect to the center symbol 1###

add_schematic_symbol(symbol_lib="power", symbol_name="+9V", pos_x=center_x_1 + (-30), pos_y=center_y_1 + (20), reference="#PWR1", value="+9V", rotation=0, mirror="None")
add_schematic_symbol(symbol_lib="power", symbol_name="GND", pos_x=center_x_1 + (30), pos_y=center_y_1 + (-20), reference="#PWR2", value="GND", rotation=0, mirror="None")

### Connecting all wires in the Schematic ###


# Connecting #PWR1 pin +9V (Pin ID 1 -- Name +9V) to D1 pin A (Pin ID 2 -- Name A)
connect_pins("#PWR1", "+9V", "D1", "A")

# Connecting D1 pin K (Pin ID 1 -- Name K) to #PWR2 pin GND (Pin ID 1 -- Name None)
connect_pins("D1", "K", "#PWR2", "1")

write_out_all_wires()<|return|>
Saved generated code to /scratch/k2983/root-project/pcb-schematic-gen/SchGen/schematic_generation/t013_1n5402_generated.py
Saved raw response to /scratch/k2983/root-project/pcb-schematic-gen/SchGen/schematic_generation/t013_1n5402_generated.response.txt
