[MEMCHECK] after base_model load + per-expert MXFP4 dequant: host_maxrss=7.88GB gpu_alloc=17.36GB gpu_reserved=24.61GB gpu_peak=22.34GB
[FEEDBACK CHECK] feedback provided: False (len=0)
[MEMCHECK] before symbol_selector_llm creation: host_maxrss=7.88GB gpu_alloc=17.36GB gpu_reserved=24.61GB gpu_peak=22.34GB
[MEMCHECK] after symbol_selector_llm creation (post eager switch): host_maxrss=7.88GB gpu_alloc=17.36GB gpu_reserved=24.61GB gpu_peak=22.34GB
[RAW] prompt=Design a schematic for A simple rectifier circuit using a general-purpose rectifier diode. Use exactly these real components: D1 as a 1N5402, in the KiCad library "Diode" (General-purpose rectifier diode, 200 V 3 A, through-hole). Do not substitute or invent a different part for any of them.
[SEQLEN] input_ids shape: torch.Size([1, 1891])
[SEQLEN] input_ids shape: torch.Size([1, 4886])
[SEQLEN] input_ids shape: torch.Size([1, 5107])
[SEQLEN] input_ids shape: torch.Size([1, 5107])
[SEQLEN] input_ids shape: torch.Size([1, 5107])
Azure CLI not found on path
[SEQLEN] input_ids shape: torch.Size([1, 3305])
[SEQLEN] input_ids shape: torch.Size([1, 3305])
[SEQLEN] input_ids shape: torch.Size([1, 3305])
Azure CLI not found on path
[MEMCHECK] after run_raw_test (post symbol-selection generate() call): host_maxrss=8.77GB gpu_alloc=17.37GB gpu_reserved=32.51GB gpu_peak=28.71GB
[MEMCHECK] after switching back to flash_attention_2: host_maxrss=8.77GB gpu_alloc=17.37GB gpu_reserved=32.51GB gpu_peak=28.71GB
[MEMCHECK] after gc.collect + empty_cache: host_maxrss=8.77GB gpu_alloc=17.37GB gpu_reserved=18.94GB gpu_peak=28.71GB
[MEMCHECK] after PeftModel.from_pretrained: host_maxrss=8.77GB gpu_alloc=17.43GB gpu_reserved=18.98GB gpu_peak=28.71GB
[MEMCHECK] after merge_and_unload: host_maxrss=8.77GB gpu_alloc=17.37GB gpu_reserved=25.35GB gpu_peak=28.71GB
Model raw response: <|channel|>analysis<|message|>**High‑level goal**

The user wants a one‑piece rectifier block that only contains a single 1 N5402 general‑purpose bridge rectifier diode.  
The schematic must be built with the exact part (D1) from the “Diode” library and no other components.  
Because a rectifier needs a supply to bias the diode, we will add a power symbol (+V) and a ground symbol (GND) so that the circuit can be simulated in KiCad, but the user’s request is satisfied as long as the diode is the only active component.

---

### 1.  Choosing the symbol positions

| Symbol | Reference | Library / symbol | Placement strategy | Reasoning |
|--------|-----------|------------------|-------------------|-----------|
| Diode | `D1` | `Diode:1N5402` | Centered on the sheet (≈ 150 mm × 110 mm) | Keeps the block in the middle of the A4 page and provides a clear reference point for all other pins. |
| Power | `#PWR1` | `power:+V` | Left of the diode, 30 mm apart on the X‑axis, 20 mm above the diode | Gives the diode a clear anode (positive) supply and a clean wire path to the ground. |
| Ground | `#PWR2` | `power:GND` | Right of the diode, 30 mm apart on the X‑axis, 20 mm below the diode | Provides the diode cathode (negative) reference. |

The offsets are chosen large enough (±30 mm horizontally and ±20 mm vertically) so that the bounding boxes of the symbols do not touch and the wire routing remains tidy.  
All symbols are placed with **rotation = 0°** and **mirror = None** – the default orientation of the 1N5402 has the anode to the left and the cathode to the right, which matches the typical schematic convention (positive on the left, negative on the right). No mirroring is required.

---

### 2.  Pin layout of the 1N5402

The 1N5402 has three pins:

| Pin | Name | Typical pin name in KiCad | Orientation |
|-----|------|--------------------------|-------------|
| 1   | K (Cathode) | `K` | Points left |
| 2   | A1 (Anode) | `A` | Points right |
| 3   | A2 (Anode) | `A` | Points right (duplicate of A1 for a two‑anode configuration)

For a simple rectifier, we connect pin 2 (A1) to the positive supply and pin 1 (K) to the negative supply. Pin 3 is unused in this schematic and can be left floating; KiCad will still recognise the symbol.

---

### 3.  Wire connections

1. **Positive supply to anode**  
   `#PWR1` (+V) → `D1` pin 2 (`A`)  
   *This supplies the diode’s anode with the source voltage.*

2. **Cathode to ground**  
   `#PWR2` (GND) → `D1` pin 1 (`K`)  
   *This pulls the diode cathode to the reference potential.*

3. **Optional internal connection**  
   The two anode pins (2 and 3) are internally tied together in the symbol definition. Even if we do not explicitly wire pin 3, the schematic will still be electrically correct because KiCad treats the anode pins as a single logical node. We can leave pin 3 unconnected and still get a valid rectifier block.

No additional labels are required because the power symbols already carry the necessary voltage names.

---

### 4.  Function arguments explained

| Function | Purpose | Key arguments used | Why they are chosen |
|----------|---------|---------------------|---------------------|
| `add_schematic_symbol` | Places a component | `symbol_lib="Diode"`, `symbol_name="1N5402"`, `pos_x=150.0`, `pos_y=110.0`, `reference="D1"`, `value="1N5402"`, `rotation=0`, `mirror=None` | Centers the diode, gives it the correct library/reference/value, no rotation/mirror needed. |
| `add_schematic_symbol` (power) | Places a +V pin | `symbol_lib="power"`, `symbol_name="+V"`, `pos_x=120.0`, `pos_y=130.0`, `reference="#PWR1"`, `value="+V"`, `rotation=0`, `mirror=None` | Offsets left of diode, provides a clean vertical wire path to the anode. |
| `add_schematic_symbol` (ground) | Places a GND pin | `symbol_lib="power"`, `symbol_name="GND"`, `pos_x=180.0`, `pos_y=90.0`, `reference="#PWR2"`, `value="GND"`, `rotation=0`, `mirror=None` | Offsets right of diode, vertical wire path from cathode. |
| `connect_pins` | Creates a wire | `connect_pins("#PWR1", "+V", "D1", "A")` | Connects the +V source to the diode anode. |
| `connect_pins` | Creates a wire | `connect_pins("#PWR2", "GND", "D1", "K")` | Connects the diode cathode to ground. |
| `write_out_all_wires` | Finalises the schematic | No arguments | Flushes all the wire objects to the KiCad file. |

The pin names (`"+V"`, `"GND"`, `"A"`, `"K"`) must match the exact names defined in the symbol libraries; otherwise KiCad would raise an error. The references (`#PWR1`, `#PWR2`, `D1`) are unique identifiers that KiCad uses internally.

---

### 5.  Summary of the final schematic

- **Central element:** 1N5402 diode (D1) at (150 mm, 110 mm).  
- **Power supply:** +V symbol left of D1, connected to the anode.  
- **Ground:** GND symbol right of D1, connected to the cathode.  
- **No extra components** – the block satisfies the user’s request for a “simple rectifier circuit with exactly these real components”.  
- **Wire routing** – straight horizontal lines from the power symbols to the diode pins, with clear separation to avoid clutter.  
- **Labels** – not necessary because the power symbols carry the voltage names; if labels were added they would simply repeat those names.

This reasoning directly maps to the Python code that would use the KiCad API functions to place symbols, set their positions and orientations, and connect the appropriate pins with `connect_pins`. The final `write_out_all_wires()` call ensures the schematic file is complete and ready for subsequent simulation or PCB layout.<|end|><|start|>assistant<|channel|>final<|message|># Auto-generated schematic symbols
import sys
import os

# Get project path and import kicad schematic interface
PROJECT_PATH = os.environ['PROJECT_PATH']
sys.path.append(PROJECT_PATH)
from modules.kicad_sch_interface import *

### Placing center symbol 1 : Diode:1N5402###

center_x_1, center_y_1 = 150.0, 110.0

add_schematic_symbol(symbol_lib="Diode", symbol_name="1N5402", pos_x=center_x_1, pos_y=center_y_1, reference="D1", value="1N5402", rotation=0, mirror="None")

### Placing other symbols in the Schematic with respect to the center symbol 1###

add_schematic_symbol(symbol_lib="power", symbol_name="+V", pos_x=center_x_1 + (-30), pos_y=center_y_1 + (20), reference="#PWR1", value="+V", rotation=0, mirror="None")
add_schematic_symbol(symbol_lib="power", symbol_name="GND", pos_x=center_x_1 + (30), pos_y=center_y_1 + (-20), reference="#PWR2", value="GND", rotation=0, mirror="None")

### Connecting all wires in the Schematic ###


# Connecting #PWR1 pin +V (Pin ID 1 -- Name +V) to D1 pin A (Pin ID 2 -- Name A)
connect_pins("#PWR1", "+V", "D1", "A")

# Connecting D1 pin K (Pin ID 1 -- Name K) to #PWR2 pin GND (Pin ID 1 -- Name None)
connect_pins("D1", "K", "#PWR2", "1")

write_out_all_wires()
<|return|>
Saved generated code to /scratch/k2983/root-project/pcb-schematic-gen/SchGen/schematic_generation/t013_1n5402_generated.py
Saved raw response to /scratch/k2983/root-project/pcb-schematic-gen/SchGen/schematic_generation/t013_1n5402_generated.response.txt
