[MEMCHECK] after base_model load + per-expert MXFP4 dequant: host_maxrss=7.88GB gpu_alloc=17.36GB gpu_reserved=24.61GB gpu_peak=22.34GB
[FEEDBACK CHECK] feedback provided: False (len=0)
[MEMCHECK] before symbol_selector_llm creation: host_maxrss=7.88GB gpu_alloc=17.36GB gpu_reserved=24.61GB gpu_peak=22.34GB
[MEMCHECK] after symbol_selector_llm creation (post eager switch): host_maxrss=7.88GB gpu_alloc=17.36GB gpu_reserved=24.61GB gpu_peak=22.34GB
[RAW] prompt=Design a schematic for A simple circuit using a reed switch, magnetically activated, to control a load. Use exactly these real components: SW1 as a SW_Reed, in the KiCad library "Switch" (Reed switch, magnetically activated). Do not substitute or invent a different part for any of them. Wire it up as follows: connect SW1's 1 pin (pin 1) to SW1's 2 pin (pin 2).
[SEQLEN] input_ids shape: torch.Size([1, 1914])
[SEQLEN] input_ids shape: torch.Size([1, 4909])
[SEQLEN] input_ids shape: torch.Size([1, 5130])
[SEQLEN] input_ids shape: torch.Size([1, 3328])
[MEMCHECK] after run_raw_test (post symbol-selection generate() call): host_maxrss=8.77GB gpu_alloc=17.37GB gpu_reserved=31.15GB gpu_peak=28.78GB
[MEMCHECK] after switching back to flash_attention_2: host_maxrss=8.77GB gpu_alloc=17.37GB gpu_reserved=31.15GB gpu_peak=28.78GB
[MEMCHECK] after gc.collect + empty_cache: host_maxrss=8.77GB gpu_alloc=17.37GB gpu_reserved=18.94GB gpu_peak=28.78GB
[MEMCHECK] after PeftModel.from_pretrained: host_maxrss=8.77GB gpu_alloc=17.43GB gpu_reserved=18.98GB gpu_peak=28.78GB
[MEMCHECK] after merge_and_unload: host_maxrss=8.77GB gpu_alloc=17.37GB gpu_reserved=25.35GB gpu_peak=28.78GB
Model raw response: <|channel|>analysis<|message|>**High‑level goal**

The user wants a tiny schematic that just shows a reed switch (magnetically activated) with its two pins tied together.  
We must use the exact symbol **SW_Reed** from the **Switch** library, reference it **SW1**, and connect pin 1 to pin 2.  
No other components, no extra power rails, no labels – just the two‑pin symbol and the wire that joins the pins.

**Understanding the symbol**

The `SW_Reed` symbol is defined as:

* Library: `Switch`  
* Symbol name: `SW_Reed`  
* Pin 1:  x = -5.08 mm, y = 0, orientation = Right  
* Pin 2:  x = +5.08 mm, y = 0, orientation = Left  

The bounding box is small, so we can place the symbol anywhere on the 210 × 297 mm sheet.  
We choose a central location that keeps the wire short and leaves room for any future additions.

**Placement**

```python
center_x_1, center_y_1 = 150.0, 110.0
```

* 150 mm from the left edge (half the width of an A4 sheet)  
* 110 mm from the bottom (roughly the middle vertically)  

These coordinates put the symbol near the centre of the page.  
No rotation is required – the default orientation already has pin 1 on the left and pin 2 on the right.  
We also do not mirror the symbol; the default orientation gives a clean left‑to‑right layout.

**Adding the symbol**

```python
add_schematic_symbol(
    symbol_lib="Switch",
    symbol_name="SW_Reed",
    pos_x=center_x_1,
    pos_y=center_y_1,
    reference="SW1",
    value="SW_Reed",
    rotation=0,
    mirror="None"
)
```

* `symbol_lib` and `symbol_name` select the correct component.  
* `pos_x`/`pos_y` place it at the chosen centre.  
* `reference="SW1"` gives a unique identifier that can be used in later connections.  
* `value="SW_Reed"` is optional but helps readability.  
* `rotation=0` keeps the default orientation.  
* `mirror="None"` ensures no horizontal or vertical flip.

**Connecting the pins**

The user explicitly wants a wire that joins pin 1 to pin 2.  
With the symbol already placed, we can call `connect_pins` directly:

```python
connect_pins("SW1", "1", "SW1", "2")
```

* The first two arguments identify the first endpoint: the symbol reference (`SW1`) and the pin name (`1`).  
* The last two arguments identify the second endpoint: the same symbol and pin `2`.  
* No intermediate symbols or labels are needed.

**Writing the wires**

After all connections are queued, we flush them to the schematic:

```python
write_out_all_wires()
```

**Why this works**

* The `SW_Reed` symbol’s pin layout matches the requested “magnetically activated” switch.  
* Connecting pin 1 to pin 2 simply ties the two sides together, effectively making the switch an open circuit that can be closed by a magnetic field.  
* By placing the symbol near the centre and not mirroring or rotating it, the wire is a single straight line across the symbol, which keeps the schematic clean and readable.  
* No other components or power rails are added, satisfying the user’s requirement for a *simple* schematic.

**Summary of function arguments**

| Function | Arguments | Purpose |
|----------|-----------|---------|
| `add_schematic_symbol` | `symbol_lib="Switch"`, `symbol_name="SW_Reed"`, `pos_x=150.0`, `pos_y=110.0`, `reference="SW1"`, `value="SW_Reed"`, `rotation=0`, `mirror="None"` | Places the reed switch at the centre. |
| `connect_pins` | `"SW1", "1", "SW1", "2"` | Connects the two pins of the same component. |
| `write_out_all_wires` | – | Finalises the wire drawing. |

With these steps the schematic will contain only the reed switch and a single wire that links its two pins, exactly as the user requested.<|end|><|start|>assistant<|channel|>final<|message|># Auto-generated schematic symbols
import sys
import os

# Get project path and import kicad schematic interface
PROJECT_PATH = os.environ['PROJECT_PATH']
sys.path.append(PROJECT_PATH)
from modules.kicad_sch_interface import *

### Placing center symbol 1 : Switch:SW_Reed###

center_x_1, center_y_1 = 150.0, 110.0

add_schematic_symbol(symbol_lib="Switch", symbol_name="SW_Reed", pos_x=center_x_1, pos_y=center_y_1, reference="SW1", value="SW_Reed", rotation=0, mirror="None")

### Placing other symbols in the Schematic with respect to the center symbol 1###


### Placing all global labels in the Schematic and connect them to the neighbor pin ###


### Connecting all wires in the Schematic ###


write_out_all_wires()
<|return|>
Saved generated code to /scratch/k2983/root-project/pcb-schematic-gen/SchGen/schematic_generation/t013_sw_reed_generated.py
Saved raw response to /scratch/k2983/root-project/pcb-schematic-gen/SchGen/schematic_generation/t013_sw_reed_generated.response.txt
