Fetching 41 files:   0%|          | 0/41 [00:00<?, ?it/s]Fetching 41 files: 100%|██████████| 41/41 [00:00<00:00, 32035.48it/s]
Loading checkpoint shards:   0%|          | 0/3 [00:00<?, ?it/s]Loading checkpoint shards:  33%|███▎      | 1/3 [00:00<00:01,  1.86it/s]Loading checkpoint shards:  67%|██████▋   | 2/3 [00:01<00:00,  1.91it/s]Loading checkpoint shards: 100%|██████████| 3/3 [00:01<00:00,  2.06it/s]Loading checkpoint shards: 100%|██████████| 3/3 [00:01<00:00,  2.01it/s]
/scratch/k2983/root-project/pcb-schematic-gen/.venv/lib/python3.11/site-packages/peft/tuners/lora/layer.py:159: UserWarning: Unsupported layer type '<class 'transformers.integrations.mxfp4.Mxfp4GptOssExperts'>' encountered, proceed at your own risk.
  warnings.warn(
layer 7 gate_up_proj: saved shape torch.Size([32, 5760, 2880]), dtype torch.bfloat16
layer 7 down_proj: saved shape torch.Size([32, 2880, 2880]), dtype torch.bfloat16
layer 15 gate_up_proj: saved shape torch.Size([32, 5760, 2880]), dtype torch.bfloat16
layer 15 down_proj: saved shape torch.Size([32, 2880, 2880]), dtype torch.bfloat16
layer 23 gate_up_proj: saved shape torch.Size([32, 5760, 2880]), dtype torch.bfloat16
layer 23 down_proj: saved shape torch.Size([32, 2880, 2880]), dtype torch.bfloat16
processing shard model-00000-of-00002.safetensors...
  wrote 194 tensors to /scratch/k2983/root-project/pcb-schematic-gen/models/SchGen-merged-hf/model-00000-of-00002.safetensors
processing shard model-00001-of-00002.safetensors...
  wrote 195 tensors to /scratch/k2983/root-project/pcb-schematic-gen/models/SchGen-merged-hf/model-00001-of-00002.safetensors
processing shard model-00002-of-00002.safetensors...
  wrote 64 tensors to /scratch/k2983/root-project/pcb-schematic-gen/models/SchGen-merged-hf/model-00002-of-00002.safetensors
copied config.json
copied generation_config.json
copied tokenizer.json
copied tokenizer_config.json
copied special_tokens_map.json
copied chat_template.jinja

Done. Merged checkpoint at /scratch/k2983/root-project/pcb-schematic-gen/models/SchGen-merged-hf
