======================================================================
t005_temp_sensor: I need to measure temperature digitally with a 1-Wire sensor.
  status='failed_checks' attempts=3 parts=['DS18B20', 'DS18B20', 'DS18B20', 'DS18B20', 'DS18B20', 'DS18B20', 'DS18B20', 'DS18B20']
======================================================================
t005_motor_driver: I want to drive a small DC motor and control its direction.
  status='failed_checks' attempts=3 parts=['TB6612FNG', 'D_Small', 'D_Small', 'Motor_DC']
======================================================================
t005_rtc: I need to keep accurate time with a real-time clock chip.
  status='failed_checks' attempts=3 parts=['DS3232M', 'ESP-12E']
======================================================================
t005_opamp: I need to amplify a small analog signal using an op-amp.
  status='passed' attempts=1 parts=['LM358', '1N4148', '1N4148']
  detailed_prompt: Design a schematic for A simple op-amp circuit to amplify a small analog signal. Use exactly these real components: U1 as a LM358, in the KiCad library "Amplifier_Operational" (Dual operational amplif...
======================================================================
t005_555timer: I want a classic 555 timer circuit that blinks an LED.
  status='passed' attempts=1 parts=['NE555D', 'LED']
  detailed_prompt: Design a schematic for A simple 555 timer circuit that blinks an LED at a fixed frequency. Use exactly these real components: U1 as a NE555D, in the KiCad library "Timer" (TI NE555 timer IC, SOIC-8 pa...
======================================================================
t005_pushbutton: I need a simple push button input with a pull-down resistor.
  status='passed' attempts=1 parts=['R', 'SW_Push']
  detailed_prompt: Design a schematic for A basic push button circuit with a pull-down resistor. Use exactly these real components: R1 as a R, in the KiCad library "74xx_IEEE" (Generic SMD resistor), SW1 as a SW_Push, i...

======================================================================
SUMMARY
3/6 reached a passed Layer 1 candidate
  t005_temp_sensor: failed_checks
  t005_motor_driver: failed_checks
  t005_rtc: failed_checks
  t005_opamp: passed
  t005_555timer: passed
  t005_pushbutton: passed
