######################################################################
temp_sensor: I need to measure temperature digitally with a 1-Wire sensor.
######################################################################
retrieved 7 components: ['DS18B20', 'BMP280', 'DRV5055A2xDBZxQ1', 'ACS711xEXLT-15AB', 'MCP73871', 'MAX31865xAP', 'WS2812B']

--- attempt 1 ---
status='failed_checks'
parts=[('R1', 'DS18B20'), ('R2', 'DS18B20'), ('R3', 'DS18B20'), ('R4', 'DS18B20'), ('R5', 'DS18B20'), ('R6', 'DS18B20'), ('R7', 'DS18B20'), ('R8', 'DS18B20')]
errors=['R1: ground pin GND missing net', 'R1: pin DQ is unconnected', 'R2: ground pin GND missing net', 'R2: pin DQ is unconnected', 'R3: supply pin V_{DD} missing net', 'R3: pin DQ is unconnected', 'R4: supply pin V_{DD} missing net', 'R4: pin DQ is unconnected', 'R5: supply pin V_{DD} missing net', 'R5: ground pin GND missing net', 'R6: supply pin V_{DD} missing net', 'R6: ground pin GND missing net', 'R7: supply pin V_{DD} missing net', 'R7: ground pin GND missing net', 'R7: pin DQ is unconnected', 'R8: supply pin V_{DD} missing net', 'R8: ground pin GND missing net', 'R8: pin DQ is unconnected']

--- attempt 2 ---
status='failed_checks'
parts=[('R1', 'DS18B20'), ('R2', 'DS18B20'), ('R3', 'DS18B20'), ('R4', 'DS18B20'), ('R5', 'DS18B20'), ('R6', 'DS18B20'), ('R7', 'DS18B20'), ('R8', 'DS18B20')]
errors=['R1: ground pin GND missing net', 'R1: pin DQ is unconnected', 'R2: ground pin GND missing net', 'R2: pin DQ is unconnected', 'R3: supply pin V_{DD} missing net', 'R3: pin DQ is unconnected', 'R4: supply pin V_{DD} missing net', 'R4: pin DQ is unconnected', 'R5: supply pin V_{DD} missing net', 'R5: ground pin GND missing net', 'R6: supply pin V_{DD} missing net', 'R6: ground pin GND missing net', 'R7: supply pin V_{DD} missing net', 'R7: ground pin GND missing net', 'R8: supply pin V_{DD} missing net', 'R8: ground pin GND missing net']

--- attempt 3 ---
status='failed_checks'
parts=[('R1', 'DS18B20'), ('R2', 'DS18B20'), ('R3', 'DS18B20'), ('R4', 'DS18B20'), ('R5', 'DS18B20'), ('R6', 'DS18B20'), ('R7', 'DS18B20'), ('R8', 'DS18B20')]
errors=['R1: ground pin GND missing net', 'R1: pin DQ is unconnected', 'R2: supply pin V_{DD} missing net', 'R2: pin DQ is unconnected', 'R3: ground pin GND missing net', 'R3: pin DQ is unconnected', 'R4: supply pin V_{DD} missing net', 'R4: pin DQ is unconnected', 'R5: supply pin V_{DD} missing net', 'R5: ground pin GND missing net', 'R6: supply pin V_{DD} missing net', 'R6: ground pin GND missing net', 'R7: supply pin V_{DD} missing net', 'R7: ground pin GND missing net', 'R8: supply pin V_{DD} missing net', 'R8: ground pin GND missing net']

######################################################################
motor_driver: I want to drive a small DC motor and control its direction.
######################################################################
retrieved 15 components: ['A4950E', 'Motor_DC', 'TB6612FNG', 'Pololu_Breakout_A4988', 'L293D', 'MGJ2D121505SC', 'NXE1S0303MC', 'TSR1-2450E', 'D_Small', 'D_Schottky_Small', 'LED_Small', 'IR2110', 'SN65HVD230', 'W5500', 'EL817']

--- attempt 1 ---
status='failed_checks'
parts=[('U1', 'TB6612FNG'), ('D1', 'D_Small'), ('D2', 'D_Small'), ('C1', 'Motor_DC')]
errors=['U1: supply pin VCC missing net', 'U1: supply pin VM1 missing net', 'U1: ground pin PGND1 missing net', 'U1: pin AO2 is unconnected', 'U1: pin BO2 is unconnected']

--- attempt 2 ---
status='failed_checks'
parts=[('U1', 'TB6612FNG'), ('D1', 'D_Small'), ('D2', 'D_Small'), ('C1', 'Motor_DC')]
errors=['U1: supply pin VCC missing net', 'U1: supply pin VM1 missing net', 'U1: pin AO2 is unconnected', 'U1: pin BO2 is unconnected']

--- attempt 3 ---
status='failed_checks'
parts=[('U1', 'TB6612FNG'), ('D1', 'D_Small'), ('D2', 'D_Small'), ('C1', 'Motor_DC')]
errors=['U1: supply pin VM1 missing net', 'U1: pin AO1 is unconnected', 'U1: pin AO2 is unconnected', 'U1: pin BO2 is unconnected']

######################################################################
rtc: I need to keep accurate time with a real-time clock chip.
######################################################################
retrieved 3 components: ['ESP-12E', 'DS3232M', 'NE555D']

--- attempt 1 ---
status='failed_checks'
parts=[('U1', 'DS3232M'), ('U2', 'ESP-12E')]
errors=['U2: pin EN is unconnected', 'U2: pin ~{RST} is unconnected', 'U2: pin GPIO0 is unconnected', 'U2: pin GPIO15 is unconnected']

--- attempt 2 ---
status='failed_checks'
parts=[('U1', 'DS3232M'), ('U2', 'ESP-12E')]
errors=['U2: pin GPIO15 is unconnected']

--- attempt 3 ---
status='failed_checks'
parts=[('U1', 'DS3232M'), ('U2', 'ESP-12E')]
errors=['U2: pin GPIO15 is unconnected']

