total rows: 133
[1/133] 1N4007 (passive/diode): passed (3.3s, total 0.1m)
[2/133] 1N4148 (passive/diode): passed (1.1s, total 0.1m)
[3/133] 1N4148WS (passive/diode): passed (1.0s, total 0.1m)
[4/133] 1N5402 (passive/diode): passed (1.0s, total 0.1m)
[5/133] 1N5819 (passive/diode): passed (1.4s, total 0.1m)
[6/133] 1N5819WS (passive/diode): passed (1.5s, total 0.2m)
[7/133] 74HC04 (ic/logic_gate): passed (3.4s, total 0.2m)
[8/133] 74HC14 (ic/logic_gate): passed (2.1s, total 0.2m)
[9/133] 74LS00 (ic/logic_gate): passed (3.4s, total 0.3m)
[10/133] 74LS08 (ic/logic_gate): passed (2.4s, total 0.3m)
[11/133] 74LS32 (ic/logic_gate): passed (2.2s, total 0.4m)
[12/133] 74LVC1G17 (ic/logic_buffer): passed (2.2s, total 0.4m)
[13/133] A4950E (ic/motor_driver): passed (5.0s, total 0.5m)
[14/133] ACPL-214-500E (ic/optocoupler): passed (2.4s, total 0.5m)
[15/133] ACS711xEXLT-15AB (ic/current_sensor): passed (2.9s, total 0.6m)
[16/133] AD8495 (ic/thermocouple_amp): failed_checks (10.2s, total 0.8m)
[17/133] ADS1115IDGS (ic/adc): passed (3.8s, total 0.8m)
[18/133] AMS1117-3.3 (ic/ldo): passed (2.0s, total 0.9m)
[19/133] AMS1117-5.0 (ic/ldo): passed (1.6s, total 0.9m)
[20/133] AO3400A (MOSFET/silicon_mosfet): failed_checks (3.4s, total 0.9m)
[21/133] AO3401A (MOSFET/silicon_mosfet): failed_checks (4.1s, total 1.0m)
[22/133] AP2112K-3.3 (ic/ldo): passed (2.0s, total 1.0m)
[23/133] AP2171W (ic/power_switch): failed_checks (9.2s, total 1.2m)
[24/133] AP63203WU (ic/buck_regulator): passed (2.3s, total 1.2m)
[25/133] ATmega32A-P (ic/mcu): passed (6.8s, total 1.3m)
[26/133] ATtiny13A-P (ic/mcu): passed (4.4s, total 1.4m)
[27/133] ATtiny212-SS (ic/mcu): passed (4.4s, total 1.5m)
[28/133] ATtiny85V-10P (ic/mcu): passed (4.3s, total 1.6m)
[29/133] Arduino_Nano_Every (ic/mcu_module): passed (3.8s, total 1.6m)
[30/133] Arduino_Nano_v3.x (ic/mcu_module): passed (3.6s, total 1.7m)
[31/133] BAT54S (passive/diode): passed (2.0s, total 1.7m)
[32/133] BAW75 (passive/diode): passed (1.2s, total 1.7m)
[33/133] BC847 (transistor/npn_bjt): passed (1.4s, total 1.8m)
[34/133] BMP280 (ic/pressure_sensor): passed (7.8s, total 1.9m)
[35/133] BQ25173DSG (ic/battery_charger): passed (3.0s, total 1.9m)
[36/133] BSC052N08NS5 (MOSFET/silicon_mosfet): passed (2.6s, total 2.0m)
[37/133] BSS138 (MOSFET/silicon_mosfet): failed_checks (3.7s, total 2.1m)
[38/133] Battery_Cell (passive/battery): passed (1.5s, total 2.1m)
[39/133] Buzzer (passive/buzzer): passed (1.9s, total 2.1m)
[40/133] C (passive/capacitor): passed (1.2s, total 2.1m)
[41/133] CAT24C128 (ic/i2c_eeprom): passed (2.2s, total 2.2m)
[42/133] CH32V003JxMx (ic/mcu): passed (3.1s, total 2.2m)
[43/133] CH340C (ic/usb_uart_bridge): passed (4.5s, total 2.3m)
[44/133] Crystal_GND24 (passive/crystal): failed_checks (4.7s, total 2.4m)
[45/133] D (passive/diode): passed (1.4s, total 2.4m)
[46/133] DMG2301L (MOSFET/silicon_mosfet): failed_checks (3.3s, total 2.4m)
[47/133] DMG3414U (MOSFET/silicon_mosfet): failed_checks (3.6s, total 2.5m)
[48/133] DRV5055A2xDBZxQ1 (ic/hall_sensor): passed (2.6s, total 2.6m)
[49/133] DS18B20 (ic/temperature_sensor): failed_checks (6.3s, total 2.7m)
[50/133] DS3232M (ic/rtc): failed_checks (10.0s, total 2.8m)
[51/133] D_Schottky (passive/diode): passed (1.5s, total 2.8m)
[52/133] D_Schottky_Small (passive/diode): passed (1.2s, total 2.9m)
[53/133] D_Small (passive/diode): passed (1.0s, total 2.9m)
[54/133] D_Zener (passive/diode): passed (1.0s, total 2.9m)
[55/133] EL817 (ic/optocoupler): passed (2.8s, total 2.9m)
[56/133] ESP-12E (ic/wifi_module): failed_checks (16.0s, total 3.2m)
[57/133] ESP32-S3-MINI-1U (ic/mcu_module): passed (4.4s, total 3.3m)
[58/133] ESP32-WROOM-32 (ic/mcu_module): passed (3.5s, total 3.3m)
[59/133] ESP32-WROOM-32D (ic/mcu_module): passed (4.0s, total 3.4m)
[60/133] GAL16V8 (ic/pld): passed (4.0s, total 3.5m)
[61/133] INA226 (ic/power_monitor): passed (2.9s, total 3.5m)
[62/133] IR2110 (ic/bootstrap_gate_driver): failed_checks (11.5s, total 3.7m)
[63/133] IRF540N (MOSFET/silicon_mosfet): failed_checks (3.8s, total 3.8m)
[64/133] L (passive/inductor): passed (1.2s, total 3.8m)
[65/133] L293D (ic/motor_driver): failed_checks (8.4s, total 3.9m)
[66/133] L7805 (ic/ldo): passed (5.0s, total 4.0m)
[67/133] L78L05_TO92 (ic/ldo): passed (1.9s, total 4.1m)
[68/133] LCD-016N002L (ic/display_module): passed (3.9s, total 4.1m)
[69/133] LED (passive/led): passed (1.8s, total 4.2m)
[70/133] LED_Small (passive/led): passed (1.4s, total 4.2m)
[71/133] LM1117MP-5.0 (ic/ldo): passed (1.5s, total 4.2m)
[72/133] LM1117S-3.3 (ic/ldo): passed (1.7s, total 4.2m)
[73/133] LM1117S-5.0 (ic/ldo): passed (1.7s, total 4.3m)
[74/133] LM2575-5.0BU (ic/buck_regulator): failed_checks (10.8s, total 4.4m)
[75/133] LM358 (ic/op_amp): failed_checks (9.7s, total 4.6m)
[76/133] LT1026 (ic/charge_pump): failed_checks (10.1s, total 4.8m)
[77/133] LTV-817 (ic/optocoupler): passed (2.2s, total 4.8m)
[78/133] LTV-827 (ic/optocoupler): failed_checks (9.7s, total 5.0m)
[79/133] MAX31865xAP (ic/rtd_interface): passed (3.5s, total 5.0m)
[80/133] MAX9814 (ic/mic_amplifier): passed (5.6s, total 5.1m)
[81/133] MCP2562-E-MF (ic/can_transceiver): passed (5.5s, total 5.2m)
[82/133] MCP4921 (ic/dac): passed (2.9s, total 5.3m)
[83/133] MCP6004 (ic/op_amp): passed (3.3s, total 5.3m)
[84/133] MCP73871 (ic/battery_charger): failed_checks (7.0s, total 5.4m)
[85/133] MGJ2D121505SC (ic/isolated_dcdc): failed_checks (4.5s, total 5.5m)
[86/133] MMBF170 (MOSFET/silicon_mosfet): failed_checks (3.3s, total 5.6m)
[87/133] MMBT3904 (transistor/npn_bjt): passed (1.4s, total 5.6m)
[88/133] MMBTA42 (transistor/npn_bjt): passed (1.5s, total 5.6m)
[89/133] MPU-6000 (ic/imu): passed (3.2s, total 5.7m)
[90/133] Motor_DC (passive/motor): failed_checks (11.0s, total 5.8m)
[91/133] NE555D (ic/timer): passed (2.3s, total 5.9m)
[92/133] NXE1S0303MC (ic/isolated_dcdc): passed (2.0s, total 5.9m)
[93/133] PN2222A (transistor/npn_bjt): passed (1.8s, total 5.9m)
[94/133] Pololu_Breakout_A4988 (ic/stepper_driver): failed_checks (9.2s, total 6.1m)
[95/133] Q_NMOS_GSD (MOSFET/silicon_mosfet): failed_checks (4.0s, total 6.2m)
[96/133] Q_NPN_CBE (transistor/npn_bjt): passed (1.6s, total 6.2m)
[97/133] Q_PMOS_GSD (MOSFET/silicon_mosfet): failed_checks (3.4s, total 6.2m)
[98/133] R (passive/resistor): passed (5.5s, total 6.3m)
[99/133] REF3033 (ic/voltage_reference): passed (2.2s, total 6.4m)
[100/133] RFM95W-868S2 (ic/rf_transceiver): failed_checks (10.3s, total 6.6m)
[101/133] RP2040 (ic/mcu): passed (5.8s, total 6.6m)
[102/133] RotaryEncoder_Switch (passive/switch): passed (2.8s, total 6.7m)
[103/133] S102S01 (ic/solid_state_relay): passed (3.5s, total 6.8m)
[104/133] SK6812 (ic/led): passed (2.2s, total 6.8m)
[105/133] SK6812MINI (ic/led): passed (1.8s, total 6.8m)
[106/133] SN65HVD230 (ic/can_transceiver): passed (5.7s, total 6.9m)
[107/133] SN74LVC2T45DCUR (ic/level_translator): passed (3.6s, total 7.0m)
[108/133] SS14 (passive/diode): passed (1.7s, total 7.0m)
[109/133] SS34 (passive/diode): passed (1.6s, total 7.0m)
[110/133] STM32F103RBTx (ic/mcu): passed (5.0s, total 7.1m)
[111/133] STM32G0B1CBTx (ic/mcu): failed_checks (17.7s, total 7.4m)
[112/133] STM32L431RCTx (ic/mcu): failed_checks (10.0s, total 7.6m)
[113/133] SW_DPDT_x2 (passive/switch): passed (3.0s, total 7.6m)
[114/133] SW_Push (passive/switch): passed (1.3s, total 7.6m)
[115/133] SW_Reed (passive/switch): passed (1.0s, total 7.7m)
[116/133] SW_SPDT (passive/switch): passed (1.7s, total 7.7m)
[117/133] SW_SPST (passive/switch): passed (1.5s, total 7.7m)
[118/133] TB6612FNG (ic/motor_driver): failed_checks (8.1s, total 7.9m)
[119/133] TLV1117-33 (ic/ldo): passed (3.2s, total 7.9m)
[120/133] TPS3839DBZ (ic/supervisory): passed (1.8s, total 7.9m)
[121/133] TPS54302 (ic/buck_regulator): passed (2.6s, total 8.0m)
[122/133] TPS60401DBV (ic/charge_pump): passed (8.2s, total 8.1m)
[123/133] TSR1-2450E (ic/dcdc_module): passed (2.1s, total 8.2m)
[124/133] USBLC6-2P6 (ic/esd_protection): passed (3.3s, total 8.2m)
[125/133] USBLC6-2SC6 (ic/esd_protection): passed (2.7s, total 8.3m)
[126/133] USB_B_Micro (connector/usb_connector): passed (3.5s, total 8.3m)
[127/133] USB_C_Receptacle_PowerOnly_6P (connector/usb_connector): passed (4.7s, total 8.4m)
[128/133] W25Q128JVS (ic/spi_flash): passed (3.7s, total 8.5m)
[129/133] W25Q32JVSS (ic/spi_flash): passed (3.7s, total 8.5m)
[130/133] W5500 (ic/ethernet_controller): failed_checks (13.7s, total 8.7m)
[131/133] WS2812B (ic/addressable_led): passed (2.3s, total 8.8m)
[132/133] WeMos_D1_mini (devboard/mcu_devboard): passed (5.7s, total 8.9m)
[133/133] XC6206PxxxMR (ic/ldo): passed (1.9s, total 8.9m)

======================================================================
SUMMARY
  passed: 103/133
  failed_checks: 30/133
total elapsed: 8.9 minutes
