103 candidates to run through SchGen (PyTorch)
[1/103] 1N4007: erc_clean=True (attempts=2, 1353s, total 22.5m)
[2/103] 1N4148: erc_clean=True (attempts=1, 599s, total 32.5m)
[3/103] 1N4148WS: erc_clean=False (attempts=?, 1178s, total 52.2m)
[4/103] 1N5402: erc_clean=True (attempts=2, 1267s, total 73.3m)
[5/103] 1N5819: erc_clean=True (attempts=2, 740s, total 85.6m)
[6/103] 1N5819WS: erc_clean=False (attempts=?, 1505s, total 110.7m)
[7/103] 74HC04: erc_clean=False (attempts=?, 906s, total 125.8m)
[8/103] 74HC14: erc_clean=False (attempts=?, 1362s, total 148.5m)
[9/103] 74LS00: erc_clean=True (attempts=1, 283s, total 153.2m)
[10/103] 74LS08: erc_clean=False (attempts=?, 1456s, total 177.5m)
[11/103] 74LS32: erc_clean=False (attempts=?, 1841s, total 208.2m)
[12/103] 74LVC1G17: erc_clean=True (attempts=1, 506s, total 216.6m)
[13/103] A4950E: erc_clean=True (attempts=1, 472s, total 224.5m)
[14/103] ACPL-214-500E: erc_clean=True (attempts=2, 1979s, total 257.5m)
[15/103] ACS711xEXLT-15AB: erc_clean=False (attempts=?, 2163s, total 293.5m)
[16/103] ADS1115IDGS: erc_clean=False (attempts=?, 2295s, total 331.8m)
[17/103] AMS1117-3.3: erc_clean=True (attempts=3, 1206s, total 351.9m)
[18/103] AMS1117-5.0: erc_clean=True (attempts=1, 610s, total 362.0m)
[19/103] AP2112K-3.3: erc_clean=True (attempts=1, 1011s, total 378.9m)
[20/103] AP63203WU: erc_clean=False (attempts=?, 3135s, total 431.1m)
[21/103] ATmega32A-P: erc_clean=False (attempts=?, 1601s, total 457.8m)
[22/103] ATtiny13A-P: erc_clean=False (attempts=?, 2765s, total 503.9m)
[23/103] ATtiny212-SS: erc_clean=True (attempts=1, 853s, total 518.1m)
[24/103] ATtiny85V-10P: erc_clean=True (attempts=1, 747s, total 530.6m)
[25/103] Arduino_Nano_Every: erc_clean=True (attempts=1, 576s, total 540.2m)
[26/103] Arduino_Nano_v3.x: erc_clean=True (attempts=1, 803s, total 553.6m)
[27/103] BAT54S: erc_clean=True (attempts=1, 600s, total 563.6m)
[28/103] BAW75: erc_clean=False (attempts=?, 765s, total 576.3m)
[29/103] BC847: erc_clean=True (attempts=1, 640s, total 587.0m)
[30/103] BMP280: erc_clean=True (attempts=2, 1043s, total 604.4m)
[31/103] BQ25173DSG: erc_clean=True (attempts=3, 1300s, total 626.1m)
[32/103] BSC052N08NS5: erc_clean=True (attempts=1, 447s, total 633.5m)
[33/103] Battery_Cell: erc_clean=True (attempts=1, 379s, total 639.9m)
[34/103] Buzzer: erc_clean=True (attempts=1, 405s, total 646.6m)
[35/103] C: erc_clean=False (attempts=?, 1589s, total 673.1m)
[36/103] CAT24C128: erc_clean=True (attempts=1, 666s, total 684.2m)
[37/103] CH32V003JxMx: erc_clean=True (attempts=1, 830s, total 698.0m)
[38/103] CH340C: erc_clean=True (attempts=1, 500s, total 706.3m)
[39/103] D: erc_clean=True (attempts=1, 595s, total 716.3m)
[40/103] DRV5055A2xDBZxQ1: erc_clean=False (attempts=?, 1873s, total 747.5m)
[41/103] D_Schottky: erc_clean=True (attempts=1, 427s, total 754.6m)
[42/103] D_Schottky_Small: erc_clean=True (attempts=1, 348s, total 760.4m)
[43/103] D_Small: erc_clean=True (attempts=1, 246s, total 764.5m)
[44/103] D_Zener: erc_clean=True (attempts=1, 380s, total 770.8m)
[45/103] EL817: erc_clean=True (attempts=1, 584s, total 780.6m)
[46/103] ESP32-S3-MINI-1U: erc_clean=False (attempts=?, 1326s, total 802.7m)
[47/103] ESP32-WROOM-32: erc_clean=True (attempts=1, 222s, total 806.4m)
[48/103] ESP32-WROOM-32D: erc_clean=True (attempts=1, 242s, total 810.4m)
[49/103] GAL16V8: erc_clean=True (attempts=1, 639s, total 821.0m)
[50/103] INA226: erc_clean=True (attempts=1, 423s, total 828.1m)
[51/103] L: erc_clean=False (attempts=?, 554s, total 837.3m)
[52/103] L7805: erc_clean=True (attempts=1, 639s, total 848.0m)
[53/103] L78L05_TO92: erc_clean=True (attempts=2, 499s, total 856.3m)
[54/103] LCD-016N002L: erc_clean=True (attempts=1, 557s, total 865.6m)
[55/103] LED: erc_clean=True (attempts=1, 509s, total 874.1m)
[56/103] LED_Small: erc_clean=True (attempts=1, 228s, total 877.9m)
[57/103] LM1117MP-5.0: erc_clean=True (attempts=1, 474s, total 885.8m)
[58/103] LM1117S-3.3: erc_clean=True (attempts=1, 775s, total 898.7m)
[59/103] LM1117S-5.0: erc_clean=True (attempts=1, 500s, total 907.0m)
[60/103] LTV-817: erc_clean=False (attempts=?, 1892s, total 938.5m)
[61/103] MAX31865xAP: erc_clean=True (attempts=1, 603s, total 948.6m)
[62/103] MAX9814: erc_clean=True (attempts=1, 493s, total 956.8m)
[63/103] MCP2562-E-MF: erc_clean=False (attempts=?, 1839s, total 987.4m)
[64/103] MCP4921: erc_clean=True (attempts=2, 1301s, total 1009.1m)
[65/103] MCP6004: erc_clean=True (attempts=2, 1015s, total 1026.0m)
[66/103] MMBT3904: erc_clean=True (attempts=1, 475s, total 1033.9m)
66 already done, 37 remaining
66 already done, 37 remaining
66 already done, 37 remaining
=== relaunch attempt 1, 66/103 already done ===
66 already done, 37 remaining
66 already done, 37 remaining
66 already done, 37 remaining
66 already done, 37 remaining
--- [67/103] MMBTA42: checking GPU headroom ---
  [gpu-wait] GPU busy (1099MB used), waiting 30s...
66 already done, 37 remaining
--- [67/103] MMBTA42: checking GPU headroom ---
66 already done, 37 remaining
--- [67/103] MMBTA42: checking GPU headroom ---
66 already done, 37 remaining
--- [67/103] MMBTA42: checking GPU headroom ---
66 already done, 37 remaining
--- [67/103] MMBTA42: checking GPU headroom ---
66 already done, 37 remaining
--- [67/103] MMBTA42: checking GPU headroom ---
66 already done, 37 remaining
--- [67/103] MMBTA42: checking GPU headroom ---
66 already done, 37 remaining
--- [67/103] MMBTA42: checking GPU headroom ---
66 already done, 37 remaining
--- [67/103] MMBTA42: checking GPU headroom ---
66 already done, 37 remaining
--- [67/103] MMBTA42: checking GPU headroom ---
66 already done, 37 remaining
--- [67/103] MMBTA42: checking GPU headroom ---
66 already done, 37 remaining
--- [67/103] MMBTA42: checking GPU headroom ---
66 already done, 37 remaining
--- [67/103] MMBTA42: checking GPU headroom ---
66 already done, 37 remaining
--- [67/103] MMBTA42: checking GPU headroom ---
[67/103] MMBTA42: erc_clean=True (attempts=1, 614s, run total 10.2m)
--- [68/103] MPU-6000: checking GPU headroom ---
[68/103] MPU-6000: erc_clean=False (attempts=?, 1857s, run total 41.2m)
--- [69/103] NE555D: checking GPU headroom ---
[69/103] NE555D: erc_clean=True (attempts=2, 921s, run total 56.5m)
--- [70/103] NXE1S0303MC: checking GPU headroom ---
[70/103] NXE1S0303MC: erc_clean=False (attempts=?, 2500s, run total 98.2m)
--- [71/103] PN2222A: checking GPU headroom ---
[71/103] PN2222A: erc_clean=True (attempts=1, 704s, run total 109.9m)
--- [72/103] Q_NPN_CBE: checking GPU headroom ---
[72/103] Q_NPN_CBE: erc_clean=True (attempts=1, 449s, run total 117.4m)
--- [73/103] R: checking GPU headroom ---
[73/103] R: erc_clean=True (attempts=1, 265s, run total 121.8m)
--- [74/103] REF3033: checking GPU headroom ---
[74/103] REF3033: erc_clean=True (attempts=1, 692s, run total 133.4m)
--- [75/103] RP2040: checking GPU headroom ---
[75/103] RP2040: erc_clean=True (attempts=1, 498s, run total 141.7m)
--- [76/103] RotaryEncoder_Switch: checking GPU headroom ---
[76/103] RotaryEncoder_Switch: erc_clean=True (attempts=1, 641s, run total 152.3m)
--- [77/103] S102S01: checking GPU headroom ---
[77/103] S102S01: erc_clean=False (attempts=?, 838s, run total 166.3m)
--- [78/103] SK6812: checking GPU headroom ---
[78/103] SK6812: erc_clean=True (attempts=1, 390s, run total 172.8m)
--- [79/103] SK6812MINI: checking GPU headroom ---
[79/103] SK6812MINI: erc_clean=True (attempts=1, 583s, run total 182.5m)
--- [80/103] SN65HVD230: checking GPU headroom ---
[80/103] SN65HVD230: erc_clean=False (attempts=?, 1425s, run total 206.3m)
--- [81/103] SN74LVC2T45DCUR: checking GPU headroom ---
[81/103] SN74LVC2T45DCUR: erc_clean=False (attempts=?, 1913s, run total 238.2m)
--- [82/103] SS14: checking GPU headroom ---
[82/103] SS14: erc_clean=True (attempts=1, 391s, run total 244.7m)
--- [83/103] SS34: checking GPU headroom ---
[83/103] SS34: erc_clean=True (attempts=1, 418s, run total 251.7m)
--- [84/103] STM32F103RBTx: checking GPU headroom ---
[84/103] STM32F103RBTx: erc_clean=True (attempts=1, 802s, run total 265.0m)
--- [85/103] SW_DPDT_x2: checking GPU headroom ---
[85/103] SW_DPDT_x2: erc_clean=True (attempts=1, 420s, run total 272.0m)
--- [86/103] SW_Push: checking GPU headroom ---
[86/103] SW_Push: erc_clean=True (attempts=1, 266s, run total 276.5m)
--- [87/103] SW_Reed: checking GPU headroom ---
[87/103] SW_Reed: erc_clean=True (attempts=1, 197s, run total 279.7m)
--- [88/103] SW_SPDT: checking GPU headroom ---
[88/103] SW_SPDT: erc_clean=False (attempts=?, 884s, run total 294.5m)
--- [89/103] SW_SPST: checking GPU headroom ---
[89/103] SW_SPST: erc_clean=True (attempts=1, 390s, run total 301.0m)
--- [90/103] TLV1117-33: checking GPU headroom ---
[90/103] TLV1117-33: erc_clean=True (attempts=1, 501s, run total 309.3m)
--- [91/103] TPS3839DBZ: checking GPU headroom ---
[91/103] TPS3839DBZ: erc_clean=True (attempts=1, 392s, run total 315.9m)
--- [92/103] TPS54302: checking GPU headroom ---
[92/103] TPS54302: erc_clean=False (attempts=?, 1383s, run total 338.9m)
--- [93/103] TPS60401DBV: checking GPU headroom ---
[93/103] TPS60401DBV: erc_clean=False (attempts=?, 2946s, run total 388.0m)
--- [94/103] TSR1-2450E: checking GPU headroom ---
[94/103] TSR1-2450E: erc_clean=True (attempts=1, 488s, run total 396.2m)
--- [95/103] USBLC6-2P6: checking GPU headroom ---
[95/103] USBLC6-2P6: erc_clean=True (attempts=1, 460s, run total 403.8m)
--- [96/103] USBLC6-2SC6: checking GPU headroom ---
[96/103] USBLC6-2SC6: erc_clean=True (attempts=1, 462s, run total 411.5m)
--- [97/103] USB_B_Micro: checking GPU headroom ---
[97/103] USB_B_Micro: erc_clean=True (attempts=1, 580s, run total 421.2m)
--- [98/103] USB_C_Receptacle_PowerOnly_6P: checking GPU headroom ---
[98/103] USB_C_Receptacle_PowerOnly_6P: erc_clean=True (attempts=1, 516s, run total 429.8m)
--- [99/103] W25Q128JVS: checking GPU headroom ---
[99/103] W25Q128JVS: erc_clean=False (attempts=?, 1415s, run total 453.4m)
--- [100/103] W25Q32JVSS: checking GPU headroom ---
[100/103] W25Q32JVSS: erc_clean=True (attempts=2, 1640s, run total 480.7m)
--- [101/103] WS2812B: checking GPU headroom ---
[101/103] WS2812B: erc_clean=True (attempts=1, 460s, run total 488.4m)
--- [102/103] WeMos_D1_mini: checking GPU headroom ---
[102/103] WeMos_D1_mini: erc_clean=True (attempts=1, 740s, run total 500.7m)
--- [103/103] XC6206PxxxMR: checking GPU headroom ---
[103/103] XC6206PxxxMR: erc_clean=True (attempts=1, 640s, run total 511.4m)

======================================================================
FINAL SUMMARY (full 103)
76/103 reached 0 ERC errors
