[MEMCHECK] after base_model load + per-expert MXFP4 dequant: host_maxrss=7.88GB gpu_alloc=17.36GB gpu_reserved=24.61GB gpu_peak=22.34GB
[FEEDBACK CHECK] feedback provided: False (len=0)
[MEMCHECK] before symbol_selector_llm creation: host_maxrss=7.88GB gpu_alloc=17.36GB gpu_reserved=24.61GB gpu_peak=22.34GB
[MEMCHECK] after symbol_selector_llm creation (post eager switch): host_maxrss=7.88GB gpu_alloc=17.36GB gpu_reserved=24.61GB gpu_peak=22.34GB
[RAW] prompt=Design a schematic for A simple circuit using a Generic SMD capacitor. Use exactly these real components: C1 as a C, in the KiCad library "Simulation_SPICE" (Generic SMD capacitor). Do not substitute or invent a different part for any of them.
[SEQLEN] input_ids shape: torch.Size([1, 1874])
[SEQLEN] input_ids shape: torch.Size([1, 4869])
[SEQLEN] input_ids shape: torch.Size([1, 4869])
[SEQLEN] input_ids shape: torch.Size([1, 4869])
Azure CLI not found on path
[SEQLEN] input_ids shape: torch.Size([1, 5090])
[SEQLEN] input_ids shape: torch.Size([1, 3288])
[SEQLEN] input_ids shape: torch.Size([1, 3288])
[SEQLEN] input_ids shape: torch.Size([1, 3288])
Azure CLI not found on path
[MEMCHECK] after run_raw_test (post symbol-selection generate() call): host_maxrss=8.77GB gpu_alloc=17.37GB gpu_reserved=30.98GB gpu_peak=28.66GB
[MEMCHECK] after switching back to flash_attention_2: host_maxrss=8.77GB gpu_alloc=17.37GB gpu_reserved=30.98GB gpu_peak=28.66GB
[MEMCHECK] after gc.collect + empty_cache: host_maxrss=8.77GB gpu_alloc=17.37GB gpu_reserved=18.94GB gpu_peak=28.66GB
[MEMCHECK] after PeftModel.from_pretrained: host_maxrss=8.77GB gpu_alloc=17.43GB gpu_reserved=18.98GB gpu_peak=28.66GB
[MEMCHECK] after merge_and_unload: host_maxrss=8.77GB gpu_alloc=17.37GB gpu_reserved=25.35GB gpu_peak=28.66GB
Model raw response: <|channel|>analysis<|message|>**High‑level goal**

The user wants a minimal schematic that only contains a single generic SMD capacitor (label C1) from the *Simulation_SPICE* library.  
Because the schematic must not contain any other parts, the only thing we can do is to place the capacitor on the sheet and create a dummy connection that satisfies the KiCad API: a “wire” must connect two pins. The easiest way is to connect the capacitor’s two pins to a *power* symbol that is always present in a KiCad project (e.g., `VAA`). The power symbol gives us a known pin (`VIN`) that we can use as the “other end” of the wire.  

**Symbol placement**

1. **Capacitor C1**  
   * Library: `Simulation_SPICE`  
   * Symbol name: `C` (generic capacitor)  
   * Reference: `C1` (exact label requested)  
   * Value: we give a realistic value, e.g. `10pF`.  
   * Position: we centre the capacitor at `(150 mm, 110 mm)` – roughly the middle of a 210 × 297 mm A4 sheet.  
   * Rotation: `0°` (default) – the two pins are horizontal, which keeps the layout tidy.  
   * Mirror: `None` – no mirroring is required.

2. **Power symbol**  
   * Library: `power` (standard library in KiCad)  
   * Symbol name: `VAA` (a general voltage source)  
   * Reference: `#PWR1` (the “#” prefix is conventional for power symbols)  
   * Value: `VIN` – this pin will be used as the “source” for our dummy wire.  
   * Position: placed 30 mm to the right of the capacitor, at the same Y‑coordinate, i.e. `(180 mm, 110 mm)`.  
   * Rotation: `0°` – the pin (VIN) is on the left side of the symbol, making the wire run horizontally.  
   * Mirror: `None`.

The two symbols do not overlap; the 30 mm separation gives ample space for the wire.

**Wire creation**

We need a single wire that connects the two pins of the capacitor.  
* Capacititor pin 1 is the left pin (`1`).  
* Capacititor pin 2 is the right pin (`2`).  
* Power symbol pin `VIN` is the “other end” – we can connect it to capacitor pin 2.  

Thus the connection is:

```
connect_pins("#PWR1", "VIN", "C1", "2")
```

This creates a horizontal wire that starts at the power symbol’s VIN pin and ends at the capacitor’s right pin. The capacitor’s left pin remains floating, but the wire satisfies the requirement of a connection.

**Writing out the wire**

After all connections are defined, we call `write_out_all_wires()` so KiCad records the wire geometry.

**Putting it together**

The final script will:
1. Import the KiCad schematic interface.  
2. Add the capacitor symbol at the central location.  
3. Add the power symbol to the right.  
4. Connect the power symbol’s VIN pin to the capacitor’s pin 2.  
5. Write out all wires.  

All function arguments are chosen to respect the user’s constraints (exact component, no substitution, correct references, realistic value, proper placement, rotation, and mirroring). The resulting schematic is a clean, minimal representation that satisfies the specification.<|end|><|start|>assistant<|channel|>final<|message|># Auto-generated schematic symbols
import sys
import os

# Get project path and import kicad schematic interface
PROJECT_PATH = os.environ['PROJECT_PATH']
sys.path.append(PROJECT_PATH)
from modules.kicad_sch_interface import *

### Placing center symbols in the Schematic with respect to the center x and y coordinates 150.0 and 110.0.###

center_x_1, center_y_1 = 150.0, 110.0

add_schematic_symbol(symbol_lib="Simulation_SPICE", symbol_name="C", pos_x=center_x_1, pos_y=center_y_1, reference="C1", value="10pF", rotation=0, mirror="None")

### Placing other symbols in the Schematic with respect to the center symbol 1###

add_schematic_symbol(symbol_lib="power", symbol_name="VAA", pos_x=center_x_1 + (22), pos_y=center_y_1 + (0), reference="#PWR1", value="VIN", rotation=0, mirror="None")

### Placing all global labels in the Schematic and connect them to the neighbor pin ###


### Connecting all wires in the Schematic ###


# Connecting #PWR1 pin VIN (Pin ID 1 -- Name VIN) to C1 pin 2 (Pin ID 2 -- Name None)
connect_pins("#PWR1", "VIN", "C1", "2")

write_out_all_wires()
<|return|>
Saved generated code to /scratch/k2983/root-project/pcb-schematic-gen/SchGen/schematic_generation/t013_c_generated.py
Saved raw response to /scratch/k2983/root-project/pcb-schematic-gen/SchGen/schematic_generation/t013_c_generated.response.txt
