[MEMCHECK] after base_model load + per-expert MXFP4 dequant: host_maxrss=7.88GB gpu_alloc=17.36GB gpu_reserved=24.61GB gpu_peak=22.34GB
[FEEDBACK CHECK] feedback provided: True (len=1769)
[MEMCHECK] before symbol_selector_llm creation: host_maxrss=7.88GB gpu_alloc=17.36GB gpu_reserved=24.61GB gpu_peak=22.34GB
[MEMCHECK] after symbol_selector_llm creation (post eager switch): host_maxrss=7.88GB gpu_alloc=17.36GB gpu_reserved=24.61GB gpu_peak=22.34GB
[RAW] prompt=Design a schematic for A simple circuit using the MCP4921 12-bit DAC with SPI interface. Use exactly these real components: U1 as a MCP4921, in the KiCad library "Analog_DAC" (12-bit single-channel DAC with SPI interface. Single supply 2.7V to 5.5V.). Do not substitute or invent a different part for any of them.
[SEQLEN] input_ids shape: torch.Size([1, 1900])
[SEQLEN] input_ids shape: torch.Size([1, 4895])
[SEQLEN] input_ids shape: torch.Size([1, 4895])
[SEQLEN] input_ids shape: torch.Size([1, 4895])
Azure CLI not found on path
[SEQLEN] input_ids shape: torch.Size([1, 5116])
[SEQLEN] input_ids shape: torch.Size([1, 3314])
[SEQLEN] input_ids shape: torch.Size([1, 3314])
[SEQLEN] input_ids shape: torch.Size([1, 3314])
Azure CLI not found on path
[MEMCHECK] after run_raw_test (post symbol-selection generate() call): host_maxrss=8.77GB gpu_alloc=17.37GB gpu_reserved=31.09GB gpu_peak=28.74GB
[MEMCHECK] after switching back to flash_attention_2: host_maxrss=8.77GB gpu_alloc=17.37GB gpu_reserved=31.09GB gpu_peak=28.74GB
[MEMCHECK] after gc.collect + empty_cache: host_maxrss=8.77GB gpu_alloc=17.37GB gpu_reserved=18.94GB gpu_peak=28.74GB
[MEMCHECK] after PeftModel.from_pretrained: host_maxrss=8.77GB gpu_alloc=17.43GB gpu_reserved=18.98GB gpu_peak=28.74GB
[MEMCHECK] after merge_and_unload: host_maxrss=8.77GB gpu_alloc=17.37GB gpu_reserved=25.35GB gpu_peak=28.74GB
Model raw response: <|channel|>final<|message|># Auto-generated schematic symbols
import sys
import os

# Get project path and import kicad schematic interface
PROJECT_PATH = os.environ['PROJECT_PATH']
sys.path.append(PROJECT_PATH)
from modules.kicad_sch_interface import *

### Placing center symbol 1 : Analog_DAC:MCP4921###

center_x_1, center_y_1 = 105.0, 148.5

add_schematic_symbol(symbol_lib="Analog_DAC", symbol_name="MCP4921", pos_x=center_x_1, pos_y=center_y_1, reference="U1", value="MCP4921", rotation=0, mirror="None")

### Placing other symbols in the Schematic with respect to the center symbol 1###

add_schematic_symbol(symbol_lib="Device", symbol_name="R", pos_x=center_x_1 + (-70), pos_y=center_y_1 + (30), reference="R1", value="2.2K", rotation=0, mirror="None")
add_schematic_symbol(symbol_lib="power", symbol_name="+5V", pos_x=center_x_1 + (-70), pos_y=center_y_1 + (50), reference="#PWR1", value="+5V", rotation=0, mirror="None")
add_schematic_symbol(symbol_lib="power", symbol_name="GND", pos_x=center_x_1 + (-70), pos_y=center_y_1 + (-50), reference="#PWR2", value="GND", rotation=0, mirror="None")
add_schematic_symbol(symbol_lib="Device", symbol_name="R", pos_x=center_x_1 + (-45), pos_y=center_y_1 + (30), reference="R2", value="2.2K", rotation=0, mirror="None")
add_schematic_symbol(symbol_lib="Device", symbol_name="R", pos_x=center_x_1 + (0), pos_y=center_y_1 + (30), reference="R3", value="2.2K", rotation=0, mirror="None")
add_schematic_symbol(symbol_lib="power", symbol_name="+5V", pos_x=center_x_1 + (0), pos_y=center_y_1 + (50), reference="#PWR3", value="+5V", rotation=0, mirror="None")
add_schematic_symbol(symbol_lib="power", symbol_name="GND", pos_x=center_x_1 + (0), pos_y=center_y_1 + (-50), reference="#PWR4", value="GND", rotation=0, mirror="None")
add_schematic_symbol(symbol_lib="Device", symbol_name="R", pos_x=center_x_1 + (45), pos_y=center_y_1 + (30), reference="R4", value="2.2K", rotation=0, mirror="None")
add_schematic_symbol(symbol_lib="power", symbol_name="VDD", pos_x=center_x_1 + (20), pos_y=center_y_1 + (15), reference="#PWR5", value="VDD", rotation=0, mirror="None")

### Placing all global labels in the Schematic and connect them to the neighbor pin ###

# Add label SPI_SDI next to U1 pin SDI 
x_U1_5, y_U1_5 = get_pin_location(symbol_ref="U1", pin_name="SDI")
add_label(label_pos=[x_U1_5+(0), y_U1_5+(0)], label_text="SPI_SDI", label_ref="SPI_SDI_0", label_type="input", text_orient="right")
# Connecting Label SPI_SDI label_id:0 to U1 pin SDI (Pin ID 5 -- Name SDI)
connect_pins("SPI_SDI_0", "1", "U1", "SDI")

# Add label SPI_SCK next to U1 pin SCK 
x_U1_4, y_U1_4 = get_pin_location(symbol_ref="U1", pin_name="SCK")
add_label(label_pos=[x_U1_4+(0), y_U1_4+(0)], label_text="SPI_SCK", label_ref="SPI_SCK_0", label_type="input", text_orient="right")
# Connecting Label SPI_SCK label_id:0 to U1 pin SCK (Pin ID 4 -- Name SCK)
connect_pins("SPI_SCK_0", "1", "U1", "SCK")

# Add label SPI_CS next to U1 pin ~{CS} 
x_U1_3, y_U1_3 = get_pin_location(symbol_ref="U1", pin_name="~{CS}")
add_label(label_pos=[x_U1_3+(0), y_U1_3+(0)], label_text="SPI_CS", label_ref="SPI_CS_0", label_type="input", text_orient="right")
# Connecting Label SPI_CS label_id:0 to U1 pin ~{CS} (Pin ID 3 -- Name ~{CS})
connect_pins("SPI_CS_0", "1", "U1", "~{CS}")

# Add label LDAC next to U1 pin LDAC 
x_U1_6, y_U1_6 = get_pin_location(symbol_ref="U1", pin_name="LDAC")
add_label(label_pos=[x_U1_6+(0), y_U1_6+(0)], label_text="LDAC", label_ref="LDAC_0", label_type="input", text_orient="right")
# Connecting Label LDAC label_id:0 to U1 pin LDAC (Pin ID 6 -- Name LDAC)
connect_pins("LDAC_0", "1", "U1", "LDAC")


### Connecting all wires in the Schematic ###


# Connecting #PWR3 pin +5V (Pin ID 1 -- Name +5V) to R3 pin 1 (Pin ID 1 -- Name None)
connect_pins("#PWR3", "+5V", "R3", "1")

# Connecting #PWR3 pin +5V (Pin ID 1 -- Name +5V) to R4 pin 1 (Pin ID 1 -- Name None)
connect_pins("#PWR3", "+5V", "R4", "1")

# Connecting #PWR1 pin +5V (Pin ID 1 -- Name +5V) to R1 pin 1 (Pin ID 1 -- Name None)
connect_pins("#PWR1", "+5V", "R1", "1")

# Connecting U1 pin Vdd (Pin ID 2 -- Name Vdd) to R3 pin 2 (Pin ID 2 -- Name None)
connect_pins("U1", "Vdd", "R3", "2")

# Connecting #PWR4 pin GND (Pin ID 1 -- Name None) to U1 pin Vss (Pin ID 7 -- Name Vss)
connect_pins("#PWR4", "GND", "U1", "Vss")

# Connecting R1 pin 2 (Pin ID 2 -- Name None) to U1 pin ~{CS} (Pin ID 3 -- Name ~{CS})
connect_pins("R1", "2", "U1", "~{CS}")

# Connecting #PWR2 pin GND (Pin ID 1 -- Name None) to U1 pin Vss (Pin ID 7 -- Name Vss)
connect_pins("#PWR2", "GND", "U1", "Vss")

# Connecting R2 pin 1 (Pin ID 1 -- Name None) to U1 pin LDAC (Pin ID 6 -- Name LDAC)
connect_pins("R2", "1", "U1", "LDAC")

# Connecting R4 pin 2 (Pin ID 2 -- Name None) to U1 pin Vref (Pin ID 8 -- Name Vref)
connect_pins("R4", "2", "U1", "Vref")

# Connecting #PWR5 pin VDD (Pin ID 1 -- Name VDD) to R4 pin 2 (Pin ID 2 -- Name None)
connect_pins("#PWR5", "VDD", "R4", "2")

# Connecting R2 pin 2 (Pin ID 2 -- Name None) to R3 pin 1 (Pin ID 1 -- Name None)
connect_pins("R2", "2", "R3", "1")

write_out_all_wires()
<|return|>
Saved generated code to /scratch/k2983/root-project/pcb-schematic-gen/SchGen/schematic_generation/t013_mcp4921_generated.py
Saved raw response to /scratch/k2983/root-project/pcb-schematic-gen/SchGen/schematic_generation/t013_mcp4921_generated.response.txt
