[MEMCHECK] after base_model load + per-expert MXFP4 dequant: host_maxrss=7.88GB gpu_alloc=17.36GB gpu_reserved=24.61GB gpu_peak=22.34GB
[FEEDBACK CHECK] feedback provided: False (len=0)
[MEMCHECK] before symbol_selector_llm creation: host_maxrss=7.88GB gpu_alloc=17.36GB gpu_reserved=24.61GB gpu_peak=22.34GB
[MEMCHECK] after symbol_selector_llm creation (post eager switch): host_maxrss=7.88GB gpu_alloc=17.36GB gpu_reserved=24.61GB gpu_peak=22.34GB
[RAW] prompt=Design a schematic for A simple circuit using the Espressif ESP32-WROOM-32D WiFi+BT module. Use exactly these real components: U1 as a ESP32-WROOM-32D, in the KiCad library "RF_Module" (Espressif ESP32-WROOM-32D WiFi+BT module. Same pinout as ESP32-WROOM-32, 39-pin.). Do not substitute or invent a different part for any of them. Wire it up as follows: connect U1's GND pin (pin 1) to U1's GND pin (pin 15) to U1's GND pin (pin 39).
[SEQLEN] input_ids shape: torch.Size([1, 1958])
[SEQLEN] input_ids shape: torch.Size([1, 4953])
[SEQLEN] input_ids shape: torch.Size([1, 5174])
[SEQLEN] input_ids shape: torch.Size([1, 3372])
[MEMCHECK] after run_raw_test (post symbol-selection generate() call): host_maxrss=8.77GB gpu_alloc=17.37GB gpu_reserved=31.34GB gpu_peak=28.91GB
[MEMCHECK] after switching back to flash_attention_2: host_maxrss=8.77GB gpu_alloc=17.37GB gpu_reserved=31.34GB gpu_peak=28.91GB
[MEMCHECK] after gc.collect + empty_cache: host_maxrss=8.77GB gpu_alloc=17.37GB gpu_reserved=18.94GB gpu_peak=28.91GB
[MEMCHECK] after PeftModel.from_pretrained: host_maxrss=8.77GB gpu_alloc=17.43GB gpu_reserved=18.98GB gpu_peak=28.91GB
[MEMCHECK] after merge_and_unload: host_maxrss=8.77GB gpu_alloc=17.37GB gpu_reserved=25.35GB gpu_peak=28.91GB
Model raw response: <|channel|>analysis<|message|>**High‑level goal**

The user wants a schematic that contains only one real component – the ESP‑32‑WROOM‑32D – and a single logical “NetTie” that joins three of its ground pins (1, 15, 39).  
No extra parts, no substitutions, no extra routing.  
The schematic must stay within a 210 × 297 mm A4 page and use KiCad’s coordinate system (origin at the left‑bottom corner).  

To satisfy these constraints we:

1. Place the ESP‑32 symbol at the sheet centre.  
2. Add a 3‑pin NetTie symbol.  
3. Wire the three ground pins of the ESP‑32 to the NetTie pins.  
4. Draw the NetTie as a ground connection (pin 1 → GND symbol).  
5. Keep all labels and wire lengths minimal to avoid clutter.

---

**Symbol placement**

| Symbol | Library | Reference | Value | Position (mm) | Rotation | Mirror | Reasoning |
|--------|---------|-----------|-------|---------------|----------|--------|-----------|
| ESP‑32‑WROOM‑32D | RF_Module | U1 | ESP32‑WROOM‑32D | (105, 148.5) – centre of an A4 sheet | 0° | None | The centre keeps the drawing balanced; 0° keeps the pin numbering in the default orientation. |
| NetTie‑3 | Device | N1 | NetTie | (125, 148.5) – 20 mm to the right of U1 | 0° | None | Placing it to the right keeps the wires horizontal and short; 0° aligns the three pins vertically. |
| GND | power | #PWR | GND | (125, 152.5) – 4 mm above N1 | 0° | None | The GND symbol is placed above the NetTie so that its single pin connects neatly to the NetTie pin 1. |

The offsets (20 mm and +4 mm) are arbitrary but give ample space for the wires and prevent overlapping bounding boxes.

---

**Connecting the pins**

1. **Ground pins of the ESP‑32**

   - Pin 1 (GND) – *pin_name* `1` in the ESP‑32 symbol.  
   - Pin 15 (GND) – *pin_name* `15`.  
   - Pin 39 (GND) – *pin_name* `39`.

   We connect each of these pins to the three pins of the NetTie:

   - U1 1 → N1 1  
   - U1 15 → N1 2  
   - U1 39 → N1 3

   The NetTie pins are wired in a single vertical line; the connections are straight horizontal lines to the NetTie.

2. **NetTie to ground**

   The NetTie’s pin 1 is meant to be a ground net.  
   We connect N1 1 to the GND symbol’s pin:

   - N1 1 → #PWR GND

   This provides an explicit ground reference on the schematic and satisfies KiCad’s requirement that every net have a “power” or “ground” symbol.

---

**Wire routing strategy**

- All wires are drawn as straight segments because the symbols are already aligned.  
- The horizontal wires from the ESP‑32 to the NetTie keep the schematic tidy.  
- The vertical wire from N1 1 to the GND symbol is short (4 mm) and doesn’t cross any other element.  
- No labels are added because the only net is a ground net; the GND symbol itself acts as a global label.

---

**Why the chosen functions and arguments**

- `add_schematic_symbol`  
  - *symbol_lib* and *symbol_name* pick the exact part from the library.  
  - *pos_x*/*pos_y* place the symbol relative to the sheet centre.  
  - *reference* is the unique identifier used in all connections.  
  - *value* is optional for the ESP‑32 (displayable in the schematic).  
  - *rotation* = 0° keeps the default pin layout.  
  - *mirror* = None keeps the symbol orientation unchanged.

- `connect_pins`  
  - Uses the reference names (U1, N1, #PWR) and the pin names (1, 15, 39, 1, 2, 3) exactly as defined in the symbol data.  
  - For the GND symbol, the pin is named “GND”; we reference it as `"GND"`.

- `write_out_all_wires`  
  - Finalises the wire objects so KiCad can render them.

---

**Result**

The generated Python code will create a single‑page schematic that:

- Contains only the ESP‑32‑WROOM‑32D and a NetTie.  
- Joins pins 1, 15 and 39 of the ESP‑32 together via the NetTie.  
- Connects the NetTie to an explicit GND symbol.  
- Uses clean, minimal wiring with adequate spacing, fully compliant with the user’s constraints.<|end|><|start|>assistant<|channel|>final<|message|># Auto-generated schematic symbols
import sys
import os

# Get project path and import kicad schematic interface
PROJECT_PATH = os.environ['PROJECT_PATH']
sys.path.append(PROJECT_PATH)
from modules.kicad_sch_interface import *

### Placing center symbol 1 : RF_Module:ESP32-WROOM-32D###

center_x_1, center_y_1 = 150.0, 110.0

add_schematic_symbol(symbol_lib="RF_Module", symbol_name="ESP32-WROOM-32D", pos_x=center_x_1, pos_y=center_y_1, reference="U1", value="ESP32-WROOM-32D", rotation=0, mirror="None")

### Placing other symbols in the Schematic with respect to the center symbol 1###

add_schematic_symbol(symbol_lib="Device", symbol_name="NetTie_3", pos_x=center_x_1 + (5), pos_y=center_y_1 + (16), reference="N1", value="NetTie_3", rotation=0, mirror="None")
add_schematic_symbol(symbol_lib="power", symbol_name="GND", pos_x=center_x_1 + (2), pos_y=center_y_1 + (10), reference="#PWR1", value="GND", rotation=0, mirror="None")

### Placing all global labels in the Schematic and connect them to the neighbor pin ###


### Connecting all wires in the Schematic ###


# Connecting U1 pin 15 (Pin ID 15 -- Name None) to N1 pin 3 (Pin ID 3 -- Name None)
connect_pins("U1", "15", "N1", "3")

# Connecting U1 pin 15 (Pin ID 15 -- Name None) to N1 pin 1 (Pin ID 1 -- Name None)
connect_pins("U1", "15", "N1", "1")

# Connecting #PWR1 pin 1 (Pin ID 1 -- Name None) to N1 pin 2 (Pin ID 2 -- Name None)
connect_pins("#PWR1", "1", "N1", "2")

# Connecting N1 pin 1 (Pin ID 1 -- Name None) to #PWR1 pin 1 (Pin ID 1 -- Name None)
connect_pins("N1", "1", "#PWR1", "1")

# Connecting N1 pin 2 (Pin ID 2 -- Name None) to #PWR1 pin 1 (Pin ID 1 -- Name None)
connect_pins("N1", "2", "#PWR1", "1")

# Connecting #PWR1 pin 1 (Pin ID 1 -- Name None) to N1 pin 2 (Pin ID 2 -- Name None)
connect_pins("#PWR1", "1", "N1", "2")

# Connecting #PWR1 pin 1 (Pin ID 1 -- Name None) to N1 pin 2 (Pin ID 2 -- Name None)
connect_pins("#PWR1", "1", "N1", "2")

# Connecting U1 pin 15 (Pin ID 15 -- Name None) to #PWR1 pin 1 (Pin ID 1 -- Name None)
connect_pins("U1", "15", "#PWR1", "1")

# Connecting U1 pin 15 (Pin ID 15 -- Name None) to N1 pin 2 (Pin ID 2 -- Name None)
connect_pins("U1", "15", "N1", "2")

# Connecting U1 pin 15 (Pin ID 15 -- Name None) to N1 pin 3 (Pin ID 3 -- Name None)
connect_pins("U1", "15", "N1", "3")

# Connecting N1 pin 2 (Pin ID 2 -- Name None) to N1 pin 3 (Pin ID 3 -- Name None)
connect_pins("N1", "2", "N1", "3")

write_out_all_wires()
<|return|>
Saved generated code to /scratch/k2983/root-project/pcb-schematic-gen/SchGen/schematic_generation/t013_esp32_wroom_32d_generated.py
Saved raw response to /scratch/k2983/root-project/pcb-schematic-gen/SchGen/schematic_generation/t013_esp32_wroom_32d_generated.response.txt
