[MEMCHECK] after base_model load + per-expert MXFP4 dequant: host_maxrss=7.88GB gpu_alloc=17.36GB gpu_reserved=24.61GB gpu_peak=22.34GB
[FEEDBACK CHECK] feedback provided: False (len=0)
[MEMCHECK] before symbol_selector_llm creation: host_maxrss=7.88GB gpu_alloc=17.36GB gpu_reserved=24.61GB gpu_peak=22.34GB
[MEMCHECK] after symbol_selector_llm creation (post eager switch): host_maxrss=7.88GB gpu_alloc=17.36GB gpu_reserved=24.61GB gpu_peak=22.34GB
[RAW] prompt=Design a schematic for A circuit using the Maxim MAX31865 RTD-to-digital converter to interface with a PT100/PT1000 RTD. Use exactly these real components: U1 as a MAX31865xAP, in the KiCad library "Sensor_Temperature" (Maxim MAX31865 RTD-to-digital converter. SPI interface. Supports PT100/PT1000 2/3/4-wire RTDs. SSOP-20.). Do not substitute or invent a different part for any of them. Wire it up as follows: connect U1's GND pin (pin 9) to U1's GND pin (pin 10).
[SEQLEN] input_ids shape: torch.Size([1, 1956])
[SEQLEN] input_ids shape: torch.Size([1, 4951])
[SEQLEN] input_ids shape: torch.Size([1, 4951])
[SEQLEN] input_ids shape: torch.Size([1, 4951])
Azure CLI not found on path
[SEQLEN] input_ids shape: torch.Size([1, 5172])
[SEQLEN] input_ids shape: torch.Size([1, 3370])
[SEQLEN] input_ids shape: torch.Size([1, 3370])
[SEQLEN] input_ids shape: torch.Size([1, 3370])
Azure CLI not found on path
[MEMCHECK] after run_raw_test (post symbol-selection generate() call): host_maxrss=8.77GB gpu_alloc=17.37GB gpu_reserved=31.34GB gpu_peak=28.90GB
[MEMCHECK] after switching back to flash_attention_2: host_maxrss=8.77GB gpu_alloc=17.37GB gpu_reserved=31.34GB gpu_peak=28.90GB
[MEMCHECK] after gc.collect + empty_cache: host_maxrss=8.77GB gpu_alloc=17.37GB gpu_reserved=18.94GB gpu_peak=28.90GB
[MEMCHECK] after PeftModel.from_pretrained: host_maxrss=8.77GB gpu_alloc=17.43GB gpu_reserved=18.98GB gpu_peak=28.90GB
[MEMCHECK] after merge_and_unload: host_maxrss=8.77GB gpu_alloc=17.37GB gpu_reserved=25.35GB gpu_peak=28.90GB
Model raw response: <|channel|>analysis<|message|>**High‑level goal**

The user wants a schematic that contains only one device – a Maxim MAX31865xAP RTD‑to‑digital converter – and a single wiring instruction: “connect U1’s GND pin (pin 9) to U1’s GND pin (pin 10)”.  
All other pins of the MAX31865 are left unconnected (they are simply present on the symbol but not wired).  
The schematic must be placed on an A4‑size sheet, centred, and all components must be spaced so that their bounding boxes do not overlap.

---

### 1.  Placing the MAX31865 symbol

* **Library & symbol** – `Sensor_Temperature:MAX31865xAP`.  
* **Reference** – `U1` (the unique identifier that will be used in all later calls).  
* **Value** – the same as the symbol name, `MAX31865xAP`.  
* **Position** – the centre of the sheet is roughly at (105 mm, 148.5 mm).  
  The code places it at `(150 mm, 110 mm)` – still well inside the sheet and gives plenty of room around it.  
* **Rotation** – `0°` (no rotation).  
  The MAX31865 symbol is designed with the GND pin at the bottom, so a 0° rotation keeps the pin at the bottom of the symbol and makes the wire routing straightforward.  
* **Mirror** – `None` – no mirroring is required.  

The call is:
```python
add_schematic_symbol(symbol_lib="Sensor_Temperature",
                     symbol_name="MAX31865xAP",
                     pos_x=150.0, pos_y=110.0,
                     reference="U1",
                     value="MAX31865xAP",
                     rotation=0,
                     mirror="None")
```

---

### 2.  Wiring the two GND pins

The MAX31865 has two identical GND pins: pin 9 and pin 10.  
The user explicitly requests a wire between them, so we use `connect_pins` twice:

1. **Connect pin 9 to pin 10**  
   ```python
   connect_pins("U1", "9", "U1", "10")
   ```
   * `sym_a` = `U1`, `pin_a` = `"9"` – the first GND pin.  
   * `sym_b` = `U1`, `pin_b` = `"10"` – the second GND pin.

Because both pins belong to the same symbol, no intermediate symbols or labels are needed.  
The wire will simply start at the bottom of the symbol (pin 9) and end at the same point (pin 10), effectively creating a short that ties the two GND pins together.

---

### 3.  No additional symbols or global labels

* The request specifies **exactly** one device and **one** connection, so we do not add any power symbols, resistors, or global labels.  
* The schematic remains uncluttered and meets the user’s requirement verbatim.

---

### 4.  Finalising the schematic

After all symbols have been placed and the required wire has been added, we call:

```python
write_out_all_wires()
```

This flushes the internal connection list to the KiCad schematic file, producing a valid .sch file that contains:

* The MAX31865 symbol at (150 mm, 110 mm).  
* Two GND pins (9 & 10) wired together.

No other components or connections appear on the sheet.

---

### 5.  Summary of key decisions

| Item | Decision | Reason |
|------|----------|--------|
| Symbol library | `Sensor_Temperature` | Matches user’s required part. |
| Symbol name | `MAX31865xAP` | Exact part name. |
| Reference | `U1` | Unique identifier used in all calls. |
| Value | `MAX31865xAP` | Conveys part type on the schematic. |
| Position | (150, 110) | Central placement with ample margin. |
| Rotation | 0° | Keeps GND at bottom for easy wiring. |
| Mirror | None | No need to flip the symbol. |
| Wire | U1‑9 ↔ U1‑10 | User‑specified GND tie‑off. |
| No extra symbols | **Yes** | Keeps schematic minimal. |
| `write_out_all_wires()` | **Yes** | Finalises the schematic. |

The resulting Python script, when executed in the KiCad schematic interface, will generate exactly the schematic the user asked for.<|end|><|start|>assistant<|channel|>final<|message|># Auto-generated schematic symbols
import sys
import os

# Get project path and import kicad schematic interface
PROJECT_PATH = os.environ['PROJECT_PATH']
sys.path.append(PROJECT_PATH)
from modules.kicad_sch_interface import *

### Placing center symbol 1 : Sensor_Temperature:MAX31865xAP###

center_x_1, center_y_1 = 150.0, 110.0

add_schematic_symbol(symbol_lib="Sensor_Temperature", symbol_name="MAX31865xAP", pos_x=center_x_1, pos_y=center_y_1, reference="U1", value="MAX31865xAP", rotation=0, mirror="None")

### Placing other symbols in the Schematic with respect to the center symbol 1###


### Placing all global labels in the Schematic and connect them to the neighbor pin ###


### Connecting all wires in the Schematic ###


# Connecting U1 pin 10 (Pin ID 10 -- Name None) to U1 pin 9 (Pin ID 9 -- Name None)
connect_pins("U1", "10", "U1", "9")

write_out_all_wires()
<|return|>
Saved generated code to /scratch/k2983/root-project/pcb-schematic-gen/SchGen/schematic_generation/t013_max31865xap_generated.py
Saved raw response to /scratch/k2983/root-project/pcb-schematic-gen/SchGen/schematic_generation/t013_max31865xap_generated.response.txt
