[MEMCHECK] after base_model load + per-expert MXFP4 dequant: host_maxrss=7.88GB gpu_alloc=17.36GB gpu_reserved=24.61GB gpu_peak=22.34GB
[FEEDBACK CHECK] feedback provided: False (len=0)
[MEMCHECK] before symbol_selector_llm creation: host_maxrss=7.88GB gpu_alloc=17.36GB gpu_reserved=24.61GB gpu_peak=22.34GB
[MEMCHECK] after symbol_selector_llm creation (post eager switch): host_maxrss=7.88GB gpu_alloc=17.36GB gpu_reserved=24.61GB gpu_peak=22.34GB
[RAW] prompt=Design a schematic for A circuit using a quad 2-input OR gate to perform logical OR operations on four inputs. Use exactly these real components: U1 as a 74LS32, in the KiCad library "74xx" (Quad 2-input OR gate. Pin names are '~' in KiCad; use pin numbers. Gate1: A=1,B=2,Y=3. Gate2: A=4,B=5,Y=6. Gate3: A=9,B=10,Y=8. Gate4: A=12,B=13,Y=11.). Do not substitute or invent a different part for any of them. The inputs A1, B1, A2, and B2 are assumed to be connected to the corresponding inputs of the quad OR gate.
[SEQLEN] input_ids shape: torch.Size([1, 1981])
[SEQLEN] input_ids shape: torch.Size([1, 4976])
[SEQLEN] input_ids shape: torch.Size([1, 5197])
[SEQLEN] input_ids shape: torch.Size([1, 5197])
[SEQLEN] input_ids shape: torch.Size([1, 5197])
Azure CLI not found on path
[SEQLEN] input_ids shape: torch.Size([1, 3395])
[SEQLEN] input_ids shape: torch.Size([1, 3395])
[SEQLEN] input_ids shape: torch.Size([1, 3395])
Azure CLI not found on path
[MEMCHECK] after run_raw_test (post symbol-selection generate() call): host_maxrss=8.77GB gpu_alloc=17.37GB gpu_reserved=31.44GB gpu_peak=28.98GB
[MEMCHECK] after switching back to flash_attention_2: host_maxrss=8.77GB gpu_alloc=17.37GB gpu_reserved=31.44GB gpu_peak=28.98GB
[MEMCHECK] after gc.collect + empty_cache: host_maxrss=8.77GB gpu_alloc=17.37GB gpu_reserved=18.94GB gpu_peak=28.98GB
[MEMCHECK] after PeftModel.from_pretrained: host_maxrss=8.77GB gpu_alloc=17.43GB gpu_reserved=18.98GB gpu_peak=28.98GB
[MEMCHECK] after merge_and_unload: host_maxrss=8.77GB gpu_alloc=17.37GB gpu_reserved=25.35GB gpu_peak=28.98GB
Model raw response: <|channel|>analysis<|message|>**High‑level goal**

The user wants a schematic that implements a 4‑input logical OR using a single chip, the 74LS32, which is a quad 2‑input OR gate.  
The four logical signals are named **A1, B1, A2, B2**; each of them must be wired to the appropriate input pin of the 74LS32.  
Only the 74LS32 may be used – no other logic devices are allowed.  
To keep the drawing tidy we place the chip near the centre of the A4 sheet (≈150 mm × 110 mm) and arrange the individual gates horizontally so that the pins line up with the input labels.

---

### 1. Symbol placement

| Symbol | Library | Reference | Position (relative to centre) | Rotation | Mirror | Value |
|--------|---------|-----------|------------------------------|----------|--------|-------|
| 74LS32 | 74xx | **U1** | (150 mm, 110 mm) – the paper centre | 0° (default) | None | “74LS32” |
| A1 label | – | **A1₀** | left of pin A (pin 1) of Gate 4, offset –13 mm | left | – | “A1” |
| B1 label | – | **B1₀** | right of pin B (pin 4) of Gate 1, offset +6 mm | right | – | “B1” |
| A2 label | – | **A2₀** | left of pin A (pin 9) of Gate 3, offset –10 mm | left | – | “A2” |
| B2 label | – | **B2₀** | right of pin B (pin 13) of Gate 4, offset +12 mm | right | – | “B2” |

*Why this layout?*  
- All input pins are on the left side (A pins) and on the right side (B pins).  
- The two input labels for each gate are placed adjacent to the corresponding pins so that the wires can run straight horizontally.  
- The centre of the chip is chosen so that the whole drawing stays well inside the 210 × 297 mm page without touching the edges.

---

### 2. Pin‑to‑pin connections

| Connection | From | Pin | To | Pin |
|------------|------|-----|----|-----|
| **A1** → Gate 4 A | **A1₀** | 1 | **U1** | G (Gate 4 A, pin 12) |
| **B1** → Gate 1 B | **B1₀** | 1 | **U1** | C (Gate 1 B, pin 2) |
| **A2** → Gate 3 A | **A2₀** | 1 | **U1** | B (Gate 3 A, pin 10) |
| **B2** → Gate 4 B | **B2₀** | 1 | **U1** | D (Gate 4 B, pin 5) |

*Why these pins?*  
The 74LS32 pins are numbered as follows (simplified for readability):

```
Gate 1  : A‑1  B‑2  Y‑3
Gate 2  : A‑4  B‑5  Y‑6
Gate 3  : A‑9  B‑10 Y‑8
Gate 4  : A‑12 B‑13 Y‑11
```

Thus:
- **Gate 1 B** is pin 2 → good for B1.  
- **Gate 4 A** is pin 12 → good for A1.  
- **Gate 3 A** is pin 10 → good for A2.  
- **Gate 4 B** is pin 5 → good for B2.

Connecting each input to its gate’s corresponding “A” or “B” pin implements the OR function: the OR output of each gate will later be collected (though the user only requested the input wiring; the outputs would be routed to some downstream logic or a common bus).

---

### 3. Wire construction

The KiCad Python API only needs the two end points; the routing algorithm will draw straight or angled lines automatically.  
For each label we call:

```python
add_label(label_pos=[x_pin + deltaX, y_pin + deltaY],
          label_text="A1",
          label_ref="A1_0",
          label_type="input",
          text_orient="left")
```

The `deltaX`/`deltaY` offsets position the label slightly away from the pin so that the wire starts just next to the pin, avoiding overlap.  
After the label is placed we connect it:

```python
connect_pins("A1_0", "1", "U1", "G")
```

The same pattern is repeated for B1, A2, and B2.

No other wires are required because the user only asked for the input wiring. If the outputs were needed, we would add labels at the Y pins and connect them to a common bus or to the next stage of the circuit.

---

### 4. Final step – write the netlist

After all labels and connections are defined we invoke:

```python
write_out_all_wires()
```

This tells the KiCad interface to generate the actual net definitions and to render the schematic file.

---

### 5. Summary of reasoning

1. **Identify the required component** – a 74LS32 from the “74xx” library.  
2. **Place it centrally** to keep the drawing centred and avoid edge clipping.  
3. **Determine pin mapping** for the four input signals based on the pin numbers provided.  
4. **Place labels next to the pins** using small offsets so that wires can start cleanly.  
5. **Connect each label to its corresponding pin** with `connect_pins`.  
6. **Write out the wires** to produce the final schematic.

All function arguments (`symbol_lib`, `symbol_name`, `pos_x`, `pos_y`, `reference`, `value`, `rotation`, `mirror`, `label_pos`, `label_text`, `label_ref`, `label_type`, `text_orient`, `sym_a`, `pin_a`, `sym_b`, `pin_b`) are chosen explicitly to match the symbol geometry and to keep the schematic readable. The resulting Python script will generate a KiCad schematic file that satisfies the user’s specification.<|end|><|start|>assistant<|channel|>final<|message|># Auto-generated schematic symbols
import sys
import os

# Get project path and import kicad schematic interface
PROJECT_PATH = os.environ['PROJECT_PATH']
sys.path.append(PROJECT_PATH)
from modules.kicad_sch_interface import *

### Placing center symbol 1 : 74xx:74LS32###

center_x_1, center_y_1 = 150.0, 110.0

add_schematic_symbol(symbol_lib="74xx", symbol_name="74LS32", pos_x=center_x_1, pos_y=center_y_1, reference="U1", value="74LS32", rotation=0, mirror="None")

### Placing other symbols in the Schematic with respect to the center symbol 1###


### Placing all global labels in the Schematic and connect them to the neighbor pin ###

# Add label A1 next to U1 pin 5 
x_U1_5, y_U1_5 = get_pin_location(symbol_ref="U1", pin_name="5")
add_label(label_pos=[x_U1_5+(-13), y_U1_5+(0)], label_text="A1", label_ref="A1_0", label_type="input", text_orient="left")
# Connecting Label A1 label_id:0 to U1 pin 5 (Pin ID 5 -- Name 5)
connect_pins("A1_0", "1", "U1", "5")

# Add label B1 next to U1 pin 1 
x_U1_1, y_U1_1 = get_pin_location(symbol_ref="U1", pin_name="1")
add_label(label_pos=[x_U1_1+(6), y_U1_1+(0)], label_text="B1", label_ref="B1_0", label_type="input", text_orient="right")
# Connecting Label B1 label_id:0 to U1 pin 1 (Pin ID 1 -- Name 1)
connect_pins("B1_0", "1", "U1", "1")

# Add label A2 next to U1 pin 10 
x_U1_10, y_U1_10 = get_pin_location(symbol_ref="U1", pin_name="10")
add_label(label_pos=[x_U1_10+(-10), y_U1_10+(0)], label_text="A2", label_ref="A2_0", label_type="input", text_orient="left")
# Connecting Label A2 label_id:0 to U1 pin 10 (Pin ID 10 -- Name 10)
connect_pins("A2_0", "1", "U1", "10")

# Add label B2 next to U1 pin 3 
x_U1_3, y_U1_3 = get_pin_location(symbol_ref="U1", pin_name="3")
add_label(label_pos=[x_U1_3+(12), y_U1_3+(0)], label_text="B2", label_ref="B2_0", label_type="input", text_orient="right")
# Connecting Label B2 label_id:0 to U1 pin 3 (Pin ID 3 -- Name 3)
connect_pins("B2_0", "1", "U1", "3")


### Connecting all wires in the Schematic ###


write_out_all_wires()
<|return|>
Saved generated code to /scratch/k2983/root-project/pcb-schematic-gen/SchGen/schematic_generation/t013_74ls32_generated.py
Saved raw response to /scratch/k2983/root-project/pcb-schematic-gen/SchGen/schematic_generation/t013_74ls32_generated.response.txt
