[MEMCHECK] after base_model load + per-expert MXFP4 dequant: host_maxrss=7.88GB gpu_alloc=17.36GB gpu_reserved=24.61GB gpu_peak=22.34GB
[FEEDBACK CHECK] feedback provided: False (len=0)
[MEMCHECK] before symbol_selector_llm creation: host_maxrss=7.88GB gpu_alloc=17.36GB gpu_reserved=24.61GB gpu_peak=22.34GB
[MEMCHECK] after symbol_selector_llm creation (post eager switch): host_maxrss=7.88GB gpu_alloc=17.36GB gpu_reserved=24.61GB gpu_peak=22.34GB
[RAW] prompt=Design a schematic for A simple circuit using the Lite-On LTV-817 single-channel optocoupler for isolation. Use exactly these real components: U1 as a LTV-817, in the KiCad library "Isolator" (Lite-On LTV-817 single-channel optocoupler. 4-pin DIP/SMD. Pin 1=Anode, 2=Cathode, 3=Emitter, 4=Collector.). Do not substitute or invent a different part for any of them.
[SEQLEN] input_ids shape: torch.Size([1, 1925])
[SEQLEN] input_ids shape: torch.Size([1, 4920])
[SEQLEN] input_ids shape: torch.Size([1, 4920])
[SEQLEN] input_ids shape: torch.Size([1, 4920])
Azure CLI not found on path
[SEQLEN] input_ids shape: torch.Size([1, 5141])
[SEQLEN] input_ids shape: torch.Size([1, 5141])
[SEQLEN] input_ids shape: torch.Size([1, 5141])
Azure CLI not found on path
[SEQLEN] input_ids shape: torch.Size([1, 3339])
[MEMCHECK] after run_raw_test (post symbol-selection generate() call): host_maxrss=8.77GB gpu_alloc=17.37GB gpu_reserved=31.20GB gpu_peak=28.81GB
[MEMCHECK] after switching back to flash_attention_2: host_maxrss=8.77GB gpu_alloc=17.37GB gpu_reserved=31.20GB gpu_peak=28.81GB
[MEMCHECK] after gc.collect + empty_cache: host_maxrss=8.77GB gpu_alloc=17.37GB gpu_reserved=18.94GB gpu_peak=28.81GB
[MEMCHECK] after PeftModel.from_pretrained: host_maxrss=8.77GB gpu_alloc=17.43GB gpu_reserved=18.98GB gpu_peak=28.81GB
[MEMCHECK] after merge_and_unload: host_maxrss=8.77GB gpu_alloc=17.37GB gpu_reserved=25.35GB gpu_peak=28.81GB
Model raw response: <|channel|>analysis<|message|>**High‑level goal**

The user wants a tiny, fully‑specified KiCad schematic that uses only the real LTV‑817 single‑channel optocoupler (four‑pin DIP/SMD).  
All other parts must be the exact symbols that exist in the project libraries, and the entire layout should fit comfortably in the middle of an A‑4 sheet (210 × 297 mm).  The schematic must therefore contain:
1. The LTV‑817 (U1).  
2. A pull‑up resistor on the LED side (pin 1 → pin 2).  
3. A pull‑pull‑down resistor on the phototransistor side (pin 3 → pin 4).  
4. A small test resistor on the collector to ground (optional, but useful for debugging).  
5. Ground nets and power labels.  
6. Labels that expose the isolated signals to the rest of the design (VIN, VOUT).

The code will create each symbol, place it with a sensible offset from a central reference point, then wire everything together using `connect_pins`.  Finally `write_out_all_wires()` will flush the netlist into the schematic file.

---

### 1. Choosing the central reference

A convenient way to keep the whole circuit centered is to pick a “center symbol” and position every other symbol relative to it.  
The LTV‑817 is the core, so we’ll use it as the center.  
We set:

```python
center_x, center_y = 150.0, 110.0      # roughly the middle of the A‑4 sheet
```

All other symbols will be offset from (150 mm, 110 mm) by integer multiples of a few millimetres, ensuring no overlap and leaving plenty of white space for wires and labels.

---

### 2. Adding the LTV‑817

```python
add_schematic_symbol(
    symbol_lib="Isolator",
    symbol_name="LTV-817",
    pos_x=center_x,
    pos_y=center_y,
    reference="U1",
    value="LTV-817",
    rotation=0,          # no rotation needed – pins already in the right orientation
    mirror=None
)
```

* **Library / Symbol** – The user explicitly gave the library name (`Isolator`) and symbol name (`LTV-817`).  
* **Position** – Centered at the calculated point.  
* **Reference** – “U1” is the only instance of this part.  
* **Value** – The part number is useful for the final schematic.  
* **Rotation / Mirror** – The DIP pins are already arranged so that pin 1 (LED anode) is left‑most, pin 2 (LED cathode) is right‑most, pin 3 (phototransistor emitter) is down, pin 4 (collector) is up.  No rotation or mirroring is required.

---

### 3. Pull‑up resistor on the LED side

The LTV‑817’s LED requires a resistor to limit current when the transistor is driving it.  
We will place a 2.2 kΩ resistor to the left of U1, with the same Y‑coordinate so the resistor sits on the same horizontal line.

```python
add_schematic_symbol(
    symbol_lib="Device",
    symbol_name="R",
    pos_x=center_x - 30,          # 30 mm left of U1
    pos_y=center_y,
    reference="R1",
    value="2.2k",
    rotation=0,
    mirror=None
)
```

* **Offset** – 30 mm is enough clearance for the wire that will run from R1 to U1 pin 1.  
* **Reference** – “R1” is the pull‑up resistor.

---

### 4. Pull‑pull‑down resistor on the phototransistor side

Similarly, we need a 2.2 kΩ resistor on the collector side to pull the transistor’s collector up when the LED is off.

```python
add_schematic_symbol(
    symbol_lib="Device",
    symbol_name="R",
    pos_x=center_x + 30,          # 30 mm right of U1
    pos_y=center_y,
    reference="R2",
    value="2.2k",
    rotation=0,
    mirror=None
)
```

* **Offset** – 30 mm to the right gives space for the wire to the collector pin.  
* **Reference** – “R2”.

---

### 5. Ground symbols

Both resistors need a return path to ground.  We’ll place ground symbols at the lower edges of the sheet, close to each resistor.

```python
add_schematic_symbol(
    symbol_lib="power",
    symbol_name="GND",
    pos_x=center_x - 30,          # same X as R1
    pos_y=center_y - 20,          # 20 mm below
    reference="#PWR_GND1",
    value="GND",
    rotation=0,
    mirror=None
)

add_schematic_symbol(
    symbol_lib="power",
    symbol_name="GND",
    pos_x=center_x + 30,          # same X as R2
    pos_y=center_y - 20,          # 20 mm below
    reference="#PWR_GND2",
    value="GND",
    rotation=0,
    mirror=None
)
```

* **Reference** – The “#PWR_…” prefix is a convention for power symbols.  
* **Position** – Placing them directly below the resistors makes the wire routing short.

---

### 6. Power labels (VIN, VOUT)

If the design requires a supply to the LTV‑817, we’ll add two power labels at the top of the schematic.

```python
add_schematic_symbol(
    symbol_lib="power",
    symbol_name="+5V",
    pos_x=center_x,
    pos_y=center_y + 30,          # 30 mm above U1
    reference="#PWR_VIN",
    value="+5V",
    rotation=0,
    mirror=None
)

add_schematic_symbol(
    symbol_lib="power",
    symbol_name="+5V",
    pos_x=center_x,
    pos_y=center_y + 15,          # 15 mm above U1
    reference="#PWR_VOUT",
    value="+5V",
    rotation=0,
    mirror=None
)
```

* **VIN** – Supplies the LED driving circuit.  
* **VOUT** – Exposes the isolated side (collector).  
* **Offsets** – Chosen so that the wires to the resistors run straight up or down with minimal crossing.

---

### 7. Labeling the isolated outputs

The user asked for labels that expose the isolated signals.  We’ll add two “input” labels that connect to the collector (pin 4) and the emitter (pin 3).  These labels will be read by the rest of the design.

```python
# Label for the isolated collector output
add_label(
    label_pos=[center_x + 10, center_y + 10],
    label_text="VOUT",
    label_ref="VOUT_lbl",
    label_type="input",
    text_orient="right"
)
connect_pins("VOUT_lbl", "1", "U1", "4")   # U1 pin 4 is collector

# Label for the isolated emitter input
add_label(
    label_pos=[center_x - 10, center_y],
    label_text="VIN",
    label_ref="VIN_lbl",
    label_type="input",
    text_orient="left"
)
connect_pins("VIN_lbl", "1", "U1", "3")   # U1 pin 3 is emitter
```

* **Positions** – offset by ±10 mm so the labels sit nicely beside the pins.  
* **Orientation** – “right” and “left” keep the text readable relative to the pin.  
* **Connection** – The label’s single pin (`1`) is wired directly to the corresponding LTV‑817 pin.

---

### 8. Wiring the circuit

Now we connect every pin to the correct element.

| Connection | Reason |
|------------|--------|
| `#PWR_VIN` → `U1` pin 1 | Provides the LED supply. |
| `U1` pin 2 → `R1` pin 1 | Pull‑up resistor for the LED. |
| `R1` pin 2 → `U1` pin 3?  | (Optional) If we wanted to pull the emitter down, we could connect here.  For a simple optocoupler we usually let it float; the emitter is pulled down by the resistor on the other side. |
| `U1` pin 3 → `R2` pin 1 | Pull‑down resistor for the collector. |
| `R2` pin 2 → `U1` pin 4 | Collector return. |
| `R1` pin 2 → `#PWR_GND1` | Ground for the pull‑up resistor. |
| `R2` pin 2 → `#PWR_GND2` | Ground for the pull‑down resistor. |
| `U1` pin 3 → `VIN_lbl` | Exposes the isolated emitter. |
| `U1` pin 4 → `VOUT_lbl` | Exposes the isolated collector. |

The code for these connections:

```python
# VIN to LED anode
connect_pins("#PWR_VIN", "1", "U1", "1")

# LED cathode to pull‑up resistor
connect_pins("U1", "2", "R1", "1")

# Pull‑down resistor to collector
connect_pins("R2", "1", "U1", "3")

# Collector to pull‑up resistor
connect_pins("U1", "4", "R2", "2")

# Resistor returns to ground
connect_pins("R1", "2", "#PWR_GND1", "1")
connect_pins("R2", "2", "#PWR_GND2", "1")

# Labels to isolated pins
connect_pins("VIN_lbl", "1", "U1", "3")
connect_pins("VOUT_lbl", "1", "U1", "4")
```

* **Why 90° rotations?**  
  None of the symbols need rotation because their pin layout already matches the desired direction.  Keeping all symbols at 0° reduces the chance of wires crossing the symbol edges.

* **Why separate ground symbols?**  
  Using distinct ground references (`#PWR_GND1`, `#PWR_GND2`) makes it clear that each resistor has its own return path, which is helpful when the schematic grows.

---

### 9. Finalising the schematic

After all symbols and connections are added, we call:

```python
write_out_all_wires()
```

This writes the wire data into the KiCad schematic file, completing the design.

---

**Summary of the logic**

1. **Center the LTV‑817** to keep the layout balanced.  
2. **Add pull‑up/pull‑down resistors** on opposite sides for the LED and collector.  
3. **Place ground symbols** directly below the resistors for short, straight wires.  
4. **Add power labels** above the central component to supply the circuit.  
5. **Create isolated output labels** (VIN, VOUT) and connect them to the emitter and collector.  
6. **Wire everything** using `connect_pins`, ensuring that each pin’s name matches the symbol’s pin list.  
7. **Write out all wires** to finalize the schematic.

All component references, pin names, positions, and orientations are chosen to match the exact real parts the user specified, guaranteeing that the generated KiCad file will compile without substitution or missing parts.<|end|><|start|>assistant<|channel|>final<|message|># Auto-generated schematic symbols
import sys
import os

# Get project path and import kicad schematic interface
PROJECT_PATH = os.environ['PROJECT_PATH']
sys.path.append(PROJECT_PATH)
from modules.kicad_sch_interface import *

### Placing center symbol 1 : Isolator:LTV-817###

center_x_1, center_y_1 = 150.0, 110.0

add_schematic_symbol(symbol_lib="Isolator", symbol_name="LTV-817", pos_x=center_x_1, pos_y=center_y_1, reference="U1", value="LTV-817", rotation=0, mirror="None")

### Placing other symbols in the Schematic with respect to the center symbol 1###

add_schematic_symbol(symbol_lib="Device", symbol_name="R", pos_x=center_x_1 + (-30), pos_y=center_y_1 + (0), reference="R1", value="2.2k", rotation=0, mirror="None")
add_schematic_symbol(symbol_lib="power", symbol_name="GND", pos_x=center_x_1 + (-30), pos_y=center_y_1 + (-11), reference="#PWR_R1", value="GND", rotation=0, mirror="None")
add_schematic_symbol(symbol_lib="power", symbol_name="VAA", pos_x=center_x_1 + (0), pos_y=center_y_1 + (15), reference="#PWR1", value="VIN", rotation=0, mirror="None")
add_schematic_symbol(symbol_lib="Device", symbol_name="R_Small", pos_x=center_x_1 + (30), pos_y=center_y_1 + (0), reference="R2", value="2.2k", rotation=0, mirror="None")
add_schematic_symbol(symbol_lib="power", symbol_name="GND", pos_x=center_x_1 + (30), pos_y=center_y_1 + (-11), reference="#PWR2", value="GND", rotation=0, mirror="None")

### Placing all global labels in the Schematic and connect them to the neighbor pin ###

# Add label VOUT next to U1 pin D 
x_U1_4, y_U1_4 = get_pin_location(symbol_ref="U1", pin_name="D")
add_label(label_pos=[x_U1_4+(3), y_U1_4+(5)], label_text="VOUT", label_ref="VOUT_0", label_type="input", text_orient="up")
# Connecting Label VOUT label_id:0 to U1 pin D (Pin ID 4 -- Name D)
connect_pins("VOUT_0", "1", "U1", "D")


### Connecting all wires in the Schematic ###


# Connecting R1 pin 2 (Pin ID 2 -- Name None) to U1 pin A (Pin ID 1 -- Name A)
connect_pins("R1", "2", "U1", "A")

# Connecting U1 pin B (Pin ID 2 -- Name B) to R2 pin 1 (Pin ID 1 -- Name None)
connect_pins("U1", "B", "R2", "1")

# Connecting #PWR_R1 pin 1 (Pin ID 1 -- Name None) to U1 pin K (Pin ID 3 -- Name K)
connect_pins("#PWR_R1", "1", "U1", "K")

# Connecting R1 pin 1 (Pin ID 1 -- Name None) to #PWR1 pin VIN (Pin ID 1 -- Name VIN)
connect_pins("R1", "1", "#PWR1", "VIN")

# Connecting #PWR1 pin VIN (Pin ID 1 -- Name VIN) to R2 pin 2 (Pin ID 2 -- Name None)
connect_pins("#PWR1", "VIN", "R2", "2")

# Connecting R2 pin 2 (Pin ID 2 -- Name None) to #PWR2 pin 1 (Pin ID 1 -- Name None)
connect_pins("R2", "2", "#PWR2", "1")

write_out_all_wires()
<|return|>
Saved generated code to /scratch/k2983/root-project/pcb-schematic-gen/SchGen/schematic_generation/t013_ltv_817_generated.py
Saved raw response to /scratch/k2983/root-project/pcb-schematic-gen/SchGen/schematic_generation/t013_ltv_817_generated.response.txt
