[MEMCHECK] after base_model load + per-expert MXFP4 dequant: host_maxrss=7.88GB gpu_alloc=17.36GB gpu_reserved=24.61GB gpu_peak=22.34GB
[FEEDBACK CHECK] feedback provided: True (len=2233)
[MEMCHECK] before symbol_selector_llm creation: host_maxrss=7.88GB gpu_alloc=17.36GB gpu_reserved=24.61GB gpu_peak=22.34GB
[MEMCHECK] after symbol_selector_llm creation (post eager switch): host_maxrss=7.88GB gpu_alloc=17.36GB gpu_reserved=24.61GB gpu_peak=22.34GB
[RAW] prompt=Design a schematic for A simple circuit using the Lite-On LTV-817 single-channel optocoupler for isolation. Use exactly these real components: U1 as a LTV-817, in the KiCad library "Isolator" (Lite-On LTV-817 single-channel optocoupler. 4-pin DIP/SMD. Pin 1=Anode, 2=Cathode, 3=Emitter, 4=Collector.). Do not substitute or invent a different part for any of them.
[SEQLEN] input_ids shape: torch.Size([1, 1925])
[SEQLEN] input_ids shape: torch.Size([1, 4920])
[SEQLEN] input_ids shape: torch.Size([1, 4920])
[SEQLEN] input_ids shape: torch.Size([1, 4920])
Azure CLI not found on path
[SEQLEN] input_ids shape: torch.Size([1, 5141])
[SEQLEN] input_ids shape: torch.Size([1, 5141])
[SEQLEN] input_ids shape: torch.Size([1, 5141])
Azure CLI not found on path
[SEQLEN] input_ids shape: torch.Size([1, 3339])
[MEMCHECK] after run_raw_test (post symbol-selection generate() call): host_maxrss=8.77GB gpu_alloc=17.37GB gpu_reserved=31.20GB gpu_peak=28.81GB
[MEMCHECK] after switching back to flash_attention_2: host_maxrss=8.77GB gpu_alloc=17.37GB gpu_reserved=31.20GB gpu_peak=28.81GB
[MEMCHECK] after gc.collect + empty_cache: host_maxrss=8.77GB gpu_alloc=17.37GB gpu_reserved=18.94GB gpu_peak=28.81GB
[MEMCHECK] after PeftModel.from_pretrained: host_maxrss=8.77GB gpu_alloc=17.43GB gpu_reserved=18.98GB gpu_peak=28.81GB
[MEMCHECK] after merge_and_unload: host_maxrss=8.77GB gpu_alloc=17.37GB gpu_reserved=25.35GB gpu_peak=28.81GB
Model raw response: <|channel|>final<|message|># Auto-generated schematic symbols
import sys
import os

# Get project path and import kicad schematic interface
PROJECT_PATH = os.environ['PROJECT_PATH']
sys.path.append(PROJECT_PATH)
from modules.kicad_sch_interface import *

### Placing center symbol 1 : Isolator:LTV-817###

center_x_1, center_y_1 = 150.0, 110.0

add_schematic_symbol(symbol_lib="Isolator", symbol_name="LTV-817", pos_x=center_x_1, pos_y=center_y_1, reference="U1", value="LTV-817", rotation=0, mirror="None")

### Placing other symbols in the Schematic with respect to the center symbol 1###

add_schematic_symbol(symbol_lib="Device", symbol_name="R", pos_x=center_x_1 + (-30), pos_y=center_y_1 + (0), reference="R1", value="2.2k", rotation=0, mirror="None")
add_schematic_symbol(symbol_lib="power", symbol_name="GND", pos_x=center_x_1 + (-30), pos_y=center_y_1 + (-11), reference="#PWR_R1", value="GND", rotation=0, mirror="None")
add_schematic_symbol(symbol_lib="power", symbol_name="VAA", pos_x=center_x_1 + (0), pos_y=center_y_1 + (15), reference="#PWR1", value="VIN", rotation=0, mirror="None")
add_schematic_symbol(symbol_lib="Device", symbol_name="R_Small", pos_x=center_x_1 + (30), pos_y=center_y_1 + (0), reference="R2", value="2.2k", rotation=0, mirror="None")
add_schematic_symbol(symbol_lib="power", symbol_name="GND", pos_x=center_x_1 + (30), pos_y=center_y_1 + (-11), reference="#PWR2", value="GND", rotation=0, mirror="None")

### Placing all global labels in the Schematic and connect them to the neighbor pin ###

# Add label VOUT next to U1 pin D 
x_U1_4, y_U1_4 = get_pin_location(symbol_ref="U1", pin_name="D")
add_label(label_pos=[x_U1_4+(3), y_U1_4+(5)], label_text="VOUT", label_ref="VOUT_0", label_type="input", text_orient="up")
# Connecting Label VOUT label_id:0 to U1 pin D (Pin ID 4 -- Name D)
connect_pins("VOUT_0", "1", "U1", "D")


### Connecting all wires in the Schematic ###


# Connecting R1 pin 2 (Pin ID 2 -- Name None) to U1 pin A (Pin ID 1 -- Name A)
connect_pins("R1", "2", "U1", "A")

# Connecting U1 pin B (Pin ID 2 -- Name B) to R2 pin 1 (Pin ID 1 -- Name None)
connect_pins("U1", "B", "R2", "1")

# Connecting #PWR_R1 pin 1 (Pin ID 1 -- Name None) to U1 pin K (Pin ID 3 -- Name K)
connect_pins("#PWR_R1", "1", "U1", "K")

# Connecting R1 pin 1 (Pin ID 1 -- Name None) to #PWR1 pin VIN (Pin ID 1 -- Name VIN)
connect_pins("R1", "1", "#PWR1", "VIN")

# Connecting #PWR1 pin VIN (Pin ID 1 -- Name VIN) to R2 pin 2 (Pin ID 2 -- Name None)
connect_pins("#PWR1", "VIN", "R2", "2")

# Connecting R2 pin 2 (Pin ID 2 -- Name None) to #PWR2 pin 1 (Pin ID 1 -- Name None)
connect_pins("R2", "2", "#PWR2", "1")

write_out_all_wires()<|return|>
Saved generated code to /scratch/k2983/root-project/pcb-schematic-gen/SchGen/schematic_generation/t013_ltv_817_generated.py
Saved raw response to /scratch/k2983/root-project/pcb-schematic-gen/SchGen/schematic_generation/t013_ltv_817_generated.response.txt
