[MEMCHECK] after base_model load + per-expert MXFP4 dequant: host_maxrss=7.88GB gpu_alloc=17.36GB gpu_reserved=24.61GB gpu_peak=22.34GB
[FEEDBACK CHECK] feedback provided: False (len=0)
[MEMCHECK] before symbol_selector_llm creation: host_maxrss=7.88GB gpu_alloc=17.36GB gpu_reserved=24.61GB gpu_peak=22.34GB
[MEMCHECK] after symbol_selector_llm creation (post eager switch): host_maxrss=7.88GB gpu_alloc=17.36GB gpu_reserved=24.61GB gpu_peak=22.34GB
[RAW] prompt=Design a schematic for A simple circuit using a single Schmitt-trigger buffer to buffer a digital signal. Use exactly these real components: U1 as a 74LVC1G17, in the KiCad library "74xGxx" (Single Schmitt-trigger buffer, SOT-353/SC-70-5. Pin 2 is input (A), pin 4 is output (Y).). Do not substitute or invent a different part for any of them.
[SEQLEN] input_ids shape: torch.Size([1, 1916])
[SEQLEN] input_ids shape: torch.Size([1, 4911])
[SEQLEN] input_ids shape: torch.Size([1, 5132])
[SEQLEN] input_ids shape: torch.Size([1, 5132])
[SEQLEN] input_ids shape: torch.Size([1, 5132])
Azure CLI not found on path
[SEQLEN] input_ids shape: torch.Size([1, 3330])
[MEMCHECK] after run_raw_test (post symbol-selection generate() call): host_maxrss=8.77GB gpu_alloc=17.37GB gpu_reserved=31.17GB gpu_peak=28.78GB
[MEMCHECK] after switching back to flash_attention_2: host_maxrss=8.77GB gpu_alloc=17.37GB gpu_reserved=31.17GB gpu_peak=28.78GB
[MEMCHECK] after gc.collect + empty_cache: host_maxrss=8.77GB gpu_alloc=17.37GB gpu_reserved=18.94GB gpu_peak=28.78GB
[MEMCHECK] after PeftModel.from_pretrained: host_maxrss=8.77GB gpu_alloc=17.43GB gpu_reserved=18.98GB gpu_peak=28.78GB
[MEMCHECK] after merge_and_unload: host_maxrss=8.77GB gpu_alloc=17.37GB gpu_reserved=25.35GB gpu_peak=28.78GB
Model raw response: <|channel|>analysis<|message|>**High‑level goal**

The user wants a one‑component schematic that uses a single Schmitt‑trigger buffer (74LVC1G17, SOT‑353/SC‑70‑5).  
Pin 2 of the device is the input (A) and pin 4 is the output (Y).  
The schematic must contain only real parts – no substitutes – so we will place the 74LVC1G17 and a few passive parts that are required for a simple input‑to‑output route (pull‑up, supply, ground, optional capacitor for noise filtering).  
The KiCad API functions give us the building blocks:

* `add_schematic_symbol` – places a symbol, sets its reference, value, rotation, mirror, and location.
* `get_pin_location` – retrieves the (x,y) of a named pin.
* `add_label` – places a text label next to a pin.
* `connect_pins` – draws a wire between two pins.
* `write_out_all_wires` – finalises the wire list.

Below is a concise reasoning of the design, symbol placement, and the code that would be generated.

---

### 1. Component selection

| Symbol | Library | Reference | Value | Function |
|--------|---------|-----------|-------|----------|
| 74LVC1G17 | 74xGxx | U1 | 74LVC1G17 | Schmitt‑trigger buffer |
| +3.3 V | power | #PWR1 | +3.3 V | Supply |
| R1 | Device | R1 | 10 kΩ | Pull‑up for the input |
| C1 | Device | C1 | 100 nF | Decoupling for the power pin |
| GND | power | #PWR2 | GND | Ground |

Only these five symbols are needed to realise the requested function.

---

### 2. Geometry and placement

The schematic sheet is 210 × 297 mm.  
We centre the buffer at (150 mm, 110 mm).  
Other parts are placed horizontally relative to it so that the wires stay short and the drawing remains tidy.

```
          +3.3V
            |
            R1
            |
          U1
            |
            Y (output)
            |
          GND
            |
           C1
```

**Offsets**

* **#PWR1 (+3.3 V)** – 72 mm left, 22 mm up from U1.  
  `pos_x = 150 − 72`, `pos_y = 110 + 22`.

* **R1 (10 kΩ)** – 72 mm left, 8 mm down from U1.  
  `pos_x = 150 − 72`, `pos_y = 110 − 8`.

* **C1 (100 nF)** – 34 mm right, 8 mm down from U1.  
  `pos_x = 150 + 34`, `pos_y = 110 − 8`.

* **#PWR2 (GND)** – 34 mm right, 17 mm down from U1.  
  `pos_x = 150 + 34`, `pos_y = 110 − 17`.

All symbols keep their default orientation (`rotation=0`) and are not mirrored (`mirror="None"`).  
The buffer is rotated 90° so that pin 2 (input) points left, pin 4 (output) points right – this matches the common layout of the SOT‑353 package and keeps the wiring straight.

---

### 3. Labels (optional)

The user did not ask for external labels, but if they were desired they would be placed next to pin 2 and pin 4:

* **IN** – positioned 13 mm to the left of pin 2.  
* **OUT** – positioned 6 mm to the right of pin 4.  

These labels would be input‑type, oriented left/right accordingly.

---

### 4. Wire connections (logic)

1. **Supply to device**  
   `#PWR1 (+3.3 V)` → `R1 pin 1` (pull‑up).  
   `R1 pin 2` → `U1 pin 2 (A)` (input).  

2. **Device output to ground / capacitor**  
   `U1 pin 4 (Y)` → `C1 pin 1`.  
   `C1 pin 2` → `#PWR2 (GND)`.

3. **Decoupling**  
   The capacitor is already connected between the output pin and GND, providing a low‑impedance path for high‑frequency noise.

4. **Optional buffering** (if two buffers were needed, we would chain them, but the request is for a single buffer, so this is not included).

All wires use the `connect_pins` API, which internally calculates the start and end coordinates from the stored pin locations.

---

### 5. Code mapping

Below is the logical mapping of the reasoning to the actual Python API calls (only the reasoning is shown here; the code will follow the same pattern but with proper syntax).

1. **Add the buffer**  
   ```python
   add_schematic_symbol(symbol_lib="74xGxx",
                        symbol_name="74LVC1G17",
                        pos_x=150.0, pos_y=110.0,
                        reference="U1",
                        value="74LVC1G17",
                        rotation=90, mirror="None")
   ```

2. **Add supply**  
   ```python
   add_schematic_symbol(symbol_lib="power",
                        symbol_name="+3.3V",
                        pos_x=150.0-72, pos_y=110.0+22,
                        reference="#PWR1",
                        value="+3.3V",
                        rotation=0, mirror="None")
   ```

3. **Add pull‑up resistor**  
   ```python
   add_schematic_symbol(symbol_lib="Device",
                        symbol_name="R",
                        pos_x=150.0-72, pos_y=110.0-8,
                        reference="R1",
                        value="10K",
                        rotation=0, mirror="None")
   ```

4. **Add capacitor**  
   ```python
   add_schematic_symbol(symbol_lib="Device",
                        symbol_name="C",
                        pos_x=150.0+34, pos_y=110.0-8,
                        reference="C1",
                        value="100nF",
                        rotation=0, mirror="None")
   ```

5. **Add ground**  
   ```python
   add_schematic_symbol(symbol_lib="power",
                        symbol_name="GND",
                        pos_x=150.0+34, pos_y=110.0-17,
                        reference="#PWR2",
                        value="GND",
                        rotation=0, mirror="None")
   ```

6. **Connect pins**  
   ```python
   # Supply to pull‑up
   connect_pins("#PWR1", "+3.3V", "R1", "1")
   # Pull‑up to input
   connect_pins("R1", "2", "U1", "A")
   # Buffer output to capacitor
   connect_pins("U1", "Y", "C1", "1")
   # Capacitor to ground
   connect_pins("C1", "2", "#PWR2", "GND")
   ```

7. **Write wires**  
   ```python
   write_out_all_wires()
   ```

---

### 6. Why this layout works

* **Readability** – The buffer sits centrally; the pull‑up comes from the left, the output goes to the right and finally to ground.  
* **Wire length** – All connections are short, minimizing trace noise.  
* **Component orientation** – Rotating the buffer so that the input pin faces left keeps the power rail above it and the output below it, following conventional schematic practices.  
* **Power integrity** – The capacitor is placed directly on the output pin, providing the fastest decoupling path.  
* **No hidden elements** – Only the requested symbols are used; no extra logic or substitutes appear.

The resulting schematic faithfully implements a single Schmitt‑trigger buffer driven by a pull‑up and terminated by a ground decoupling capacitor. The KiCad code that follows this reasoning will produce a clean, functional schematic ready for export.<|end|><|start|>assistant<|channel|>final<|message|># Auto-generated schematic symbols
import sys
import os

# Get project path and import kicad schematic interface
PROJECT_PATH = os.environ['PROJECT_PATH']
sys.path.append(PROJECT_PATH)
from modules.kicad_sch_interface import *

### Placing center symbol 1 : power:+3.3V###

center_x_1, center_y_1 = 150.0, 110.0

add_schematic_symbol(symbol_lib="power", symbol_name="+3.3V", pos_x=center_x_1, pos_y=center_y_1, reference="#PWR1", value="+3.3V", rotation=0, mirror="None")

### Placing other symbols in the Schematic with respect to the center symbol 1###


### Placing all global labels in the Schematic and connect them to the neighbor pin ###


### Connecting all wires in the Schematic ###


write_out_all_wires()
<|return|>
Saved generated code to /scratch/k2983/root-project/pcb-schematic-gen/SchGen/schematic_generation/t013_74lvc1g17_generated.py
Saved raw response to /scratch/k2983/root-project/pcb-schematic-gen/SchGen/schematic_generation/t013_74lvc1g17_generated.response.txt
