[MEMCHECK] after base_model load + per-expert MXFP4 dequant: host_maxrss=7.88GB gpu_alloc=17.36GB gpu_reserved=24.61GB gpu_peak=22.34GB
[FEEDBACK CHECK] feedback provided: False (len=0)
[MEMCHECK] before symbol_selector_llm creation: host_maxrss=7.88GB gpu_alloc=17.36GB gpu_reserved=24.61GB gpu_peak=22.34GB
[MEMCHECK] after symbol_selector_llm creation (post eager switch): host_maxrss=7.88GB gpu_alloc=17.36GB gpu_reserved=24.61GB gpu_peak=22.34GB
[RAW] prompt=Design a schematic for A circuit using a hex inverter IC to invert six independent input signals. Use exactly these real components: U1 as a 74HC04, in the KiCad library "74xx" (Hex inverter. Contains 6 independent inverter gates. Pin names are '~' in KiCad; use pin numbers. Odd pins (1,3,5,9,11,13) are inputs, even pins (2,4,6,8,10,12) are outputs for each gate pair.). Do not substitute or invent a different part for any of them. The input signals are assumed to be at a logic level of 0 or 1, and the output signals are assumed to be at a logic level of 0 or 1 as well.
[SEQLEN] input_ids shape: torch.Size([1, 1977])
[SEQLEN] input_ids shape: torch.Size([1, 4972])
[SEQLEN] input_ids shape: torch.Size([1, 5193])
[SEQLEN] input_ids shape: torch.Size([1, 3391])
[MEMCHECK] after run_raw_test (post symbol-selection generate() call): host_maxrss=8.77GB gpu_alloc=17.37GB gpu_reserved=31.43GB gpu_peak=28.96GB
[MEMCHECK] after switching back to flash_attention_2: host_maxrss=8.77GB gpu_alloc=17.37GB gpu_reserved=31.43GB gpu_peak=28.96GB
[MEMCHECK] after gc.collect + empty_cache: host_maxrss=8.77GB gpu_alloc=17.37GB gpu_reserved=18.94GB gpu_peak=28.96GB
[MEMCHECK] after PeftModel.from_pretrained: host_maxrss=8.77GB gpu_alloc=17.43GB gpu_reserved=18.98GB gpu_peak=28.96GB
[MEMCHECK] after merge_and_unload: host_maxrss=8.77GB gpu_alloc=17.37GB gpu_reserved=25.35GB gpu_peak=28.96GB
Model raw response: <|channel|>analysis<|message|>**High‑level goal**

The user wants a schematic that implements six independent inverters using a single 74HC04 hex‑inverter IC.  
The chip is in the KiCad “74xx” library and has the following pin mapping (odd pins are inputs, even pins are outputs):

```
1 – IN1,  2 – OUT1
3 – IN2,  4 – OUT2
5 – IN3,  6 – OUT3
8 – IN4, 10 – OUT4
9 – IN5, 12 – OUT5
11 – IN6, 13 – OUT6
```

The two power pins are `VCC` (pin 7) and `GND` (pin 12).  
The schematic must contain **exactly** the parts listed – the 74HC04 and a single 2‑pin electrolytic capacitor (symbol “C”).  
No other parts may be added.

**Choosing a layout**

* Place the IC roughly in the centre of the 210 mm × 297 mm sheet so the whole circuit stays well inside the printable area.  
  `center_x = 150 mm`, `center_y = 110 mm` puts the chip slightly to the right of the centre (the bottom‑left corner is at (0,0)).

* Rotate the IC so its pins are on the left/right sides of the symbol.  
  Rotating by `270°` (clockwise) turns the default “right‑handed” symbol into a “top‑down” orientation where all odd pins are on the left side (inputs) and even pins are on the right side (outputs).  
  This makes it natural to draw input labels to the left of the chip and output labels to the right, and it keeps the wiring neat and symmetrical.

* No mirroring is needed – the rotation already gives the desired orientation.

* The electrolytic capacitor will sit close to the power pins to provide a simple decoupling network.  
  A small offset (e.g., `x = center_x + 8`, `y = center_y + 8`) keeps it to the top‑right of the IC, where the VCC pin is located.

* The two power symbols are added at the extreme left and right of the chip to give a visual reference for the supply rails.

**Placing the symbols**

1. **74HC04**  
   ```python
   add_schematic_symbol(
       symbol_lib="74xx",
       symbol_name="74HC04",
       pos_x=center_x_1,
       pos_y=center_y_1,
       reference="U1",
       value="74HC04",
       rotation=270,
       mirror="None"
   )
   ```

   * `symbol_lib` and `symbol_name` identify the exact part.  
   * `pos_x`/`pos_y` place the centre of the symbol.  
   * `reference` is the unique identifier that will be used in connections.  
   * `value` is optional but helps the user; we set it to the same as the part name.  
   * `rotation=270` flips the pins into the desired left‑right layout.  
   * `mirror=None` keeps the symbol as is.

2. **Power symbols** – two VCC symbols and one GND symbol.  
   * They are positioned to the left and right of the IC using integer offsets that keep the bounding boxes from overlapping.  
   * Example: `pos_x = center_x_1 - 30`, `pos_y = center_y_1 + 12` for the left‑hand VCC, and `pos_x = center_x_1 + 30`, `pos_y = center_y_1 - 12` for the right‑hand GND.

3. **Capacitor** – placed to the right and slightly above the GND pin so it is close to the power rail.  
   * `pos_x = center_x_1 + 8`, `pos_y = center_y_1 + 8`.

**Creating global labels**

Each input and output pin should have a label that the user can later connect to other parts of the design.

* **Label position** is calculated from the pin location returned by `get_pin_location`.  
  For example, for IN1 (pin 1) we call:

  ```python
  x_U1_1, y_U1_1 = get_pin_location(symbol_ref="U1", pin_name="1")
  add_label(
      label_pos=[x_U1_1 + (-12), y_U1_1 + 0],
      label_text="IN1",
      label_ref="IN1_0",
      label_type="input",
      text_orient="left"
  )
  ```

  * The offset `-12` moves the label 12 mm to the left of the pin, which is a comfortable distance for readability.  
  * `text_orient="left"` places the label text to the left of the pin marker, matching the direction of the input pin.

* The same pattern is repeated for all six inputs (pins 1,3,5,9,11,13) and all six outputs (pins 2,4,6,8,10,12).  
  * For outputs we use `text_orient="right"` and a positive horizontal offset so the text appears to the right of the output pins.

* Each label is connected to its pin with:

  ```python
  connect_pins("IN1_0", "1", "U1", "1")
  ```

  * The first argument is the label reference, the second is its only pin (“1”).  
  * The third and fourth arguments are the symbol reference and the pin number on the IC.

**Wire connections**

1. **Power rails**  
   * VCC pin (7) of the IC is connected to the left VCC symbol.  
     ```python
     connect_pins("#VCC1", "VCC", "U1", "7")
     ```  
     The power symbol uses pin name “VCC”; the IC pin uses the numeric name “7”.

   * GND pin (12) is connected to the right GND symbol.  
     ```python
     connect_pins("U1", "12", "#GND1", "GND")
     ```

2. **Decoupling capacitor**  
   * One side of the capacitor (pin 1) is tied to VCC.  
     ```python
     connect_pins("#VCC1", "VCC", "C1", "1")
     ```
   * The other side (pin 2) is tied to GND.  
     ```python
     connect_pins("C1", "2", "#GND1", "GND")
     ```

3. **Optional inter‑inverter connections** (if the user wants to feed one output back to another input, the connections can be added in a similar fashion).  
   * The example code connects `U1` outputs to other `U1` inputs (e.g., OUT1 → IN2).  
   * If the user does not need these, they can be omitted.

**Final step**

After all symbols, labels, and wires have been added, the script writes the wire data to the KiCad schematic:

```python
write_out_all_wires()
```

This command serialises the internal graph of connections into the schematic file.

**Summary of function arguments**

* `add_schematic_symbol`:  
  * `symbol_lib` – library name (`"74xx"`).  
  * `symbol_name` – part name (`"74HC04"`).  
  * `pos_x`, `pos_y` – absolute coordinates in mm.  
  * `reference` – unique ID (`"U1"`).  
  * `value` – textual value shown on the symbol.  
  * `rotation` – degrees (270 for a top‑down view).  
  * `mirror` – `"None"`.

* `get_pin_location`: returns the (x,y) of a pin relative to the symbol centre.  
  * `symbol_ref` – e.g., `"U1"`.  
  * `pin_name` – numeric string `"1"` or `"2"`.

* `add_label`:  
  * `label_pos` – `[x, y]` of the label marker.  
  * `label_text` – human‑readable name (`"IN1"`).  
  * `label_ref` – unique ID (`"IN1_0"`).  
  * `label_type` – `"input"` or `"output"`.  
  * `text_orient` – `"left"` or `"right"`.

* `connect_pins`:  
  * `sym_a`, `pin_a` – first endpoint.  
  * `sym_b`, `pin_b` – second endpoint.  
  * For power symbols the pin name is `"VCC"` or `"GND"`; for the IC the pins are numbers.

* `write_out_all_wires`: finalises the schematic.

With this reasoning the generated Python script will place the 74HC04 in a readable orientation, connect all power pins, add a decoupling capacitor, label every input and output, and wire everything correctly. The layout uses integer offsets to keep components spaced, and the final schematic will be neat, centered, and ready for further expansion.<|end|><|start|>assistant<|channel|>final<|message|># Auto-generated schematic symbols
import sys
import os

# Get project path and import kicad schematic interface
PROJECT_PATH = os.environ['PROJECT_PATH']
sys.path.append(PROJECT_PATH)
from modules.kicad_sch_interface import *

### Placing center symbol 1 : 74xx:74HC04###

center_x_1, center_y_1 = 150.0, 110.0

add_schematic_symbol(symbol_lib="74xx", symbol_name="74HC04", pos_x=center_x_1, pos_y=center_y_1, reference="U1", value="74HC04", rotation=270, mirror="None")

### Placing other symbols in the Schematic with respect to the center symbol 1###

add_schematic_symbol(symbol_lib="power", symbol_name="VCC", pos_x=center_x_1 + (-31), pos_y=center_y_1 + (8), reference="#PWR1", value="VCC", rotation=0, mirror="None")
add_schematic_symbol(symbol_lib="Device", symbol_name="C", pos_x=center_x_1 + (-31), pos_y=center_y_1 + (-5), reference="C1", value="1.5uF", rotation=180, mirror="None")
add_schematic_symbol(symbol_lib="power", symbol_name="GND", pos_x=center_x_1 + (-31), pos_y=center_y_1 + (-16), reference="#PWR2", value="GND", rotation=0, mirror="None")
add_schematic_symbol(symbol_lib="power", symbol_name="VCC", pos_x=center_x_1 + (-8), pos_y=center_y_1 + (3), reference="#PWR3", value="VCC", rotation=0, mirror="None")
add_schematic_symbol(symbol_lib="power", symbol_name="GND", pos_x=center_x_1 + (8), pos_y=center_y_1 + (3), reference="#PWR4", value="GND", rotation=0, mirror="None")

### Placing all global labels in the Schematic and connect them to the neighbor pin ###

# Add label IN1 next to U1 pin 13 
x_U1_13, y_U1_13 = get_pin_location(symbol_ref="U1", pin_name="13")
add_label(label_pos=[x_U1_13+(-12), y_U1_13+(0)], label_text="IN1", label_ref="IN1_0", label_type="input", text_orient="left")
# Connecting Label IN1 label_id:0 to U1 pin 13 (Pin ID 13 -- Name 13)
connect_pins("IN1_0", "1", "U1", "13")

# Add label IN2 next to U1 pin 11 
x_U1_11, y_U1_11 = get_pin_location(symbol_ref="U1", pin_name="11")
add_label(label_pos=[x_U1_11+(-12), y_U1_11+(0)], label_text="IN2", label_ref="IN2_0", label_type="input", text_orient="left")
# Connecting Label IN2 label_id:0 to U1 pin 11 (Pin ID 11 -- Name 11)
connect_pins("IN2_0", "1", "U1", "11")

# Add label IN3 next to U1 pin 9 
x_U1_9, y_U1_9 = get_pin_location(symbol_ref="U1", pin_name="9")
add_label(label_pos=[x_U1_9+(-12), y_U1_9+(0)], label_text="IN3", label_ref="IN3_0", label_type="input", text_orient="left")
# Connecting Label IN3 label_id:0 to U1 pin 9 (Pin ID 9 -- Name 9)
connect_pins("IN3_0", "1", "U1", "9")

# Add label IN4 next to U1 pin 8 
x_U1_8, y_U1_8 = get_pin_location(symbol_ref="U1", pin_name="8")
add_label(label_pos=[x_U1_8+(-12), y_U1_8+(0)], label_text="IN4", label_ref="IN4_0", label_type="input", text_orient="left")
# Connecting Label IN4 label_id:0 to U1 pin 8 (Pin ID 8 -- Name 8)
connect_pins("IN4_0", "1", "U1", "8")

# Add label IN5 next to U1 pin 5 
x_U1_5, y_U1_5 = get_pin_location(symbol_ref="U1", pin_name="5")
add_label(label_pos=[x_U1_5+(-12), y_U1_5+(0)], label_text="IN5", label_ref="IN5_0", label_type="input", text_orient="left")
# Connecting Label IN5 label_id:0 to U1 pin 5 (Pin ID 5 -- Name 5)
connect_pins("IN5_0", "1", "U1", "5")

# Add label IN6 next to U1 pin 3 
x_U1_3, y_U1_3 = get_pin_location(symbol_ref="U1", pin_name="3")
add_label(label_pos=[x_U1_3+(-12), y_U1_3+(0)], label_text="IN6", label_ref="IN6_0", label_type="input", text_orient="left")
# Connecting Label IN6 label_id:0 to U1 pin 3 (Pin ID 3 -- Name 3)
connect_pins("IN6_0", "1", "U1", "3")

# Add label OUT1 next to U1 pin 2 
x_U1_2, y_U1_2 = get_pin_location(symbol_ref="U1", pin_name="2")
add_label(label_pos=[x_U1_2+(6), y_U1_2+(0)], label_text="OUT1", label_ref="OUT1_0", label_type="input", text_orient="right")
# Connecting Label OUT1 label_id:0 to U1 pin 2 (Pin ID 2 -- Name 2)
connect_pins("OUT1_0", "1", "U1", "2")

# Add label OUT2 next to U1 pin 4 
x_U1_4, y_U1_4 = get_pin_location(symbol_ref="U1", pin_name="4")
add_label(label_pos=[x_U1_4+(6), y_U1_4+(0)], label_text="OUT2", label_ref="OUT2_0", label_type="input", text_orient="right")
# Connecting Label OUT2 label_id:0 to U1 pin 4 (Pin ID 4 -- Name 4)
connect_pins("OUT2_0", "1", "U1", "4")

# Add label OUT3 next to U1 pin 6 
x_U1_6, y_U1_6 = get_pin_location(symbol_ref="U1", pin_name="6")
add_label(label_pos=[x_U1_6+(6), y_U1_6+(0)], label_text="OUT3", label_ref="OUT3_0", label_type="input", text_orient="right")
# Connecting Label OUT3 label_id:0 to U1 pin 6 (Pin ID 6 -- Name 6)
connect_pins("OUT3_0", "1", "U1", "6")

# Add label OUT4 next to U1 pin 10 
x_U1_10, y_U1_10 = get_pin_location(symbol_ref="U1", pin_name="10")
add_label(label_pos=[x_U1_10+(6), y_U1_10+(0)], label_text="OUT4", label_ref="OUT4_0", label_type="input", text_orient="right")
# Connecting Label OUT4 label_id:0 to U1 pin 10 (Pin ID 10 -- Name 10)
connect_pins("OUT4_0", "1", "U1", "10")

# Add label OUT5 next to U1 pin 12 
x_U1_12, y_U1_12 = get_pin_location(symbol_ref="U1", pin_name="12")
add_label(label_pos=[x_U1_12+(6), y_U1_12+(0)], label_text="OUT5", label_ref="OUT5_0", label_type="input", text_orient="right")
# Connecting Label OUT5 label_id:0 to U1 pin 12 (Pin ID 12 -- Name 12)
connect_pins("OUT5_0", "1", "U1", "12")

# Add label OUT6 next to U1 pin 1 
x_U1_1, y_U1_1 = get_pin_location(symbol_ref="U1", pin_name="1")
add_label(label_pos=[x_U1_1+(6), y_U1_1+(0)], label_text="OUT6", label_ref="OUT6_0", label_type="input", text_orient="right")
# Connecting Label OUT6 label_id:0 to U1 pin 1 (Pin ID 1 -- Name 1)
connect_pins("OUT6_0", "1", "U1", "1")


### Connecting all wires in the Schematic ###


# Connecting C1 pin 2 (Pin ID 2 -- Name None) to #PWR2 pin 1 (Pin ID 1 -- Name None)
connect_pins("C1", "2", "#PWR2", "1")

# Connecting #PWR1 pin VCC (Pin ID 1 -- Name VCC) to C1 pin 1 (Pin ID 1 -- Name None)
connect_pins("#PWR1", "VCC", "C1", "1")

# Connecting U1 pin 5 (Pin ID 5 -- Name None) to U1 pin 8 (Pin ID 8 -- Name None)
connect_pins("U1", "5", "U1", "8")

# Connecting C1 pin 1 (Pin ID 1 -- Name None) to #PWR3 pin VCC (Pin ID 1 -- Name VCC)
connect_pins("C1", "1", "#PWR3", "VCC")

# Connecting #PWR3 pin VCC (Pin ID 1 -- Name VCC) to U1 pin 8 (Pin ID 8 -- Name None)
connect_pins("#PWR3", "VCC", "U1", "8")

# Connecting U1 pin 7 (Pin ID 7 -- Name None) to #PWR4 pin 1 (Pin ID 1 -- Name None)
connect_pins("U1", "7", "#PWR4", "1")

write_out_all_wires()
<|return|>
Saved generated code to /scratch/k2983/root-project/pcb-schematic-gen/SchGen/schematic_generation/t013_74hc04_generated.py
Saved raw response to /scratch/k2983/root-project/pcb-schematic-gen/SchGen/schematic_generation/t013_74hc04_generated.response.txt
