[MEMCHECK] after base_model load + per-expert MXFP4 dequant: host_maxrss=7.88GB gpu_alloc=17.36GB gpu_reserved=24.61GB gpu_peak=22.34GB
[FEEDBACK CHECK] feedback provided: False (len=0)
[MEMCHECK] before symbol_selector_llm creation: host_maxrss=7.88GB gpu_alloc=17.36GB gpu_reserved=24.61GB gpu_peak=22.34GB
[MEMCHECK] after symbol_selector_llm creation (post eager switch): host_maxrss=7.88GB gpu_alloc=17.36GB gpu_reserved=24.61GB gpu_peak=22.34GB
[RAW] prompt=Design a schematic for A simple circuit using an addressable RGB LED with a 5V supply and serial data protocol. Use exactly these real components: U1 as a SK6812MINI, in the KiCad library "LED" (Addressable RGB LED, miniature package (3.5 x 3.5 mm), 5 V, serial data protocol). Do not substitute or invent a different part for any of them.
[SEQLEN] input_ids shape: torch.Size([1, 1907])
[SEQLEN] input_ids shape: torch.Size([1, 4902])
[SEQLEN] input_ids shape: torch.Size([1, 4902])
[SEQLEN] input_ids shape: torch.Size([1, 4902])
Azure CLI not found on path
[SEQLEN] input_ids shape: torch.Size([1, 5123])
[SEQLEN] input_ids shape: torch.Size([1, 5123])
[SEQLEN] input_ids shape: torch.Size([1, 5123])
Azure CLI not found on path
[SEQLEN] input_ids shape: torch.Size([1, 3321])
[SEQLEN] input_ids shape: torch.Size([1, 3321])
[SEQLEN] input_ids shape: torch.Size([1, 3321])
Azure CLI not found on path
[MEMCHECK] after run_raw_test (post symbol-selection generate() call): host_maxrss=8.77GB gpu_alloc=17.37GB gpu_reserved=31.13GB gpu_peak=28.76GB
[MEMCHECK] after switching back to flash_attention_2: host_maxrss=8.77GB gpu_alloc=17.37GB gpu_reserved=31.13GB gpu_peak=28.76GB
[MEMCHECK] after gc.collect + empty_cache: host_maxrss=8.77GB gpu_alloc=17.37GB gpu_reserved=18.94GB gpu_peak=28.76GB
[MEMCHECK] after PeftModel.from_pretrained: host_maxrss=8.77GB gpu_alloc=17.43GB gpu_reserved=18.98GB gpu_peak=28.76GB
[MEMCHECK] after merge_and_unload: host_maxrss=8.77GB gpu_alloc=17.37GB gpu_reserved=25.35GB gpu_peak=28.76GB
Model raw response: <|channel|>analysis<|message|>**High‑level goal**

The user wants a schematic that drives a single addressable RGB LED (SK6812MINI) from a 5 V supply and a serial data line.  
Only the SK6812MINI symbol (from the “LED” library) is allowed.  
The schematic must contain the component, the supply, and a source of the data signal (a label is sufficient).  No other devices are required.

**Choosing the symbol**

* **Library / Symbol** – “LED” / “SK6812MINI”.  
* **Reference** – “U1” (standard for the device).  
* **Value** – “SK6812MINI” (the part number).  
* **Rotation** – 0° keeps the pin layout the same as the library definition:  
  * VDD – Pin 1 (bottom),  
  * DATA – Pin 2 (right),  
  * GND – Pin 3 (top).  
* **Mirror** – “None” (no mirroring needed).  
* **Position** – (105 mm, 148.5 mm) places the symbol roughly in the centre of an A4 sheet (210 × 297 mm).  The centre point is the origin of the pin coordinates, so the pins will appear at predictable offsets.

**Adding the supply**

* **Symbol** – power symbol “+5V” (from the “power” library).  
* **Reference** – “#PWR1”.  
* **Value** – “+5V”.  
* **Position** – 30 mm to the right of U1: (135 mm, 148.5 mm).  
  This gives a clear vertical line from +5 V to VDD.  
* **Rotation / Mirror** – 0°, “None”.  

**Adding the ground**

* **Symbol** – ground symbol “GND” (from the “power” library).  
* **Reference** – “#PWR_GND1”.  
* **Position** – 30 mm to the left of U1: (75 mm, 148.5 mm).  
  This allows a horizontal ground path from GND to the LED’s GND pin.

**Label for the serial data line**

* Labels are treated as “symbols” with a single pin.  
* **Label text** – “DATA_IN”.  
* **Reference** – “DATA_IN_0”.  
* **Position** – 10 mm to the left of U1, 5 mm below: (95 mm, 143.5 mm).  
  Placing it near the LED’s DATA pin keeps the wire short and the schematic tidy.  
* **Label type** – “input” (the data line is an input to the LED).  
* **Text orientation** – left (text appears to the left of the pin).  

**Connecting the pins**

1. **VDD (LED pin 1) ↔ +5 V**  
   `connect_pins("#PWR1", "+5V", "U1", "VDD")`  
   The power symbol’s single pin is named “+5V”, matching the LED’s VDD pin name.  

2. **GND (LED pin 3) ↔ GND**  
   `connect_pins("#PWR_GND1", "1", "U1", "GND")`  
   The ground symbol has only one pin; we use pin 1.  

3. **DATA (LED pin 2) ↔ DATA_IN label**  
   `connect_pins("DATA_IN_0", "1", "U1", "DATA")`  
   The label’s single pin is again pin 1.  

**Wire output**

After all `connect_pins` calls, `write_out_all_wires()` is invoked to generate the actual wire objects in the KiCad schematic file.

**Why this layout is readable**

* The LED is centered, so its pins are clearly visible.  
* The +5 V and GND symbols are offset horizontally, giving a clean straight‑line connection to the LED’s top and bottom pins.  
* The DATA_IN label sits to the left of the LED, so the data wire runs horizontally across the centre of the schematic, avoiding unnecessary diagonal segments.  
* No mirroring or rotation is used; the natural orientation of the symbols matches the pin names, reducing the chance of mis‑connects.

**Summary of function arguments**

| Function | Argument | Reasoning |
|----------|----------|-----------|
| `add_schematic_symbol` | `symbol_lib="LED"`, `symbol_name="SK6812MINI"` | Selects the exact part the user specified. |
| | `pos_x=105.0`, `pos_y=148.5` | Places it near the centre of the A4 sheet. |
| | `reference="U1"`, `value="SK6812MINI"` | Standard reference and value. |
| | `rotation=0`, `mirror="None"` | Keeps the default pin orientation. |
| | `symbol_lib="power"`, `symbol_name="+5V"` | Adds the 5 V supply. |
| | `pos_x=135.0`, `pos_y=148.5`, `reference="#PWR1"`, `value="+5V"` | Horizontal offset to the right. |
| | `symbol_lib="power"`, `symbol_name="GND"` | Adds the ground symbol. |
| | `pos_x=75.0`, `pos_y=148.5`, `reference="#PWR_GND1"` | Horizontal offset to the left. |
| | `add_label` | Creates the data line label. |
| | `label_pos=[95.0, 143.5]`, `label_text="DATA_IN"`, `label_ref="DATA_IN_0"` | Positions label near the LED. |
| | `label_type="input"`, `text_orient="left"` | Indicates the direction of the data flow and text placement. |
| `connect_pins` | `("#PWR1", "+5V", "U1", "VDD")` | Connects +5 V to VDD. |
| | `("#PWR_GND1", "1", "U1", "GND")` | Connects GND to the LED’s ground pin. |
| | `("DATA_IN_0", "1", "U1", "DATA")` | Connects the data label to the LED’s DATA pin. |
| `write_out_all_wires` | – | Finalizes the schematic. |

This reasoning leads directly to the Python code that places the symbols, creates the label, and connects everything with the appropriate pin names, fulfilling the user’s request while keeping the schematic clear and well‑structured.<|end|><|start|>assistant<|channel|>final<|message|># Auto-generated schematic symbols
import sys
import os

# Get project path and import kicad schematic interface
PROJECT_PATH = os.environ['PROJECT_PATH']
sys.path.append(PROJECT_PATH)
from modules.kicad_sch_interface import *

### Placing center symbol 1 : LED:SK6812MINI###

center_x_1, center_y_1 = 105.0, 148.5

add_schematic_symbol(symbol_lib="LED", symbol_name="SK6812MINI", pos_x=center_x_1, pos_y=center_y_1, reference="U1", value="SK6812MINI", rotation=0, mirror="None")

### Placing other symbols in the Schematic with respect to the center symbol 1###


### Placing all global labels in the Schematic and connect them to the neighbor pin ###


### Connecting all wires in the Schematic ###


write_out_all_wires()
<|return|>
Saved generated code to /scratch/k2983/root-project/pcb-schematic-gen/SchGen/schematic_generation/t013_sk6812mini_generated.py
Saved raw response to /scratch/k2983/root-project/pcb-schematic-gen/SchGen/schematic_generation/t013_sk6812mini_generated.response.txt
