[MEMCHECK] after base_model load + per-expert MXFP4 dequant: host_maxrss=7.88GB gpu_alloc=17.36GB gpu_reserved=24.61GB gpu_peak=22.34GB
[FEEDBACK CHECK] feedback provided: False (len=0)
[MEMCHECK] before symbol_selector_llm creation: host_maxrss=7.88GB gpu_alloc=17.36GB gpu_reserved=24.61GB gpu_peak=22.34GB
[MEMCHECK] after symbol_selector_llm creation (post eager switch): host_maxrss=7.88GB gpu_alloc=17.36GB gpu_reserved=24.61GB gpu_peak=22.34GB
[RAW] prompt=Design a schematic for A simple circuit using a TDSON-8 80V 5.2mohm Si MOSFET as a switch. Use exactly these real components: M1 as a BSC052N08NS5, in the KiCad library "Transistor_FET" (TDSON-8 80V 5.2mohm Si MOSFET, Do NOT use this MOSFET if VBUS > 60V). Do not substitute or invent a different part for any of them. Wire it up as follows: connect M1's G pin (pin 4) to M1's S pin (pin 1).
[SEQLEN] input_ids shape: torch.Size([1, 1955])
[SEQLEN] input_ids shape: torch.Size([1, 4950])
[SEQLEN] input_ids shape: torch.Size([1, 5171])
[SEQLEN] input_ids shape: torch.Size([1, 5171])
[SEQLEN] input_ids shape: torch.Size([1, 5171])
Azure CLI not found on path
[SEQLEN] input_ids shape: torch.Size([1, 3369])
[MEMCHECK] after run_raw_test (post symbol-selection generate() call): host_maxrss=8.77GB gpu_alloc=17.37GB gpu_reserved=31.34GB gpu_peak=28.90GB
[MEMCHECK] after switching back to flash_attention_2: host_maxrss=8.77GB gpu_alloc=17.37GB gpu_reserved=31.34GB gpu_peak=28.90GB
[MEMCHECK] after gc.collect + empty_cache: host_maxrss=8.77GB gpu_alloc=17.37GB gpu_reserved=18.94GB gpu_peak=28.90GB
[MEMCHECK] after PeftModel.from_pretrained: host_maxrss=8.77GB gpu_alloc=17.43GB gpu_reserved=18.98GB gpu_peak=28.90GB
[MEMCHECK] after merge_and_unload: host_maxrss=8.77GB gpu_alloc=17.37GB gpu_reserved=25.35GB gpu_peak=28.90GB
Model raw response: <|channel|>analysis<|message|>**High‑level goal**

The user wants a schematic that contains only one device – a TDSON‑8 80 V, 5.2 mΩ Si MOSFET (BSC052N08NS5) – and the two MOSFET pins G (gate) and S (source) must be short‑circuited (connected together). No other components are allowed.  
Because the symbol is already part of the “Transistor_FET” library, the only work is to:

1. Add the symbol to the sheet at a convenient location.  
2. Wire the G pin to the S pin.  
3. Add a global label for the connection (optional, but useful).  

No resistors, caps, or other symbols are needed.

---

### 1. Placing the MOSFET

* **Function**: `add_schematic_symbol`  
  * `symbol_lib="Transistor_FET"` – the library that contains the TDSON‑8 symbol.  
  * `symbol_name="BSC052N08NS5"` – the exact part name the user specified.  
  * `pos_x` / `pos_y` – choose a central position on the A4 sheet, e.g. (150 mm, 110 mm).  
  * `reference="M1"` – the user’s reference designator.  
  * `value="BSC052N08NS5"` – optional but convenient for the exported netlist.  
  * `rotation=0` – the default orientation keeps the gate on the left side, source on the bottom, drain on the right.  
  * `mirror="None"` – no mirroring; the symbol’s pin layout already matches the required pin numbers.  

Choosing a rotation of 0° is the simplest layout; it keeps the gate pin (G) on the left, which makes the short‑circuit to the source (S) a straight horizontal line.

---

### 2. Wiring G to S

* **Function**: `connect_pins(sym_a, pin_a, sym_b, pin_b)`  
  * The two arguments refer to the same symbol (`M1`).  
  * `pin_a="G"` – the gate pin.  
  * `pin_b="S"` – the source pin.  
  * Since both pins belong to `M1`, the function will create a wire between them.  

No intermediate components are inserted, so the wire path is a single straight segment. Because the gate and source are adjacent on the symbol, the wire will be very short, which is acceptable and keeps the schematic tidy.

---

### 3. (Optional) Adding a global label

Even though the connection is trivial, a global label can help the user identify the shorted node in the netlist.

* **Function**: `add_label`  
  * `label_pos` – place the label to the right of the source pin.  
  * `label_text="SRC"` – a short, descriptive name.  
  * `label_ref="SRC_0"` – unique identifier for the label.  
  * `label_type="bidirectional"` – the node is common to two pins, so bidirectional is appropriate.  
  * `text_orient="right"` – the text points toward the source pin.  

After placing the label, connect it to the source pin:

* **Function**: `connect_pins("SRC_0", "1", "M1", "S")`  
  * The label has only one pin, so we use `"1"`.  

The label adds one more wire, but the schematic remains simple.

---

### 4. Finalizing the schematic

After all components and connections are defined, the code must flush the wire list to the KiCad file:

* **Function**: `write_out_all_wires()`  

No other global power symbols or nets are required because the MOSFET is isolated; the user’s specification did not ask for a supply or ground.

---

### 5. Summary of the code structure

1. **Import the KiCad interface** (already handled by the template).  
2. **Define a central position for M1** (150 mm, 110 mm).  
3. **Call `add_schematic_symbol`** with the correct library, name, reference, value, rotation, and mirroring.  
4. **(Optional) Add a global label to the source pin** – compute the pin location with `get_pin_location` and place the label slightly offset.  
5. **Connect G to S** using `connect_pins`.  
6. **(Optional) Connect the global label to the source** using `connect_pins`.  
7. **Write all wires** with `write_out_all_wires()`.

All coordinates are relative to the symbol’s centre; because the gate and source are adjacent, the wire path is a short horizontal line, making the schematic compact and easy to read. No other symbols or pins are introduced, satisfying the user’s constraints.<|end|><|start|>assistant<|channel|>final<|message|># Auto-generated schematic symbols
import sys
import os

# Get project path and import kicad schematic interface
PROJECT_PATH = os.environ['PROJECT_PATH']
sys.path.append(PROJECT_PATH)
from modules.kicad_sch_interface import *

### Placing center symbol 1 : Transistor_FET:BSC052N08NS5###

center_x_1, center_y_1 = 150.0, 110.0

add_schematic_symbol(symbol_lib="Transistor_FET", symbol_name="BSC052N08NS5", pos_x=center_x_1, pos_y=center_y_1, reference="M1", value="BSC052N08NS5", rotation=0, mirror="None")

### Placing other symbols in the Schematic with respect to the center symbol 1###


### Placing all global labels in the Schematic and connect them to the neighbor pin ###


### Connecting all wires in the Schematic ###


write_out_all_wires()
<|return|>
Saved generated code to /scratch/k2983/root-project/pcb-schematic-gen/SchGen/schematic_generation/t013_bsc052n08ns5_generated.py
Saved raw response to /scratch/k2983/root-project/pcb-schematic-gen/SchGen/schematic_generation/t013_bsc052n08ns5_generated.response.txt
