[MEMCHECK] after base_model load + per-expert MXFP4 dequant: host_maxrss=7.88GB gpu_alloc=17.36GB gpu_reserved=24.61GB gpu_peak=22.34GB
[FEEDBACK CHECK] feedback provided: False (len=0)
[MEMCHECK] before symbol_selector_llm creation: host_maxrss=7.88GB gpu_alloc=17.36GB gpu_reserved=24.61GB gpu_peak=22.34GB
[MEMCHECK] after symbol_selector_llm creation (post eager switch): host_maxrss=7.88GB gpu_alloc=17.36GB gpu_reserved=24.61GB gpu_peak=22.34GB
[RAW] prompt=Design a schematic for A circuit using a rotary encoder with a push-button switch for user input. Use exactly these real components: R1 as a RotaryEncoder_Switch, in the KiCad library "Device" (Rotary encoder with push-button switch. A/B are quadrature outputs, C is the common. S1/S2 are the push-button switch contacts.). Do not substitute or invent a different part for any of them.
[SEQLEN] input_ids shape: torch.Size([1, 1906])
[SEQLEN] input_ids shape: torch.Size([1, 1906])
[SEQLEN] input_ids shape: torch.Size([1, 1906])
Azure CLI not found on path
[SEQLEN] input_ids shape: torch.Size([1, 4901])
[SEQLEN] input_ids shape: torch.Size([1, 4901])
[SEQLEN] input_ids shape: torch.Size([1, 4901])
Azure CLI not found on path
[SEQLEN] input_ids shape: torch.Size([1, 5122])
[SEQLEN] input_ids shape: torch.Size([1, 3320])
[MEMCHECK] after run_raw_test (post symbol-selection generate() call): host_maxrss=8.77GB gpu_alloc=17.37GB gpu_reserved=31.12GB gpu_peak=28.75GB
[MEMCHECK] after switching back to flash_attention_2: host_maxrss=8.77GB gpu_alloc=17.37GB gpu_reserved=31.12GB gpu_peak=28.75GB
[MEMCHECK] after gc.collect + empty_cache: host_maxrss=8.77GB gpu_alloc=17.37GB gpu_reserved=18.94GB gpu_peak=28.75GB
[MEMCHECK] after PeftModel.from_pretrained: host_maxrss=8.77GB gpu_alloc=17.43GB gpu_reserved=18.98GB gpu_peak=28.75GB
[MEMCHECK] after merge_and_unload: host_maxrss=8.77GB gpu_alloc=17.37GB gpu_reserved=25.35GB gpu_peak=28.75GB
Model raw response: <|channel|>analysis<|message|>**High‑level goal**

The user wants a schematic that implements a rotary encoder with a built‑in push‑button, using the exact part “R1 – RotaryEncoder_Switch” from the *Device* library. The schematic must connect the encoder’s quadrature outputs (A, B), the common pin (C), and the switch contacts (S1, S2) in a way that a micro‑controller could read them. The power rails (+5 V and GND) are also required.

**Choosing the reference symbol**

The only symbol that matches the requested part is the one with  
`symbol_name: "R"` and `description: "Rotary encoder with push‑button switch"`.  
Even though the library entry lists it simply as “R”, the description tells us it is a rotary encoder. We therefore create a symbol reference **ENC1** and give it a value of “RotaryEncoder_Switch” to make the schematic self‑explanatory.

**Spatial layout**

The schematic sheet is 210 × 297 mm (A4).  
To keep the circuit centered we place the encoder at `(x = 150 mm, y = 110 mm)`.  
The encoder’s pins are arranged in a vertical line (up/down).  
To avoid clutter we use a 90° rotation so that the A and B pins lie on the left side of the symbol and the common pin on the right.  
Mirror is set to “None” because the symmetry of the symbol does not require a flip.

**Other components**

| Symbol | Reference | Value | Position | Rotation | Mirror | Reasoning |
|--------|-----------|-------|----------|----------|--------|-----------|
| +5 V   | #PWR1 | +5 V | (x − 72, y + 22) | 0° | None | Provides the supply for the encoder. |
| Resistor (pull‑up) | R1 | 10 kΩ | (x − 72, y − 12) | 0° | None | Pull‑up for the encoder’s A line. |
| Resistor (pull‑up) | R2 | 10 kΩ | (x − 72, y − 22) | 0° | None | Pull‑up for the encoder’s B line. |
| GND    | #PWR2 | GND | (x − 72, y − 34) | 0° | None | Ground reference. |
| Resistor (pull‑up) | R3 | 10 kΩ | (x + 72, y − 12) | 0° | None | Pull‑up for the push‑button line. |
| GND    | #PWR3 | GND | (x + 72, y − 34) | 0° | None | Ground reference for the button. |

The offsets are chosen so that the resistors sit to the left and right of the encoder, with their lower ends touching the ground symbols. This creates a clean “power‑to‑ground” chain that can be followed visually.

**Labels**

The user explicitly wants labels for every pin.  
We generate a label for each pin of ENC1 (A, B, C, S1, S2).  
The label’s position is calculated by calling `get_pin_location(symbol_ref="ENC1", pin_name="X")` and then offsetting a few millimetres to the left or right so that the label text does not overlap the symbol.  
`text_orient` is chosen to keep the label readable: “left” for pins on the left side of the symbol, “right” for those on the right.

**Wire connections**

1. **Power rails**  
   * `#PWR1 (+5 V)` → `R1(1)` and `R2(1)` provide the +5 V to the two pull‑ups.  
   * `R1(2)` → `ENC1(A)` and `R2(2)` → `ENC1(B)` complete the pull‑up paths.  
   * `#PWR2 (GND)` → `R1(2)` and `R2(2)` finish the pull‑up to ground.

2. **Encoder common**  
   * `ENC1(C)` → `ENC1(S1)` and `ENC1(S2)` tie the switch contacts together, forming a simple SPST switch that shares the common.

3. **Switch pull‑up**  
   * `#PWR3 (+5 V)` → `R3(1)` gives the +5 V to the switch pull‑up.  
   * `R3(2)` → `ENC1(S1)` (or `ENC1(S2)`) pulls the switch contacts high when the button is not pressed.

4. **Ground reference**  
   * `#PWR3 (GND)` → `R3(2)` (if needed) to ground the pull‑up.

**Justification of rotations and mirroring**

The encoder’s geometry is vertical; rotating it 90° aligns the A and B pins to the left, which is conventional for rotary encoders and makes the wiring to the pull‑up resistors straight horizontal lines.  
Mirroring is not required because the symbol is symmetric and the chosen rotation already gives a tidy layout.

**Conclusion**

The final script will:

1. Import the KiCad schematic interface.  
2. Place the encoder symbol at the center with a 90° rotation.  
3. Add the three power symbols (+5 V, GND, +5 V) and five resistors at the calculated offsets.  
4. Generate labels for each pin of ENC1.  
5. Connect every pin to its intended partner using `connect_pins`.  
6. Finally call `write_out_all_wires()` to render the nets.

All connections respect the physical pin names of the encoder (A, B, C, S1, S2) and the power symbols, and the layout uses clear, non‑overlapping positions to keep the schematic readable.<|end|><|start|>assistant<|channel|>final<|message|># Auto-generated schematic symbols
import sys
import os

# Get project path and import kicad schematic interface
PROJECT_PATH = os.environ['PROJECT_PATH']
sys.path.append(PROJECT_PATH)
from modules.kicad_sch_interface import *

### Placing center symbol 1 : Device:R###

center_x_1, center_y_1 = 150.0, 110.0

add_schematic_symbol(symbol_lib="Device", symbol_name="R", pos_x=center_x_1, pos_y=center_y_1, reference="R1", value="10K", rotation=0, mirror="None")

### Placing other symbols in the Schematic with respect to the center symbol 1###

add_schematic_symbol(symbol_lib="power", symbol_name="+5V", pos_x=center_x_1 + (0), pos_y=center_y_1 + (7), reference="#PWR1", value="+5V", rotation=0, mirror="None")
add_schematic_symbol(symbol_lib="Device", symbol_name="R", pos_x=center_x_1 + (0), pos_y=center_y_1 + (-11), reference="R2", value="10K", rotation=0, mirror="None")
add_schematic_symbol(symbol_lib="power", symbol_name="GND", pos_x=center_x_1 + (0), pos_y=center_y_1 + (-21), reference="#PWR2", value="GND", rotation=0, mirror="None")

### Placing all global labels in the Schematic and connect them to the neighbor pin ###


### Connecting all wires in the Schematic ###


# Connecting #PWR2 pin 1 (Pin ID 1 -- Name None) to R2 pin 2 (Pin ID 2 -- Name None)
connect_pins("#PWR2", "1", "R2", "2")

# Connecting #PWR1 pin +5V (Pin ID 1 -- Name +5V) to R1 pin 1 (Pin ID 1 -- Name None)
connect_pins("#PWR1", "+5V", "R1", "1")

# Connecting R1 pin 2 (Pin ID 2 -- Name None) to R2 pin 1 (Pin ID 1 -- Name None)
connect_pins("R1", "2", "R2", "1")

write_out_all_wires()
<|return|>
Saved generated code to /scratch/k2983/root-project/pcb-schematic-gen/SchGen/schematic_generation/t013_rotaryencoder_switch_generated.py
Saved raw response to /scratch/k2983/root-project/pcb-schematic-gen/SchGen/schematic_generation/t013_rotaryencoder_switch_generated.response.txt
