[MEMCHECK] after base_model load + per-expert MXFP4 dequant: host_maxrss=7.88GB gpu_alloc=17.36GB gpu_reserved=24.61GB gpu_peak=22.34GB
[FEEDBACK CHECK] feedback provided: False (len=0)
[MEMCHECK] before symbol_selector_llm creation: host_maxrss=7.88GB gpu_alloc=17.36GB gpu_reserved=24.61GB gpu_peak=22.34GB
[MEMCHECK] after symbol_selector_llm creation (post eager switch): host_maxrss=7.88GB gpu_alloc=17.36GB gpu_reserved=24.61GB gpu_peak=22.34GB
[RAW] prompt=Design a schematic for A circuit using a 74HC14 IC with 6 independent inverter gates. Use exactly these real components: U1 as a 74HC14, in the KiCad library "74xx" (Hex Schmitt-trigger inverter. Contains 6 independent inverter gates. Pin names are '~' in KiCad; use pin numbers. Odd pins (1,3,5,9,11,13) are inputs, even pins (2,4,6,8,10,12) are outputs for each gate pair.). Do not substitute or invent a different part for any of them. This design assumes a 5V power supply and proper decoupling capacitors are used for the VCC and GND nets.
[SEQLEN] input_ids shape: torch.Size([1, 1970])
[SEQLEN] input_ids shape: torch.Size([1, 4965])
[SEQLEN] input_ids shape: torch.Size([1, 4965])
[SEQLEN] input_ids shape: torch.Size([1, 4965])
Azure CLI not found on path
[SEQLEN] input_ids shape: torch.Size([1, 5186])
[SEQLEN] input_ids shape: torch.Size([1, 3384])
[SEQLEN] input_ids shape: torch.Size([1, 3384])
[SEQLEN] input_ids shape: torch.Size([1, 3384])
Azure CLI not found on path
[MEMCHECK] after run_raw_test (post symbol-selection generate() call): host_maxrss=8.77GB gpu_alloc=17.37GB gpu_reserved=31.39GB gpu_peak=28.94GB
[MEMCHECK] after switching back to flash_attention_2: host_maxrss=8.77GB gpu_alloc=17.37GB gpu_reserved=31.39GB gpu_peak=28.94GB
[MEMCHECK] after gc.collect + empty_cache: host_maxrss=8.77GB gpu_alloc=17.37GB gpu_reserved=18.94GB gpu_peak=28.94GB
[MEMCHECK] after PeftModel.from_pretrained: host_maxrss=8.77GB gpu_alloc=17.43GB gpu_reserved=18.98GB gpu_peak=28.94GB
[MEMCHECK] after merge_and_unload: host_maxrss=8.77GB gpu_alloc=17.37GB gpu_reserved=25.35GB gpu_peak=28.94GB
Model raw response: <|channel|>analysis<|message|>**High‑level goal**

The user wants a schematic that contains only a 74HC14 hex inverter (six gates).  
The IC must be taken from the “74xx” library, pins 1,3,5,9,11,13 are the
inputs and pins 2,4,6,8,10,12 are the corresponding outputs.  
A 5 V supply with decoupling caps is required, and the power nets must be
connected to the VCC and GND pins of the device.

**Choice of symbols and placement**

| Symbol | Library | Reference | Value | Position (relative to a central point) | Rotation | Mirror |
|--------|---------|-----------|-------|----------------------------------------|----------|--------|
| 74HC14 | 74xx | U1 | 74HC14 | (150 mm, 110 mm) – the centre of the sheet | 0° (default) | None |
| GND | power | #PWR_GND | GND | 7 mm below U1 | 0° | None |
| VCC | power | #PWR_VCC | +5 V | 8 mm above U1 | 0° | None |
| Decoupling C1 | Device | C1 | 0.1 µF | 3 mm left, 7 mm below U1 | 0° | None |
| Decoupling C2 | Device | C2 | 0.1 µF | 3 mm left, 7 mm above U1 | 0° | None |

The offsets are chosen so that the symbols do not overlap; the VCC and GND
pins of the IC are already at the top and bottom of the symbol, so the
decoupling caps can be placed close to them for a clean layout.

**Adding the symbols**

The helper `add_schematic_symbol()` is called with the parameters above.
The centre of the board is (150 mm, 110 mm) – this keeps the circuit in the
middle of the A4 sheet.  
All symbols use the default orientation (0°) except the IC, which is left
unrotated so that the input pins are on the left side and the output pins on
the right side – this matches the usual “left‑to‑right” reading order.

**Creating global labels**

For each output pin we create a label so that the schematic can be
connected to external circuitry.  
Example: the output of gate 1 is pin 2 (output) and the input of the same
gate is pin 1.  
After the symbol is added we call `get_pin_location()` to find the exact
coordinates of a pin.  The label is placed a few millimetres to the left
or right of the pin so that the wire can be drawn cleanly.

The arguments of `add_label()` are:

* `label_pos` – the (x,y) of the pin plus a small offset  
* `label_text` – the human‑readable name, e.g. “IN1” or “OUT1”  
* `label_ref` – a unique identifier for the label (used in later `connect_pins()` calls)  
* `label_type` – “input” for inputs, “output” for outputs  
* `text_orient` – direction of the text relative to the pin; left or right
  keeps the board tidy.

**Connecting the pins**

All connections are expressed with `connect_pins()`.  
The function takes the reference of the two symbols (or labels) and the
pin names.

1. **Power nets**  
   * GND: connect #PWR_GND to U1 pin GND (pin G).  
   * VCC: connect #PWR_VCC to U1 pin VCC (pin VCC).  

2. **Decoupling caps**  
   * C1 pin 1 to U1 pin VCC, C1 pin 2 to GND.  
   * C2 pin 1 to U1 pin VCC, C2 pin 2 to GND.  

3. **Gate connections**  
   * Each input pin is tied to its corresponding output pin via the
     output label we created.  For gate 1, the label OUT1 is connected to
     pin 2; the label IN1 is connected to pin 1.  The same pattern is
     repeated for the other five gates.  
   * The labels themselves are not connected to other symbols – they
     simply provide a reference point for external wiring.

4. **Optional pull‑ups**  
   If the user wants the inputs to default to a logic high, a 10 kΩ pull‑up
   resistor can be added from the input pin to VCC.  This is not required
   by the user’s request, so it is omitted for brevity.

**Why the chosen orientation and mirroring work**

*The 74HC14 is a dual‑C‑style symbol*: the input pins are on the left and
the outputs on the right when the symbol is unrotated.  
Keeping the symbol at 0° means the pin numbers match the physical
location: odd numbers on the left, even numbers on the right.  
Mirroring is unnecessary; a mirror would swap the left‑hand and right‑hand
pins, complicating the wire routing.

**Final step**

After all connections are added, `write_out_all_wires()` flushes the
wire list to the KiCad schematic file, producing a clean, readable
diagram that satisfies the user’s constraints.

**Summary of the logic**

* Place the 74HC14 at the centre of the page.  
* Add GND, VCC, and two 0.1 µF caps close to the power pins.  
* Create labels for all six outputs and inputs.  
* Wire the power nets to the IC and caps.  
* Connect each output label to the corresponding output pin, and each
input label to its input pin.  
* No substitutions or extra parts are introduced – the design uses only
the requested components.<|end|><|start|>assistant<|channel|>final<|message|># Auto-generated schematic symbols
import sys
import os

# Get project path and import kicad schematic interface
PROJECT_PATH = os.environ['PROJECT_PATH']
sys.path.append(PROJECT_PATH)
from modules.kicad_sch_interface import *

### Placing center symbol 1 : 74xx:74HC14###

center_x_1, center_y_1 = 150.0, 110.0

add_schematic_symbol(symbol_lib="74xx", symbol_name="74HC14", pos_x=center_x_1, pos_y=center_y_1, reference="U1", value="74HC14", rotation=0, mirror="None")

### Placing other symbols in the Schematic with respect to the center symbol 1###

add_schematic_symbol(symbol_lib="power", symbol_name="GND", pos_x=center_x_1 + (-26), pos_y=center_y_1 + (-7), reference="#PWR1", value="GND", rotation=0, mirror="None")
add_schematic_symbol(symbol_lib="Device", symbol_name="C", pos_x=center_x_1 + (-7), pos_y=center_y_1 + (-7), reference="C1", value="0.1uF", rotation=0, mirror="None")
add_schematic_symbol(symbol_lib="power", symbol_name="VCC", pos_x=center_x_1 + (-3), pos_y=center_y_1 + (12), reference="#PWR2", value="+5V", rotation=0, mirror="None")
add_schematic_symbol(symbol_lib="Device", symbol_name="C", pos_x=center_x_1 + (0), pos_y=center_y_1 + (12), reference="C2", value="0.1uF", rotation=0, mirror="None")
add_schematic_symbol(symbol_lib="power", symbol_name="VCC", pos_x=center_x_1 + (3), pos_y=center_y_1 + (12), reference="#PWR3", value="+5V", rotation=0, mirror="None")
add_schematic_symbol(symbol_lib="power", symbol_name="GND", pos_x=center_x_1 + (3), pos_y=center_y_1 + (-7), reference="#PWR4", value="GND", rotation=0, mirror="None")
add_schematic_symbol(symbol_lib="Device", symbol_name="C", pos_x=center_x_1 + (21), pos_y=center_y_1 + (12), reference="C3", value="0.1uF", rotation=0, mirror="None")
add_schematic_symbol(symbol_lib="power", symbol_name="VCC", pos_x=center_x_1 + (31), pos_y=center_y_1 + (12), reference="#PWR5", value="+5V", rotation=0, mirror="None")
add_schematic_symbol(symbol_lib="Device", symbol_name="R", pos_x=center_x_1 + (31), pos_y=center_y_1 + (-7), reference="R1", value="10k", rotation=0, mirror="None")

### Placing all global labels in the Schematic and connect them to the neighbor pin ###


### Connecting all wires in the Schematic ###


# Connecting C2 pin 2 (Pin ID 2 -- Name None) to #PWR4 pin 1 (Pin ID 1 -- Name None)
connect_pins("C2", "2", "#PWR4", "1")

# Connecting C3 pin 2 (Pin ID 2 -- Name None) to R1 pin 1 (Pin ID 1 -- Name None)
connect_pins("C3", "2", "R1", "1")

# Connecting C1 pin 2 (Pin ID 2 -- Name None) to #PWR1 pin 1 (Pin ID 1 -- Name None)
connect_pins("C1", "2", "#PWR1", "1")

# Connecting #PWR2 pin +5V (Pin ID 1 -- Name +5V) to C2 pin 1 (Pin ID 1 -- Name None)
connect_pins("#PWR2", "+5V", "C2", "1")

# Connecting #PWR5 pin +5V (Pin ID 1 -- Name +5V) to C3 pin 1 (Pin ID 1 -- Name None)
connect_pins("#PWR5", "+5V", "C3", "1")

# Connecting C2 pin 2 (Pin ID 2 -- Name None) to C3 pin 2 (Pin ID 2 -- Name None)
connect_pins("C2", "2", "C3", "2")

# Connecting #PWR2 pin +5V (Pin ID 1 -- Name +5V) to U1 pin VCC (Pin ID 14 -- Name VCC)
connect_pins("#PWR2", "+5V", "U1", "VCC")

# Connecting C1 pin 1 (Pin ID 1 -- Name None) to #PWR3 pin +5V (Pin ID 1 -- Name +5V)
connect_pins("C1", "1", "#PWR3", "+5V")

# Connecting C1 pin 2 (Pin ID 2 -- Name None) to U1 pin VCC (Pin ID 14 -- Name VCC)
connect_pins("C1", "2", "U1", "VCC")

# Connecting U1 pin 13 (Pin ID 13 -- Name None) to U1 pin 12 (Pin ID 12 -- Name None)
connect_pins("U1", "13", "U1", "12")

# Connecting U1 pin 11 (Pin ID 11 -- Name None) to U1 pin 12 (Pin ID 12 -- Name None)
connect_pins("U1", "11", "U1", "12")

# Connecting U1 pin 9 (Pin ID 9 -- Name None) to U1 pin 10 (Pin ID 10 -- Name None)
connect_pins("U1", "9", "U1", "10")

# Connecting U1 pin 7 (Pin ID 7 -- Name None) to U1 pin 8 (Pin ID 8 -- Name None)
connect_pins("U1", "7", "U1", "8")

# Connecting U1 pin 5 (Pin ID 5 -- Name None) to U1 pin 8 (Pin ID 8 -- Name None)
connect_pins("U1", "5", "U1", "8")

# Connecting U1 pin 3 (Pin ID 3 -- Name None) to U1 pin 8 (Pin ID 8 -- Name None)
connect_pins("U1", "3", "U1", "8")

# Connecting #PWR1 pin 1 (Pin ID 1 -- Name None) to U1 pin 12 (Pin ID 12 -- Name None)
connect_pins("#PWR1", "1", "U1", "12")

### Placing center symbol 2 : Device:Q_NMOS_DGS###

center_x_2, center_y_2 = 150.0, 110.0

add_schematic_symbol(symbol_lib="Device", symbol_name="Q_NMOS_DGS", pos_x=center_x_2, pos_y=center_y_2, reference="Q1", value="Q_NMOS_DGS", rotation=90, mirror="None")

### Placing other symbols in the Schematic with respect to the center symbol 2###

add_schematic_symbol(symbol_lib="Device", symbol_name="R", pos_x=center_x_2 + (0), pos_y=center_y_2 + (12), reference="R1", value="2.2k", rotation=0, mirror="None")

### Placing all global labels in the Schematic and connect them to the neighbor pin ###


### Connecting all wires in the Schematic ###


write_out_all_wires()
<|return|>
Saved generated code to /scratch/k2983/root-project/pcb-schematic-gen/SchGen/schematic_generation/t013_74hc14_generated.py
Saved raw response to /scratch/k2983/root-project/pcb-schematic-gen/SchGen/schematic_generation/t013_74hc14_generated.response.txt
