[MEMCHECK] after base_model load + per-expert MXFP4 dequant: host_maxrss=7.88GB gpu_alloc=17.36GB gpu_reserved=24.61GB gpu_peak=22.34GB
[FEEDBACK CHECK] feedback provided: False (len=0)
[MEMCHECK] before symbol_selector_llm creation: host_maxrss=7.88GB gpu_alloc=17.36GB gpu_reserved=24.61GB gpu_peak=22.34GB
[MEMCHECK] after symbol_selector_llm creation (post eager switch): host_maxrss=7.88GB gpu_alloc=17.36GB gpu_reserved=24.61GB gpu_peak=22.34GB
[RAW] prompt=Design a schematic for A simple circuit using a generic small-footprint diode. Use exactly these real components: D1 as a D_Small, in the KiCad library "Device" (Generic small-footprint diode). Do not substitute or invent a different part for any of them.
[SEQLEN] input_ids shape: torch.Size([1, 1876])
[SEQLEN] input_ids shape: torch.Size([1, 4871])
[SEQLEN] input_ids shape: torch.Size([1, 5092])
[SEQLEN] input_ids shape: torch.Size([1, 3290])
[MEMCHECK] after run_raw_test (post symbol-selection generate() call): host_maxrss=8.77GB gpu_alloc=17.37GB gpu_reserved=30.99GB gpu_peak=28.67GB
[MEMCHECK] after switching back to flash_attention_2: host_maxrss=8.77GB gpu_alloc=17.37GB gpu_reserved=30.99GB gpu_peak=28.67GB
[MEMCHECK] after gc.collect + empty_cache: host_maxrss=8.77GB gpu_alloc=17.37GB gpu_reserved=18.94GB gpu_peak=28.67GB
[MEMCHECK] after PeftModel.from_pretrained: host_maxrss=8.77GB gpu_alloc=17.43GB gpu_reserved=18.98GB gpu_peak=28.67GB
[MEMCHECK] after merge_and_unload: host_maxrss=8.77GB gpu_alloc=17.37GB gpu_reserved=25.35GB gpu_peak=28.67GB
Model raw response: <|channel|>analysis<|message|>**High‑level goal**

The user wants a minimal schematic that contains only a single generic small‑footprint diode (D1, symbol D_Small from the “Device” library).  
No extra symbols, no power rails, no other components – just the diode and a label for its anode.  
The schematic must be centered on an A4 sheet (210 × 297 mm) and use reasonable spacing so that the component does not overlap anything else.  
Because the sheet is otherwise empty, we can place the diode at the centre (≈ 105 mm + 2.3 mm, 148.5 mm + 25.5 mm) and leave a generous margin around it.

---

### 1.  Placing the diode

* **Function call** – `add_schematic_symbol(...)`
* **Library & symbol** – `"Device"` / `"D_Small"`
* **Reference** – `"D1"` (the user’s required name)
* **Value** – `"D_Small"` (kept identical to the symbol name; no footprint or part number is needed)
* **Position** –  
  * `center_x = 105.0 + 2.3 = 107.3 mm`  
  * `center_y = 148.5 + 25.5 = 174.0 mm`  
  These coordinates place the centre of the diode near the centre of the sheet while leaving ~ 2 cm of blank space on all sides.
* **Rotation** – `90°`.  
  The D_Small symbol is usually drawn with its anode (pin A) on the right and cathode (pin K) on the left.  
  Rotating the symbol 90° turns the cathode to the **bottom** and the anode to the **top**.  
  This orientation matches the typical convention for a diode that will be used as a simple reverse‑polarity protection – the cathode is connected to ground, the anode to the load, and the wire runs downwards, which makes the schematic easy to read.
* **Mirror** – `None`.  
  No mirroring is required; the 90° rotation already gives the desired pin orientation.

---

### 2.  Adding a label for the anode

The user wants a label that identifies the anode pin.  
Using a label (instead of a power symbol) keeps the schematic uncluttered.

* **Locate the anode pin** – `get_pin_location(symbol_ref="D1", pin_name="A")`.  
  This returns the absolute (x, y) coordinates of pin A relative to the sheet origin.
* **Label position** – a small offset to the right of the pin so the text does not overlap the symbol:  
  `label_pos = [x_D1_2 + 5, y_D1_2 + 0]`.  
  5 mm to the right is enough space for the 2‑point label.
* **Label text** – `"Anode"`.  
  The reference for the label is `"Anode_0"`.
* **Label type** – `"input"` (the anode is the input side of the diode).
* **Text orientation** – `"right"` so the text reads left‑to‑right next to the pin.

---

### 3.  Connecting the label to the diode

* **Function** – `connect_pins(...)`
* **Connection** – connect the label’s single pin (`"1"`) to the diode’s pin A:  
  `connect_pins("Anode_0", "1", "D1", "A")`.  
  This creates a wire that visually associates the label with the anode.

---

### 4.  Optional ground reference

The user did not ask for a ground symbol, but a complete diode schematic usually shows the cathode connected to ground.  
If we want to include it:

* Add a ground power symbol (`"power"` / `"GND"`) at the bottom of the sheet, e.g. `pos_x=107.3, pos_y=170.0`.
* Connect the diode’s cathode (`K`) to the ground symbol’s pin 1:  
  `connect_pins("D1", "K", "#PWR_GND", "1")`.  
  This wire would run straight down from the cathode to the ground symbol, reinforcing the intended use of the diode.

---

### 5.  Finalising the schematic

* **Write wires** – `write_out_all_wires()` flushes all created connections to the KiCad schematic file.
* **No extra components or labels** – the user requested only the diode, so the schematic contains just `D1`, the optional ground symbol, and the anode label.

---

#### Summary of function arguments

| Function | Purpose | Key arguments | Reasoning |
|----------|---------|---------------|-----------|
| `add_schematic_symbol` | Place a symbol | `symbol_lib="Device"`, `symbol_name="D_Small"`, `pos_x`, `pos_y`, `reference="D1"`, `value="D_Small"`, `rotation=90`, `mirror=None` | Positions the diode centrally, rotates for readable pin orientation, no mirroring needed. |
| `get_pin_location` | Retrieve absolute pin coordinates | `symbol_ref="D1"`, `pin_name="A"` | Needed to place the label right next to the anode. |
| `add_label` | Add a text label | `label_pos=[x+5, y]`, `label_text="Anode"`, `label_ref="Anode_0"`, `label_type="input"`, `text_orient="right"` | Keeps the label close but non‑overlapping; orientation matches the diode’s anode side. |
| `connect_pins` | Wire symbols/labels | `sym_a="Anode_0"`, `pin_a="1"`, `sym_b="D1"`, `pin_b="A"` | Connects the label to the anode pin. |
| `write_out_all_wires` | Finalise wires | None | Generates the KiCad schematic file with all wires. |

All positional calculations are expressed in millimetres, consistent with KiCad’s coordinate system. The schematic is now a clean, self‑contained representation of a single generic small‑footprint diode with an explicit anode label and, if desired, a ground reference.<|end|><|start|>assistant<|channel|>final<|message|># Auto-generated schematic symbols
import sys
import os

# Get project path and import kicad schematic interface
PROJECT_PATH = os.environ['PROJECT_PATH']
sys.path.append(PROJECT_PATH)
from modules.kicad_sch_interface import *

### Placing center symbol 1 : Device:D_Small###

center_x_1, center_y_1 = 150.0, 110.0

add_schematic_symbol(symbol_lib="Device", symbol_name="D_Small", pos_x=center_x_1, pos_y=center_y_1, reference="D1", value="D_Small", rotation=90, mirror="None")

### Placing other symbols in the Schematic with respect to the center symbol 1###


### Placing all global labels in the Schematic and connect them to the neighbor pin ###


### Connecting all wires in the Schematic ###


write_out_all_wires()
<|return|>
Saved generated code to /scratch/k2983/root-project/pcb-schematic-gen/SchGen/schematic_generation/t013_d_small_generated.py
Saved raw response to /scratch/k2983/root-project/pcb-schematic-gen/SchGen/schematic_generation/t013_d_small_generated.response.txt
