[MEMCHECK] after base_model load + per-expert MXFP4 dequant: host_maxrss=7.88GB gpu_alloc=17.36GB gpu_reserved=24.61GB gpu_peak=22.34GB
[FEEDBACK CHECK] feedback provided: False (len=0)
[MEMCHECK] before symbol_selector_llm creation: host_maxrss=7.88GB gpu_alloc=17.36GB gpu_reserved=24.61GB gpu_peak=22.34GB
[MEMCHECK] after symbol_selector_llm creation (post eager switch): host_maxrss=7.88GB gpu_alloc=17.36GB gpu_reserved=24.61GB gpu_peak=22.34GB
[RAW] prompt=Design a schematic for A simple circuit using the Lattice GAL16V8 programmable array logic (PAL/GAL) to perform a basic logic function. Use exactly these real components: U1 as a GAL16V8, in the KiCad library "Logic_Programmable" (Lattice GAL16V8 programmable array logic (PAL/GAL). 20-pin DIP. Electrically erasable, CMOS.). Do not substitute or invent a different part for any of them.
[SEQLEN] input_ids shape: torch.Size([1, 1915])
[SEQLEN] input_ids shape: torch.Size([1, 4910])
[SEQLEN] input_ids shape: torch.Size([1, 4910])
[SEQLEN] input_ids shape: torch.Size([1, 4910])
Azure CLI not found on path
[SEQLEN] input_ids shape: torch.Size([1, 5131])
[SEQLEN] input_ids shape: torch.Size([1, 3329])
[SEQLEN] input_ids shape: torch.Size([1, 3329])
[SEQLEN] input_ids shape: torch.Size([1, 3329])
Azure CLI not found on path
[MEMCHECK] after run_raw_test (post symbol-selection generate() call): host_maxrss=8.77GB gpu_alloc=17.37GB gpu_reserved=31.16GB gpu_peak=28.78GB
[MEMCHECK] after switching back to flash_attention_2: host_maxrss=8.77GB gpu_alloc=17.37GB gpu_reserved=31.16GB gpu_peak=28.78GB
[MEMCHECK] after gc.collect + empty_cache: host_maxrss=8.77GB gpu_alloc=17.37GB gpu_reserved=18.94GB gpu_peak=28.78GB
[MEMCHECK] after PeftModel.from_pretrained: host_maxrss=8.77GB gpu_alloc=17.43GB gpu_reserved=18.98GB gpu_peak=28.78GB
[MEMCHECK] after merge_and_unload: host_maxrss=8.77GB gpu_alloc=17.37GB gpu_reserved=25.35GB gpu_peak=28.78GB
Model raw response: <|channel|>analysis<|message|>**High‑level goal**

The user wants a schematic that contains only three real parts:

1. **U1 – Lattice GAL16V8** (20‑pin DIP, 0.5 mm pitch, 4 mm × 8.5 mm).  
2. **LED_Small** (Device LED, two‑pin, 6 mm × 7 mm).  
3. **R** (Device R, two‑pin, 10 mm × 5 mm).  

No other symbols (power nets, labels, etc.) may be added. The schematic must be centered on an A4 sheet (210 × 297 mm).  
The only function to implement is a simple logic function, e.g. a NOT gate on one input pin of the GAL. The output will drive the LED; a pull‑up resistor is inserted between VCC and the GAL input to bias the input high.

**Placement strategy**

*The GAL* sits at the centre of the sheet  
```
center_x = 105.0   (half of 210)
center_y = 148.5   (half of 297)
```
The two‑pin LED is placed to the right of the GAL, a short distance so that the pin‑to‑pin wire is short and the schematic remains compact.  
The resistor is placed above the GAL, directly between VCC (power pin 9) and the input pin we want to bias (say pin I2/CLK).  
The 0 V (GND) pin of the GAL is left in its normal position – no dedicated GND symbol is required because the user did not request any.

**Symbol arguments**

| Symbol | lib | name | pos | ref | value | rot | mir |
|--------|-----|------|-----|-----|-------|-----|-----|
| GAL | Logic_Programmable | GAL16V8 | (105,148.5) | U1 | GAL16V8 | 0° | None |
| LED | Device | LED_Small | (150,140) | D1 | LED | 90° | None |
| R | Device | R | (140,160) | R1 | 10K | 0° | None |
| VCC | power | +1V8 (or +2.5 V) | (105,165) | #PWR1 | +1V8 | 0° | None |

*Rotation*:  
- The GAL is left at 0° because its pins are already oriented vertically and horizontally; a 90° rotation would complicate the wire routing.  
- The LED is rotated 90° so that its cathode (K) points toward the GAL’s pin I10/~{OE}, making the connection straight‑forward.  
- The resistor is kept at 0°; its ends will be aligned vertically with the VCC and I10/~{OE} pins.

**Connections (via `connect_pins`)**

1. **VCC to R1**  
   `connect_pins("#PWR1", "+1V8", "R1", "1")`  
   Pin 1 of the resistor is tied to the VCC net.

2. **R1 to I10/~{OE} of the GAL**  
   GAL pin I10/~{OE} is an active‑low output enable. By pulling it high through R1, the GAL is enabled.  
   `connect_pins("R1", "2", "U1", "I10/~{OE}")`

3. **U1 I2/CLK to LED K**  
   The GAL’s clock input (I2/CLK) is used as a simple logic input. The output of the GAL will be the inversion of that input.  
   `connect_pins("U1", "I2/CLK", "D1", "K")`  

4. **LED A to GND**  
   The LED cathode is already connected to the GAL pin; the anode must go to ground.  
   `connect_pins("D1", "A", "#PWR_GND", "1")`  
   (Assuming we have a global GND power symbol; if not, leave it open.)

5. **Optional: Add a pull‑up from VCC to the GAL’s VCC pin**  
   `connect_pins("#PWR1", "+1V8", "U1", "VCC")`  
   This ensures the GAL’s supply is tied to the correct voltage.

**Label handling**

The spec forbids explicit labels, so we avoid `add_label`. If the user wants to annotate the input pin, we could place a small text annotation next to the pin using `add_label`, but we’ll skip this step to keep the schematic minimal.

**Wire generation**

After all `connect_pins` calls we invoke  
`write_out_all_wires()`  
which flushes the wire list to the KiCad schematic file.

**Why this layout works**

* The GAL occupies the centre, giving the schematic a balanced look.  
* The resistor and VCC are vertically aligned, so the wire runs straight down to the GAL input.  
* The LED is to the right; its cathode connects directly to the GAL pin, and the anode goes straight down to GND.  
* No mirrors are required because the default orientations already align the pins in the desired directions.  
* The 10 kΩ resistor value is a typical pull‑up; it is large enough to not load the GAL but small enough to bias quickly.

**Summary of key function arguments**

- `add_schematic_symbol(symbol_lib, symbol_name, pos_x, pos_y, reference, value, rotation, mirror)`  
  *Used to place U1, R1, D1, and VCC symbols with the proper coordinates and orientations.*

- `connect_pins(sym_a, pin_a, sym_b, pin_b)`  
  *Used to wire: VCC → R1 → GAL I10/~{OE}; GAL I2/CLK → LED K; LED A → GND; optional VCC → GAL VCC.*

- `write_out_all_wires()`  
  *Finalizes the schematic.*

All arguments are chosen to keep the schematic clear, compact, and functional while strictly obeying the user’s “exactly these real components” rule.<|end|><|start|>assistant<|channel|>final<|message|># Auto-generated schematic symbols
import sys
import os

# Get project path and import kicad schematic interface
PROJECT_PATH = os.environ['PROJECT_PATH']
sys.path.append(PROJECT_PATH)
from modules.kicad_sch_interface import *

### Placing center symbol 1 : Logic_Programmable:GAL16V8###

center_x_1, center_y_1 = 150.0, 110.0

add_schematic_symbol(symbol_lib="Logic_Programmable", symbol_name="GAL16V8", pos_x=center_x_1, pos_y=center_y_1, reference="U1", value="GAL16V8", rotation=0, mirror="None")

### Placing other symbols in the Schematic with respect to the center symbol 1###

add_schematic_symbol(symbol_lib="Device", symbol_name="R", pos_x=center_x_1 + (-19), pos_y=center_y_1 + (-13), reference="R1", value="R", rotation=180, mirror="None")
add_schematic_symbol(symbol_lib="power", symbol_name="+1V8", pos_x=center_x_1 + (0), pos_y=center_y_1 + (22), reference="#PWR1", value="+1V8", rotation=0, mirror="None")
add_schematic_symbol(symbol_lib="Device", symbol_name="LED_Small", pos_x=center_x_1 + (15), pos_y=center_y_1 + (19), reference="LED1", value="LED_Small", rotation=90, mirror="None")

### Placing all global labels in the Schematic and connect them to the neighbor pin ###


### Connecting all wires in the Schematic ###


# Connecting #PWR1 pin +1V8 (Pin ID 1 -- Name +1V8) to U1 pin VCC (Pin ID 9 -- Name VCC)
connect_pins("#PWR1", "+1V8", "U1", "VCC")

# Connecting R1 pin 1 (Pin ID 1 -- Name None) to U1 pin I10/~{OE} (Pin ID 17 -- Name I10/~{OE})
connect_pins("R1", "1", "U1", "I10/~{OE}")

# Connecting U1 pin D (Pin ID 1 -- Name D) to LED1 pin K (Pin ID 1 -- Name K)
connect_pins("U1", "D", "LED1", "K")

write_out_all_wires()
<|return|>
Saved generated code to /scratch/k2983/root-project/pcb-schematic-gen/SchGen/schematic_generation/t013_gal16v8_generated.py
Saved raw response to /scratch/k2983/root-project/pcb-schematic-gen/SchGen/schematic_generation/t013_gal16v8_generated.response.txt
