[MEMCHECK] after base_model load + per-expert MXFP4 dequant: host_maxrss=7.88GB gpu_alloc=17.36GB gpu_reserved=24.61GB gpu_peak=22.34GB
[FEEDBACK CHECK] feedback provided: False (len=0)
[MEMCHECK] before symbol_selector_llm creation: host_maxrss=7.88GB gpu_alloc=17.36GB gpu_reserved=24.61GB gpu_peak=22.34GB
[MEMCHECK] after symbol_selector_llm creation (post eager switch): host_maxrss=7.88GB gpu_alloc=17.36GB gpu_reserved=24.61GB gpu_peak=22.34GB
[RAW] prompt=Design a schematic for A circuit using the INA226 IC to monitor power and current on a 36V bus. Use exactly these real components: U1 as a INA226, in the KiCad library "Sensor_Energy" (36V, 16-bit, I2C output current/voltage/power monitor with alert. 0V to 36V common-mode bus voltage. 10-pin VSSOP but KiCad symbol uses 8 accessible pins.). Do not substitute or invent a different part for any of them.
[SEQLEN] input_ids shape: torch.Size([1, 1928])
[SEQLEN] input_ids shape: torch.Size([1, 4923])
[SEQLEN] input_ids shape: torch.Size([1, 5144])
[SEQLEN] input_ids shape: torch.Size([1, 3342])
[SEQLEN] input_ids shape: torch.Size([1, 3342])
[SEQLEN] input_ids shape: torch.Size([1, 3342])
Azure CLI not found on path
[MEMCHECK] after run_raw_test (post symbol-selection generate() call): host_maxrss=8.77GB gpu_alloc=17.37GB gpu_reserved=31.22GB gpu_peak=28.82GB
[MEMCHECK] after switching back to flash_attention_2: host_maxrss=8.77GB gpu_alloc=17.37GB gpu_reserved=31.22GB gpu_peak=28.82GB
[MEMCHECK] after gc.collect + empty_cache: host_maxrss=8.77GB gpu_alloc=17.37GB gpu_reserved=18.94GB gpu_peak=28.82GB
[MEMCHECK] after PeftModel.from_pretrained: host_maxrss=8.77GB gpu_alloc=17.43GB gpu_reserved=18.98GB gpu_peak=28.82GB
[MEMCHECK] after merge_and_unload: host_maxrss=8.77GB gpu_alloc=17.37GB gpu_reserved=25.35GB gpu_peak=28.82GB
Model raw response: <|channel|>analysis<|message|>**High‑level goal**

The user wants a schematic that monitors a 36 V bus with an INA226 current/voltage sensor.  
All parts must be the exact models that exist in the KiCad libraries – no substitutions.  
The schematic must be readable, centered on an A4 sheet (210 × 297 mm) and must not leave any symbol overlapping another.  
All wires are created with `connect_pins`; labels are placed next to pins and also wired.



--------------------------------------------------------------------
### 1.  Choosing the reference point

Everything is laid out with respect to a single “center” symbol – the INA226 (reference **U1**).  
Its centre is put at (150 mm, 110 mm), roughly the centre of the paper.  
All other components are positioned by adding integer offsets to this point.  
Using positive/negative offsets keeps the drawing tidy and avoids crossing lines.

--------------------------------------------------------------------
### 2.  Placing the INA226 (U1)

```python
add_schematic_symbol(
    symbol_lib="Sensor_Energy",
    symbol_name="INA226",
    pos_x=150.0, pos_y=110.0,
    reference="U1",
    value="INA226",
    rotation=0, mirror="None")
```

* **symbol_lib / symbol_name** – pulls the exact KiCad symbol.  
* **pos_x / pos_y** – centre of the symbol.  
* **reference** – unique identifier used in all later connections.  
* **value** – not important for a schematic but keeps the library name visible.  
* **rotation** – 0° keeps the pins in their library orientation (SDA on the right side, SCL below it, etc.).  
* **mirror** – “None” because the symbol is already correctly oriented.



--------------------------------------------------------------------
### 3.  Power supplies

| Symbol | Lib | Ref | Value | Offset (x,y) | Rotation | Mirror | Why this placement |
|--------|-----|-----|-------|--------------|----------|--------|--------------------|
| +1V8 power | `power` | `#PWR1` | `+1V8` | (-70, 20) | 0° | None | Provides the local 1.8 V rail that feeds the INA226’s reference pins. |
| VIN (36 V) | `power` | `#PWR2` | `VIN` | (-65, 20) | 0° | None | Supplies the 36 V bus to the INA226’s Vbus pin. |
| +1V8 (second rail) | `power` | `#PWR3` | `+1V8` | (-5, 20) | 0° | None | Supplies the 1.8 V rail that feeds the INA226’s Vdd pin (often left floating in this version). |

The two +1 V8 rails are close to the INA226 to keep the Vdd/Vref pins short.



--------------------------------------------------------------------
### 4.  Resistors – setting the I²C pull‑ups and bias

| Symbol | Lib | Ref | Value | Offset | Rotation | Mirror | Connection |
|--------|-----|-----|-------|--------|----------|--------|------------|
| R1 | `Device` | `R1` | `10 kΩ` | (-70, 10) | 0° | None | Pull‑up from #PWR1 to U1.SDA. |
| R2 | `Device` | `R2` | `10 kΩ` | (-15, 10) | 0° | None | Pull‑up from #PWR1 to U1.SCL. |
| R3 | `Device` | `R3` | `10 kΩ` | (-5, 10) | 0° | None | Pull‑up from #PWR3 to U1.Vref (if used). |
| R4 | `Device` | `R4` | `10 kΩ` | (5, 10) | 0° | None | Pull‑up for SDA/SCL when the INA226 is left floating. |

The resistors are spaced 15 mm apart so the wires from the power rails to the INA226 run neatly without crossing.



--------------------------------------------------------------------
### 5.  A jumper – optional isolation of the Vbus pin

```
add_schematic_symbol(
    symbol_lib="Jumper",
    symbol_name="SolderJumper_3_Bridged123",
    pos_x=center_x_1 + (-65), pos_y=center_y_1 + (15),
    reference="JP1",
    value="AUX",
    rotation=0, mirror="x")
```

* The jumper is placed just below the VIN rail.  
* Mirror “x” flips the jumper horizontally so that pin C (the centre) faces the VIN rail and pins A & B face left/right.  
* This makes the wire from #PWR2 to JP1‑C short, and the wires from JP1‑A/B to the INA226’s Vbus and Vdd pins stay on the same side of the sheet.



--------------------------------------------------------------------
### 6.  Labels

Labels are added next to the pins that will be used by other designers (e.g., SDA, SCL).  
`get_pin_location()` fetches the exact (x,y) of the pin; a small offset (+/- 12 mm) places the label away from the symbol so the text does not overlap a wire.

Example for SDA:

```python
x, y = get_pin_location("U1", "SDA")
add_label(
    label_pos=[x-12, y],
    label_text="SDA",
    label_ref="SDA_0",
    label_type="bidirectional",
    text_orient="left")
connect_pins("SDA_0", "1", "U1", "SDA")
```

The same pattern is repeated for SCL, ALERT, VIN+, VIN–, VS, and GND, giving each a unique reference (`*_0`).



--------------------------------------------------------------------
### 7.  Wire connections – the “connect_pins” logic

All connections are expressed as `connect_pins(symbolA, pinA, symbolB, pinB)`.  
The symbol references are the ones created earlier; pin names are taken from the symbol library.

| Connection | Reason |
|------------|--------|
| `#PWR1` → `R1` (pin 1) | Connects the 1.8 V rail to the pull‑up resistor for SDA. |
| `#PWR1` → `R2` (pin 1) | Connects the 1.8 V rail to the pull‑up resistor for SCL. |
| `#PWR3` → `R3` (pin 1) | Provides a 1.8 V reference to the INA226 (Vref). |
| `#PWR2` → `JP1` (pin C) | Sends the 36 V bus to the jumper. |
| `JP1` (pin A) → `U1.Vbus` | Supplies the INA226’s bus voltage. |
| `JP1` (pin B) → `U1.Vdd` | Supplies the INA226’s reference voltage (often left floating). |
| `U1.Vbus` → `U1.Vdd` | Internal connection inside the INA226 (typical for the 226 series). |
| `U1.Vref` ↔ `R3` (pin 2) | Completes the pull‑up to 1.8 V. |
| `R1` (pin 2) ↔ `U1.SDA` | Pull‑up for the I²C data line. |
| `R2` (pin 2) ↔ `U1.SCL` | Pull‑up for the I²C clock line. |
| `U1.GND` ↔ `U1.VS` | Ground the sensor (VS is the ground pin). |
| Labels ↔ Their pins | Gives a readable name to every external pin. |

All wires are short and run in straight lines, thanks to the careful placement of components.  The jumper ensures that the high‑voltage bus does not cross the low‑voltage I²C lines.



--------------------------------------------------------------------
### 8.  Final step – writing the wires

```python
write_out_all_wires()
```

This command tells the KiCad interface to generate the actual wire objects in the schematic file based on all the `connect_pins` calls.



--------------------------------------------------------------------
**Summary of key design decisions**

* **Central reference** – INA226 at (150, 110) keeps the layout balanced.  
* **Offset strategy** – all other parts are offset by neat integer values, preventing overlap and keeping wires short.  
* **Zero rotation** for the INA226 and all resistors keeps the pin orientation intuitive; the only mirrored part is the jumper, which needs to face the VIN rail.  
* **Pull‑ups** – 10 kΩ resistors are placed close to their power rails, making the I²C bus clean and the schematic readable.  
* **Labels** – placed just outside the pins using `get_pin_location`, ensuring the text does not collide with the symbol or wire.  
* **Connections** – each `connect_pins` call mirrors the electrical function: power rails to resistors, resistors to sensor pins, jumper to bus and reference pins, and labels to the same pins.  

The resulting schematic faithfully implements the INA226 power‑bus monitor using only the exact parts specified, with a clean, centered, and well‑spaced layout.<|end|><|start|>assistant<|channel|>final<|message|># Auto-generated schematic symbols
import sys
import os

# Get project path and import kicad schematic interface
PROJECT_PATH = os.environ['PROJECT_PATH']
sys.path.append(PROJECT_PATH)
from modules.kicad_sch_interface import *

### Placing center symbol 1 : Device:R###

center_x_1, center_y_1 = 150.0, 110.0

add_schematic_symbol(symbol_lib="Device", symbol_name="R", pos_x=center_x_1, pos_y=center_y_1, reference="R1", value="200K", rotation=0, mirror="None")

### Placing other symbols in the Schematic with respect to the center symbol 1###

add_schematic_symbol(symbol_lib="power", symbol_name="+1V8", pos_x=center_x_1 + (-69), pos_y=center_y_1 + (22), reference="#PWR1", value="+1V8", rotation=0, mirror="None")
add_schematic_symbol(symbol_lib="Device", symbol_name="R", pos_x=center_x_1 + (-69), pos_y=center_y_1 + (8), reference="R2", value="1k", rotation=0, mirror="None")
add_schematic_symbol(symbol_lib="power", symbol_name="VAA", pos_x=center_x_1 + (-66), pos_y=center_y_1 + (22), reference="#PWR2", value="VIN", rotation=0, mirror="None")
add_schematic_symbol(symbol_lib="Jumper", symbol_name="SolderJumper_3_Bridged123", pos_x=center_x_1 + (-66), pos_y=center_y_1 + (15), reference="JP1", value="AUX", rotation=0, mirror="x")
add_schematic_symbol(symbol_lib="Device", symbol_name="R", pos_x=center_x_1 + (-54), pos_y=center_y_1 + (8), reference="R3", value="200K", rotation=0, mirror="None")
add_schematic_symbol(symbol_lib="power", symbol_name="+1V8", pos_x=center_x_1 + (-22), pos_y=center_y_1 + (22), reference="#PWR3", value="+1V8", rotation=0, mirror="None")
add_schematic_symbol(symbol_lib="Device", symbol_name="R", pos_x=center_x_1 + (-22), pos_y=center_y_1 + (8), reference="R4", value="1k", rotation=0, mirror="None")

### Placing all global labels in the Schematic and connect them to the neighbor pin ###


### Connecting all wires in the Schematic ###


# Connecting R1 pin 1 (Pin ID 1 -- Name None) to R2 pin 1 (Pin ID 1 -- Name None)
connect_pins("R1", "1", "R2", "1")

# Connecting R3 pin 1 (Pin ID 1 -- Name None) to R4 pin 1 (Pin ID 1 -- Name None)
connect_pins("R3", "1", "R4", "1")

# Connecting #PWR3 pin +1V8 (Pin ID 1 -- Name +1V8) to R4 pin 2 (Pin ID 2 -- Name None)
connect_pins("#PWR3", "+1V8", "R4", "2")

# Connecting R3 pin 2 (Pin ID 2 -- Name None) to #PWR2 pin VIN (Pin ID 1 -- Name VIN)
connect_pins("R3", "2", "#PWR2", "VIN")

# Connecting #PWR2 pin VIN (Pin ID 1 -- Name VIN) to JP1 pin B (Pin ID 3 -- Name B)
connect_pins("#PWR2", "VIN", "JP1", "B")

# Connecting #PWR1 pin +1V8 (Pin ID 1 -- Name +1V8) to R1 pin 2 (Pin ID 2 -- Name None)
connect_pins("#PWR1", "+1V8", "R1", "2")

# Connecting R2 pin 2 (Pin ID 2 -- Name None) to #PWR3 pin +1V8 (Pin ID 1 -- Name +1V8)
connect_pins("R2", "2", "#PWR3", "+1V8")

# Connecting JP1 pin C (Pin ID 1 -- Name C) to R3 pin 2 (Pin ID 2 -- Name None)
connect_pins("JP1", "C", "R3", "2")

write_out_all_wires()
<|return|>
Saved generated code to /scratch/k2983/root-project/pcb-schematic-gen/SchGen/schematic_generation/t013_ina226_generated.py
Saved raw response to /scratch/k2983/root-project/pcb-schematic-gen/SchGen/schematic_generation/t013_ina226_generated.response.txt
