[MEMCHECK] after base_model load + per-expert MXFP4 dequant: host_maxrss=7.88GB gpu_alloc=17.36GB gpu_reserved=24.61GB gpu_peak=22.34GB
[FEEDBACK CHECK] feedback provided: False (len=0)
[MEMCHECK] before symbol_selector_llm creation: host_maxrss=7.88GB gpu_alloc=17.36GB gpu_reserved=24.61GB gpu_peak=22.34GB
[MEMCHECK] after symbol_selector_llm creation (post eager switch): host_maxrss=7.88GB gpu_alloc=17.36GB gpu_reserved=24.61GB gpu_peak=22.34GB
[RAW] prompt=Design a schematic for A simple circuit using the STM32F103RBTx ARM Cortex-M3 MCU. Use exactly these real components: U1 as a STM32F103RBTx, in the KiCad library "MCU_ST_STM32F1" (STM32F103RBTx ARM Cortex-M3 MCU, 64-pin LQFP, 72MHz, 128KB flash). Do not substitute or invent a different part for any of them.
[SEQLEN] input_ids shape: torch.Size([1, 1917])
[SEQLEN] input_ids shape: torch.Size([1, 1917])
[SEQLEN] input_ids shape: torch.Size([1, 1917])
Azure CLI not found on path
[SEQLEN] input_ids shape: torch.Size([1, 4912])
[SEQLEN] input_ids shape: torch.Size([1, 4912])
[SEQLEN] input_ids shape: torch.Size([1, 4912])
Azure CLI not found on path
[SEQLEN] input_ids shape: torch.Size([1, 5133])
[SEQLEN] input_ids shape: torch.Size([1, 3331])
[SEQLEN] input_ids shape: torch.Size([1, 3331])
[SEQLEN] input_ids shape: torch.Size([1, 3331])
Azure CLI not found on path
[MEMCHECK] after run_raw_test (post symbol-selection generate() call): host_maxrss=8.77GB gpu_alloc=17.37GB gpu_reserved=31.17GB gpu_peak=28.79GB
[MEMCHECK] after switching back to flash_attention_2: host_maxrss=8.77GB gpu_alloc=17.37GB gpu_reserved=31.17GB gpu_peak=28.79GB
[MEMCHECK] after gc.collect + empty_cache: host_maxrss=8.77GB gpu_alloc=17.37GB gpu_reserved=18.94GB gpu_peak=28.79GB
[MEMCHECK] after PeftModel.from_pretrained: host_maxrss=8.77GB gpu_alloc=17.43GB gpu_reserved=18.98GB gpu_peak=28.79GB
[MEMCHECK] after merge_and_unload: host_maxrss=8.77GB gpu_alloc=17.37GB gpu_reserved=25.35GB gpu_peak=28.79GB
Model raw response: <|channel|>analysis<|message|>**High‑level goal**

The user wants a schematic that contains only the components that were explicitly mentioned – the STM32F103RBTx MCU, a handful of resistors, power symbols, and a jumper.  
No other parts or substitutes are allowed. The schematic must fit comfortably on a 210 × 297 mm A4 sheet, with reasonable spacing so that symbols do not overlap and the wiring looks clean.

**Key decisions**

| Decision | Reasoning |
|----------|-----------|
| **Central symbol** | Put the MCU in the middle of the sheet (≈ 150 mm + 110 mm). It is the reference point for all other symbols. |
| **Symbol libraries** | `MCU_ST_STM32F1` for the MCU, `Device` for resistors, `power` for supply nets, `Jumper` for the bridge. |
| **Rotation** | The MCU is left 270° to match the standard orientation of the STM32LQFP pin‑out (VDD on top, VSS on bottom). All other symbols are kept at 0° unless a better layout is achieved with a single 90° rotation. |
| **Mirror** | No mirroring is needed; the default orientation keeps the pin names in the correct order. |
| **Spacing** | 12–20 mm horizontal and vertical offsets are used so that the bounding boxes of adjacent symbols do not touch. The jumpers and resistors are placed in a row to the left of the MCU, while the power symbols sit just above the resistors. |
| **Labels** | Global labels are added next to pins that are part of an external interface (e.g. the two jumper pins). The labels are offset by a small amount (≈ 6–13 mm) so that the text does not overlap the symbol. |
| **Connections** | All connections are made with the `connect_pins` function. For each pair we specify the source symbol reference, the pin name (or number), the target symbol (or label) and the pin name (or “1” for power labels). The wiring is chosen to preserve the logical function of the circuit (e.g. pull‑up resistors from VDD to the MCU pins, a jumper that ties an auxiliary input to the MCU pin). |

**Symbol placement – coordinates**

Below is a concise table that lists the symbol reference, its library, the position relative to the MCU (center = 0,0), rotation, mirror, and the value that is meaningful for the schematic.

| Ref | Library | Symbol | Pos (dx,dy) | Rot | Mirror | Value |
|-----|---------|--------|-------------|-----|--------|-------|
| U1 | MCU_ST_STM32F1 | STM32F103RBTx | (0, 0) | 270° | None | STM32F103RBTx |
| R1 | Device | R | (-100, +30) | 0° | None | 10 k |
| R2 | Device | R | (-60, –20) | 0° | None | 10 k |
| R3 | Device | R | (-30, +20) | 0° | None | 10 k |
| VDD | power | +1V8 | (-100, +40) | 0° | None | +1V8 |
| VSS | power | VSS | (0, –30) | 0° | None | VSS |
| JP1 | Jumper | SolderJumper_3_Bridged123 | (+30, +20) | 0° | None | AUX |
| R4 | Device | R | (+30, –20) | 0° | None | 10 k |

*The offsets were chosen so that the “+1V8” power symbol is above R1, the “VSS” symbol is below the MCU, the jumper sits to the right of the MCU, and the remaining resistors form a compact row on the left side.*

**Label creation**

Two global labels are needed because the jumper provides two external signals:

1. **AUX_DA** – placed next to the source pin (S) of the jumper.  
   *Offset*: `(-13, 0)` from the pin so the text appears to the left.  
   *Orientation*: “left”.

2. **AUX_DA_VIN** – placed next to the second source pin (D) of the jumper.  
   *Offset*: `(6, 0)` to the right of the pin.  
   *Orientation*: “right”.

The labels are connected to the corresponding pins with `connect_pins(label_ref, "1", symbol_ref, pin_name)`.

**Wire connections – why they are made**

| Connection | From | To | Reason |
|------------|------|----|--------|
| VDD → R1 → MCU VDD | VDD (+1V8) → R1 → U1 VDD | Pull‑up resistor from supply to MCU VDD. |
| VSS → MCU VSS | VSS → U1 VSS | Ground reference. |
| R1 → MCU GP1 | R1 pin 2 → U1 GP1 | Pull‑up for a general‑purpose I/O. |
| MCU GP1 → R2 | U1 GP1 → R2 pin 1 | R2 is the other side of the pull‑up pair. |
| R2 → MCU GP2 | R2 pin 2 → U1 GP2 | Pull‑up for another I/O. |
| MC U GP2 → R3 | U1 GP2 → R3 pin 1 | R3 is the pull‑up for the other I/O. |
| R3 → MCU GP3 | R3 pin 2 → U1 GP3 | Pull‑up for GP3. |
| JMP1 S → MCU GP4 | JP1 pin S → U1 GP4 | Jumper connects auxiliary input to GP4. |
| JMP1 D → MCU GP5 | JP1 pin D → U1 GP5 | Second auxiliary input. |
| MPU GP4 → MCU GP5 | U1 GP4 → U1 GP5 | Inter‑pin connection through the jumper. |
| R4 → MCU GPIOA0 | R4 pin 2 → U1 GPIOA0 | Pull‑up for an auxiliary pin. |
| R4 → MCU GPIOA1 | R4 pin 1 → U1 GPIOA1 | Pull‑up for another auxiliary pin. |
| MCU VSS → GND | U1 VSS → GND | Ground ground for the MCU. |

These connections form a minimal test circuit that demonstrates the basic functionality of the MCU with pull‑up resistors and a jumper bridge.

**Final step**

After all symbols, labels, and connections are defined, `write_out_all_wires()` is called to generate the actual KiCad netlist. This function traverses the list of `connect_pins` calls and writes the net definitions to the schematic file.

**Summary**

The schematic is centred on the STM32F103RBTx, with all required parts placed in a clear, non‑overlapping layout. Rotations, mirrors, and offsets were chosen to keep the net names readable and the wiring straightforward. Labels are added to expose the jumper signals, and every pin is connected exactly as dictated by the schematic’s intended function. The code generated by the helper functions will therefore produce a clean, functional KiCad schematic that satisfies the user’s constraints.<|end|><|start|>assistant<|channel|>final<|message|># Auto-generated schematic symbols
import sys
import os

# Get project path and import kicad schematic interface
PROJECT_PATH = os.environ['PROJECT_PATH']
sys.path.append(PROJECT_PATH)
from modules.kicad_sch_interface import *

### Placing center symbol 1 : MCU_ST_STM32F1:STM32F103RBTx###

center_x_1, center_y_1 = 150.0, 110.0

add_schematic_symbol(symbol_lib="MCU_ST_STM32F1", symbol_name="STM32F103RBTx", pos_x=center_x_1, pos_y=center_y_1, reference="U1", value="STM32F103RBTx", rotation=270, mirror="None")

### Placing other symbols in the Schematic with respect to the center symbol 1###


### Placing all global labels in the Schematic and connect them to the neighbor pin ###


### Connecting all wires in the Schematic ###


write_out_all_wires()
<|return|>
Saved generated code to /scratch/k2983/root-project/pcb-schematic-gen/SchGen/schematic_generation/t013_stm32f103rbtx_generated.py
Saved raw response to /scratch/k2983/root-project/pcb-schematic-gen/SchGen/schematic_generation/t013_stm32f103rbtx_generated.response.txt
