[MEMCHECK] after base_model load + per-expert MXFP4 dequant: host_maxrss=7.88GB gpu_alloc=17.36GB gpu_reserved=24.61GB gpu_peak=22.34GB
[FEEDBACK CHECK] feedback provided: False (len=0)
[MEMCHECK] before symbol_selector_llm creation: host_maxrss=7.88GB gpu_alloc=17.36GB gpu_reserved=24.61GB gpu_peak=22.34GB
[MEMCHECK] after symbol_selector_llm creation (post eager switch): host_maxrss=7.88GB gpu_alloc=17.36GB gpu_reserved=24.61GB gpu_peak=22.34GB
[RAW] prompt=Design a schematic for A simple circuit using a Schottky barrier rectifier to rectify AC voltage. Use exactly these real components: D1 as a SS34, in the KiCad library "Diode" (Schottky barrier rectifier, 40 V 3 A, SMA SMD. Pin names use ~ (unnamed); use pin numbers: pin A is anode, pin C is cathode.). Do not substitute or invent a different part for any of them.
[SEQLEN] input_ids shape: torch.Size([1, 1917])
[SEQLEN] input_ids shape: torch.Size([1, 4912])
[SEQLEN] input_ids shape: torch.Size([1, 4912])
[SEQLEN] input_ids shape: torch.Size([1, 4912])
Azure CLI not found on path
[SEQLEN] input_ids shape: torch.Size([1, 5133])
[SEQLEN] input_ids shape: torch.Size([1, 3331])
[MEMCHECK] after run_raw_test (post symbol-selection generate() call): host_maxrss=8.77GB gpu_alloc=17.37GB gpu_reserved=31.17GB gpu_peak=28.79GB
[MEMCHECK] after switching back to flash_attention_2: host_maxrss=8.77GB gpu_alloc=17.37GB gpu_reserved=31.17GB gpu_peak=28.79GB
[MEMCHECK] after gc.collect + empty_cache: host_maxrss=8.77GB gpu_alloc=17.37GB gpu_reserved=18.94GB gpu_peak=28.79GB
[MEMCHECK] after PeftModel.from_pretrained: host_maxrss=8.77GB gpu_alloc=17.43GB gpu_reserved=18.98GB gpu_peak=28.79GB
[MEMCHECK] after merge_and_unload: host_maxrss=8.77GB gpu_alloc=17.37GB gpu_reserved=25.35GB gpu_peak=28.79GB
Model raw response: <|channel|>analysis<|message|>**High‑level goal**

The user wants a one‑pin rectifier block for a simple AC‑to‑DC bridge.  
Only a single Schottky barrier rectifier (SS34) is required, no extra
components such as input capacitors or filtering networks are to be
added.  
The schematic must be centred on an A4 page (210 × 297 mm) and the
SS34 symbol must stay in the centre of the drawing.

The only symbol we will add is:

```
symbol_lib = "Diode"
symbol_name = "SS34"
```

The SS34 has two pins:  
* **K** – Cathode (pin number 1)  
* **A** – Anode (pin number 2)

The pin locations are relative to the symbol centre:  
K is at (‑3.81 mm, 0) and A is at (+3.81 mm, 0).  
Because the symbol is a straight bar, a rotation of 0° keeps the
anode on the right side and the cathode on the left side – exactly what
the user expects for a rectifier.

**Placement strategy**

The centre of the page is at (105 mm, 148.5 mm).  
We will place the SS34 at (150 mm, 110 mm) – a little lower than the
mid‑point so the symbol appears centred horizontally but has a little
room above it for the AC source label.  
All other symbols (none in this case) would have been positioned
relative to this centre point, but since we only have one component,
the layout is trivial.

**Adding the symbol**

```
add_schematic_symbol(
    symbol_lib="Diode",
    symbol_name="SS34",
    pos_x=150.0,                # centre X
    pos_y=110.0,                # centre Y
    reference="D1",              # unique reference
    value="SS34",                # value field is the part number
    rotation=0,                  # A on the right, K on the left
    mirror=None                  # no mirroring needed
)
```

* `pos_x`/`pos_y` place the centre of the symbol.  
* `reference="D1"` will be the label shown in the schematic.  
* `value="SS34"` is required by KiCad to show the part number on the
  symbol.  
* `rotation=0` keeps the natural orientation of the symbol.  
* `mirror=None` ensures the symbol is not flipped.

**Label placement**

The user would normally add input and output labels, but the request
explicitly says “no substitute or invent a different part”.  
Therefore we provide only the two labels that make the purpose clear:

* **A** – the anode (DC output)  
* **K** – the cathode (current return)

We position the labels a few millimetres away from the respective pins
to avoid clutter.

```
# Get pin coordinates
x_K, y_K = get_pin_location("D1", "K")
x_A, y_A = get_pin_location("D1", "A")

# Add label for cathode (left of the symbol)
add_label(
    label_pos=[x_K - 5, y_K],       # 5 mm to the left
    label_text="K",
    label_ref="K_lbl",
    label_type="output",            # cathode is an output path
    text_orient="left"              # text on the left side
)

# Add label for anode (right of the symbol)
add_label(
    label_pos=[x_A + 5, y_A],       # 5 mm to the right
    label_text="A",
    label_ref="A_lbl",
    label_type="input",             # anode receives the DC side
    text_orient="right"
)
```

* `get_pin_location` returns the absolute coordinates of the pin.  
* The offset of `±5 mm` keeps the label clear of the symbol.  
* `label_type` follows the electrical function: the anode is an input
  to the rest of the circuit, the cathode is an output (return path).  
* `text_orient` places the text on the side that matches the pin
  location, improving readability.

**Electrical connections**

The SS34 is a two‑pin device; no other components are needed.  
The only necessary connection is to wire the pin “K” to the
circuit’s return path and the pin “A” to the DC output.  
Because the schematic is a single isolated block we simply leave the
connections implicit – the user can connect them to the AC source and
load later.  
If we wanted to be explicit we would add two dummy power symbols:

```
# Power symbol for AC source (VIN)
add_schematic_symbol(..., reference="#PWR1", value="VIN", ...)

# Connect VIN to K
connect_pins("#PWR1", "VIN", "D1", "K")

# Power symbol for DC output (+VDC)
add_schematic_symbol(..., reference="#PWR2", value="+VDC", ...)

# Connect A to +VDC
connect_pins("D1", "A", "#PWR2", "+VDC")
```

However, the user did not ask for these, so we omit them.

**Writing out the wires**

Finally we flush the wire list to the schematic file:

```
write_out_all_wires()
```

This command serialises all `connect_pins` calls made earlier.

**Summary of the reasoning**

1. **Component selection** – Only the SS34 is permitted.  
2. **Symbol placement** – Centered at (150 mm, 110 mm) with no rotation or mirroring.  
3. **Label placement** – Two labels (K and A) positioned 5 mm away from the pins, with appropriate orientation and type.  
4. **Connections** – No explicit connections are required for a single‑device block; optional power pins are omitted as per the user’s instruction.  
5. **Wire export** – `write_out_all_wires()` finalises the schematic.

All function arguments are chosen to keep the drawing neat, centred,
and readable while strictly following the user’s component list.<|end|><|start|>assistant<|channel|>final<|message|># Auto-generated schematic symbols
import sys
import os

# Get project path and import kicad schematic interface
PROJECT_PATH = os.environ['PROJECT_PATH']
sys.path.append(PROJECT_PATH)
from modules.kicad_sch_interface import *

### Placing center symbol 1 : Diode:SS34###

center_x_1, center_y_1 = 150.0, 110.0

add_schematic_symbol(symbol_lib="Diode", symbol_name="SS34", pos_x=center_x_1, pos_y=center_y_1, reference="D1", value="SS34", rotation=0, mirror="None")

### Placing other symbols in the Schematic with respect to the center symbol 1###


### Placing all global labels in the Schematic and connect them to the neighbor pin ###


### Connecting all wires in the Schematic ###


write_out_all_wires()
<|return|>
Saved generated code to /scratch/k2983/root-project/pcb-schematic-gen/SchGen/schematic_generation/t013_ss34_generated.py
Saved raw response to /scratch/k2983/root-project/pcb-schematic-gen/SchGen/schematic_generation/t013_ss34_generated.response.txt
