[MEMCHECK] after base_model load + per-expert MXFP4 dequant: host_maxrss=7.88GB gpu_alloc=17.36GB gpu_reserved=24.61GB gpu_peak=22.34GB
[FEEDBACK CHECK] feedback provided: True (len=978)
[MEMCHECK] before symbol_selector_llm creation: host_maxrss=7.88GB gpu_alloc=17.36GB gpu_reserved=24.61GB gpu_peak=22.34GB
[MEMCHECK] after symbol_selector_llm creation (post eager switch): host_maxrss=7.88GB gpu_alloc=17.36GB gpu_reserved=24.61GB gpu_peak=22.34GB
[RAW] prompt=Design a schematic for A 2A synchronous buck converter with a 3.8V-32V input range, using the AP63203WU IC. Use exactly these real components: U1 as a AP63203WU, in the KiCad library "Regulator_Switching" (3.8V-32V input, 2A synchronous buck converter, SOT-23-6L. Integrated high/low-side MOSFETs. BST pin requires bootstrap capacitor to SW.). Do not substitute or invent a different part for any of them.
[SEQLEN] input_ids shape: torch.Size([1, 1934])
[SEQLEN] input_ids shape: torch.Size([1, 1934])
[SEQLEN] input_ids shape: torch.Size([1, 1934])
Azure CLI not found on path
[SEQLEN] input_ids shape: torch.Size([1, 4929])
[SEQLEN] input_ids shape: torch.Size([1, 4929])
[SEQLEN] input_ids shape: torch.Size([1, 4929])
Azure CLI not found on path
[SEQLEN] input_ids shape: torch.Size([1, 5150])
[SEQLEN] input_ids shape: torch.Size([1, 5150])
[SEQLEN] input_ids shape: torch.Size([1, 5150])
Azure CLI not found on path
[SEQLEN] input_ids shape: torch.Size([1, 3348])
[SEQLEN] input_ids shape: torch.Size([1, 3348])
[SEQLEN] input_ids shape: torch.Size([1, 3348])
Azure CLI not found on path
[MEMCHECK] after run_raw_test (post symbol-selection generate() call): host_maxrss=8.77GB gpu_alloc=17.37GB gpu_reserved=31.24GB gpu_peak=28.84GB
[MEMCHECK] after switching back to flash_attention_2: host_maxrss=8.77GB gpu_alloc=17.37GB gpu_reserved=31.24GB gpu_peak=28.84GB
[MEMCHECK] after gc.collect + empty_cache: host_maxrss=8.77GB gpu_alloc=17.37GB gpu_reserved=18.94GB gpu_peak=28.84GB
[MEMCHECK] after PeftModel.from_pretrained: host_maxrss=8.77GB gpu_alloc=17.43GB gpu_reserved=18.98GB gpu_peak=28.84GB
[MEMCHECK] after merge_and_unload: host_maxrss=8.77GB gpu_alloc=17.37GB gpu_reserved=25.35GB gpu_peak=28.84GB
