[MEMCHECK] after base_model load + per-expert MXFP4 dequant: host_maxrss=7.88GB gpu_alloc=17.36GB gpu_reserved=24.61GB gpu_peak=22.34GB
[FEEDBACK CHECK] feedback provided: True (len=3346)
[MEMCHECK] before symbol_selector_llm creation: host_maxrss=7.88GB gpu_alloc=17.36GB gpu_reserved=24.61GB gpu_peak=22.34GB
[MEMCHECK] after symbol_selector_llm creation (post eager switch): host_maxrss=7.88GB gpu_alloc=17.36GB gpu_reserved=24.61GB gpu_peak=22.34GB
[RAW] prompt=Design a schematic for A simple circuit using the Sharp S102S01 solid-state relay to control AC/DC loads. Use exactly these real components: R1 as a S102S01, in the KiCad library "Relay_SolidState" (Sharp S102S01 solid-state relay (SSR). SOP-4. Optically isolated MOSFET output for AC/DC loads.), R2 as a Motor_DC, in the KiCad library "Motor" (DC motor. Pin 1 is positive (+), Pin 2 is negative (-). Typically driven via H-bridge or MOSFET.). Do not substitute or invent a different part for any of them. Wire it up as follows: connect R1's ~ pin (pin 1) to R2's + pin (pin 1); connect R1's ~ pin (pin 2) to R2's - pin (pin 2); connect R1's ~ pin (pin 3) to R2's + pin (pin 1); connect R1's ~ pin (pin 4) to R2's + pin (pin 1).
[SEQLEN] input_ids shape: torch.Size([1, 2047])
[SEQLEN] input_ids shape: torch.Size([1, 5042])
[SEQLEN] input_ids shape: torch.Size([1, 5263])
[SEQLEN] input_ids shape: torch.Size([1, 3461])
[MEMCHECK] after run_raw_test (post symbol-selection generate() call): host_maxrss=8.77GB gpu_alloc=17.37GB gpu_reserved=31.73GB gpu_peak=29.17GB
[MEMCHECK] after switching back to flash_attention_2: host_maxrss=8.77GB gpu_alloc=17.37GB gpu_reserved=31.73GB gpu_peak=29.17GB
[MEMCHECK] after gc.collect + empty_cache: host_maxrss=8.77GB gpu_alloc=17.37GB gpu_reserved=18.94GB gpu_peak=29.17GB
[MEMCHECK] after PeftModel.from_pretrained: host_maxrss=8.77GB gpu_alloc=17.43GB gpu_reserved=18.98GB gpu_peak=29.17GB
[MEMCHECK] after merge_and_unload: host_maxrss=8.77GB gpu_alloc=17.37GB gpu_reserved=25.35GB gpu_peak=29.17GB
Model raw response: <|channel|>final<|message|># Auto-generated schematic symbols
import sys
import os

# Get project path and import kicad schematic interface
PROJECT_PATH = os.environ['PROJECT_PATH']
sys.path.append(PROJECT_PATH)
from modules.kicad_sch_interface import *

### Placing center symbol 1 : Relay_SolidState:S102S01###

center_x_1, center_y_1 = 150.0, 110.0

add_schematic_symbol(symbol_lib="Relay_SolidState", symbol_name="S102S01", pos_x=center_x_1, pos_y=center_y_1, reference="Q1", value="S102S01", rotation=270, mirror="None")

### Placing other symbols in the Schematic with respect to the center symbol 1###

add_schematic_symbol(symbol_lib="Device", symbol_name="R", pos_x=center_x_1 + (-48), pos_y=center_y_1 + (2), reference="R1", value="2.2k", rotation=0, mirror="None")
add_schematic_symbol(symbol_lib="Device", symbol_name="R", pos_x=center_x_1 + (-40), pos_y=center_y_1 + (-8), reference="R2", value="2.2k", rotation=0, mirror="None")
add_schematic_symbol(symbol_lib="Relay_SolidState", symbol_name="S102S01", pos_x=center_x_1 + (-31), pos_y=center_y_1 + (-13), reference="Q2", value="S102S01", rotation=270, mirror="None")
add_schematic_symbol(symbol_lib="power", symbol_name="VDC", pos_x=center_x_1 + (-31), pos_y=center_y_1 + (13), reference="#PWR1", value="VDC", rotation=0, mirror="None")
add_schematic_symbol(symbol_lib="power", symbol_name="GND", pos_x=center_x_1 + (-31), pos_y=center_y_1 + (-21), reference="#PWR2", value="GND", rotation=0, mirror="None")
add_schematic_symbol(symbol_lib="Device", symbol_name="R", pos_x=center_x_1 + (-19), pos_y=center_y_1 + (2), reference="R3", value="2.2k", rotation=0, mirror="None")
add_schematic_symbol(symbol_lib="power", symbol_name="VDC", pos_x=center_x_1 + (11), pos_y=center_y_1 + (11), reference="#PWR3", value="VDC", rotation=0, mirror="None")
add_schematic_symbol(symbol_lib="power", symbol_name="GND", pos_x=center_x_1 + (11), pos_y=center_y_1 + (-13), reference="#PWR4", value="GND", rotation=0, mirror="None")
add_schematic_symbol(symbol_lib="Relay_SolidState", symbol_name="S102S01", pos_x=center_x_1 + (31), pos_y=center_y_1 + (2), reference="Q3", value="S102S01", rotation=270, mirror="None")
add_schematic_symbol(symbol_lib="AC", symbol_name="AC", pos_x=center_x_1 + (43), pos_y=center_y_1 + (17), reference="J1", value="AC", rotation=0, mirror="None")
add_schematic_symbol(symbol_lib="power", symbol_name="GND", pos_x=center_x_1 + (43), pos_y=center_y_1 + (-11), reference="#PWR5", value="GND", rotation=0, mirror="None")
add_schematic_symbol(symbol_lib="Motor", symbol_name="Motor_DC", pos_x=center_x_1 + (63), pos_y=center_y_1 + (-2), reference="M1", value="Motor_DC", rotation=0, mirror="None")
add_schematic_symbol(symbol_lib="power", symbol_name="GND", pos_x=center_x_1 + (63), pos_y=center_y_1 + (-11), reference="#PWR6", value="GND", rotation=0, mirror="None")

### Placing all global labels in the Schematic and connect them to the neighbor pin ###


### Connecting all wires in the Schematic ###


# Connecting #PWR6 pin 1 (Pin ID 1 -- Name None) to M1 pin - (Pin ID 2 -- Name -)
connect_pins("#PWR6", "1", "M1", "-")

# Connecting Q3 pin 4 (Pin ID 4 -- Name None) to #PWR5 pin 1 (Pin ID 1 -- Name None)
connect_pins("Q3", "4", "#PWR5", "1")

# Connecting Q1 pin 3 (Pin ID 3 -- Name None) to #PWR2 pin 1 (Pin ID 1 -- Name None)
connect_pins("Q1", "3", "#PWR2", "1")

# Connecting #PWR1 pin VDC (Pin ID 1 -- Name VDC) to R1 pin 1 (Pin ID 1 -- Name None)
connect_pins("#PWR1", "VDC", "R1", "1")

# Connecting #PWR4 pin 1 (Pin ID 1 -- Name None) to Q3 pin 2 (Pin ID 2 -- Name None)
connect_pins("#PWR4", "1", "Q3", "2")

# Connecting Q2 pin 2 (Pin ID 2 -- Name None) to Q3 pin 1 (Pin ID 1 -- Name None)
connect_pins("Q2", "2", "Q3", "1")

# Connecting R2 pin 1 (Pin ID 1 -- Name None) to Q1 pin 2 (Pin ID 2 -- Name None)
connect_pins("R2", "1", "Q1", "2")

# Connecting #PWR3 pin VDC (Pin ID 1 -- Name VDC) to #PWR4 pin 1 (Pin ID 1 -- Name None)
connect_pins("#PWR3", "VDC", "#PWR4", "1")

# Connecting R1 pin 2 (Pin ID 2 -- Name None) to R2 pin 2 (Pin ID 2 -- Name None)
connect_pins("R1", "2", "R2", "2")

# Connecting Q1 pin 4 (Pin ID 4 -- Name None) to R3 pin 2 (Pin ID 2 -- Name None)
connect_pins("Q1", "4", "R3", "2")

# Connecting M1 pin + (Pin ID 1 -- Name +) to R2 pin 2 (Pin ID 2 -- Name None)
connect_pins("M1", "+", "R2", "2")

# Connecting J1 pin 1 (Pin ID 1 -- Name None) to J1 pin 2 (Pin ID 2 -- Name None)
connect_pins("J1", "1", "J1", "2")

# Connecting J1 pin 2 (Pin ID 2 -- Name None) to #PWR5 pin 1 (Pin ID 1 -- Name None)
connect_pins("J1", "2", "#PWR5", "1")

# Connecting R3 pin 1 (Pin ID 1 -- Name None) to M1 pin + (Pin ID 1 -- Name +)
connect_pins("R3", "1", "M1", "+")

# Connecting R2 pin 1 (Pin ID 1 -- Name None) to M1 pin - (Pin ID 2 -- Name -)
connect_pins("R2", "1", "M1", "-")

# Connecting #PWR3 pin VDC (Pin ID 1 -- Name VDC) to Q2 pin 1 (Pin ID 1 -- Name None)
connect_pins("#PWR3", "VDC", "Q2", "1")

# Connecting Q3 pin 3 (Pin ID 3 -- Name None) to R3 pin 1 (Pin ID 1 -- Name None)
connect_pins("Q3", "3", "R3", "1")

write_out_all_wires()
<|return|>
Saved generated code to /scratch/k2983/root-project/pcb-schematic-gen/SchGen/schematic_generation/t013_s102s01_generated.py
Saved raw response to /scratch/k2983/root-project/pcb-schematic-gen/SchGen/schematic_generation/t013_s102s01_generated.response.txt
