[MEMCHECK] after base_model load + per-expert MXFP4 dequant: host_maxrss=7.88GB gpu_alloc=17.36GB gpu_reserved=24.61GB gpu_peak=22.34GB
[FEEDBACK CHECK] feedback provided: True (len=1886)
[MEMCHECK] before symbol_selector_llm creation: host_maxrss=7.88GB gpu_alloc=17.36GB gpu_reserved=24.61GB gpu_peak=22.34GB
[MEMCHECK] after symbol_selector_llm creation (post eager switch): host_maxrss=7.88GB gpu_alloc=17.36GB gpu_reserved=24.61GB gpu_peak=22.34GB
[RAW] prompt=Design a schematic for A simple circuit using the Microchip MCP6004 quad rail-to-rail op-amp for general-purpose applications. Use exactly these real components: U1 as a MCP6004, in the KiCad library "Amplifier_Operational" (Microchip MCP6004 quad rail-to-rail op-amp. TSSOP-14. 1MHz GBW, 1.8-6V supply.). Do not substitute or invent a different part for any of them.
[SEQLEN] input_ids shape: torch.Size([1, 1920])
[SEQLEN] input_ids shape: torch.Size([1, 4915])
[SEQLEN] input_ids shape: torch.Size([1, 4915])
[SEQLEN] input_ids shape: torch.Size([1, 4915])
Azure CLI not found on path
[SEQLEN] input_ids shape: torch.Size([1, 5136])
[SEQLEN] input_ids shape: torch.Size([1, 3334])
[SEQLEN] input_ids shape: torch.Size([1, 3334])
[SEQLEN] input_ids shape: torch.Size([1, 3334])
Azure CLI not found on path
[MEMCHECK] after run_raw_test (post symbol-selection generate() call): host_maxrss=8.77GB gpu_alloc=17.37GB gpu_reserved=31.18GB gpu_peak=28.80GB
[MEMCHECK] after switching back to flash_attention_2: host_maxrss=8.77GB gpu_alloc=17.37GB gpu_reserved=31.18GB gpu_peak=28.80GB
[MEMCHECK] after gc.collect + empty_cache: host_maxrss=8.77GB gpu_alloc=17.37GB gpu_reserved=18.94GB gpu_peak=28.80GB
[MEMCHECK] after PeftModel.from_pretrained: host_maxrss=8.77GB gpu_alloc=17.43GB gpu_reserved=18.98GB gpu_peak=28.80GB
[MEMCHECK] after merge_and_unload: host_maxrss=8.77GB gpu_alloc=17.37GB gpu_reserved=25.35GB gpu_peak=28.80GB
Model raw response: <|channel|>final<|message|># Auto-generated schematic symbols
import sys
import os

# Get project path and import kicad schematic interface
PROJECT_PATH = os.environ['PROJECT_PATH']
sys.path.append(PROJECT_PATH)
from modules.kicad_sch_interface import *

### Placing center symbol 1 : Amplifier_Operational:MCP6004###

center_x_1, center_y_1 = 150.0, 110.0

add_schematic_symbol(symbol_lib="Amplifier_Operational", symbol_name="MCP6004", pos_x=center_x_1, pos_y=center_y_1, reference="U1", value="MCP6004", rotation=0, mirror="None")

### Placing other symbols in the Schematic with respect to the center symbol 1###


### Placing all global labels in the Schematic and connect them to the neighbor pin ###


### Connecting all wires in the Schematic ###


write_out_all_wires()
<|return|>
Saved generated code to /scratch/k2983/root-project/pcb-schematic-gen/SchGen/schematic_generation/t013_mcp6004_generated.py
Saved raw response to /scratch/k2983/root-project/pcb-schematic-gen/SchGen/schematic_generation/t013_mcp6004_generated.response.txt
