[MEMCHECK] after base_model load + per-expert MXFP4 dequant: host_maxrss=7.88GB gpu_alloc=17.36GB gpu_reserved=24.61GB gpu_peak=22.34GB
[FEEDBACK CHECK] feedback provided: False (len=0)
[MEMCHECK] before symbol_selector_llm creation: host_maxrss=7.88GB gpu_alloc=17.36GB gpu_reserved=24.61GB gpu_peak=22.34GB
[MEMCHECK] after symbol_selector_llm creation (post eager switch): host_maxrss=7.88GB gpu_alloc=17.36GB gpu_reserved=24.61GB gpu_peak=22.34GB
[RAW] prompt=Design a schematic for A circuit using the STMicroelectronics USBLC6-2P6 dual-line USB ESD protection IC to protect against electrostatic discharges on USB lines. Use exactly these real components: U1 as a USBLC6-2P6, in the KiCad library "Power_Protection" (STMicroelectronics USBLC6-2P6 dual-line USB ESD protection. SOT-666. Very low capacitance, USB 2.0 compliant.). Do not substitute or invent a different part for any of them.
[SEQLEN] input_ids shape: torch.Size([1, 1931])
[SEQLEN] input_ids shape: torch.Size([1, 4926])
[SEQLEN] input_ids shape: torch.Size([1, 5147])
[SEQLEN] input_ids shape: torch.Size([1, 3345])
[SEQLEN] input_ids shape: torch.Size([1, 3345])
[SEQLEN] input_ids shape: torch.Size([1, 3345])
Azure CLI not found on path
[MEMCHECK] after run_raw_test (post symbol-selection generate() call): host_maxrss=8.77GB gpu_alloc=17.37GB gpu_reserved=31.23GB gpu_peak=28.83GB
[MEMCHECK] after switching back to flash_attention_2: host_maxrss=8.77GB gpu_alloc=17.37GB gpu_reserved=31.23GB gpu_peak=28.83GB
[MEMCHECK] after gc.collect + empty_cache: host_maxrss=8.77GB gpu_alloc=17.37GB gpu_reserved=18.94GB gpu_peak=28.83GB
[MEMCHECK] after PeftModel.from_pretrained: host_maxrss=8.77GB gpu_alloc=17.43GB gpu_reserved=18.98GB gpu_peak=28.83GB
[MEMCHECK] after merge_and_unload: host_maxrss=8.77GB gpu_alloc=17.37GB gpu_reserved=25.35GB gpu_peak=28.83GB
Model raw response: <|channel|>analysis<|message|>**High‑level goal**

The user wants a schematic that protects the two USB‑D lines (D+ and D–) with an STMicroelectronics USBLC6‑2P6 ESD‑ESD device. The schematic must use the exact symbol `USBLC6-2P6` from the KiCad library “Power_Protection” (STMicroelectronics USBLC6‑2P6 dual‑line USB ESD protection. SOT‑666). No other part may be substituted, so every connection must be made with the pins that the symbol actually exposes.

**Symbols that are required**

| Symbol | Library | Reference | Value | Pins (name / orientation) |
|--------|---------|-----------|-------|---------------------------|
| USBLC6‑2P6 | Power_Protection | U1 | USBLC6‑2P6 | 1 = VCC, 2 = GND, 3 = D‑, 4 = D+, 5 = AUX, 6 = GND (the exact pin map is hard‑coded in the symbol). |
| +1.8 V source | power | #PWR1 | +1V8 | 1 = VCC |
| Ground | power | #PWRGND | GND | 1 = GND |

(If the symbol uses a different pin numbering scheme, the code will still use the symbolic pin names; the `connect_pins` helper will look up the actual pin geometry.)

**Physical placement**

The schematic is an A4 sheet 210 mm × 297 mm. The USB lines are usually near the edge, so we place U1 roughly in the centre of the sheet (e.g. at (105 mm, 150 mm)). The +1.8 V source is placed to the left of U1 and a short horizontal wire is drawn across the centre of U1 so that the GND pin of U1 can be tied to the sheet ground. The ground symbol is placed a few millimetres below U1. This layout keeps the symbol boxes from overlapping and gives a clean, readable diagram.

**Rotation / mirroring**

- The USBLC6‑2P6 is rotated 0° (default orientation). Its pins are already arranged so that pin 4 (D+) is on the right side of the symbol and pin 3 (D–) is on the left side – a convenient orientation for a USB connector that usually has D+ on the right.  
- The +1.8 V source is rotated 0°.  
- The ground symbol is also 0°.  
No mirroring is required because the symbol is symmetrical with respect to the GND pin.

**Global labels**

Three global labels are added so that the schematic can be wired to a USB connector:

1. **USB_D+** – placed just to the right of pin 4 (D+) on U1.  
2. **USB_D–** – placed just to the right of pin 3 (D–).  
3. **VCC** – placed to the right of the +1.8 V source.  

These labels will be connected to the appropriate pins via `connect_pins`. The label positions are calculated with `get_pin_location` so that they sit exactly next to the pin.

**Wire connections – what the ESD protection does**

The USBLC6‑2P6 protects both USB lines with an internal series resistor and a clamp to ground. The schematic therefore contains the following essential connections:

| From | Pin | To | Pin | Purpose |
|------|-----|----|-----|---------|
| +1.8 V source | VCC | U1 | VCC | Power the device. |
| U1 | GND | Ground symbol | GND | Provides the common return. |
| U1 | D+ | Global label **USB_D+** | – | Connects the protected D+ line to the USB connector. |
| U1 | D– | Global label **USB_D–** | – | Connects the protected D– line. |
| U1 | AUX | Optional – could be left unconnected or tied to GND if the user wants an auxiliary protection path. |

If the user explicitly wants an auxiliary line, we add a jumper between AUX and GND (or keep it floating). The original request did not specify an AUX line, so the simplest solution is to leave AUX unconnected.

**Detailed reasoning for each line of code**

1. **Import boilerplate** – standard for KiCad schematic scripts.  
2. **Add U1**  
   ```python
   add_schematic_symbol(symbol_lib="Power_Protection",
                        symbol_name="USBLC6-2P6",
                        pos_x=105.0, pos_y=150.0,
                        reference="U1",
                        value="USBLC6-2P6",
                        rotation=0,
                        mirror=None)
   ```  
   - `pos_x`/`pos_y` centre the symbol.  
   - `value` is the part number (even though the symbol may not display it).  
3. **Add power source**  
   ```python
   add_schematic_symbol(symbol_lib="power",
                        symbol_name="+1V8",
                        pos_x=80.0, pos_y=160.0,
                        reference="#PWR1",
                        value="+1V8",
                        rotation=0,
                        mirror=None)
   ```  
   - Placed to the left; `reference` starts with `#PWR` to indicate a power symbol.  
4. **Add ground**  
   ```python
   add_schematic_symbol(symbol_lib="power",
                        symbol_name="GND",
                        pos_x=105.0, pos_y=140.0,
                        reference="#PWRGND",
                        value="GND",
                        rotation=0,
                        mirror=None)
   ```  
5. **Global labels** – for each label we use the pin location of U1.  
   ```python
   x_U1_4, y_U1_4 = get_pin_location("U1", "4")   # D+
   add_label([x_U1_4+10, y_U1_4], "USB_D+", "USB_D+", "input", "right")
   connect_pins("USB_D+", "1", "U1", "4")
   
   x_U1_3, y_U1_3 = get_pin_location("U1", "3")   # D–
   add_label([x_U1_3+10, y_U1_3], "USB_D–", "USB_D–", "input", "right")
   connect_pins("USB_D–", "1", "U1", "3")
   ```
   - `text_orient="right"` places the label text to the right of the pin, keeping the wire short.  
   - `connect_pins` ties the label to the pin; the label is treated as a symbol with a single pin (`1`).  
6. **Wire connections**  
   ```python
   # Power
   connect_pins("#PWR1", "1", "U1", "1")   # +1.8 V to VCC
   
   # Ground
   connect_pins("U1", "6", "#PWRGND", "1")   # GND pin of U1 to ground
   
   # Optional AUX connection (if desired)
   # connect_pins("U1", "5", "#PWRGND", "1")
   ```
   - The pin numbers are taken from the symbol definition; pin 1 is VCC, pin 6 is GND.  
   - If the AUX pin (pin 5) is needed, it can be tied to GND or left floating.  
7. **Write wires**  
   ```python
   write_out_all_wires()
   ```  
   This final call tells the KiCad interface to render all the wires that have been defined.

**Why this layout is good**

- **No symbol overlap** – the centre of U1 is well away from the power source and ground.  
- **Clear pin mapping** – the USBLC6‑2P6 has asymmetric pin numbers, so using the symbolic pin names (`1`, `3`, `4`, `6`) removes ambiguity.  
- **Readability** – labels are placed to the right of the USB lines, matching the usual orientation of a USB connector.  
- **Scalability** – if the user later wants to add a third line (e.g. AUX or a power line), the same pattern can be copied.

**Final note**

The generated script will create a minimal but complete schematic: a protected USB‑D pair wired to a power supply and ground, with global labels ready to be attached to a physical USB connector. All functions (`add_schematic_symbol`, `get_pin_location`, `add_label`, `connect_pins`, `write_out_all_wires`) are used exactly as intended by the KiCad Python interface, and the resulting schematic will be ready for export or further editing.<|end|><|start|>assistant<|channel|>final<|message|># Auto-generated schematic symbols
import sys
import os

# Get project path and import kicad schematic interface
PROJECT_PATH = os.environ['PROJECT_PATH']
sys.path.append(PROJECT_PATH)
from modules.kicad_sch_interface import *

### Placing center symbol 1 : Power_Protection:USBLC6-2P6###

center_x_1, center_y_1 = 150.0, 110.0

add_schematic_symbol(symbol_lib="Power_Protection", symbol_name="USBLC6-2P6", pos_x=center_x_1, pos_y=center_y_1, reference="U1", value="USBLC6-2P6", rotation=0, mirror="None")

### Placing other symbols in the Schematic with respect to the center symbol 1###


### Placing all global labels in the Schematic and connect them to the neighbor pin ###


### Connecting all wires in the Schematic ###


write_out_all_wires()
<|return|>
Saved generated code to /scratch/k2983/root-project/pcb-schematic-gen/SchGen/schematic_generation/t013_usblc6_2p6_generated.py
Saved raw response to /scratch/k2983/root-project/pcb-schematic-gen/SchGen/schematic_generation/t013_usblc6_2p6_generated.response.txt
